HEAP DUMP BEGIN (5662 objects, 547648 bytes) Tue May 30 16:55:39 2006
ROOT 5000011e (kind=<thread>, id=200000, trace=307932)
ROOT 5000011a (kind=<thread>, id=200001, trace=300000)
ROOT 50000114 (kind=<thread>, id=200002, trace=300000)
ROOT 0 (kind=<thread>, id=200003, trace=307933)
ROOT 0 (kind=<thread>, id=200004, trace=307934)
ROOT 500000a0 (kind=<JNI global ref>, id=1, trace=300000)
ROOT 5000008d (kind=<JNI global ref>, id=2, trace=300000)
ROOT 50000001 (kind=<JNI global ref>, id=3, trace=300000)
ROOT 50000002 (kind=<JNI global ref>, id=4, trace=300000)
ROOT 50000003 (kind=<JNI global ref>, id=5, trace=300000)
ROOT 50000004 (kind=<JNI global ref>, id=6, trace=300000)
ROOT 50000005 (kind=<JNI global ref>, id=7, trace=300000)
ROOT 50000006 (kind=<JNI global ref>, id=8, trace=300000)
ROOT 50000007 (kind=<JNI global ref>, id=9, trace=300000)
ROOT 50000008 (kind=<JNI global ref>, id=a, trace=300000)
ROOT 50000009 (kind=<JNI global ref>, id=b, trace=300000)
ROOT 5000000a (kind=<JNI global ref>, id=c, trace=300000)
ROOT 5000000b (kind=<JNI global ref>, id=d, trace=300000)
ROOT 5000000c (kind=<JNI global ref>, id=e, trace=300000)
ROOT 5000000d (kind=<JNI global ref>, id=f, trace=300000)
ROOT 5000000e (kind=<JNI global ref>, id=10, trace=300000)
ROOT 5000000f (kind=<JNI global ref>, id=11, trace=300000)
ROOT 50000010 (kind=<JNI global ref>, id=12, trace=300000)
ROOT 50000011 (kind=<JNI global ref>, id=13, trace=300000)
ROOT 50000012 (kind=<JNI global ref>, id=14, trace=300000)
ROOT 50000013 (kind=<JNI global ref>, id=15, trace=300000)
ROOT 50000014 (kind=<JNI global ref>, id=16, trace=300000)
ROOT 50000015 (kind=<JNI global ref>, id=17, trace=300000)
ROOT 50000016 (kind=<JNI global ref>, id=18, trace=300000)
ROOT 50000017 (kind=<JNI global ref>, id=19, trace=300000)
ROOT 50000018 (kind=<JNI global ref>, id=1a, trace=300000)
ROOT 50000019 (kind=<JNI global ref>, id=1b, trace=300000)
ROOT 5000001a (kind=<JNI global ref>, id=1c, trace=300000)
ROOT 5000001b (kind=<JNI global ref>, id=1d, trace=300000)
ROOT 5000001c (kind=<JNI global ref>, id=1e, trace=300000)
ROOT 5000001d (kind=<JNI global ref>, id=1f, trace=300000)
ROOT 5000001e (kind=<JNI global ref>, id=20, trace=300000)
ROOT 5000001f (kind=<JNI global ref>, id=21, trace=300000)
ROOT 50000020 (kind=<JNI global ref>, id=22, trace=300000)
ROOT 50000021 (kind=<JNI global ref>, id=23, trace=300000)
ROOT 50000022 (kind=<JNI global ref>, id=24, trace=300000)
ROOT 50000023 (kind=<JNI global ref>, id=25, trace=300000)
ROOT 50000024 (kind=<JNI global ref>, id=26, trace=300000)
ROOT 50000025 (kind=<JNI global ref>, id=27, trace=300000)
ROOT 50000026 (kind=<JNI global ref>, id=28, trace=300000)
ROOT 50000027 (kind=<JNI global ref>, id=29, trace=300000)
ROOT 50000028 (kind=<JNI global ref>, id=2a, trace=300000)
ROOT 50000029 (kind=<JNI global ref>, id=2b, trace=300000)
ROOT 5000002a (kind=<JNI global ref>, id=2c, trace=300000)
ROOT 5000002b (kind=<JNI global ref>, id=2d, trace=300000)
ROOT 5000002c (kind=<JNI global ref>, id=2e, trace=300000)
ROOT 5000002d (kind=<JNI global ref>, id=2f, trace=300000)
ROOT 5000002e (kind=<JNI global ref>, id=30, trace=300000)
ROOT 5000002f (kind=<JNI global ref>, id=31, trace=300000)
ROOT 50000030 (kind=<JNI global ref>, id=32, trace=300000)
ROOT 50000031 (kind=<JNI global ref>, id=33, trace=300000)
ROOT 50000032 (kind=<JNI global ref>, id=34, trace=300000)
ROOT 50000033 (kind=<JNI global ref>, id=35, trace=300000)
ROOT 50000034 (kind=<JNI global ref>, id=36, trace=300000)
ROOT 50000035 (kind=<JNI global ref>, id=37, trace=300000)
ROOT 50000036 (kind=<JNI global ref>, id=38, trace=300000)
ROOT 50000037 (kind=<JNI global ref>, id=39, trace=300000)
ROOT 50000038 (kind=<JNI global ref>, id=3a, trace=300000)
ROOT 50000039 (kind=<JNI global ref>, id=3b, trace=300000)
ROOT 5000003a (kind=<JNI global ref>, id=3c, trace=300000)
ROOT 5000003b (kind=<JNI global ref>, id=3d, trace=300000)
ROOT 5000003c (kind=<JNI global ref>, id=3e, trace=300000)
ROOT 5000003d (kind=<JNI global ref>, id=3f, trace=300000)
ROOT 5000003e (kind=<JNI global ref>, id=40, trace=300000)
ROOT 5000003f (kind=<JNI global ref>, id=41, trace=300000)
ROOT 50000040 (kind=<JNI global ref>, id=42, trace=300000)
ROOT 50000041 (kind=<JNI global ref>, id=43, trace=300000)
ROOT 50000042 (kind=<JNI global ref>, id=44, trace=300000)
ROOT 50000043 (kind=<JNI global ref>, id=45, trace=300000)
ROOT 50000044 (kind=<JNI global ref>, id=46, trace=300000)
ROOT 50000045 (kind=<JNI global ref>, id=47, trace=300000)
ROOT 50000046 (kind=<JNI global ref>, id=48, trace=300000)
ROOT 50000047 (kind=<JNI global ref>, id=49, trace=300000)
ROOT 50000048 (kind=<JNI global ref>, id=4a, trace=300000)
ROOT 50000049 (kind=<JNI global ref>, id=4b, trace=300000)
ROOT 5000004a (kind=<JNI global ref>, id=4c, trace=300000)
ROOT 5000004b (kind=<JNI global ref>, id=4d, trace=300000)
ROOT 5000004c (kind=<JNI global ref>, id=4e, trace=300000)
ROOT 5000004d (kind=<JNI global ref>, id=4f, trace=300000)
ROOT 5000004e (kind=<JNI global ref>, id=50, trace=300000)
ROOT 5000004f (kind=<JNI global ref>, id=51, trace=300000)
ROOT 50000050 (kind=<JNI global ref>, id=52, trace=300000)
ROOT 50000051 (kind=<JNI global ref>, id=53, trace=300000)
ROOT 50000052 (kind=<JNI global ref>, id=54, trace=300000)
ROOT 50000053 (kind=<JNI global ref>, id=55, trace=300000)
ROOT 50000054 (kind=<JNI global ref>, id=56, trace=300000)
ROOT 50000055 (kind=<JNI global ref>, id=57, trace=300000)
ROOT 50000056 (kind=<JNI global ref>, id=58, trace=300000)
ROOT 50000057 (kind=<JNI global ref>, id=59, trace=300000)
ROOT 50000058 (kind=<JNI global ref>, id=5a, trace=300000)
ROOT 50000059 (kind=<JNI global ref>, id=5b, trace=300000)
ROOT 5000005a (kind=<JNI global ref>, id=5c, trace=300000)
ROOT 5000005b (kind=<JNI global ref>, id=5d, trace=300000)
ROOT 5000005c (kind=<JNI global ref>, id=5e, trace=300000)
ROOT 5000005d (kind=<JNI global ref>, id=5f, trace=300000)
ROOT 5000005e (kind=<JNI global ref>, id=60, trace=300000)
ROOT 5000005f (kind=<JNI global ref>, id=61, trace=300000)
ROOT 50000060 (kind=<JNI global ref>, id=62, trace=300000)
ROOT 50000061 (kind=<JNI global ref>, id=63, trace=300000)
ROOT 50000062 (kind=<JNI global ref>, id=64, trace=300000)
ROOT 50000063 (kind=<JNI global ref>, id=65, trace=300000)
ROOT 50000064 (kind=<JNI global ref>, id=66, trace=300000)
ROOT 50000065 (kind=<JNI global ref>, id=67, trace=300000)
ROOT 50000066 (kind=<JNI global ref>, id=68, trace=300000)
ROOT 50000067 (kind=<JNI global ref>, id=69, trace=300000)
ROOT 50000068 (kind=<JNI global ref>, id=6a, trace=300000)
ROOT 50000069 (kind=<JNI global ref>, id=6b, trace=300000)
ROOT 5000006a (kind=<JNI global ref>, id=6c, trace=300000)
ROOT 5000006b (kind=<JNI global ref>, id=6d, trace=300000)
ROOT 5000006c (kind=<JNI global ref>, id=6e, trace=300000)
ROOT 5000006d (kind=<JNI global ref>, id=6f, trace=300000)
ROOT 5000006e (kind=<JNI global ref>, id=70, trace=300000)
ROOT 5000006f (kind=<JNI global ref>, id=71, trace=300000)
ROOT 50000070 (kind=<JNI global ref>, id=72, trace=300000)
ROOT 50000071 (kind=<JNI global ref>, id=73, trace=300000)
ROOT 50000072 (kind=<JNI global ref>, id=74, trace=300000)
ROOT 50000073 (kind=<JNI global ref>, id=75, trace=300000)
ROOT 50000074 (kind=<JNI global ref>, id=76, trace=300000)
ROOT 50000075 (kind=<JNI global ref>, id=77, trace=300000)
ROOT 50000076 (kind=<JNI global ref>, id=78, trace=300000)
ROOT 50000077 (kind=<JNI global ref>, id=79, trace=300000)
ROOT 50000078 (kind=<JNI global ref>, id=7a, trace=300000)
ROOT 50000079 (kind=<JNI global ref>, id=7b, trace=300000)
ROOT 5000007a (kind=<JNI global ref>, id=7c, trace=300000)
ROOT 5000007b (kind=<JNI global ref>, id=7d, trace=300000)
ROOT 5000007c (kind=<JNI global ref>, id=7e, trace=300000)
ROOT 5000007d (kind=<JNI global ref>, id=7f, trace=300000)
ROOT 5000007e (kind=<JNI global ref>, id=80, trace=300000)
ROOT 5000007f (kind=<JNI global ref>, id=81, trace=300000)
ROOT 50000080 (kind=<JNI global ref>, id=82, trace=300000)
ROOT 50000081 (kind=<JNI global ref>, id=83, trace=300000)
ROOT 50000082 (kind=<JNI global ref>, id=84, trace=300000)
ROOT 50000083 (kind=<JNI global ref>, id=85, trace=300000)
ROOT 50000084 (kind=<JNI global ref>, id=86, trace=300000)
ROOT 50000085 (kind=<JNI global ref>, id=87, trace=300000)
ROOT 50000086 (kind=<JNI global ref>, id=88, trace=300000)
ROOT 50000087 (kind=<JNI global ref>, id=89, trace=300000)
ROOT 50000088 (kind=<JNI global ref>, id=8a, trace=300000)
ROOT 50000089 (kind=<JNI global ref>, id=8b, trace=300000)
ROOT 5000008a (kind=<JNI global ref>, id=8c, trace=300000)
ROOT 5000008b (kind=<JNI global ref>, id=8d, trace=300000)
ROOT 5000008c (kind=<JNI global ref>, id=8e, trace=300000)
ROOT 5000008d (kind=<JNI global ref>, id=8f, trace=300000)
ROOT 5000008e (kind=<JNI global ref>, id=90, trace=300000)
ROOT 5000008f (kind=<JNI global ref>, id=91, trace=300000)
ROOT 50000090 (kind=<JNI global ref>, id=92, trace=300000)
ROOT 50000091 (kind=<JNI global ref>, id=93, trace=300000)
ROOT 50000092 (kind=<JNI global ref>, id=94, trace=300000)
ROOT 50000093 (kind=<JNI global ref>, id=95, trace=300000)
ROOT 50000094 (kind=<JNI global ref>, id=96, trace=300000)
ROOT 50000095 (kind=<JNI global ref>, id=97, trace=300000)
ROOT 50000096 (kind=<JNI global ref>, id=98, trace=300000)
ROOT 50000097 (kind=<JNI global ref>, id=99, trace=300000)
ROOT 50000098 (kind=<JNI global ref>, id=9a, trace=300000)
ROOT 50000099 (kind=<JNI global ref>, id=9b, trace=300000)
ROOT 5000009a (kind=<JNI global ref>, id=9c, trace=300000)
ROOT 5000009b (kind=<JNI global ref>, id=9d, trace=300000)
ROOT 5000009c (kind=<JNI global ref>, id=9e, trace=300000)
ROOT 5000009d (kind=<JNI global ref>, id=9f, trace=300000)
ROOT 5000009e (kind=<JNI global ref>, id=a0, trace=300000)
ROOT 5000009f (kind=<JNI global ref>, id=a1, trace=300000)
ROOT 500000a0 (kind=<JNI global ref>, id=a2, trace=300000)
ROOT 500000a1 (kind=<JNI global ref>, id=a3, trace=300000)
ROOT 500000a2 (kind=<JNI global ref>, id=a4, trace=300000)
ROOT 500000a3 (kind=<JNI global ref>, id=a5, trace=300000)
ROOT 500000a4 (kind=<JNI global ref>, id=a6, trace=300000)
ROOT 500000a5 (kind=<JNI global ref>, id=a7, trace=300000)
ROOT 500000a6 (kind=<JNI global ref>, id=a8, trace=300000)
ROOT 500000a7 (kind=<JNI global ref>, id=a9, trace=300000)
ROOT 500000a8 (kind=<JNI global ref>, id=aa, trace=300000)
ROOT 500000a9 (kind=<JNI global ref>, id=ab, trace=300000)
ROOT 500000aa (kind=<JNI global ref>, id=ac, trace=300000)
ROOT 500000ab (kind=<JNI global ref>, id=ad, trace=300000)
ROOT 500000ac (kind=<JNI global ref>, id=ae, trace=300000)
ROOT 500000ad (kind=<JNI global ref>, id=af, trace=300000)
ROOT 500000ae (kind=<JNI global ref>, id=b0, trace=300000)
ROOT 500000af (kind=<JNI global ref>, id=b1, trace=300000)
ROOT 500000b0 (kind=<JNI global ref>, id=b2, trace=300000)
ROOT 500000b1 (kind=<JNI global ref>, id=b3, trace=300000)
ROOT 500000b2 (kind=<JNI global ref>, id=b4, trace=300000)
ROOT 500000b3 (kind=<JNI global ref>, id=b5, trace=300000)
ROOT 500000b4 (kind=<JNI global ref>, id=b6, trace=300000)
ROOT 500000b5 (kind=<JNI global ref>, id=b7, trace=300000)
ROOT 500000b6 (kind=<JNI global ref>, id=b8, trace=300000)
ROOT 500000b7 (kind=<JNI global ref>, id=b9, trace=300000)
ROOT 500000b8 (kind=<JNI global ref>, id=ba, trace=300000)
ROOT 500000b9 (kind=<JNI global ref>, id=bb, trace=300000)
ROOT 500000ba (kind=<JNI global ref>, id=bc, trace=300000)
ROOT 500000bb (kind=<JNI global ref>, id=bd, trace=300000)
ROOT 500000bc (kind=<JNI global ref>, id=be, trace=300000)
ROOT 500000bd (kind=<JNI global ref>, id=bf, trace=300000)
ROOT 500000be (kind=<JNI global ref>, id=c0, trace=300000)
ROOT 500000bf (kind=<JNI global ref>, id=c1, trace=300000)
ROOT 500000c0 (kind=<JNI global ref>, id=c2, trace=300000)
ROOT 500000c1 (kind=<JNI global ref>, id=c3, trace=300000)
ROOT 500000c2 (kind=<JNI global ref>, id=c4, trace=300000)
ROOT 500000c3 (kind=<JNI global ref>, id=c5, trace=300000)
ROOT 500000c4 (kind=<JNI global ref>, id=c6, trace=300000)
ROOT 500000c5 (kind=<JNI global ref>, id=c7, trace=300000)
ROOT 500000c6 (kind=<JNI global ref>, id=c8, trace=300000)
ROOT 500000c7 (kind=<JNI global ref>, id=c9, trace=300000)
ROOT 500000c8 (kind=<JNI global ref>, id=ca, trace=300000)
ROOT 500000c9 (kind=<JNI global ref>, id=cb, trace=300000)
ROOT 500000ca (kind=<JNI global ref>, id=cc, trace=300000)
ROOT 500000cb (kind=<JNI global ref>, id=cd, trace=300000)
ROOT 500000cc (kind=<JNI global ref>, id=ce, trace=300000)
ROOT 500000cd (kind=<JNI global ref>, id=cf, trace=300000)
ROOT 500000ce (kind=<JNI global ref>, id=d0, trace=300000)
ROOT 500000cf (kind=<JNI global ref>, id=d1, trace=300000)
ROOT 500000d0 (kind=<JNI global ref>, id=d2, trace=300000)
ROOT 500000d1 (kind=<JNI global ref>, id=d3, trace=300000)
ROOT 500000d2 (kind=<JNI global ref>, id=d4, trace=300000)
ROOT 500000d3 (kind=<JNI global ref>, id=d5, trace=300000)
ROOT 500000d4 (kind=<JNI global ref>, id=d6, trace=300000)
ROOT 500000d5 (kind=<JNI global ref>, id=d7, trace=300000)
ROOT 500000d6 (kind=<JNI global ref>, id=d8, trace=300000)
ROOT 500000d7 (kind=<JNI global ref>, id=d9, trace=300000)
ROOT 500000d8 (kind=<JNI global ref>, id=da, trace=300000)
ROOT 500000d9 (kind=<JNI global ref>, id=db, trace=300000)
ROOT 500000da (kind=<JNI global ref>, id=dc, trace=300000)
ROOT 500000db (kind=<JNI global ref>, id=dd, trace=300000)
ROOT 500000dc (kind=<JNI global ref>, id=de, trace=300000)
ROOT 500000dd (kind=<JNI global ref>, id=df, trace=300000)
ROOT 500000de (kind=<JNI global ref>, id=e0, trace=300000)
ROOT 500000df (kind=<JNI global ref>, id=e1, trace=300000)
ROOT 500000e0 (kind=<JNI global ref>, id=e2, trace=300000)
ROOT 500000e1 (kind=<JNI global ref>, id=e3, trace=300000)
ROOT 500000e2 (kind=<JNI global ref>, id=e4, trace=300000)
ROOT 500000e3 (kind=<JNI global ref>, id=e5, trace=300000)
ROOT 500000e4 (kind=<JNI global ref>, id=e6, trace=300000)
ROOT 500000e5 (kind=<JNI global ref>, id=e7, trace=300000)
ROOT 500000e6 (kind=<JNI global ref>, id=e8, trace=300000)
ROOT 500000e7 (kind=<JNI global ref>, id=e9, trace=300000)
ROOT 500000e8 (kind=<JNI global ref>, id=ea, trace=300000)
ROOT 500000e9 (kind=<JNI global ref>, id=eb, trace=300000)
ROOT 500000ea (kind=<JNI global ref>, id=ec, trace=300000)
ROOT 500000eb (kind=<JNI global ref>, id=ed, trace=300000)
ROOT 500000ec (kind=<JNI global ref>, id=ee, trace=300000)
ROOT 500000ed (kind=<JNI global ref>, id=ef, trace=300000)
ROOT 500000ee (kind=<JNI global ref>, id=f0, trace=300000)
ROOT 500000ef (kind=<JNI global ref>, id=f1, trace=300000)
ROOT 500000f0 (kind=<JNI global ref>, id=f2, trace=300000)
ROOT 500000f1 (kind=<JNI global ref>, id=f3, trace=300000)
ROOT 500000f2 (kind=<JNI global ref>, id=f4, trace=300000)
ROOT 500000f3 (kind=<JNI global ref>, id=f5, trace=300000)
ROOT 500000f4 (kind=<JNI global ref>, id=f6, trace=300000)
ROOT 500000f5 (kind=<JNI global ref>, id=f7, trace=300000)
ROOT 500000f6 (kind=<JNI global ref>, id=f8, trace=300000)
ROOT 500000f7 (kind=<JNI global ref>, id=f9, trace=300000)
ROOT 500000f8 (kind=<JNI global ref>, id=fa, trace=300000)
ROOT 500000f9 (kind=<JNI global ref>, id=fb, trace=300000)
ROOT 500000fa (kind=<JNI global ref>, id=fc, trace=300000)
ROOT 500000fb (kind=<JNI global ref>, id=fd, trace=300000)
ROOT 500000fc (kind=<JNI global ref>, id=fe, trace=300000)
ROOT 500000fd (kind=<JNI global ref>, id=ff, trace=300000)
ROOT 500000fe (kind=<JNI global ref>, id=100, trace=300000)
ROOT 500000ff (kind=<JNI global ref>, id=101, trace=300000)
ROOT 50000100 (kind=<JNI global ref>, id=102, trace=300000)
ROOT 50000101 (kind=<JNI global ref>, id=103, trace=300000)
ROOT 50000102 (kind=<JNI global ref>, id=104, trace=300000)
ROOT 50000103 (kind=<JNI global ref>, id=105, trace=300000)
ROOT 50000104 (kind=<JNI global ref>, id=106, trace=300000)
ROOT 50000105 (kind=<JNI global ref>, id=107, trace=300000)
ROOT 50000106 (kind=<JNI global ref>, id=108, trace=300000)
ROOT 50000107 (kind=<JNI global ref>, id=109, trace=300000)
ROOT 50000108 (kind=<JNI global ref>, id=10a, trace=300000)
ROOT 50000109 (kind=<JNI global ref>, id=10b, trace=300000)
ROOT 5000010a (kind=<JNI global ref>, id=10c, trace=300000)
ROOT 5000010b (kind=<JNI global ref>, id=10d, trace=300000)
ROOT 5000010c (kind=<JNI global ref>, id=10e, trace=300000)
ROOT 5000010d (kind=<JNI global ref>, id=10f, trace=300000)
ROOT 5000010e (kind=<JNI global ref>, id=110, trace=300000)
ROOT 5000010f (kind=<JNI global ref>, id=111, trace=300000)
ROOT 50000110 (kind=<JNI global ref>, id=112, trace=300000)
ROOT 50000111 (kind=<JNI global ref>, id=113, trace=300000)
ROOT 50000112 (kind=<JNI global ref>, id=114, trace=300000)
ROOT 50000113 (kind=<JNI global ref>, id=115, trace=300000)
ROOT 50000120 (kind=<JNI global ref>, id=116, trace=300061)
ROOT 50000123 (kind=<JNI global ref>, id=117, trace=300069)
ROOT 50000125 (kind=<JNI global ref>, id=118, trace=300071)
ROOT 50000126 (kind=<JNI global ref>, id=119, trace=300072)
ROOT 50000129 (kind=<JNI global ref>, id=11a, trace=300092)
ROOT 5000012a (kind=<JNI global ref>, id=11b, trace=300092)
ROOT 5000000d (kind=<JNI global ref>, id=11c, trace=300000)
ROOT 500000dd (kind=<JNI global ref>, id=11d, trace=300000)
ROOT 50000094 (kind=<JNI global ref>, id=11e, trace=300000)
ROOT 5000002a (kind=<JNI global ref>, id=11f, trace=300000)
ROOT 50000012 (kind=<JNI global ref>, id=120, trace=300000)
ROOT 50000012 (kind=<JNI global ref>, id=121, trace=300000)
ROOT 5000002a (kind=<JNI global ref>, id=122, trace=300000)
ROOT 50000094 (kind=<JNI global ref>, id=123, trace=300000)
ROOT 500000dd (kind=<JNI global ref>, id=124, trace=300000)
ROOT 5000000d (kind=<JNI global ref>, id=125, trace=300000)
ROOT 50000055 (kind=<JNI global ref>, id=126, trace=300000)
ROOT 50000055 (kind=<JNI global ref>, id=127, trace=300000)
ROOT 500000c1 (kind=<JNI global ref>, id=128, trace=300000)
ROOT 500000c1 (kind=<JNI global ref>, id=129, trace=300000)
ROOT 50000106 (kind=<JNI global ref>, id=12a, trace=300000)
ROOT 50000106 (kind=<JNI global ref>, id=12b, trace=300000)
ROOT 50000020 (kind=<JNI global ref>, id=12c, trace=300000)
ROOT 50000073 (kind=<JNI global ref>, id=12d, trace=300000)
ROOT 50000090 (kind=<JNI global ref>, id=12e, trace=300000)
ROOT 50000090 (kind=<JNI global ref>, id=12f, trace=300000)
ROOT 50000073 (kind=<JNI global ref>, id=130, trace=300000)
ROOT 50000020 (kind=<JNI global ref>, id=131, trace=300000)
ROOT 5000008d (kind=<JNI global ref>, id=132, trace=300000)
ROOT 5000008d (kind=<JNI global ref>, id=133, trace=300000)
ROOT 5000010c (kind=<JNI global ref>, id=134, trace=300000)
ROOT 5000010e (kind=<JNI global ref>, id=135, trace=300000)
ROOT 50000112 (kind=<JNI global ref>, id=136, trace=300000)
ROOT 50000113 (kind=<JNI global ref>, id=137, trace=300000)
ROOT 5000010d (kind=<JNI global ref>, id=138, trace=300000)
ROOT 50000110 (kind=<JNI global ref>, id=139, trace=300000)
ROOT 5000010f (kind=<JNI global ref>, id=13a, trace=300000)
ROOT 50000111 (kind=<JNI global ref>, id=13b, trace=300000)
ROOT 50000133 (kind=<JNI global ref>, id=13c, trace=300187)
ROOT 50000139 (kind=<JNI global ref>, id=13d, trace=300232)
ROOT 5000013b (kind=<JNI global ref>, id=13e, trace=300238)
ROOT 5000013c (kind=<JNI global ref>, id=13f, trace=300238)
ROOT 5000102d (kind=<JNI global ref>, id=140, trace=302874)
ROOT 5000014a (kind=<JNI global ref>, id=141, trace=300312)
ROOT 5000102b (kind=<JNI global ref>, id=142, trace=302874)
ROOT 50000159 (kind=<JNI global ref>, id=143, trace=300369)
ROOT 5000015a (kind=<JNI global ref>, id=144, trace=300369)
ROOT 5000015b (kind=<JNI global ref>, id=145, trace=300369)
ROOT 5000015c (kind=<JNI global ref>, id=146, trace=300370)
ROOT 50000164 (kind=<JNI global ref>, id=147, trace=300438)
ROOT 50000165 (kind=<JNI global ref>, id=148, trace=300438)
ROOT 50000173 (kind=<JNI global ref>, id=149, trace=300482)
ROOT 50000174 (kind=<JNI global ref>, id=14a, trace=300494)
ROOT 500001e8 (kind=<JNI global ref>, id=14b, trace=300530)
ROOT 500001f1 (kind=<JNI global ref>, id=14c, trace=300548)
ROOT 500001f2 (kind=<JNI global ref>, id=14d, trace=300548)
ROOT 500001f5 (kind=<JNI global ref>, id=14e, trace=300558)
ROOT 500001f6 (kind=<JNI global ref>, id=14f, trace=300558)
ROOT 500001f7 (kind=<JNI global ref>, id=150, trace=300560)
ROOT 500001f9 (kind=<JNI global ref>, id=151, trace=300575)
ROOT 500001fa (kind=<JNI global ref>, id=152, trace=300575)
ROOT 500001fb (kind=<JNI global ref>, id=153, trace=300577)
ROOT 5000020e (kind=<JNI global ref>, id=154, trace=300647)
ROOT 50000211 (kind=<JNI global ref>, id=155, trace=300655)
ROOT 50000219 (kind=<JNI global ref>, id=156, trace=300666)
ROOT 50000f59 (kind=<JNI global ref>, id=157, trace=302874)
ROOT 50000ef6 (kind=<JNI global ref>, id=158, trace=303404)
ROOT 5000055f (kind=<JNI global ref>, id=159, trace=300913)
ROOT 50000560 (kind=<JNI global ref>, id=15a, trace=300913)
ROOT 50000563 (kind=<JNI global ref>, id=15b, trace=300934)
ROOT 50000578 (kind=<JNI global ref>, id=15c, trace=301001)
ROOT 50000579 (kind=<JNI global ref>, id=15d, trace=301002)
ROOT 5000057c (kind=<JNI global ref>, id=15e, trace=301007)
ROOT 50000582 (kind=<JNI global ref>, id=15f, trace=301023)
ROOT 50000590 (kind=<JNI global ref>, id=160, trace=301089)
ROOT 5000059a (kind=<JNI global ref>, id=161, trace=301175)
ROOT 5000059c (kind=<JNI global ref>, id=162, trace=301184)
ROOT 500005a3 (kind=<JNI global ref>, id=163, trace=301211)
ROOT 500005b6 (kind=<JNI global ref>, id=164, trace=301244)
ROOT 50000616 (kind=<JNI global ref>, id=165, trace=301311)
ROOT 50000620 (kind=<JNI global ref>, id=166, trace=301337)
ROOT 50000631 (kind=<JNI global ref>, id=167, trace=301401)
ROOT 50000632 (kind=<JNI global ref>, id=168, trace=301405)
ROOT 50000633 (kind=<JNI global ref>, id=169, trace=301405)
ROOT 50000634 (kind=<JNI global ref>, id=16a, trace=301409)
ROOT 50000636 (kind=<JNI global ref>, id=16b, trace=301417)
ROOT 50000638 (kind=<JNI global ref>, id=16c, trace=301428)
ROOT 50000639 (kind=<JNI global ref>, id=16d, trace=301432)
ROOT 5000064a (kind=<JNI global ref>, id=16e, trace=301493)
ROOT 500006b9 (kind=<JNI global ref>, id=16f, trace=301536)
ROOT 500006ba (kind=<JNI global ref>, id=170, trace=301536)
ROOT 500006bc (kind=<JNI global ref>, id=171, trace=301540)
ROOT 500006bd (kind=<JNI global ref>, id=172, trace=301540)
ROOT 500006be (kind=<JNI global ref>, id=173, trace=301540)
ROOT 500006bf (kind=<JNI global ref>, id=174, trace=301541)
ROOT 500006c2 (kind=<JNI global ref>, id=175, trace=301543)
ROOT 500006c3 (kind=<JNI global ref>, id=176, trace=301543)
ROOT 500006c4 (kind=<JNI global ref>, id=177, trace=301543)
ROOT 500006c5 (kind=<JNI global ref>, id=178, trace=301550)
ROOT 500006cd (kind=<JNI global ref>, id=179, trace=301581)
ROOT 500006ce (kind=<JNI global ref>, id=17a, trace=301582)
ROOT 50000700 (kind=<JNI global ref>, id=17b, trace=301606)
ROOT 50000701 (kind=<JNI global ref>, id=17c, trace=301609)
ROOT 5000070d (kind=<JNI global ref>, id=17d, trace=301624)
ROOT 5000070e (kind=<JNI global ref>, id=17e, trace=301627)
ROOT 50000710 (kind=<JNI global ref>, id=17f, trace=301630)
ROOT 50000715 (kind=<JNI global ref>, id=180, trace=301647)
ROOT 50000716 (kind=<JNI global ref>, id=181, trace=301648)
ROOT 50000719 (kind=<JNI global ref>, id=182, trace=301656)
ROOT 5000071b (kind=<JNI global ref>, id=183, trace=301662)
ROOT 5000071e (kind=<JNI global ref>, id=184, trace=301695)
ROOT 50000720 (kind=<JNI global ref>, id=185, trace=301700)
ROOT 50000722 (kind=<JNI global ref>, id=186, trace=301704)
ROOT 50000724 (kind=<JNI global ref>, id=187, trace=301716)
ROOT 50000730 (kind=<JNI global ref>, id=188, trace=301738)
ROOT 50000733 (kind=<JNI global ref>, id=189, trace=301744)
ROOT 5000077e (kind=<JNI global ref>, id=18a, trace=301829)
ROOT 50000781 (kind=<JNI global ref>, id=18b, trace=301834)
ROOT 50000786 (kind=<JNI global ref>, id=18c, trace=301841)
ROOT 500007a0 (kind=<JNI global ref>, id=18d, trace=301869)
ROOT 500007a1 (kind=<JNI global ref>, id=18e, trace=301869)
ROOT 500007a4 (kind=<JNI global ref>, id=18f, trace=301875)
ROOT 500007a7 (kind=<JNI global ref>, id=190, trace=301881)
ROOT 500007aa (kind=<JNI global ref>, id=191, trace=301887)
ROOT 500007ad (kind=<JNI global ref>, id=192, trace=301893)
ROOT 500007b0 (kind=<JNI global ref>, id=193, trace=301899)
ROOT 500007b3 (kind=<JNI global ref>, id=194, trace=301905)
ROOT 500007b6 (kind=<JNI global ref>, id=195, trace=301911)
ROOT 500007b9 (kind=<JNI global ref>, id=196, trace=301917)
ROOT 500007bc (kind=<JNI global ref>, id=197, trace=301923)
ROOT 500007bf (kind=<JNI global ref>, id=198, trace=301929)
ROOT 500007c2 (kind=<JNI global ref>, id=199, trace=301935)
ROOT 500007c5 (kind=<JNI global ref>, id=19a, trace=301941)
ROOT 500007c8 (kind=<JNI global ref>, id=19b, trace=301947)
ROOT 500007cb (kind=<JNI global ref>, id=19c, trace=301953)
ROOT 500007ce (kind=<JNI global ref>, id=19d, trace=301959)
ROOT 500007d2 (kind=<JNI global ref>, id=19e, trace=301980)
ROOT 500007f8 (kind=<JNI global ref>, id=19f, trace=302008)
ROOT 500007f9 (kind=<JNI global ref>, id=1a0, trace=302009)
ROOT 500007fa (kind=<JNI global ref>, id=1a1, trace=302010)
ROOT 500007fb (kind=<JNI global ref>, id=1a2, trace=302011)
ROOT 500007fd (kind=<JNI global ref>, id=1a3, trace=302014)
ROOT 50000808 (kind=<JNI global ref>, id=1a4, trace=302112)
ROOT 500009e2 (kind=<JNI global ref>, id=1a5, trace=302431)
ROOT 500009ea (kind=<JNI global ref>, id=1a6, trace=302444)
ROOT 500009eb (kind=<JNI global ref>, id=1a7, trace=302444)
ROOT 500009fa (kind=<JNI global ref>, id=1a8, trace=302481)
ROOT 50000a03 (kind=<JNI global ref>, id=1a9, trace=302519)
ROOT 50000a05 (kind=<JNI global ref>, id=1aa, trace=302544)
ROOT 50000a07 (kind=<JNI global ref>, id=1ab, trace=302554)
ROOT 50000a08 (kind=<JNI global ref>, id=1ac, trace=302554)
ROOT 50000a35 (kind=<JNI global ref>, id=1ad, trace=302641)
ROOT 50000a36 (kind=<JNI global ref>, id=1ae, trace=302641)
ROOT 50000a37 (kind=<JNI global ref>, id=1af, trace=302641)
ROOT 50000a3a (kind=<JNI global ref>, id=1b0, trace=302648)
ROOT 50000a3b (kind=<JNI global ref>, id=1b1, trace=302648)
ROOT 50000a3e (kind=<JNI global ref>, id=1b2, trace=302656)
ROOT 50000a48 (kind=<JNI global ref>, id=1b3, trace=302682)
ROOT 50000a4c (kind=<JNI global ref>, id=1b4, trace=302694)
ROOT 50000a53 (kind=<JNI global ref>, id=1b5, trace=302729)
ROOT 50000a66 (kind=<JNI global ref>, id=1b6, trace=302756)
ROOT 50000a67 (kind=<JNI global ref>, id=1b7, trace=302757)
ROOT 50000a69 (kind=<JNI global ref>, id=1b8, trace=302769)
ROOT 50000a90 (kind=<JNI global ref>, id=1b9, trace=302814)
ROOT 50000a91 (kind=<JNI global ref>, id=1ba, trace=302815)
ROOT 50000a95 (kind=<JNI global ref>, id=1bb, trace=302844)
ROOT 50000a96 (kind=<JNI global ref>, id=1bc, trace=302845)
ROOT 50000b71 (kind=<JNI global ref>, id=1bd, trace=302874)
ROOT 50000b73 (kind=<JNI global ref>, id=1be, trace=302874)
ROOT 50000edf (kind=<JNI global ref>, id=1bf, trace=302874)
ROOT 50000e82 (kind=<JNI global ref>, id=1c0, trace=303274)
ROOT 50000e7f (kind=<JNI global ref>, id=1c1, trace=302874)
ROOT 50000b74 (kind=<JNI global ref>, id=1c2, trace=302888)
ROOT 50000b75 (kind=<JNI global ref>, id=1c3, trace=302888)
ROOT 50000b76 (kind=<JNI global ref>, id=1c4, trace=302888)
ROOT 50000bc6 (kind=<JNI global ref>, id=1c5, trace=302874)
ROOT 50000e2d (kind=<JNI global ref>, id=1c6, trace=302888)
ROOT 5000012b (kind=<JNI global ref>, id=1c7, trace=300000)
ROOT 5000012c (kind=<JNI global ref>, id=1c8, trace=300000)
ROOT 5000012d (kind=<JNI global ref>, id=1c9, trace=300000)
ROOT 5000012e (kind=<JNI global ref>, id=1ca, trace=300000)
ROOT 50000130 (kind=<JNI global ref>, id=1cb, trace=302947)
ROOT 50000131 (kind=<JNI global ref>, id=1cc, trace=302959)
ROOT 50000141 (kind=<JNI global ref>, id=1cd, trace=302874)
ROOT 50000142 (kind=<JNI global ref>, id=1ce, trace=302888)
ROOT 500001ef (kind=<JNI global ref>, id=1cf, trace=302874)
ROOT 500001f0 (kind=<JNI global ref>, id=1d0, trace=302888)
ROOT 500001f4 (kind=<JNI global ref>, id=1d1, trace=302888)
ROOT 50000e2c (kind=<JNI global ref>, id=1d2, trace=302874)
ROOT 500001f8 (kind=<JNI global ref>, id=1d3, trace=302888)
ROOT 500001fc (kind=<JNI global ref>, id=1d4, trace=302888)
ROOT 50000ddc (kind=<JNI global ref>, id=1d5, trace=302874)
ROOT 5000025c (kind=<JNI global ref>, id=1d6, trace=302874)
ROOT 50000dda (kind=<JNI global ref>, id=1d7, trace=302874)
ROOT 50000dd9 (kind=<JNI global ref>, id=1d8, trace=302874)
ROOT 5000032e (kind=<JNI global ref>, id=1d9, trace=302874)
ROOT 50000cc9 (kind=<JNI global ref>, id=1da, trace=303158)
ROOT 50000bae (kind=<JNI global ref>, id=1db, trace=302888)
ROOT 5000032f (kind=<JNI global ref>, id=1dc, trace=302888)
ROOT 50000bad (kind=<JNI global ref>, id=1dd, trace=302874)
ROOT 50000bac (kind=<JNI global ref>, id=1de, trace=302874)
ROOT 50000aaa (kind=<JNI global ref>, id=1df, trace=303107)
ROOT 500003c0 (kind=<JNI global ref>, id=1e0, trace=302874)
ROOT 50000458 (kind=<JNI global ref>, id=1e1, trace=302874)
ROOT 500004f2 (kind=<JNI global ref>, id=1e2, trace=302874)
ROOT 500004f3 (kind=<JNI global ref>, id=1e3, trace=302888)
ROOT 500004f4 (kind=<JNI global ref>, id=1e4, trace=302888)
ROOT 50001035 (kind=<JNI global ref>, id=1e5, trace=302888)
ROOT 50001036 (kind=<JNI global ref>, id=1e6, trace=302888)
ROOT 50001039 (kind=<JNI global ref>, id=1e7, trace=303506)
ROOT 5000103c (kind=<JNI global ref>, id=1e8, trace=303514)
ROOT 5000103e (kind=<JNI global ref>, id=1e9, trace=303517)
ROOT 5000103f (kind=<JNI global ref>, id=1ea, trace=303518)
ROOT 50001055 (kind=<JNI global ref>, id=1eb, trace=303591)
ROOT 50001057 (kind=<JNI global ref>, id=1ec, trace=303607)
ROOT 5000105c (kind=<JNI global ref>, id=1ed, trace=302888)
ROOT 5000105d (kind=<JNI global ref>, id=1ee, trace=302888)
ROOT 5000107f (kind=<JNI global ref>, id=1ef, trace=302888)
ROOT 50001098 (kind=<JNI global ref>, id=1f0, trace=302888)
ROOT 500010b4 (kind=<JNI global ref>, id=1f1, trace=303843)
ROOT 500010bd (kind=<JNI global ref>, id=1f2, trace=303877)
ROOT 500012b6 (kind=<JNI global ref>, id=1f3, trace=304379)
ROOT 500012b9 (kind=<JNI global ref>, id=1f4, trace=304387)
ROOT 500012bb (kind=<JNI global ref>, id=1f5, trace=304391)
ROOT 500012c4 (kind=<JNI global ref>, id=1f6, trace=304424)
ROOT 500012c5 (kind=<JNI global ref>, id=1f7, trace=304430)
ROOT 500012c6 (kind=<JNI global ref>, id=1f8, trace=304430)
ROOT 500012c7 (kind=<JNI global ref>, id=1f9, trace=304430)
ROOT 500012c8 (kind=<JNI global ref>, id=1fa, trace=304435)
ROOT 500012c9 (kind=<JNI global ref>, id=1fb, trace=304435)
ROOT 500012ca (kind=<JNI global ref>, id=1fc, trace=304435)
ROOT 500012ef (kind=<JNI global ref>, id=1fd, trace=304522)
ROOT 500012f0 (kind=<JNI global ref>, id=1fe, trace=304525)
ROOT 500012f1 (kind=<JNI global ref>, id=1ff, trace=304526)
ROOT 500012f6 (kind=<JNI global ref>, id=200, trace=304537)
ROOT 500013e4 (kind=<JNI global ref>, id=201, trace=302874)
ROOT 500013e5 (kind=<JNI global ref>, id=202, trace=302874)
ROOT 500013e6 (kind=<JNI global ref>, id=203, trace=302888)
ROOT 500013e7 (kind=<JNI global ref>, id=204, trace=302888)
ROOT 5000013a (kind=<JNI global ref>, id=205, trace=300000)
ROOT 5000013d (kind=<JNI global ref>, id=206, trace=300000)
ROOT 5000013e (kind=<JNI global ref>, id=207, trace=300000)
ROOT 500001d6 (kind=<JNI global ref>, id=208, trace=302874)
ROOT 5000022c (kind=<JNI global ref>, id=209, trace=302888)
ROOT 500002b6 (kind=<JNI global ref>, id=20a, trace=302874)
ROOT 500002c2 (kind=<JNI global ref>, id=20b, trace=302888)
ROOT 500002c3 (kind=<JNI global ref>, id=20c, trace=304738)
ROOT 500002c6 (kind=<JNI global ref>, id=20d, trace=304742)
ROOT 500002c8 (kind=<JNI global ref>, id=20e, trace=304745)
ROOT 500002ca (kind=<JNI global ref>, id=20f, trace=304756)
ROOT 500002e5 (kind=<JNI global ref>, id=210, trace=304799)
ROOT 500002f3 (kind=<JNI global ref>, id=211, trace=304832)
ROOT 500002f6 (kind=<JNI global ref>, id=212, trace=304841)
ROOT 5000046d (kind=<JNI global ref>, id=213, trace=305086)
ROOT 50000932 (kind=<JNI global ref>, id=214, trace=305100)
ROOT 50000b00 (kind=<JNI global ref>, id=215, trace=302888)
ROOT 50000b22 (kind=<JNI global ref>, id=216, trace=305266)
ROOT 50000b23 (kind=<JNI global ref>, id=217, trace=305266)
ROOT 50000b24 (kind=<JNI global ref>, id=218, trace=305266)
ROOT 50000b26 (kind=<JNI global ref>, id=219, trace=305270)
ROOT 50000b28 (kind=<JNI global ref>, id=21a, trace=305279)
ROOT 50000b29 (kind=<JNI global ref>, id=21b, trace=305279)
ROOT 50000b2a (kind=<JNI global ref>, id=21c, trace=305279)
ROOT 50000b2b (kind=<JNI global ref>, id=21d, trace=305279)
ROOT 50000b2c (kind=<JNI global ref>, id=21e, trace=305279)
ROOT 50000b2d (kind=<JNI global ref>, id=21f, trace=305279)
ROOT 50000b2e (kind=<JNI global ref>, id=220, trace=305279)
ROOT 50000b34 (kind=<JNI global ref>, id=221, trace=305291)
ROOT 50000b35 (kind=<JNI global ref>, id=222, trace=305291)
ROOT 50000b36 (kind=<JNI global ref>, id=223, trace=305291)
ROOT 50000b37 (kind=<JNI global ref>, id=224, trace=305291)
ROOT 50000b38 (kind=<JNI global ref>, id=225, trace=305291)
ROOT 50000b3d (kind=<JNI global ref>, id=226, trace=305291)
ROOT 50000b3e (kind=<JNI global ref>, id=227, trace=305291)
ROOT 50000b82 (kind=<JNI global ref>, id=228, trace=305359)
ROOT 50000b84 (kind=<JNI global ref>, id=229, trace=305361)
ROOT 50000b85 (kind=<JNI global ref>, id=22a, trace=305362)
ROOT 50000b88 (kind=<JNI global ref>, id=22b, trace=305366)
ROOT 50000b89 (kind=<JNI global ref>, id=22c, trace=305366)
ROOT 50000b8a (kind=<JNI global ref>, id=22d, trace=305366)
ROOT 50000b8c (kind=<JNI global ref>, id=22e, trace=305368)
ROOT 50000b9b (kind=<JNI global ref>, id=22f, trace=305390)
ROOT 50000b9c (kind=<JNI global ref>, id=230, trace=305390)
ROOT 50000b9e (kind=<JNI global ref>, id=231, trace=305393)
ROOT 50000b9f (kind=<JNI global ref>, id=232, trace=305393)
ROOT 50000ba1 (kind=<JNI global ref>, id=233, trace=305395)
ROOT 50000ba2 (kind=<JNI global ref>, id=234, trace=305395)
ROOT 50000ba7 (kind=<JNI global ref>, id=235, trace=305401)
ROOT 50000ba8 (kind=<JNI global ref>, id=236, trace=305401)
ROOT 50000bcd (kind=<JNI global ref>, id=237, trace=305448)
ROOT 50000c1d (kind=<JNI global ref>, id=238, trace=305472)
ROOT 50000c70 (kind=<JNI global ref>, id=239, trace=305472)
ROOT 50000c71 (kind=<JNI global ref>, id=23a, trace=305472)
ROOT 50000c72 (kind=<JNI global ref>, id=23b, trace=305472)
ROOT 50000c76 (kind=<JNI global ref>, id=23c, trace=305472)
ROOT 50000c77 (kind=<JNI global ref>, id=23d, trace=305472)
ROOT 50000c78 (kind=<JNI global ref>, id=23e, trace=305472)
ROOT 50000c8a (kind=<JNI global ref>, id=23f, trace=305485)
ROOT 50000c8d (kind=<JNI global ref>, id=240, trace=305488)
ROOT 50000c9d (kind=<JNI global ref>, id=241, trace=305502)
ROOT 50000ca0 (kind=<JNI global ref>, id=242, trace=305504)
ROOT 50000ca1 (kind=<JNI global ref>, id=243, trace=305505)
ROOT 50000cb1 (kind=<JNI global ref>, id=244, trace=305510)
ROOT 50000cb2 (kind=<JNI global ref>, id=245, trace=305510)
ROOT 50000cb3 (kind=<JNI global ref>, id=246, trace=305510)
ROOT 50000cb4 (kind=<JNI global ref>, id=247, trace=305510)
ROOT 50000cb8 (kind=<JNI global ref>, id=248, trace=305520)
ROOT 50000cbb (kind=<JNI global ref>, id=249, trace=305520)
ROOT 50000cbd (kind=<JNI global ref>, id=24a, trace=305522)
ROOT 50000cbe (kind=<JNI global ref>, id=24b, trace=305523)
ROOT 50000ce8 (kind=<JNI global ref>, id=24c, trace=305550)
ROOT 50000ce9 (kind=<JNI global ref>, id=24d, trace=305550)
ROOT 50000ceb (kind=<JNI global ref>, id=24e, trace=305559)
ROOT 50000cec (kind=<JNI global ref>, id=24f, trace=305559)
ROOT 50000cf1 (kind=<JNI global ref>, id=250, trace=305565)
ROOT 50000cf3 (kind=<JNI global ref>, id=251, trace=305568)
ROOT 50000cf9 (kind=<JNI global ref>, id=252, trace=305571)
ROOT 50000cfb (kind=<JNI global ref>, id=253, trace=305574)
ROOT 50000d07 (kind=<JNI global ref>, id=254, trace=305624)
ROOT 50000d08 (kind=<JNI global ref>, id=255, trace=305624)
ROOT 50000d09 (kind=<JNI global ref>, id=256, trace=305624)
ROOT 50000d0a (kind=<JNI global ref>, id=257, trace=305624)
ROOT 50000d5d (kind=<JNI global ref>, id=258, trace=305676)
ROOT 50000d5e (kind=<JNI global ref>, id=259, trace=305676)
ROOT 50000d5f (kind=<JNI global ref>, id=25a, trace=305676)
ROOT 50000d65 (kind=<JNI global ref>, id=25b, trace=305683)
ROOT 50000d6f (kind=<JNI global ref>, id=25c, trace=305705)
ROOT 50000d70 (kind=<JNI global ref>, id=25d, trace=305705)
ROOT 50000d71 (kind=<JNI global ref>, id=25e, trace=305705)
ROOT 50000d72 (kind=<JNI global ref>, id=25f, trace=305705)
ROOT 50000d78 (kind=<JNI global ref>, id=260, trace=305712)
ROOT 50000d79 (kind=<JNI global ref>, id=261, trace=305712)
ROOT 50000d87 (kind=<JNI global ref>, id=262, trace=305734)
ROOT 50000d8a (kind=<JNI global ref>, id=263, trace=305739)
ROOT 50000d8c (kind=<JNI global ref>, id=264, trace=305743)
ROOT 50000d9c (kind=<JNI global ref>, id=265, trace=305759)
ROOT 50000da3 (kind=<JNI global ref>, id=266, trace=305780)
ROOT 50000da4 (kind=<JNI global ref>, id=267, trace=305781)
ROOT 50000da5 (kind=<JNI global ref>, id=268, trace=305783)
ROOT 50000da6 (kind=<JNI global ref>, id=269, trace=305786)
ROOT 50000da8 (kind=<JNI global ref>, id=26a, trace=305792)
ROOT 50000daa (kind=<JNI global ref>, id=26b, trace=305799)
ROOT 50000dac (kind=<JNI global ref>, id=26c, trace=305808)
ROOT 50000daf (kind=<JNI global ref>, id=26d, trace=302888)
ROOT 50000db8 (kind=<JNI global ref>, id=26e, trace=305837)
ROOT 50000db9 (kind=<JNI global ref>, id=26f, trace=305837)
ROOT 50000dbc (kind=<JNI global ref>, id=270, trace=305844)
ROOT 50000dbf (kind=<JNI global ref>, id=271, trace=305848)
ROOT 50000dc2 (kind=<JNI global ref>, id=272, trace=305852)
ROOT 50000dc5 (kind=<JNI global ref>, id=273, trace=305856)
ROOT 50000dcb (kind=<JNI global ref>, id=274, trace=305863)
ROOT 50000dce (kind=<JNI global ref>, id=275, trace=305867)
ROOT 50000dd6 (kind=<JNI global ref>, id=276, trace=305887)
ROOT 50000ddf (kind=<JNI global ref>, id=277, trace=305895)
ROOT 50000de4 (kind=<JNI global ref>, id=278, trace=305906)
ROOT 50000de5 (kind=<JNI global ref>, id=279, trace=305906)
ROOT 50000dea (kind=<JNI global ref>, id=27a, trace=305925)
ROOT 50000deb (kind=<JNI global ref>, id=27b, trace=305926)
ROOT 50000e02 (kind=<JNI global ref>, id=27c, trace=305962)
ROOT 50000e0e (kind=<JNI global ref>, id=27d, trace=306044)
ROOT 50000e0f (kind=<JNI global ref>, id=27e, trace=306044)
ROOT 50000e2a (kind=<JNI global ref>, id=27f, trace=306231)
ROOT 50000e2b (kind=<JNI global ref>, id=280, trace=306231)
ROOT 50000e2e (kind=<JNI global ref>, id=281, trace=306231)
ROOT 50000e30 (kind=<JNI global ref>, id=282, trace=306231)
ROOT 50000e31 (kind=<JNI global ref>, id=283, trace=306231)
ROOT 50000e32 (kind=<JNI global ref>, id=284, trace=306231)
ROOT 50000e33 (kind=<JNI global ref>, id=285, trace=306231)
ROOT 50000e34 (kind=<JNI global ref>, id=286, trace=306231)
ROOT 50000e35 (kind=<JNI global ref>, id=287, trace=306231)
ROOT 50000e36 (kind=<JNI global ref>, id=288, trace=306231)
ROOT 50000e37 (kind=<JNI global ref>, id=289, trace=306231)
ROOT 50000e3a (kind=<JNI global ref>, id=28a, trace=306242)
ROOT 50000e3c (kind=<JNI global ref>, id=28b, trace=306244)
ROOT 50000e3d (kind=<JNI global ref>, id=28c, trace=306254)
ROOT 50000e3e (kind=<JNI global ref>, id=28d, trace=306254)
ROOT 50000e40 (kind=<JNI global ref>, id=28e, trace=306282)
ROOT 50000e41 (kind=<JNI global ref>, id=28f, trace=306282)
ROOT 50000e43 (kind=<JNI global ref>, id=290, trace=306290)
ROOT 50000e44 (kind=<JNI global ref>, id=291, trace=306290)
ROOT 50000e45 (kind=<JNI global ref>, id=292, trace=306290)
ROOT 500014e2 (kind=<JNI global ref>, id=293, trace=306525)
ROOT 5000153a (kind=<JNI global ref>, id=294, trace=302874)
ROOT 5000158c (kind=<JNI global ref>, id=295, trace=302874)
ROOT 500015f9 (kind=<JNI global ref>, id=296, trace=302874)
ROOT 500015fd (kind=<JNI global ref>, id=297, trace=306659)
ROOT 500015ff (kind=<JNI global ref>, id=298, trace=306664)
ROOT 5000167d (kind=<JNI global ref>, id=299, trace=302874)
ROOT 50001779 (kind=<JNI global ref>, id=29a, trace=307021)
ROOT 5000177a (kind=<JNI global ref>, id=29b, trace=307021)
ROOT 5000177b (kind=<JNI global ref>, id=29c, trace=307021)
ROOT 5000177c (kind=<JNI global ref>, id=29d, trace=307021)
ROOT 5000177d (kind=<JNI global ref>, id=29e, trace=307022)
ROOT 5000178b (kind=<JNI global ref>, id=29f, trace=307076)
ROOT 5000178d (kind=<JNI global ref>, id=2a0, trace=307079)
ROOT 5000178e (kind=<JNI global ref>, id=2a1, trace=307079)
ROOT 50001795 (kind=<JNI global ref>, id=2a2, trace=307119)
ROOT 50001796 (kind=<JNI global ref>, id=2a3, trace=307119)
ROOT 50001797 (kind=<JNI global ref>, id=2a4, trace=307119)
ROOT 500018cc (kind=<JNI global ref>, id=2a5, trace=307351)
ROOT 500018cd (kind=<JNI global ref>, id=2a6, trace=307351)
ROOT 500018e1 (kind=<JNI global ref>, id=2a7, trace=307439)
ROOT 500018e2 (kind=<JNI global ref>, id=2a8, trace=307439)
ROOT 50001907 (kind=<JNI global ref>, id=2a9, trace=307579)
ROOT 5000197f (kind=<JNI global ref>, id=2aa, trace=302874)
ROOT 50001980 (kind=<JNI global ref>, id=2ab, trace=302888)
ROOT 50001981 (kind=<JNI global ref>, id=2ac, trace=302888)
ROOT 5000199a (kind=<JNI global ref>, id=2ad, trace=307688)
ROOT 50001597 (kind=<JNI global ref>, id=2ae, trace=307923)
ROOT 50001598 (kind=<JNI global ref>, id=2af, trace=307924)
ROOT 5000159b (kind=<unknown>)
ROOT 5000008d (kind=<system class>, name=java.lang.String)
ROOT 50000012 (kind=<system class>, name=java.lang.Object)
ROOT 50000055 (kind=<system class>, name=java.lang.Class)
ROOT 500000c3 (kind=<system class>, name=java.lang.Cloneable)
ROOT 50000064 (kind=<system class>, name=java.lang.ClassLoader)
ROOT 500000ab (kind=<system class>, name=java.io.Serializable)
ROOT 5000002c (kind=<system class>, name=java.lang.System)
ROOT 5000002a (kind=<system class>, name=java.lang.Throwable)
ROOT 50000090 (kind=<system class>, name=java.lang.Error)
ROOT 500000ce (kind=<system class>, name=java.lang.ThreadDeath)
ROOT 50000094 (kind=<system class>, name=java.lang.Exception)
ROOT 500000dd (kind=<system class>, name=java.lang.RuntimeException)
ROOT 50000098 (kind=<system class>, name=java.lang.ClassNotFoundException)
ROOT 500000d8 (kind=<system class>, name=java.lang.NoClassDefFoundError)
ROOT 500000c1 (kind=<system class>, name=java.lang.ClassCastException)
ROOT 5000000d (kind=<system class>, name=java.lang.ArrayStoreException)
ROOT 50000020 (kind=<system class>, name=java.lang.OutOfMemoryError)
ROOT 500000e8 (kind=<system class>, name=java.lang.StackOverflowError)
ROOT 500000de (kind=<system class>, name=java.security.ProtectionDomain)
ROOT 5000009c (kind=<system class>, name=java.security.AccessControlContext)
ROOT 50000070 (kind=<system class>, name=java.lang.ref.Reference)
ROOT 500000ad (kind=<system class>, name=java.lang.ref.SoftReference)
ROOT 500000bc (kind=<system class>, name=java.lang.ref.WeakReference)
ROOT 500000a3 (kind=<system class>, name=java.lang.ref.FinalReference)
ROOT 5000002f (kind=<system class>, name=java.lang.ref.PhantomReference)
ROOT 5000006b (kind=<system class>, name=java.lang.ref.Finalizer)
ROOT 50000106 (kind=<system class>, name=java.lang.Thread)
ROOT 50000068 (kind=<system class>, name=java.lang.ThreadGroup)
ROOT 50000081 (kind=<system class>, name=java.util.Properties)
ROOT 500000b8 (kind=<system class>, name=java.lang.reflect.AccessibleObject)
ROOT 500000d6 (kind=<system class>, name=java.lang.reflect.Field)
ROOT 5000008a (kind=<system class>, name=java.lang.reflect.Method)
ROOT 50000079 (kind=<system class>, name=java.lang.reflect.Constructor)
ROOT 50000092 (kind=<system class>, name=sun.reflect.MagicAccessorImpl)
ROOT 50000087 (kind=<system class>, name=sun.reflect.MethodAccessorImpl)
ROOT 500000f4 (kind=<system class>, name=sun.reflect.ConstructorAccessorImpl)
ROOT 500000d5 (kind=<system class>, name=sun.reflect.DelegatingClassLoader)
ROOT 50000017 (kind=<system class>, name=sun.reflect.ConstantPool)
ROOT 50000088 (kind=<system class>, name=java.lang.StringBuffer)
ROOT 50000077 (kind=<system class>, name=java.util.Vector)
ROOT 5000000e (kind=<system class>, name=java.util.Hashtable)
ROOT 500000e0 (kind=<system class>, name=java.lang.StackTraceElement)
ROOT 5000003f (kind=<system class>, name=java.nio.Buffer)
ROOT 5000005a (kind=<system class>, name=sun.misc.AtomicLongCSImpl)
ROOT 500000d0 (kind=<system class>, name=java.lang.Boolean)
ROOT 500000ca (kind=<system class>, name=java.lang.Character)
ROOT 50000033 (kind=<system class>, name=java.lang.Float)
ROOT 5000006a (kind=<system class>, name=java.lang.Double)
ROOT 50000076 (kind=<system class>, name=java.lang.Byte)
ROOT 5000006c (kind=<system class>, name=java.lang.Short)
ROOT 500000bb (kind=<system class>, name=java.lang.Integer)
ROOT 5000003e (kind=<system class>, name=java.lang.Long)
ROOT 500000d0 (kind=<system class>, name=java.lang.Boolean)
ROOT 500000ca (kind=<system class>, name=java.lang.Character)
ROOT 50000033 (kind=<system class>, name=java.lang.Float)
ROOT 5000006a (kind=<system class>, name=java.lang.Double)
ROOT 50000076 (kind=<system class>, name=java.lang.Byte)
ROOT 5000006c (kind=<system class>, name=java.lang.Short)
ROOT 500000bb (kind=<system class>, name=java.lang.Integer)
ROOT 5000003e (kind=<system class>, name=java.lang.Long)
ROOT 5000159c (kind=<unknown>)
ROOT 5000159d (kind=<unknown>)
ROOT 5000159e (kind=<unknown>)
ROOT 5000159f (kind=<unknown>)
ROOT 500015a0 (kind=<unknown>)
ROOT 500015a1 (kind=<unknown>)
ROOT 500015a2 (kind=<unknown>)
ROOT 500015a3 (kind=<unknown>)
ROOT 500015a4 (kind=<unknown>)
ROOT 500015a0 (kind=<unknown>)
ROOT 500015a1 (kind=<unknown>)
ROOT 5000159d (kind=<unknown>)
ROOT 5000159e (kind=<unknown>)
ROOT 5000159f (kind=<unknown>)
ROOT 500015a3 (kind=<unknown>)
ROOT 5000159c (kind=<unknown>)
ROOT 500015a2 (kind=<unknown>)
ROOT 500015a4 (kind=<unknown>)
ROOT 50001795 (kind=<system class>, name=java.text.AttributedCharacterIterator$Attribute)
ROOT 50000b2a (kind=<system class>, name=com.sun.org.apache.xerces.internal.xni.XMLDTDContentModelHandler)
ROOT 50000001 (kind=<system class>, name=sun.nio.cs.Surrogate)
ROOT 50000002 (kind=<system class>, name=java.util.Collections$EmptyMap)
ROOT 5000012a (kind=<system class>, name=java.lang.StringCoding$CharsetSD)
ROOT 50000003 (kind=<system class>, name=java.nio.charset.CharsetEncoder)
ROOT 50000cc9 (kind=<system class>, name=sun.misc.URLClassPath$FileLoader$1)
ROOT 5000103c (kind=<system class>, name=sun.text.resources.LocaleData$1)
ROOT 50000e2b (kind=<system class>, name=org.w3c.dom.events.DocumentEvent)
ROOT 500006c5 (kind=<system class>, name=java.util.concurrent.locks.AbstractQueuedSynchronizer$Node)
ROOT 50000004 (kind=<system class>, name=sun.nio.cs.MS1252)
ROOT 50000005 (kind=<system class>, name=java.io.FilterOutputStream)
ROOT 50000006 (kind=<system class>, name=java.lang.annotation.Annotation)
ROOT 50000008 (kind=<system class>, name=sun.misc.Launcher$ExtClassLoader$1)
ROOT 50000009 (kind=<system class>, name=java.lang.CharacterDataLatin1)
ROOT 500012ef (kind=<system class>, name=java.text.DecimalFormat)
ROOT 5000000a (kind=<system class>, name=sun.misc.Launcher$AppClassLoader)
ROOT 500018e1 (kind=<system class>, name=java.lang.StringCoding$StringEncoder)
ROOT 50000a90 (kind=<system class>, name=java.security.Principal)
ROOT 5000000b (kind=<system class>, name=java.util.Iterator)
ROOT 50000e3a (kind=<system class>, name=com.sun.org.apache.xerces.internal.util.XMLChar)
ROOT 500009eb (kind=<system class>, name=sun.misc.BASE64Decoder)
ROOT 5000000c (kind=<system class>, name=java.security.Guard)
ROOT 5000177d (kind=<system class>, name=com.sun.org.apache.xerces.internal.dom.CharacterDataImpl$1)
ROOT 500001f9 (kind=<system class>, name=java.util.zip.InflaterInputStream)
ROOT 5000000d (kind=<system class>, name=java.lang.ArrayStoreException)
ROOT 5000000e (kind=<system class>, name=java.util.Hashtable)
ROOT 50000e45 (kind=<system class>, name=com.sun.org.apache.xerces.internal.dom.AttributeMap)
ROOT 50000de5 (kind=<system class>, name=com.sun.org.apache.xerces.internal.impl.msg.XMLMessageFormatter)
ROOT 500012ca (kind=<system class>, name=sun.reflect.UnsafeQualifiedStaticObjectFieldAccessorImpl)
ROOT 5000000f (kind=<system class>, name=java.util.RandomAccess)
ROOT 50000010 (kind=<system class>, name=java.lang.Runnable)
ROOT 50000012 (kind=<system class>, name=java.lang.Object)
ROOT 50000015 (kind=<system class>, name=java.nio.HeapByteBuffer)
ROOT 50000e36 (kind=<system class>, name=com.sun.org.apache.xerces.internal.dom.CoreDocumentImpl)
ROOT 500012b6 (kind=<system class>, name=java.util.Currency)
ROOT 50000bae (kind=<system class>, name=java.lang.CloneNotSupportedException)
ROOT 500006c3 (kind=<system class>, name=java.util.concurrent.locks.ReentrantLock$Sync)
ROOT 50000daa (kind=<system class>, name=com.sun.org.apache.xerces.internal.impl.dv.SecuritySupport12$2)
ROOT 50000b84 (kind=<system class>, name=com.sun.org.apache.xerces.internal.util.SymbolTable$Entry)
ROOT 50000b3d (kind=<system class>, name=com.sun.org.apache.xerces.internal.parsers.XIncludeParserConfiguration)
ROOT 500001f1 (kind=<system class>, name=java.util.jar.JarEntry)
ROOT 50000016 (kind=<system class>, name=java.lang.Compiler$1)
ROOT 50000017 (kind=<system class>, name=sun.reflect.ConstantPool)
ROOT 50000b8a (kind=<system class>, name=com.sun.org.apache.xerces.internal.impl.XMLEntityManager)
ROOT 500001e8 (kind=<system class>, name=java.util.zip.ZipEntry)
ROOT 50000b82 (kind=<system class>, name=com.sun.org.apache.xerces.internal.util.SymbolTable)
ROOT 50000018 (kind=<system class>, name=java.security.AccessController)
ROOT 50000ce8 (kind=<system class>, name=com.sun.org.apache.xerces.internal.impl.XMLEntityManager$Entity)
ROOT 50000b2b (kind=<system class>, name=com.sun.org.apache.xerces.internal.parsers.XMLParser)
ROOT 50000d9c (kind=<system class>, name=com.sun.org.apache.xerces.internal.impl.dtd.DTDGrammarBucket)
ROOT 50000019 (kind=<system class>, name=java.util.AbstractMap)
ROOT 5000070d (kind=<system class>, name=java.util.regex.Pattern)
ROOT 500007ce (kind=<system class>, name=java.util.regex.Pattern$JavaMirrored)
ROOT 50000173 (kind=<system class>, name=sun.misc.JarIndex)
ROOT 5000001a (kind=<system class>, name=sun.nio.cs.StandardCharsets$Aliases)
ROOT 5000001b (kind=<system class>, name=java.io.FilterInputStream)
ROOT 50001981 (kind=<system class>, name=java.lang.NumberFormatException)
ROOT 5000001c (kind=<system class>, name=sun.net.www.ParseUtil)
ROOT 5000001d (kind=<system class>, name=sun.io.Converters)
ROOT 5000001e (kind=<system class>, name=java.lang.reflect.Type)
ROOT 50000ba1 (kind=<system class>, name=com.sun.org.apache.xerces.internal.util.AugmentationsImpl$AugmentationsItemsContainer)
ROOT 50000020 (kind=<system class>, name=java.lang.OutOfMemoryError)
ROOT 50000021 (kind=<system class>, name=java.lang.ref.Finalizer$FinalizerThread)
ROOT 50000022 (kind=<system class>, name=java.util.Collections)
ROOT 5000059a (kind=<system class>, name=sun.nio.cs.UTF_8$Decoder)
ROOT 50000b35 (kind=<system class>, name=com.sun.org.apache.xerces.internal.xni.parser.XMLParserConfiguration)
ROOT 500001f5 (kind=<system class>, name=java.io.DataInput)
ROOT 50000023 (kind=<system class>, name=sun.misc.Launcher$AppClassLoader$1)
ROOT 50000632 (kind=<system class>, name=java.security.Provider)
ROOT 50000024 (kind=<system class>, name=java.lang.reflect.Modifier)
ROOT 50000e3e (kind=<system class>, name=com.sun.org.apache.xerces.internal.dom.ElementImpl)
ROOT 500018e2 (kind=<system class>, name=java.lang.StringCoding$CharsetSE)
ROOT 50000ce9 (kind=<system class>, name=com.sun.org.apache.xerces.internal.impl.XMLEntityManager$ExternalEntity)
ROOT 50000123 (kind=<system class>, name=java.lang.ThreadLocal$ThreadLocalMap)
ROOT 50000025 (kind=<system class>, name=sun.nio.cs.HistoricallyNamedCharset)
ROOT 50000b2c (kind=<system class>, name=com.sun.org.apache.xerces.internal.parsers.AbstractXMLDocumentParser)
ROOT 50000b75 (kind=<system class>, name=java.io.Reader)
ROOT 500001f6 (kind=<system class>, name=java.io.DataInputStream)
ROOT 50000722 (kind=<system class>, name=java.util.regex.Pattern$Branch)
ROOT 50000da3 (kind=<system class>, name=com.sun.org.apache.xerces.internal.impl.dv.DTDDVFactory)
ROOT 50001796 (kind=<system class>, name=java.text.Format$Field)
ROOT 50000cec (kind=<system class>, name=com.sun.org.apache.xerces.internal.util.NamespaceSupport)
ROOT 500012c8 (kind=<system class>, name=sun.reflect.UnsafeStaticFieldAccessorImpl)
ROOT 50000e44 (kind=<system class>, name=com.sun.org.apache.xerces.internal.dom.NamedNodeMapImpl)
ROOT 50000164 (kind=<system class>, name=sun.misc.JavaUtilJarAccess)
ROOT 5000177a (kind=<system class>, name=org.w3c.dom.Text)
ROOT 50000ddf (kind=<system class>, name=com.sun.org.apache.xerces.internal.impl.XMLVersionDetector)
ROOT 50000e32 (kind=<system class>, name=org.w3c.dom.events.EventTarget)
ROOT 50000a37 (kind=<system class>, name=sun.net.www.protocol.file.FileURLConnection)
ROOT 50000026 (kind=<system class>, name=java.lang.reflect.ReflectAccess)
ROOT 50000027 (kind=<system class>, name=java.util.concurrent.atomic.AtomicLong)
ROOT 500007c8 (kind=<system class>, name=java.util.regex.Pattern$JavaWhitespace)
ROOT 50000c9d (kind=<system class>, name=com.sun.org.apache.xerces.internal.impl.XMLDocumentFragmentScannerImpl$ElementStack)
ROOT 50000028 (kind=<system class>, name=java.util.AbstractList)
ROOT 50000029 (kind=<system class>, name=java.net.URLStreamHandlerFactory)
ROOT 5000002a (kind=<system class>, name=java.lang.Throwable)
ROOT 50000aaa (kind=<system class>, name=java.util.Hashtable$Enumerator)
ROOT 5000002b (kind=<system class>, name=sun.misc.Launcher$Factory)
ROOT 50000dcb (kind=<system class>, name=com.sun.org.apache.xerces.internal.impl.dv.dtd.NOTATIONDatatypeValidator)
ROOT 5000002c (kind=<system class>, name=java.lang.System)
ROOT 5000105c (kind=<system class>, name=java.util.ListResourceBundle)
ROOT 500013e7 (kind=<system class>, name=java.lang.ExceptionInInitializerError)
ROOT 50000d5f (kind=<system class>, name=com.sun.org.apache.xerces.internal.impl.dtd.XMLDTDProcessor)
ROOT 5000002d (kind=<system class>, name=sun.net.www.protocol.jar.Handler)
ROOT 50000701 (kind=<system class>, name=sun.misc.FloatingDecimal$1)
ROOT 5000002e (kind=<system class>, name=java.security.BasicPermission)
ROOT 5000002f (kind=<system class>, name=java.lang.ref.PhantomReference)
ROOT 50000030 (kind=<system class>, name=java.net.URLClassLoader)
ROOT 500002c6 (kind=<system class>, name=javax.xml.parsers.SecuritySupport)
ROOT 50000031 (kind=<system class>, name=java.lang.Appendable)
ROOT 500012c4 (kind=<system class>, name=sun.reflect.UnsafeFieldAccessorFactory)
ROOT 5000015c (kind=<system class>, name=sun.security.action.LoadLibraryAction)
ROOT 50000032 (kind=<system class>, name=java.io.BufferedInputStream)
ROOT 50000033 (kind=<system class>, name=java.lang.Float)
ROOT 50000034 (kind=<system class>, name=sun.misc.Signal)
ROOT 50000035 (kind=<system class>, name=java.lang.ArithmeticException)
ROOT 50000d08 (kind=<system class>, name=com.sun.org.apache.xerces.internal.xni.parser.XMLDTDContentModelSource)
ROOT 50000b3e (kind=<system class>, name=com.sun.org.apache.xerces.internal.parsers.JAXPConfiguration)
ROOT 50000036 (kind=<system class>, name=sun.misc.AtomicLong)
ROOT 50000037 (kind=<system class>, name=java.io.ExpiringCache$Entry)
ROOT 50000038 (kind=<system class>, name=java.util.Hashtable$Entry)
ROOT 50000733 (kind=<system class>, name=java.util.regex.Pattern$Category)
ROOT 5000003a (kind=<system class>, name=java.util.Set)
ROOT 5000003b (kind=<system class>, name=sun.misc.VM)
ROOT 50000a03 (kind=<system class>, name=sun.nio.ByteBuffered)
ROOT 50000b89 (kind=<system class>, name=com.sun.org.apache.xerces.internal.xni.parser.XMLEntityResolver)
ROOT 5000003c (kind=<system class>, name=java.util.Collections$EmptyList)
ROOT 500004f3 (kind=<system class>, name=java.lang.IllegalAccessException)
ROOT 500001fa (kind=<system class>, name=java.util.zip.ZipFile$2)
ROOT 50001035 (kind=<system class>, name=java.text.Format)
ROOT 5000003d (kind=<system class>, name=java.lang.Terminator$1)
ROOT 500007a7 (kind=<system class>, name=java.util.regex.Pattern$JavaTitleCase)
ROOT 50000dc2 (kind=<system class>, name=com.sun.org.apache.xerces.internal.impl.dv.dtd.ListDatatypeValidator)
ROOT 50000d5d (kind=<system class>, name=com.sun.org.apache.xerces.internal.xni.parser.XMLDTDFilter)
ROOT 5000003e (kind=<system class>, name=java.lang.Long)
ROOT 5000003f (kind=<system class>, name=java.nio.Buffer)
ROOT 50000cf9 (kind=<system class>, name=com.sun.org.apache.xerces.internal.impl.XMLDocumentScannerImpl$DTDDispatcher)
ROOT 50000b9c (kind=<system class>, name=com.sun.org.apache.xerces.internal.util.XMLResourceIdentifierImpl)
ROOT 50000040 (kind=<system class>, name=java.util.BitSet)
ROOT 50000cf1 (kind=<system class>, name=com.sun.org.apache.xerces.internal.impl.XMLDocumentScannerImpl$XMLDeclDispatcher)
ROOT 50000724 (kind=<system class>, name=java.util.regex.Pattern$Single)
ROOT 50000638 (kind=<system class>, name=java.security.Security)
ROOT 50000041 (kind=<system class>, name=sun.reflect.ReflectionFactory)
ROOT 50000a07 (kind=<system class>, name=java.security.PermissionCollection)
ROOT 50000042 (kind=<system class>, name=sun.security.action.GetPropertyAction)
ROOT 50000ba8 (kind=<system class>, name=com.sun.org.apache.xerces.internal.impl.XMLEntityScanner)
ROOT 50000b2e (kind=<system class>, name=com.sun.org.apache.xerces.internal.parsers.DOMParser)
ROOT 5000071e (kind=<system class>, name=java.util.regex.Pattern$Ques)
ROOT 500002c2 (kind=<system class>, name=javax.xml.parsers.DocumentBuilderFactory)
ROOT 50000043 (kind=<system class>, name=java.lang.NullPointerException)
ROOT 50000e0f (kind=<system class>, name=com.sun.org.apache.xerces.internal.xinclude.XIncludeNamespaceSupport)
ROOT 50000633 (kind=<system class>, name=sun.security.provider.Sun)
ROOT 50000044 (kind=<system class>, name=java.lang.Class$3)
ROOT 50000045 (kind=<system class>, name=java.lang.CharSequence)
ROOT 5000015b (kind=<system class>, name=java.util.jar.JarFile)
ROOT 50000047 (kind=<system class>, name=java.util.Collections$ReverseComparator)
ROOT 50000a53 (kind=<system class>, name=java.io.FilePermissionCollection)
ROOT 50000048 (kind=<system class>, name=java.lang.ClassLoader$3)
ROOT 50000dd6 (kind=<system class>, name=com.sun.org.apache.xerces.internal.impl.validation.ValidationManager)
ROOT 50000049 (kind=<system class>, name=java.security.Permission)
ROOT 5000004a (kind=<system class>, name=java.lang.StrictMath)
ROOT 500001f0 (kind=<system class>, name=java.io.InputStreamReader)
ROOT 5000103e (kind=<system class>, name=java.util.ResourceBundle)
ROOT 5000004b (kind=<system class>, name=java.lang.reflect.ReflectPermission)
ROOT 500004f4 (kind=<system class>, name=java.lang.InstantiationException)
ROOT 50000a05 (kind=<system class>, name=java.security.CodeSource)
ROOT 5000004c (kind=<system class>, name=java.util.HashMap$Entry)
ROOT 5000004e (kind=<system class>, name=java.net.Parts)
ROOT 5000004f (kind=<system class>, name=java.net.URL)
ROOT 50000a95 (kind=<system class>, name=java.security.cert.Certificate)
ROOT 50000051 (kind=<system class>, name=java.io.File)
ROOT 50000053 (kind=<system class>, name=java.io.PrintStream)
ROOT 500007aa (kind=<system class>, name=java.util.regex.Pattern$JavaDigit)
ROOT 500007fb (kind=<system class>, name=java.util.regex.Pattern$Start)
ROOT 50000054 (kind=<system class>, name=java.nio.CharBuffer)
ROOT 5000064a (kind=<system class>, name=java.util.Properties$LineReader)
ROOT 50000d6f (kind=<system class>, name=com.sun.org.apache.xerces.internal.xni.parser.XMLDocumentFilter)
ROOT 500002f3 (kind=<system class>, name=javax.xml.parsers.SecuritySupport$4)
ROOT 50000ba2 (kind=<system class>, name=com.sun.org.apache.xerces.internal.util.AugmentationsImpl$SmallContainer)
ROOT 50000cbd (kind=<system class>, name=com.sun.org.apache.xerces.internal.util.XMLAttributesImpl$Attribute)
ROOT 50000055 (kind=<system class>, name=java.lang.Class)
ROOT 50000808 (kind=<system class>, name=sun.security.provider.NativePRNG)
ROOT 50000057 (kind=<system class>, name=java.io.ObjectStreamField)
ROOT 50000059 (kind=<system class>, name=java.lang.Readable)
ROOT 50000cfb (kind=<system class>, name=com.sun.org.apache.xerces.internal.impl.XMLDocumentScannerImpl$TrailingMiscDispatcher)
ROOT 50000634 (kind=<system class>, name=java.security.Provider$ServiceKey)
ROOT 5000005a (kind=<system class>, name=sun.misc.AtomicLongCSImpl)
ROOT 5000005b (kind=<system class>, name=java.lang.ref.ReferenceQueue)
ROOT 50000da4 (kind=<system class>, name=com.sun.org.apache.xerces.internal.impl.dv.ObjectFactory)
ROOT 5000177b (kind=<system class>, name=com.sun.org.apache.xerces.internal.dom.CharacterDataImpl)
ROOT 50000e3c (kind=<system class>, name=java.util.Arrays)
ROOT 5000005c (kind=<system class>, name=java.util.concurrent.atomic.AtomicReferenceFieldUpdater)
ROOT 50000dce (kind=<system class>, name=com.sun.org.apache.xerces.internal.impl.dv.dtd.NMTOKENDatatypeValidator)
ROOT 5000005d (kind=<system class>, name=java.io.FileSystem)
ROOT 5000005e (kind=<system class>, name=sun.nio.cs.StandardCharsets$Cache)
ROOT 5000005f (kind=<system class>, name=java.nio.Bits)
ROOT 5000178e (kind=<system class>, name=java.text.DontCareFieldPosition$1)
ROOT 50000060 (kind=<system class>, name=java.util.Collections$SynchronizedMap)
ROOT 50001598 (kind=<system class>, name=java.lang.Shutdown$Lock)
ROOT 50000061 (kind=<system class>, name=sun.reflect.ConstructorAccessor)
ROOT 50000e02 (kind=<system class>, name=com.sun.org.apache.xerces.internal.util.IntStack)
ROOT 50000d5e (kind=<system class>, name=com.sun.org.apache.xerces.internal.xni.parser.XMLDTDContentModelFilter)
ROOT 50000211 (kind=<system class>, name=java.security.PrivilegedActionException)
ROOT 50000062 (kind=<system class>, name=sun.nio.cs.StreamEncoder$CharsetSE)
ROOT 50000063 (kind=<system class>, name=java.lang.management.MemoryUsage)
ROOT 50000cf3 (kind=<system class>, name=com.sun.org.apache.xerces.internal.impl.XMLDocumentScannerImpl$PrologDispatcher)
ROOT 500007ad (kind=<system class>, name=java.util.regex.Pattern$JavaDefined)
ROOT 50000064 (kind=<system class>, name=java.lang.ClassLoader)
ROOT 500007a0 (kind=<system class>, name=java.util.regex.Pattern$JavaTypeClass)
ROOT 50000065 (kind=<system class>, name=sun.misc.SignalHandler)
ROOT 50000066 (kind=<system class>, name=sun.util.PreHashedMap)
ROOT 50000a08 (kind=<system class>, name=java.security.Permissions)
ROOT 50000067 (kind=<system class>, name=java.util.LinkedHashMap$Entry)
ROOT 50000a3b (kind=<system class>, name=java.net.UnknownContentHandler)
ROOT 500006c4 (kind=<system class>, name=java.util.concurrent.locks.ReentrantLock$NonfairSync)
ROOT 50000616 (kind=<system class>, name=java.util.jar.JarVerifier)
ROOT 500006c2 (kind=<system class>, name=java.util.concurrent.locks.AbstractQueuedSynchronizer)
ROOT 50000068 (kind=<system class>, name=java.lang.ThreadGroup)
ROOT 50000720 (kind=<system class>, name=java.util.regex.Pattern$Dummy)
ROOT 5000006a (kind=<system class>, name=java.lang.Double)
ROOT 5000077e (kind=<system class>, name=java.util.regex.Pattern$Range)
ROOT 5000006b (kind=<system class>, name=java.lang.ref.Finalizer)
ROOT 50000cb4 (kind=<system class>, name=com.sun.org.apache.xerces.internal.impl.XMLNSDocumentScannerImpl$NSContentDispatcher)
ROOT 50000d72 (kind=<system class>, name=com.sun.org.apache.xerces.internal.impl.dtd.XMLNSDTDValidator)
ROOT 500002c8 (kind=<system class>, name=javax.xml.parsers.SecuritySupport$2)
ROOT 500015ff (kind=<system class>, name=sun.reflect.DelegatingMethodAccessorImpl)
ROOT 5000006c (kind=<system class>, name=java.lang.Short)
ROOT 500006ba (kind=<system class>, name=java.util.concurrent.ConcurrentHashMap)
ROOT 5000006d (kind=<system class>, name=java.nio.charset.spi.CharsetProvider)
ROOT 500006b9 (kind=<system class>, name=java.util.concurrent.ConcurrentMap)
ROOT 5000006e (kind=<system class>, name=java.util.Map$Entry)
ROOT 500002f6 (kind=<system class>, name=sun.misc.Launcher$1)
ROOT 50000070 (kind=<system class>, name=java.lang.ref.Reference)
ROOT 50000073 (kind=<system class>, name=java.lang.VirtualMachineError)
ROOT 50000074 (kind=<system class>, name=sun.reflect.LangReflectAccess)
ROOT 50000c76 (kind=<system class>, name=com.sun.org.apache.xerces.internal.impl.XMLDocumentFragmentScannerImpl)
ROOT 50000075 (kind=<system class>, name=java.lang.LinkageError)
ROOT 50000076 (kind=<system class>, name=java.lang.Byte)
ROOT 50000077 (kind=<system class>, name=java.util.Vector)
ROOT 50000078 (kind=<system class>, name=java.util.Collections$EmptySet)
ROOT 50000079 (kind=<system class>, name=java.lang.reflect.Constructor)
ROOT 50000c1d (kind=<system class>, name=com.sun.org.apache.xerces.internal.xni.parser.XMLDocumentSource)
ROOT 5000007b (kind=<system class>, name=java.lang.StringBuilder)
ROOT 5000007c (kind=<system class>, name=sun.nio.cs.StreamEncoder)
ROOT 50000d79 (kind=<system class>, name=com.sun.org.apache.xerces.internal.impl.validation.ValidationState)
ROOT 5000007d (kind=<system class>, name=java.nio.charset.CoderResult$1)
ROOT 50000da5 (kind=<system class>, name=com.sun.org.apache.xerces.internal.impl.dv.SecuritySupport)
ROOT 500007fa (kind=<system class>, name=java.util.regex.Pattern$First)
ROOT 5000059c (kind=<system class>, name=sun.nio.cs.Surrogate$Generator)
ROOT 5000007e (kind=<system class>, name=java.nio.ByteOrder)
ROOT 50000d07 (kind=<system class>, name=com.sun.org.apache.xerces.internal.xni.parser.XMLDTDSource)
ROOT 5000007f (kind=<system class>, name=java.lang.ref.ReferenceQueue$Null)
ROOT 500012c7 (kind=<system class>, name=sun.reflect.UnsafeFieldAccessorImpl)
ROOT 50000710 (kind=<system class>, name=java.util.regex.Pattern$LastNode)
ROOT 5000178d (kind=<system class>, name=java.text.Format$FieldDelegate)
ROOT 50000b88 (kind=<system class>, name=com.sun.org.apache.xerces.internal.xni.parser.XMLComponent)
ROOT 50000e33 (kind=<system class>, name=com.sun.org.apache.xerces.internal.dom.NodeImpl)
ROOT 50000dea (kind=<system class>, name=com.sun.org.apache.xerces.internal.xinclude.XIncludeHandler)
ROOT 500013e6 (kind=<system class>, name=org.w3c.dom.Node)
ROOT 50000a67 (kind=<system class>, name=java.security.UnresolvedPermission)
ROOT 5000070e (kind=<system class>, name=java.util.regex.Pattern$Node)
ROOT 50000080 (kind=<system class>, name=sun.reflect.MethodAccessor)
ROOT 50000b24 (kind=<system class>, name=com.sun.org.apache.xerces.internal.jaxp.DocumentBuilderImpl)
ROOT 500001f4 (kind=<system class>, name=java.io.FileReader)
ROOT 50000081 (kind=<system class>, name=java.util.Properties)
ROOT 50000579 (kind=<system class>, name=java.io.ByteArrayInputStream)
ROOT 50000082 (kind=<system class>, name=java.nio.charset.CoderResult)
ROOT 50000a3e (kind=<system class>, name=sun.net.www.MessageHeader)
ROOT 500007f9 (kind=<system class>, name=java.util.regex.Pattern$Begin)
ROOT 50000083 (kind=<system class>, name=java.lang.reflect.GenericDeclaration)
ROOT 50000085 (kind=<system class>, name=java.lang.ThreadLocal)
ROOT 5000103f (kind=<system class>, name=java.util.ResourceBundle$ResourceCacheKey)
ROOT 50000086 (kind=<system class>, name=sun.misc.Unsafe)
ROOT 50000087 (kind=<system class>, name=sun.reflect.MethodAccessorImpl)
ROOT 50000088 (kind=<system class>, name=java.lang.StringBuffer)
ROOT 500002e5 (kind=<system class>, name=javax.xml.parsers.SecuritySupport$5)
ROOT 50000089 (kind=<system class>, name=java.lang.Number)
ROOT 5000008a (kind=<system class>, name=java.lang.reflect.Method)
ROOT 50000d87 (kind=<system class>, name=com.sun.org.apache.xerces.internal.impl.dtd.XMLElementDecl)
ROOT 5000032f (kind=<system class>, name=java.io.EOFException)
ROOT 5000008b (kind=<system class>, name=java.lang.System$2)
ROOT 500001f7 (kind=<system class>, name=java.util.zip.ZipFile$ZipFileInputStream)
ROOT 500012c9 (kind=<system class>, name=sun.reflect.UnsafeQualifiedStaticFieldAccessorImpl)
ROOT 5000008c (kind=<system class>, name=sun.nio.cs.SingleByteEncoder)
ROOT 50000719 (kind=<system class>, name=java.util.regex.Pattern$GroupTail)
ROOT 500007cb (kind=<system class>, name=java.util.regex.Pattern$JavaISOControl)
ROOT 500014e2 (kind=<system class>, name=java.util.Vector$1)
ROOT 500015fd (kind=<system class>, name=sun.reflect.NativeMethodAccessorImpl)
ROOT 5000008d (kind=<system class>, name=java.lang.String)
ROOT 50000e41 (kind=<system class>, name=com.sun.org.apache.xerces.internal.dom.AttrImpl)
ROOT 500012c6 (kind=<system class>, name=sun.reflect.FieldAccessorImpl)
ROOT 5000008f (kind=<system class>, name=java.nio.charset.CharsetDecoder)
ROOT 50000090 (kind=<system class>, name=java.lang.Error)
ROOT 50001098 (kind=<system class>, name=sun.text.resources.LocaleElements_en_US)
ROOT 50000091 (kind=<system class>, name=sun.reflect.NativeConstructorAccessorImpl)
ROOT 50000d65 (kind=<system class>, name=com.sun.org.apache.xerces.internal.impl.dtd.XMLEntityDecl)
ROOT 50001907 (kind=<system class>, name=sun.nio.cs.UTF_8$Encoder)
ROOT 50000c71 (kind=<system class>, name=com.sun.org.apache.xerces.internal.impl.XMLEntityHandler)
ROOT 50000d70 (kind=<system class>, name=com.sun.org.apache.xerces.internal.impl.dtd.XMLDTDValidatorFilter)
ROOT 50000129 (kind=<system class>, name=java.lang.StringCoding$StringDecoder)
ROOT 50000e3d (kind=<system class>, name=org.w3c.dom.Element)
ROOT 50000092 (kind=<system class>, name=sun.reflect.MagicAccessorImpl)
ROOT 50000093 (kind=<system class>, name=sun.nio.cs.SingleByteDecoder)
ROOT 5000105d (kind=<system class>, name=sun.text.resources.LocaleElements)
ROOT 500009ea (kind=<system class>, name=sun.misc.CharacterDecoder)
ROOT 50000094 (kind=<system class>, name=java.lang.Exception)
ROOT 5000178b (kind=<system class>, name=java.text.DontCareFieldPosition)
ROOT 50000a69 (kind=<system class>, name=java.security.BasicPermissionCollection)
ROOT 50000636 (kind=<system class>, name=sun.security.provider.Sun$1)
ROOT 50000b38 (kind=<system class>, name=com.sun.org.apache.xerces.internal.parsers.XML11Configuration)
ROOT 50000095 (kind=<system class>, name=java.io.ExpiringCache)
ROOT 50000130 (kind=<system class>, name=sun.misc.Cleaner)
ROOT 500002c3 (kind=<system class>, name=javax.xml.parsers.FactoryFinder)
ROOT 50000e2e (kind=<system class>, name=org.w3c.dom.ranges.DocumentRange)
ROOT 500007c2 (kind=<system class>, name=java.util.regex.Pattern$JavaIdentifierIgnorable)
ROOT 50000096 (kind=<system class>, name=java.util.HashMap)
ROOT 50000e37 (kind=<system class>, name=com.sun.org.apache.xerces.internal.dom.DocumentImpl)
ROOT 50000bcd (kind=<system class>, name=com.sun.org.apache.xerces.internal.impl.XMLErrorReporter)
ROOT 50000097 (kind=<system class>, name=java.nio.charset.CodingErrorAction)
ROOT 50000d8a (kind=<system class>, name=com.sun.org.apache.xerces.internal.impl.dtd.XMLSimpleType)
ROOT 5000177c (kind=<system class>, name=com.sun.org.apache.xerces.internal.dom.TextImpl)
ROOT 50000098 (kind=<system class>, name=java.lang.ClassNotFoundException)
ROOT 5000046d (kind=<system class>, name=java.io.FileNotFoundException)
ROOT 50000c70 (kind=<system class>, name=com.sun.org.apache.xerces.internal.xni.parser.XMLDocumentScanner)
ROOT 50000b22 (kind=<system class>, name=com.sun.org.apache.xerces.internal.jaxp.JAXPConstants)
ROOT 50000099 (kind=<system class>, name=java.util.StringTokenizer)
ROOT 50000700 (kind=<system class>, name=sun.misc.FloatingDecimal)
ROOT 5000009a (kind=<system class>, name=java.io.OutputStreamWriter)
ROOT 500018cc (kind=<system class>, name=org.w3c.dom.CDATASection)
ROOT 5000009b (kind=<system class>, name=sun.misc.JavaLangAccess)
ROOT 5000009c (kind=<system class>, name=java.security.AccessControlContext)
ROOT 5000009d (kind=<system class>, name=java.util.ArrayList)
ROOT 50000578 (kind=<system class>, name=java.util.jar.Manifest)
ROOT 50000125 (kind=<system class>, name=java.lang.ThreadLocal$ThreadLocalMap$Entry)
ROOT 5000009e (kind=<system class>, name=sun.reflect.ReflectionFactory$GetReflectionFactoryAction)
ROOT 50000da8 (kind=<system class>, name=com.sun.org.apache.xerces.internal.impl.dv.SecuritySupport12$1)
ROOT 5000009f (kind=<system class>, name=java.lang.RuntimePermission)
ROOT 50000c77 (kind=<system class>, name=com.sun.org.apache.xerces.internal.impl.XMLDocumentScannerImpl)
ROOT 50000b23 (kind=<system class>, name=javax.xml.parsers.DocumentBuilder)
ROOT 500006be (kind=<system class>, name=java.util.concurrent.ConcurrentHashMap$Segment)
ROOT 500000a0 (kind=<system class>, name=java.lang.NoSuchMethodError)
ROOT 500000a1 (kind=<system class>, name=java.util.Dictionary)
ROOT 50000142 (kind=<system class>, name=java.io.IOException)
ROOT 500009fa (kind=<system class>, name=sun.security.util.SignatureFileVerifier)
ROOT 500000a2 (kind=<system class>, name=java.lang.AbstractStringBuilder)
ROOT 50001057 (kind=<system class>, name=sun.misc.SoftCache$ValueCell)
ROOT 500000a3 (kind=<system class>, name=java.lang.ref.FinalReference)
ROOT 500007c5 (kind=<system class>, name=java.util.regex.Pattern$JavaSpaceChar)
ROOT 500000a4 (kind=<system class>, name=java.lang.String$CaseInsensitiveComparator)
ROOT 500000a5 (kind=<system class>, name=java.io.FileOutputStream)
ROOT 500000a6 (kind=<system class>, name=java.io.ObjectStreamClass)
ROOT 500000a7 (kind=<system class>, name=java.io.BufferedWriter)
ROOT 500012c5 (kind=<system class>, name=sun.reflect.FieldAccessor)
ROOT 5000014a (kind=<system class>, name=sun.misc.FileURLMapper)
ROOT 500000a8 (kind=<system class>, name=java.util.Locale)
ROOT 50000563 (kind=<system class>, name=java.lang.Package)
ROOT 50000daf (kind=<system class>, name=com.sun.org.apache.xerces.internal.impl.dv.dtd.DTDDVFactoryImpl)
ROOT 500000a9 (kind=<system class>, name=java.util.LinkedHashMap)
ROOT 50000dc5 (kind=<system class>, name=com.sun.org.apache.xerces.internal.impl.dv.dtd.ENTITYDatatypeValidator)
ROOT 5000199a (kind=<system class>, name=com.sun.org.apache.xerces.internal.dom.NodeListCache)
ROOT 50000b9b (kind=<system class>, name=com.sun.org.apache.xerces.internal.xni.XMLResourceIdentifier)
ROOT 50000b28 (kind=<system class>, name=com.sun.org.apache.xerces.internal.xni.XMLDocumentHandler)
ROOT 50000cb8 (kind=<system class>, name=com.sun.org.apache.xerces.internal.xni.XMLAttributes)
ROOT 500007b0 (kind=<system class>, name=java.util.regex.Pattern$JavaLetter)
ROOT 500000aa (kind=<system class>, name=sun.tools.hprof.Tracker)
ROOT 500012b9 (kind=<system class>, name=java.util.Currency$1)
ROOT 500000ab (kind=<system class>, name=java.io.Serializable)
ROOT 50000a66 (kind=<system class>, name=java.security.AllPermission)
ROOT 500000ad (kind=<system class>, name=java.lang.ref.SoftReference)
ROOT 50000b2d (kind=<system class>, name=com.sun.org.apache.xerces.internal.parsers.AbstractDOMParser)
ROOT 50000b29 (kind=<system class>, name=com.sun.org.apache.xerces.internal.xni.XMLDTDHandler)
ROOT 50000560 (kind=<system class>, name=sun.misc.URLClassPath$JarLoader$1)
ROOT 500000b0 (kind=<system class>, name=java.lang.ref.Reference$ReferenceHandler)
ROOT 500000b1 (kind=<system class>, name=sun.nio.cs.MS1252$Decoder)
ROOT 50000e40 (kind=<system class>, name=org.w3c.dom.Attr)
ROOT 500000b2 (kind=<system class>, name=java.util.Map)
ROOT 500000b3 (kind=<system class>, name=java.io.Win32FileSystem)
ROOT 5000020e (kind=<system class>, name=java.lang.Math)
ROOT 500000b4 (kind=<system class>, name=java.util.Comparator)
ROOT 500000b5 (kind=<system class>, name=java.lang.Iterable)
ROOT 500000b6 (kind=<system class>, name=java.nio.charset.CoderResult$Cache)
ROOT 500000b7 (kind=<system class>, name=sun.misc.URLClassPath)
ROOT 500000b8 (kind=<system class>, name=java.lang.reflect.AccessibleObject)
ROOT 50000b34 (kind=<system class>, name=com.sun.org.apache.xerces.internal.xni.parser.XMLComponentManager)
ROOT 50000db9 (kind=<system class>, name=com.sun.org.apache.xerces.internal.impl.dv.dtd.StringDatatypeValidator)
ROOT 500000ba (kind=<system class>, name=java.lang.Terminator)
ROOT 500000bb (kind=<system class>, name=java.lang.Integer)
ROOT 500000bc (kind=<system class>, name=java.lang.ref.WeakReference)
ROOT 50000715 (kind=<system class>, name=java.util.regex.Pattern$GroupHead)
ROOT 50000165 (kind=<system class>, name=java.util.jar.JavaUtilJarAccessImpl)
ROOT 500007b9 (kind=<system class>, name=java.util.regex.Pattern$JavaJavaIdentifierPart)
ROOT 50000133 (kind=<system class>, name=java.net.URLClassLoader$1)
ROOT 50000cbb (kind=<system class>, name=com.sun.org.apache.xerces.internal.util.XMLAttributesImpl)
ROOT 50000174 (kind=<system class>, name=sun.misc.ExtensionDependency)
ROOT 500001fb (kind=<system class>, name=java.util.zip.Inflater)
ROOT 500000bd (kind=<system class>, name=sun.reflect.DelegatingConstructorAccessorImpl)
ROOT 500000be (kind=<system class>, name=java.lang.reflect.Member)
ROOT 500000c0 (kind=<system class>, name=java.security.PrivilegedAction)
ROOT 500000c1 (kind=<system class>, name=java.lang.ClassCastException)
ROOT 50000730 (kind=<system class>, name=java.util.regex.Pattern$categoryNames)
ROOT 500000c2 (kind=<system class>, name=java.security.SecureClassLoader)
ROOT 50000b74 (kind=<system class>, name=java.io.StringWriter)
ROOT 500002ca (kind=<system class>, name=javax.xml.parsers.SecuritySupport$1)
ROOT 500000c3 (kind=<system class>, name=java.lang.Cloneable)
ROOT 50000b26 (kind=<system class>, name=com.sun.org.apache.xerces.internal.util.SecurityManager)
ROOT 50000b9f (kind=<system class>, name=com.sun.org.apache.xerces.internal.util.AugmentationsImpl)
ROOT 500007a1 (kind=<system class>, name=java.util.regex.Pattern$JavaLowerCase)
ROOT 500000c5 (kind=<system class>, name=java.io.WinNTFileSystem)
ROOT 50000639 (kind=<system class>, name=java.security.Security$1)
ROOT 500018cd (kind=<system class>, name=com.sun.org.apache.xerces.internal.dom.CDATASectionImpl)
ROOT 500001fc (kind=<system class>, name=java.lang.NoSuchMethodException)
ROOT 50000e31 (kind=<system class>, name=org.w3c.dom.NodeList)
ROOT 500000c6 (kind=<system class>, name=java.lang.ClassLoader$NativeLibrary)
ROOT 500000c7 (kind=<system class>, name=java.util.concurrent.atomic.AtomicReferenceFieldUpdater$AtomicReferenceFieldUpdaterImpl)
ROOT 50000a36 (kind=<system class>, name=sun.net.www.URLConnection)
ROOT 50001039 (kind=<system class>, name=sun.text.resources.LocaleData)
ROOT 500000c8 (kind=<system class>, name=sun.security.util.Debug)
ROOT 50000781 (kind=<system class>, name=java.util.regex.Pattern$All)
ROOT 50000c78 (kind=<system class>, name=com.sun.org.apache.xerces.internal.impl.XMLNSDocumentScannerImpl)
ROOT 500007d2 (kind=<system class>, name=java.util.regex.Pattern$Curly)
ROOT 50000c72 (kind=<system class>, name=com.sun.org.apache.xerces.internal.impl.XMLScanner)
ROOT 50001980 (kind=<system class>, name=java.lang.IllegalArgumentException)
ROOT 50000dbf (kind=<system class>, name=com.sun.org.apache.xerces.internal.impl.dv.dtd.IDREFDatatypeValidator)
ROOT 500000c9 (kind=<system class>, name=java.lang.IncompatibleClassChangeError)
ROOT 500000ca (kind=<system class>, name=java.lang.Character)
ROOT 50000de4 (kind=<system class>, name=com.sun.org.apache.xerces.internal.util.MessageFormatter)
ROOT 50000deb (kind=<system class>, name=com.sun.org.apache.xerces.internal.util.XMLSymbols)
ROOT 50000d78 (kind=<system class>, name=com.sun.org.apache.xerces.internal.impl.dv.ValidationContext)
ROOT 500001f8 (kind=<system class>, name=java.io.BufferedReader)
ROOT 500000cb (kind=<system class>, name=java.util.Hashtable$EmptyEnumerator)
ROOT 50001597 (kind=<system class>, name=java.lang.Shutdown)
ROOT 50001036 (kind=<system class>, name=java.text.NumberFormat)
ROOT 500006bd (kind=<system class>, name=java.util.concurrent.locks.ReentrantLock)
ROOT 500000cc (kind=<system class>, name=java.net.URLStreamHandler)
ROOT 500007bf (kind=<system class>, name=java.util.regex.Pattern$JavaUnicodeIdentifierPart)
ROOT 50000159 (kind=<system class>, name=java.util.zip.ZipConstants)
ROOT 50000a3a (kind=<system class>, name=java.net.ContentHandler)
ROOT 50000219 (kind=<system class>, name=sun.misc.URLClassPath$FileLoader)
ROOT 500007fd (kind=<system class>, name=java.util.regex.Pattern$TreeInfo)
ROOT 500000cd (kind=<system class>, name=java.io.FileInputStream)
ROOT 500000ce (kind=<system class>, name=java.lang.ThreadDeath)
ROOT 50000dbc (kind=<system class>, name=com.sun.org.apache.xerces.internal.impl.dv.dtd.IDDatatypeValidator)
ROOT 50000ceb (kind=<system class>, name=com.sun.org.apache.xerces.internal.xni.NamespaceContext)
ROOT 50000db8 (kind=<system class>, name=com.sun.org.apache.xerces.internal.impl.dv.DatatypeValidator)
ROOT 500000cf (kind=<system class>, name=java.io.InputStream)
ROOT 50000e2d (kind=<system class>, name=java.lang.reflect.InvocationTargetException)
ROOT 500000d0 (kind=<system class>, name=java.lang.Boolean)
ROOT 500000d1 (kind=<system class>, name=java.util.Collection)
ROOT 50000c8d (kind=<system class>, name=com.sun.org.apache.xerces.internal.util.XMLStringBuffer)
ROOT 500005b6 (kind=<system class>, name=sun.misc.ASCIICaseInsensitiveComparator)
ROOT 500007f8 (kind=<system class>, name=java.util.regex.Pattern$Slice)
ROOT 50000d8c (kind=<system class>, name=com.sun.org.apache.xerces.internal.impl.dtd.XMLAttributeDecl)
ROOT 500012f0 (kind=<system class>, name=java.text.FieldPosition)
ROOT 500000d2 (kind=<system class>, name=java.io.ExpiringCache$1)
ROOT 50000b37 (kind=<system class>, name=com.sun.org.apache.xerces.internal.util.ParserConfigurationSettings)
ROOT 500000d3 (kind=<system class>, name=sun.nio.cs.FastCharsetProvider)
ROOT 50000d0a (kind=<system class>, name=com.sun.org.apache.xerces.internal.impl.XMLDTDScannerImpl)
ROOT 500000d4 (kind=<system class>, name=java.util.AbstractCollection)
ROOT 500000d5 (kind=<system class>, name=sun.reflect.DelegatingClassLoader)
ROOT 500000d6 (kind=<system class>, name=java.lang.reflect.Field)
ROOT 500000d8 (kind=<system class>, name=java.lang.NoClassDefFoundError)
ROOT 50000a48 (kind=<system class>, name=java.io.FilePermission)
ROOT 50000a4c (kind=<system class>, name=java.io.FilePermission$1)
ROOT 500000d9 (kind=<system class>, name=sun.misc.Version)
ROOT 50000e30 (kind=<system class>, name=org.w3c.dom.Document)
ROOT 500012bb (kind=<system class>, name=java.util.CurrencyData)
ROOT 500000da (kind=<system class>, name=java.lang.ref.Reference$Lock)
ROOT 50000d09 (kind=<system class>, name=com.sun.org.apache.xerces.internal.xni.parser.XMLDTDScanner)
ROOT 50000cb1 (kind=<system class>, name=com.sun.org.apache.xerces.internal.impl.XMLDocumentFragmentScannerImpl$Dispatcher)
ROOT 500000db (kind=<system class>, name=sun.reflect.ReflectionFactory$1)
ROOT 500000dc (kind=<system class>, name=java.io.OutputStream)
ROOT 500000dd (kind=<system class>, name=java.lang.RuntimeException)
ROOT 500000de (kind=<system class>, name=java.security.ProtectionDomain)
ROOT 500000df (kind=<system class>, name=java.util.Random)
ROOT 500000e0 (kind=<system class>, name=java.lang.StackTraceElement)
ROOT 50000786 (kind=<system class>, name=java.util.regex.Pattern$Ctype)
ROOT 500000e2 (kind=<system class>, name=sun.misc.SoftCache)
ROOT 500000e3 (kind=<system class>, name=java.lang.Comparable)
ROOT 50001797 (kind=<system class>, name=java.text.NumberFormat$Field)
ROOT 50000e2a (kind=<system class>, name=org.w3c.dom.traversal.DocumentTraversal)
ROOT 50000ca0 (kind=<system class>, name=com.sun.org.apache.xerces.internal.xni.QName)
ROOT 500000e5 (kind=<system class>, name=java.lang.Thread$UncaughtExceptionHandler)
ROOT 500000e7 (kind=<system class>, name=sun.misc.Launcher$ExtClassLoader)
ROOT 5000055f (kind=<system class>, name=sun.misc.Resource)
ROOT 500000e8 (kind=<system class>, name=java.lang.StackOverflowError)
ROOT 500000e9 (kind=<system class>, name=java.util.Hashtable$EmptyIterator)
ROOT 500000ea (kind=<system class>, name=sun.net.www.protocol.file.Handler)
ROOT 5000071b (kind=<system class>, name=java.util.regex.Pattern$BitClass)
ROOT 500000eb (kind=<system class>, name=sun.nio.cs.StandardCharsets)
ROOT 50001055 (kind=<system class>, name=java.util.ResourceBundle$LoaderReference)
ROOT 500000ec (kind=<system class>, name=java.security.PrivilegedExceptionAction)
ROOT 500000ed (kind=<system class>, name=java.io.Flushable)
ROOT 50000139 (kind=<system class>, name=sun.misc.URLClassPath$3)
ROOT 500000ee (kind=<system class>, name=java.io.BufferedOutputStream)
ROOT 5000015a (kind=<system class>, name=java.util.zip.ZipFile)
ROOT 50000da6 (kind=<system class>, name=com.sun.org.apache.xerces.internal.impl.dv.SecuritySupport12)
ROOT 50000631 (kind=<system class>, name=sun.security.util.ManifestEntryVerifier)
ROOT 500000ef (kind=<system class>, name=sun.misc.Launcher)
ROOT 500000f0 (kind=<system class>, name=java.io.FileDescriptor)
ROOT 5000013b (kind=<system class>, name=sun.misc.URLClassPath$Loader)
ROOT 50000b36 (kind=<system class>, name=com.sun.org.apache.xerces.internal.xni.parser.XMLPullParserConfiguration)
ROOT 5000013c (kind=<system class>, name=sun.misc.URLClassPath$JarLoader)
ROOT 500005a3 (kind=<system class>, name=java.util.jar.Attributes$Name)
ROOT 5000022c (kind=<system class>, name=java.io.PrintWriter)
ROOT 500007b6 (kind=<system class>, name=java.util.regex.Pattern$JavaJavaIdentifierStart)
ROOT 50000e35 (kind=<system class>, name=com.sun.org.apache.xerces.internal.dom.ParentNode)
ROOT 50000e82 (kind=<system class>, name=java.lang.InterruptedException)
ROOT 50000b76 (kind=<system class>, name=java.io.StringReader)
ROOT 500000f1 (kind=<system class>, name=java.nio.ByteBuffer)
ROOT 500000f2 (kind=<system class>, name=sun.reflect.Reflection)
ROOT 500000f3 (kind=<system class>, name=java.util.Enumeration)
ROOT 500000f4 (kind=<system class>, name=sun.reflect.ConstructorAccessorImpl)
ROOT 500007b3 (kind=<system class>, name=java.util.regex.Pattern$JavaLetterOrDigit)
ROOT 500000f5 (kind=<system class>, name=java.lang.SystemClassLoaderAction)
ROOT 500000f6 (kind=<system class>, name=java.util.Stack)
ROOT 50000932 (kind=<system class>, name=java.net.URLClassLoader$2)
ROOT 50000590 (kind=<system class>, name=sun.nio.cs.UTF_8)
ROOT 500000f7 (kind=<system class>, name=java.nio.charset.CoderResult$2)
ROOT 50000cb2 (kind=<system class>, name=com.sun.org.apache.xerces.internal.impl.XMLDocumentFragmentScannerImpl$FragmentContentDispatcher)
ROOT 500000f8 (kind=<system class>, name=sun.nio.cs.StandardCharsets$Classes)
ROOT 50000120 (kind=<system class>, name=java.lang.StringCoding)
ROOT 50000cb3 (kind=<system class>, name=com.sun.org.apache.xerces.internal.impl.XMLDocumentScannerImpl$ContentDispatcher)
ROOT 500012f6 (kind=<system class>, name=java.text.DigitList)
ROOT 500000f9 (kind=<system class>, name=java.lang.reflect.AnnotatedElement)
ROOT 50000ba7 (kind=<system class>, name=com.sun.org.apache.xerces.internal.xni.XMLLocator)
ROOT 50000a35 (kind=<system class>, name=java.net.URLConnection)
ROOT 500000fb (kind=<system class>, name=java.io.Closeable)
ROOT 500000fc (kind=<system class>, name=sun.misc.NativeSignalHandler)
ROOT 500000fd (kind=<system class>, name=java.lang.ref.ReferenceQueue$Lock)
ROOT 50000131 (kind=<system class>, name=java.lang.Enum)
ROOT 500010bd (kind=<system class>, name=java.text.DecimalFormatSymbols)
ROOT 500000fe (kind=<system class>, name=java.lang.Runtime)
ROOT 500006bc (kind=<system class>, name=java.util.concurrent.locks.Lock)
ROOT 500000ff (kind=<system class>, name=java.io.Writer)
ROOT 50000100 (kind=<system class>, name=java.util.HashSet)
ROOT 50000101 (kind=<system class>, name=java.lang.Class$1)
ROOT 5000057c (kind=<system class>, name=java.util.jar.Attributes)
ROOT 50000dac (kind=<system class>, name=com.sun.org.apache.xerces.internal.impl.dv.SecuritySupport12$3)
ROOT 50000e43 (kind=<system class>, name=org.w3c.dom.NamedNodeMap)
ROOT 50000b9e (kind=<system class>, name=com.sun.org.apache.xerces.internal.xni.Augmentations)
ROOT 50000620 (kind=<system class>, name=java.io.ByteArrayOutputStream)
ROOT 50001779 (kind=<system class>, name=org.w3c.dom.CharacterData)
ROOT 50000102 (kind=<system class>, name=java.nio.HeapCharBuffer)
ROOT 50000103 (kind=<system class>, name=sun.nio.cs.MS1252$Encoder)
ROOT 50000104 (kind=<system class>, name=java.util.AbstractSet)
ROOT 50000e34 (kind=<system class>, name=com.sun.org.apache.xerces.internal.dom.ChildNode)
ROOT 50000d71 (kind=<system class>, name=com.sun.org.apache.xerces.internal.impl.dtd.XMLDTDValidator)
ROOT 50000c8a (kind=<system class>, name=com.sun.org.apache.xerces.internal.xni.XMLString)
ROOT 500007bc (kind=<system class>, name=java.util.regex.Pattern$JavaUnicodeIdentifierStart)
ROOT 50000105 (kind=<system class>, name=sun.misc.SharedSecrets)
ROOT 500007a4 (kind=<system class>, name=java.util.regex.Pattern$JavaUpperCase)
ROOT 50000106 (kind=<system class>, name=java.lang.Thread)
ROOT 50000108 (kind=<system class>, name=java.util.List)
ROOT 50000e0e (kind=<system class>, name=com.sun.org.apache.xerces.internal.xinclude.MultipleScopeNamespaceSupport)
ROOT 500001f2 (kind=<system class>, name=java.util.jar.JarFile$JarFileEntry)
ROOT 50000109 (kind=<system class>, name=java.lang.Compiler)
ROOT 5000010a (kind=<system class>, name=java.nio.charset.Charset)
ROOT 5000010b (kind=<system class>, name=sun.nio.cs.Surrogate$Parser)
ROOT 50000b00 (kind=<system class>, name=com.sun.org.apache.xerces.internal.jaxp.DocumentBuilderFactoryImpl)
ROOT 50000582 (kind=<system class>, name=java.util.jar.Manifest$FastInputStream)
ROOT 5000107f (kind=<system class>, name=sun.text.resources.LocaleElements_en)
ROOT 500006cd (kind=<system class>, name=java.util.concurrent.ConcurrentHashMap$HashEntry)
ROOT 500015a5 (kind=<busy monitor>)
ROOT 500015a6 (kind=<busy monitor>)
ROOT 5000011b (kind=<thread block>, thread=200000)
ROOT 50000117 (kind=<thread block>, thread=200000)
ROOT 50000114 (kind=<thread block>, thread=200000)
ROOT 500015a7 (kind=<thread block>, thread=200000)
ROOT 500015a8 (kind=<thread block>, thread=200000)
ROOT 500015a9 (kind=<thread block>, thread=200000)
ROOT 5000010c (kind=<unknown>)
ROOT 5000010d (kind=<unknown>)
ROOT 5000010e (kind=<unknown>)
ROOT 5000010f (kind=<unknown>)
ROOT 50000110 (kind=<unknown>)
ROOT 50000111 (kind=<unknown>)
ROOT 50000112 (kind=<unknown>)
ROOT 50000113 (kind=<unknown>)
ROOT 5000010c (kind=<unknown>)
ROOT 5000010e (kind=<unknown>)
ROOT 50000112 (kind=<unknown>)
ROOT 50000113 (kind=<unknown>)
ROOT 5000010d (kind=<unknown>)
ROOT 50000110 (kind=<unknown>)
ROOT 5000010f (kind=<unknown>)
ROOT 50000111 (kind=<unknown>)
ROOT 500015aa (kind=<unknown>)
ROOT 500015ab (kind=<unknown>)
ROOT 500015ac (kind=<unknown>)
ROOT 500015ad (kind=<unknown>)
ROOT 500015ae (kind=<unknown>)
ROOT 500015af (kind=<unknown>)
ROOT 500015b0 (kind=<unknown>)
ROOT 500015b1 (kind=<unknown>)
ROOT 500015b2 (kind=<unknown>)
ROOT 500015b3 (kind=<unknown>)
ROOT 500015b4 (kind=<unknown>)
ROOT 500015b5 (kind=<unknown>)
ROOT 500015b6 (kind=<Java stack>, thread=200000, frame=1)
ROOT 500015a6 (kind=<Java stack>, thread=200000, frame=1)
ROOT 500015b6 (kind=<Java stack>, thread=200000, frame=2)
ROOT 500015a7 (kind=<Java stack>, thread=200000, frame=3)
ROOT 500015a5 (kind=<Java stack>, thread=200000, frame=1)
ROOT 500015a8 (kind=<Java stack>, thread=200000, frame=2)
ROOT 500015a5 (kind=<Java stack>, thread=200000, frame=2)
ROOT 5000159a (kind=<Java stack>, thread=200000, frame=1)
ROOT 50001597 (kind=<Java stack>, thread=200000, frame=2)
ROOT 500015b7 (kind=<Java stack>, thread=200000, frame=3)
ROOT 500015b8 (kind=<Java stack>, thread=200000, frame=5)
ROOT 50000297 (kind=<Java stack>, thread=200000, frame=5)
ROOT 500015b9 (kind=<Java stack>, thread=200000, frame=5)
ROOT 50000aab (kind=<Java stack>, thread=200000, frame=5)
OBJ 50000114 (sz=96, trace=300001, class=java.lang.Thread@50000106)
	name		50000116
	group		500015b5
	contextClassLoader	5000159b
	inheritedAccessControlContext	500016f0
	blockerLock	50000115
OBJ 50000115 (sz=8, trace=300002, class=java.lang.Object@50000012)
ARR 50000116 (sz=48, trace=300009, nelems=0, elem type=char[])
OBJ 50000117 (sz=96, trace=300001, class=java.lang.Thread@50000106)
	name		50000119
	group		500015b5
	contextClassLoader	5000159b
	inheritedAccessControlContext	500016f0
	blockerLock	50000118
OBJ 50000118 (sz=8, trace=300002, class=java.lang.Object@50000012)
ARR 50000119 (sz=48, trace=300009, nelems=0, elem type=char[])
OBJ 5000011a (sz=96, trace=300000, class=java.lang.Thread@50000106)
OBJ 5000011b (sz=96, trace=300001, class=java.lang.Thread@50000106)
	name		5000011d
	group		500015b5
	contextClassLoader	5000159b
	inheritedAccessControlContext	500016f0
	blockerLock	5000011c
OBJ 5000011c (sz=8, trace=300002, class=java.lang.Object@50000012)
ARR 5000011d (sz=56, trace=300009, nelems=0, elem type=char[])
OBJ 5000011e (sz=96, trace=300000, class=java.lang.Thread@50000106)
OBJ 5000011f (sz=24, trace=300059, class=java.lang.String@5000008d)
OBJ 50000121 (sz=16, trace=300062, class=java.lang.ThreadLocal@50000085)
OBJ 50000122 (sz=16, trace=300065, class=java.lang.ThreadLocal@50000085)
OBJ 50000124 (sz=24, trace=300070, class=java.lang.ThreadLocal$ThreadLocalMap@50000123)
	table		50000127
ARR 50000127 (sz=80, trace=300072, nelems=15, elem type=java.lang.ThreadLocal$ThreadLocalMap$Entry[]@50000126)
	[5]		50000802
	[7]		50000128
	[14]		500018e0
OBJ 50000128 (sz=32, trace=300074, class=java.lang.ThreadLocal$ThreadLocalMap$Entry@50000125)
	referent	50000121
	queue		50001b77
	value		5000026a
ARR 5000012f (sz=136, trace=300136, nelems=0, elem type=char[])
OBJ 50000132 (sz=24, trace=302800, class=java.util.HashMap$Entry@5000004c)
	key		50001c08
	value		50000d1b
OBJ 50000134 (sz=32, trace=302812, class=java.security.ProtectionDomain@500000de)
	codesource	50000cf5
	classloader	5000159b
	principals	50000135
	permissions	50000cf6
ARR 50000135 (sz=16, trace=302815, nelems=0, elem type=java.security.Principal[]@50000a91)
OBJ 50000136 (sz=24, trace=302822, class=java.util.HashMap$Entry@5000004c)
	key		50000cf5
	value		50000134
OBJ 50000137 (sz=24, trace=302838, class=java.lang.String@5000008d)
	value		50001bdc
OBJ 50000138 (sz=24, trace=302847, class=java.util.Hashtable$Entry@50000038)
	key		50000137
	value		50000a97
ARR 5000013f (sz=584, trace=307683, nelems=0, elem type=char[])
OBJ 50000140 (sz=24, trace=302865, class=java.util.HashMap$Entry@5000004c)
	key		50000134
	value		5000170d
OBJ 50000143 (sz=24, trace=307676, class=java.lang.String@5000008d)
ARR 50000144 (sz=464, trace=307677, nelems=0, elem type=char[])
OBJ 50000145 (sz=24, trace=300280, class=java.lang.String@5000008d)
	value		50000146
ARR 50000146 (sz=104, trace=300281, nelems=0, elem type=char[])
OBJ 50000147 (sz=56, trace=300284, class=java.net.URL@5000004f)
	protocol	5000174a
	host		5000171d
	file		50000145
	authority	5000171d
	path		50000145
	handler		50001711
OBJ 50000148 (sz=48, trace=300147, class=java.nio.HeapCharBuffer@50000102)
OBJ 50000149 (sz=32, trace=300308, class=sun.misc.URLClassPath$JarLoader@5000013c)
	base		50000147
	jar		50000170
	csu		50001717
	handler		50001711
	lmap		50001712
OBJ 5000014b (sz=16, trace=307667, class=java.lang.StringBuffer@50000088)
ARR 5000014c (sz=48, trace=307668, nelems=0, elem type=char[])
OBJ 5000014d (sz=24, trace=307676, class=java.lang.String@5000008d)
ARR 5000014e (sz=48, trace=307677, nelems=0, elem type=char[])
OBJ 5000014f (sz=16, trace=307667, class=java.lang.StringBuffer@50000088)
ARR 50000150 (sz=48, trace=307668, nelems=0, elem type=char[])
OBJ 50000151 (sz=24, trace=307676, class=java.lang.String@5000008d)
ARR 50000152 (sz=32, trace=307677, nelems=0, elem type=char[])
OBJ 50000153 (sz=48, trace=300147, class=java.nio.HeapCharBuffer@50000102)
OBJ 50000154 (sz=16, trace=307667, class=java.lang.StringBuffer@50000088)
ARR 50000155 (sz=48, trace=307668, nelems=0, elem type=char[])
ARR 50000156 (sz=80, trace=307683, nelems=0, elem type=char[])
OBJ 50000157 (sz=24, trace=307676, class=java.lang.String@5000008d)
ARR 50000158 (sz=56, trace=307677, nelems=0, elem type=char[])
OBJ 5000015d (sz=16, trace=307667, class=java.lang.StringBuffer@50000088)
ARR 5000015e (sz=48, trace=307668, nelems=0, elem type=char[])
ARR 5000015f (sz=80, trace=307683, nelems=0, elem type=char[])
ARR 50000160 (sz=152, trace=307683, nelems=0, elem type=char[])
OBJ 50000161 (sz=24, trace=307676, class=java.lang.String@5000008d)
ARR 50000162 (sz=88, trace=307677, nelems=0, elem type=char[])
OBJ 50000163 (sz=48, trace=300147, class=java.nio.HeapCharBuffer@50000102)
OBJ 50000166 (sz=8, trace=300439, class=java.util.jar.JavaUtilJarAccessImpl@50000165)
ARR 50000167 (sz=32, trace=300442, nelems=0, elem type=char[])
ARR 50000168 (sz=528, trace=300443, nelems=0, elem type=int[])
ARR 50000169 (sz=56, trace=300444, nelems=0, elem type=int[])
OBJ 5000016a (sz=32, trace=300446, class=java.lang.ref.Finalizer@5000006b)
	referent	50000170
	queue		500015b6
	next		500027fd
	prev		50000193
OBJ 5000016b (sz=16, trace=307667, class=java.lang.StringBuffer@50000088)
ARR 5000016c (sz=48, trace=307668, nelems=0, elem type=char[])
OBJ 5000016d (sz=24, trace=307676, class=java.lang.String@5000008d)
OBJ 5000016e (sz=24, trace=300355, class=java.lang.String@5000008d)
	value		5000016f
ARR 5000016f (sz=88, trace=300356, nelems=0, elem type=char[])
OBJ 50000170 (sz=64, trace=300463, class=java.util.jar.JarFile@5000015b)
	name		5000016e
	inflaters	50000171
OBJ 50000171 (sz=24, trace=300464, class=java.util.Vector@50000077)
	elementData	50000172
ARR 50000172 (sz=56, trace=300467, nelems=0, elem type=java.lang.Object[]@50000013)
ARR 50000175 (sz=40, trace=307677, nelems=0, elem type=char[])
OBJ 50000176 (sz=24, trace=300519, class=java.util.HashMap$Entry@5000004c)
	key		50001717
	value		50000149
OBJ 50000177 (sz=16, trace=307667, class=java.lang.StringBuffer@50000088)
ARR 50000178 (sz=48, trace=307668, nelems=0, elem type=char[])
OBJ 50000179 (sz=24, trace=307676, class=java.lang.String@5000008d)
ARR 5000017a (sz=32, trace=307677, nelems=0, elem type=char[])
OBJ 5000017b (sz=48, trace=300147, class=java.nio.HeapCharBuffer@50000102)
OBJ 5000017c (sz=16, trace=307667, class=java.lang.StringBuffer@50000088)
ARR 5000017d (sz=48, trace=307668, nelems=0, elem type=char[])
ARR 5000017e (sz=80, trace=307683, nelems=0, elem type=char[])
OBJ 5000017f (sz=24, trace=307676, class=java.lang.String@5000008d)
OBJ 50000180 (sz=24, trace=300280, class=java.lang.String@5000008d)
	value		50000181
ARR 50000181 (sz=112, trace=300281, nelems=0, elem type=char[])
OBJ 50000182 (sz=56, trace=300284, class=java.net.URL@5000004f)
	protocol	5000174a
	host		5000171d
	file		50000180
	authority	5000171d
	path		50000180
	handler		50001711
ARR 50000183 (sz=72, trace=307677, nelems=0, elem type=char[])
OBJ 50000184 (sz=32, trace=300308, class=sun.misc.URLClassPath$JarLoader@5000013c)
	base		50000182
	jar		50000199
	csu		50001718
	handler		50001711
	lmap		50001712
OBJ 50000185 (sz=16, trace=307667, class=java.lang.StringBuffer@50000088)
ARR 50000186 (sz=48, trace=307668, nelems=0, elem type=char[])
ARR 50000187 (sz=80, trace=307683, nelems=0, elem type=char[])
OBJ 50000188 (sz=24, trace=307676, class=java.lang.String@5000008d)
ARR 50000189 (sz=56, trace=307677, nelems=0, elem type=char[])
OBJ 5000018a (sz=48, trace=300147, class=java.nio.HeapCharBuffer@50000102)
OBJ 5000018b (sz=16, trace=307667, class=java.lang.StringBuffer@50000088)
ARR 5000018c (sz=48, trace=307668, nelems=0, elem type=char[])
ARR 5000018d (sz=80, trace=307683, nelems=0, elem type=char[])
OBJ 5000018e (sz=24, trace=307676, class=java.lang.String@5000008d)
ARR 5000018f (sz=80, trace=307677, nelems=0, elem type=char[])
OBJ 50000190 (sz=16, trace=307667, class=java.lang.StringBuffer@50000088)
ARR 50000191 (sz=48, trace=307668, nelems=0, elem type=char[])
ARR 50000192 (sz=80, trace=307683, nelems=0, elem type=char[])
OBJ 50000193 (sz=32, trace=300446, class=java.lang.ref.Finalizer@5000006b)
	referent	50000199
	queue		500015b6
	next		5000016a
	prev		500001b9
ARR 50000194 (sz=152, trace=307683, nelems=0, elem type=char[])
ARR 50000195 (sz=296, trace=307683, nelems=0, elem type=char[])
OBJ 50000196 (sz=24, trace=307676, class=java.lang.String@5000008d)
OBJ 50000197 (sz=24, trace=300355, class=java.lang.String@5000008d)
	value		50000198
ARR 50000198 (sz=96, trace=300356, nelems=0, elem type=char[])
OBJ 50000199 (sz=64, trace=300463, class=java.util.jar.JarFile@5000015b)
	name		50000197
	inflaters	5000019a
OBJ 5000019a (sz=24, trace=300464, class=java.util.Vector@50000077)
	elementData	5000019b
ARR 5000019b (sz=56, trace=300467, nelems=0, elem type=java.lang.Object[]@50000013)
OBJ 5000019c (sz=24, trace=300519, class=java.util.HashMap$Entry@5000004c)
	key		50001718
	value		50000184
ARR 5000019d (sz=248, trace=307677, nelems=0, elem type=char[])
OBJ 5000019e (sz=48, trace=300147, class=java.nio.HeapCharBuffer@50000102)
OBJ 5000019f (sz=16, trace=307667, class=java.lang.StringBuffer@50000088)
ARR 500001a0 (sz=48, trace=307668, nelems=0, elem type=char[])
OBJ 500001a1 (sz=24, trace=307676, class=java.lang.String@5000008d)
ARR 500001a2 (sz=32, trace=307677, nelems=0, elem type=char[])
OBJ 500001a3 (sz=16, trace=307667, class=java.lang.StringBuffer@50000088)
ARR 500001a4 (sz=48, trace=307668, nelems=0, elem type=char[])
ARR 500001a5 (sz=80, trace=307683, nelems=0, elem type=char[])
OBJ 500001a6 (sz=24, trace=300280, class=java.lang.String@5000008d)
	value		500001a7
ARR 500001a7 (sz=120, trace=300281, nelems=0, elem type=char[])
OBJ 500001a8 (sz=56, trace=300284, class=java.net.URL@5000004f)
	protocol	5000174a
	host		5000171d
	file		500001a6
	authority	5000171d
	path		500001a6
	handler		50001711
OBJ 500001a9 (sz=24, trace=307676, class=java.lang.String@5000008d)
OBJ 500001aa (sz=32, trace=300308, class=sun.misc.URLClassPath$JarLoader@5000013c)
	base		500001a8
	jar		500001bf
	csu		50001719
	handler		50001711
	lmap		50001712
ARR 500001ab (sz=56, trace=307677, nelems=0, elem type=char[])
OBJ 500001ac (sz=48, trace=300147, class=java.nio.HeapCharBuffer@50000102)
OBJ 500001ad (sz=16, trace=307667, class=java.lang.StringBuffer@50000088)
ARR 500001ae (sz=48, trace=307668, nelems=0, elem type=char[])
OBJ 500001af (sz=24, trace=307676, class=java.lang.String@5000008d)
ARR 500001b0 (sz=32, trace=307677, nelems=0, elem type=char[])
OBJ 500001b1 (sz=16, trace=307667, class=java.lang.StringBuffer@50000088)
ARR 500001b2 (sz=48, trace=307668, nelems=0, elem type=char[])
ARR 500001b3 (sz=80, trace=307683, nelems=0, elem type=char[])
ARR 500001b4 (sz=152, trace=307683, nelems=0, elem type=char[])
OBJ 500001b5 (sz=24, trace=307676, class=java.lang.String@5000008d)
ARR 500001b6 (sz=128, trace=307677, nelems=0, elem type=char[])
OBJ 500001b7 (sz=48, trace=300147, class=java.nio.HeapCharBuffer@50000102)
OBJ 500001b8 (sz=16, trace=307667, class=java.lang.StringBuffer@50000088)
OBJ 500001b9 (sz=32, trace=300446, class=java.lang.ref.Finalizer@5000006b)
	referent	500001bf
	queue		500015b6
	next		50000193
	prev		500001df
ARR 500001ba (sz=48, trace=307668, nelems=0, elem type=char[])
ARR 500001bb (sz=80, trace=307683, nelems=0, elem type=char[])
OBJ 500001bc (sz=24, trace=307676, class=java.lang.String@5000008d)
OBJ 500001bd (sz=24, trace=300355, class=java.lang.String@5000008d)
	value		500001be
ARR 500001be (sz=104, trace=300356, nelems=0, elem type=char[])
OBJ 500001bf (sz=64, trace=300463, class=java.util.jar.JarFile@5000015b)
	name		500001bd
	inflaters	500001c0
OBJ 500001c0 (sz=24, trace=300464, class=java.util.Vector@50000077)
	elementData	500001c1
ARR 500001c1 (sz=56, trace=300467, nelems=0, elem type=java.lang.Object[]@50000013)
OBJ 500001c2 (sz=24, trace=300519, class=java.util.HashMap$Entry@5000004c)
	key		50001719
	value		500001aa
ARR 500001c3 (sz=56, trace=307677, nelems=0, elem type=char[])
OBJ 500001c4 (sz=16, trace=307667, class=java.lang.StringBuffer@50000088)
ARR 500001c5 (sz=48, trace=307668, nelems=0, elem type=char[])
OBJ 500001c6 (sz=24, trace=307676, class=java.lang.String@5000008d)
ARR 500001c7 (sz=40, trace=307677, nelems=0, elem type=char[])
OBJ 500001c8 (sz=24, trace=300922, class=java.lang.String@5000008d)
	value		50001bdf
OBJ 500001c9 (sz=48, trace=300147, class=java.nio.HeapCharBuffer@50000102)
OBJ 500001ca (sz=16, trace=307667, class=java.lang.StringBuffer@50000088)
ARR 500001cb (sz=48, trace=307668, nelems=0, elem type=char[])
OBJ 500001cc (sz=24, trace=300280, class=java.lang.String@5000008d)
	value		500001cd
ARR 500001cd (sz=112, trace=300281, nelems=0, elem type=char[])
OBJ 500001ce (sz=56, trace=300284, class=java.net.URL@5000004f)
	protocol	5000174a
	host		5000171d
	file		500001cc
	authority	5000171d
	path		500001cc
	handler		50001711
ARR 500001cf (sz=80, trace=307683, nelems=0, elem type=char[])
OBJ 500001d0 (sz=32, trace=300308, class=sun.misc.URLClassPath$JarLoader@5000013c)
	base		500001ce
	jar		500001e5
	csu		5000171a
	handler		50001711
	lmap		50001712
OBJ 500001d1 (sz=24, trace=307676, class=java.lang.String@5000008d)
ARR 500001d2 (sz=56, trace=307677, nelems=0, elem type=char[])
OBJ 500001d3 (sz=16, trace=307667, class=java.lang.StringBuffer@50000088)
ARR 500001d4 (sz=48, trace=307668, nelems=0, elem type=char[])
OBJ 500001d5 (sz=24, trace=307676, class=java.lang.String@5000008d)
ARR 500001d7 (sz=40, trace=307677, nelems=0, elem type=char[])
OBJ 500001d8 (sz=32, trace=301094, class=java.lang.ref.SoftReference@500000ad)
OBJ 500001d9 (sz=48, trace=301380, class=java.lang.Package@50000563)
	pkgName		500001c8
	specTitle	50000c6f
	specVersion	50000c79
	specVendor	50000c82
	implTitle	50000c8c
	implVersion	50000c95
	implVendor	50000c9e
	loader		5000159b
OBJ 500001da (sz=24, trace=301386, class=java.util.HashMap$Entry@5000004c)
	key		500001c8
	value		500001d9
OBJ 500001db (sz=64, trace=301103, class=java.lang.reflect.Constructor@50000079)
OBJ 500001dc (sz=48, trace=300147, class=java.nio.HeapCharBuffer@50000102)
OBJ 500001dd (sz=24, trace=301136, class=sun.reflect.NativeConstructorAccessorImpl@50000091)
OBJ 500001de (sz=16, trace=301140, class=sun.reflect.DelegatingConstructorAccessorImpl@500000bd)
OBJ 500001df (sz=32, trace=300446, class=java.lang.ref.Finalizer@5000006b)
	referent	500001e5
	queue		500015b6
	next		500001b9
	prev		50000203
OBJ 500001e0 (sz=40, trace=304661, class=org.apache.tools.ant.taskdefs.optional.junit.PlainJUnitResultFormatter@500001d6)
OBJ 500001e1 (sz=16, trace=307667, class=java.lang.StringBuffer@50000088)
ARR 500001e2 (sz=48, trace=307668, nelems=0, elem type=char[])
OBJ 500001e3 (sz=24, trace=300355, class=java.lang.String@5000008d)
	value		500001e4
ARR 500001e4 (sz=96, trace=300356, nelems=0, elem type=char[])
OBJ 500001e5 (sz=64, trace=300463, class=java.util.jar.JarFile@5000015b)
	name		500001e3
	inflaters	500001e6
	manEntry	500001f3
OBJ 500001e6 (sz=24, trace=300464, class=java.util.Vector@50000077)
	elementData	500001e7
ARR 500001e7 (sz=56, trace=300467, nelems=1, elem type=java.lang.Object[]@50000013)
	[0]		50000204
OBJ 500001e9 (sz=24, trace=302838, class=java.lang.String@5000008d)
	value		50001bdf
OBJ 500001ea (sz=24, trace=302847, class=java.util.Hashtable$Entry@50000038)
	key		500001e9
	value		50000a97
OBJ 500001eb (sz=24, trace=307676, class=java.lang.String@5000008d)
ARR 500001ec (sz=40, trace=307677, nelems=0, elem type=char[])
OBJ 500001ed (sz=16, trace=307667, class=java.lang.StringBuffer@50000088)
OBJ 500001ee (sz=136, trace=304534, class=java.text.DecimalFormat@500012ef)
OBJ 500001f3 (sz=96, trace=300549, class=java.util.jar.JarFile$JarFileEntry@500001f2)
	name		50001752
	this$0		500001e5
OBJ 500001fd (sz=32, trace=304542, class=java.text.DigitList@500012f6)
ARR 500001fe (sz=56, trace=304543, nelems=0, elem type=char[])
ARR 500001ff (sz=48, trace=307668, nelems=0, elem type=char[])
ARR 50000200 (sz=80, trace=307683, nelems=0, elem type=char[])
OBJ 50000201 (sz=24, trace=307676, class=java.lang.String@5000008d)
ARR 50000202 (sz=80, trace=307677, nelems=0, elem type=char[])
OBJ 50000203 (sz=32, trace=300446, class=java.lang.ref.Finalizer@5000006b)
	referent	50000204
	queue		500015b6
	next		500001df
	prev		5000025f
OBJ 50000204 (sz=40, trace=300593, class=java.util.zip.Inflater@500001fb)
	buf		50000209
OBJ 50000205 (sz=24, trace=304558, class=java.lang.String@5000008d)
ARR 50000206 (sz=16, trace=304559, nelems=0, elem type=char[])
OBJ 50000207 (sz=24, trace=304562, class=java.lang.String@5000008d)
ARR 50000208 (sz=16, trace=304563, nelems=0, elem type=char[])
ARR 50000209 (sz=8520, trace=300605, nelems=0, elem type=byte[])
OBJ 5000020a (sz=48, trace=300147, class=java.nio.HeapCharBuffer@50000102)
OBJ 5000020b (sz=16, trace=307667, class=java.lang.StringBuffer@50000088)
ARR 5000020c (sz=48, trace=307668, nelems=0, elem type=char[])
OBJ 5000020d (sz=24, trace=307676, class=java.lang.String@5000008d)
OBJ 5000020f (sz=24, trace=300519, class=java.util.HashMap$Entry@5000004c)
	key		5000171a
	value		500001d0
OBJ 50000210 (sz=24, trace=304590, class=java.lang.String@5000008d)
ARR 50000212 (sz=16, trace=304591, nelems=0, elem type=char[])
OBJ 50000213 (sz=24, trace=304592, class=java.lang.String@5000008d)
ARR 50000214 (sz=16, trace=304593, nelems=0, elem type=char[])
ARR 50000215 (sz=48, trace=307677, nelems=0, elem type=char[])
OBJ 50000216 (sz=16, trace=307667, class=java.lang.StringBuffer@50000088)
OBJ 50000217 (sz=24, trace=304602, class=java.lang.String@5000008d)
ARR 50000218 (sz=16, trace=304603, nelems=0, elem type=char[])
OBJ 5000021a (sz=16, trace=300667, class=sun.misc.URLClassPath$FileLoader@50000219)
	base		50001cd5
	dir		50000224
OBJ 5000021b (sz=24, trace=304607, class=java.lang.String@5000008d)
ARR 5000021c (sz=16, trace=304608, nelems=0, elem type=char[])
OBJ 5000021d (sz=24, trace=304613, class=java.lang.String@5000008d)
ARR 5000021e (sz=16, trace=304614, nelems=0, elem type=char[])
OBJ 5000021f (sz=24, trace=304615, class=java.lang.String@5000008d)
ARR 50000220 (sz=16, trace=304616, nelems=0, elem type=char[])
OBJ 50000221 (sz=40, trace=304673, class=java.util.Hashtable@5000000e)
ARR 50000222 (sz=56, trace=304676, nelems=0, elem type=java.util.Hashtable$Entry[]@50000039)
OBJ 50000223 (sz=40, trace=304679, class=java.util.Hashtable@5000000e)
OBJ 50000224 (sz=16, trace=300689, class=java.io.File@50000051)
	path		50000227
ARR 50000225 (sz=56, trace=304680, nelems=0, elem type=java.util.Hashtable$Entry[]@50000039)
OBJ 50000226 (sz=24, trace=304681, class=java.io.StringWriter@50000b74)
OBJ 50000227 (sz=24, trace=300355, class=java.lang.String@5000008d)
	value		50000228
ARR 50000228 (sz=160, trace=300356, nelems=0, elem type=char[])
OBJ 50000229 (sz=24, trace=300519, class=java.util.HashMap$Entry@5000004c)
	key		50001cd5
	value		5000021a
	next		500002ad
OBJ 5000022a (sz=16, trace=304683, class=java.lang.StringBuffer@50000088)
ARR 5000022b (sz=48, trace=307668, nelems=0, elem type=char[])
OBJ 5000022d (sz=40, trace=304695, class=java.io.PrintWriter@5000022c)
ARR 5000022e (sz=80, trace=307683, nelems=0, elem type=char[])
ARR 5000022f (sz=152, trace=307683, nelems=0, elem type=char[])
OBJ 50000230 (sz=24, trace=307676, class=java.lang.String@5000008d)
ARR 50000231 (sz=136, trace=307677, nelems=0, elem type=char[])
OBJ 50000232 (sz=48, trace=300147, class=java.nio.HeapCharBuffer@50000102)
OBJ 50000233 (sz=16, trace=307667, class=java.lang.StringBuffer@50000088)
ARR 50000234 (sz=48, trace=307668, nelems=0, elem type=char[])
OBJ 50000235 (sz=24, trace=307676, class=java.lang.String@5000008d)
ARR 50000236 (sz=40, trace=307677, nelems=0, elem type=char[])
OBJ 50000237 (sz=16, trace=307667, class=java.lang.StringBuffer@50000088)
ARR 50000238 (sz=48, trace=307668, nelems=0, elem type=char[])
ARR 50000239 (sz=80, trace=307683, nelems=0, elem type=char[])
OBJ 5000023a (sz=24, trace=307676, class=java.lang.String@5000008d)
ARR 5000023b (sz=56, trace=307677, nelems=0, elem type=char[])
OBJ 5000023c (sz=48, trace=300147, class=java.nio.HeapCharBuffer@50000102)
OBJ 5000023d (sz=16, trace=307667, class=java.lang.StringBuffer@50000088)
ARR 5000023e (sz=48, trace=307668, nelems=0, elem type=char[])
OBJ 5000023f (sz=24, trace=307676, class=java.lang.String@5000008d)
ARR 50000240 (sz=40, trace=307677, nelems=0, elem type=char[])
OBJ 50000241 (sz=16, trace=307667, class=java.lang.StringBuffer@50000088)
ARR 50000242 (sz=48, trace=307668, nelems=0, elem type=char[])
ARR 50000243 (sz=80, trace=307683, nelems=0, elem type=char[])
ARR 50000244 (sz=152, trace=307683, nelems=0, elem type=char[])
OBJ 50000245 (sz=24, trace=307676, class=java.lang.String@5000008d)
ARR 50000246 (sz=120, trace=307677, nelems=0, elem type=char[])
OBJ 50000247 (sz=48, trace=300147, class=java.nio.HeapCharBuffer@50000102)
OBJ 50000248 (sz=16, trace=307667, class=java.lang.StringBuffer@50000088)
ARR 50000249 (sz=48, trace=307668, nelems=0, elem type=char[])
OBJ 5000024a (sz=24, trace=307676, class=java.lang.String@5000008d)
ARR 5000024b (sz=32, trace=307677, nelems=0, elem type=char[])
OBJ 5000024c (sz=24, trace=300280, class=java.lang.String@5000008d)
	value		5000024d
ARR 5000024d (sz=144, trace=300281, nelems=0, elem type=char[])
OBJ 5000024e (sz=56, trace=300284, class=java.net.URL@5000004f)
	protocol	5000174a
	host		5000171d
	file		5000024c
	authority	5000171d
	path		5000024c
	handler		50001ccf
OBJ 5000024f (sz=16, trace=307667, class=java.lang.StringBuffer@50000088)
OBJ 50000250 (sz=32, trace=300308, class=sun.misc.URLClassPath$JarLoader@5000013c)
	base		5000024e
	jar		50000265
	csu		50001cd6
	handler		50001ccf
	lmap		50001cd0
ARR 50000251 (sz=48, trace=307668, nelems=0, elem type=char[])
OBJ 50000252 (sz=24, trace=307676, class=java.lang.String@5000008d)
ARR 50000253 (sz=32, trace=307677, nelems=0, elem type=char[])
OBJ 50000254 (sz=48, trace=300147, class=java.nio.HeapCharBuffer@50000102)
OBJ 50000255 (sz=16, trace=307667, class=java.lang.StringBuffer@50000088)
ARR 50000256 (sz=48, trace=307668, nelems=0, elem type=char[])
OBJ 50000257 (sz=24, trace=307676, class=java.lang.String@5000008d)
ARR 50000258 (sz=48, trace=307677, nelems=0, elem type=char[])
OBJ 50000259 (sz=16, trace=307667, class=java.lang.StringBuffer@50000088)
ARR 5000025a (sz=48, trace=307668, nelems=0, elem type=char[])
ARR 5000025b (sz=80, trace=307683, nelems=0, elem type=char[])
ARR 5000025d (sz=48, trace=302978, nelems=9, elem type=java.lang.String[]@5000008e)
	[0]		50001c34
	[1]		50001cb2
	[2]		50001cb3
	[3]		50001cb4
	[4]		50001cb5
	[5]		50001cb6
	[6]		50001cb7
	[7]		50001cb8
	[8]		50001cb9
OBJ 5000025e (sz=24, trace=300464, class=java.util.Vector@50000077)
	elementData	50000260
OBJ 5000025f (sz=32, trace=300446, class=java.lang.ref.Finalizer@5000006b)
	referent	50000265
	queue		500015b6
	next		50000203
	prev		5000026c
ARR 50000260 (sz=56, trace=302982, nelems=3, elem type=java.lang.Object[]@50000013)
	[0]		500004f5
	[1]		500004f8
	[2]		50000503
OBJ 50000261 (sz=24, trace=300059, class=java.lang.String@5000008d)
	value		5000026b
OBJ 50000262 (sz=24, trace=300093, class=java.lang.StringCoding$CharsetSD@5000012a)
	requestedCharsetName	5000166a
	cs		5000187e
	cd		50000268
OBJ 50000263 (sz=24, trace=300355, class=java.lang.String@5000008d)
	value		50000264
ARR 50000264 (sz=128, trace=300356, nelems=0, elem type=char[])
OBJ 50000265 (sz=64, trace=300463, class=java.util.jar.JarFile@5000015b)
	name		50000263
	inflaters	50000266
	manEntry	50000269
OBJ 50000266 (sz=24, trace=300464, class=java.util.Vector@50000077)
	elementData	50000267
ARR 50000267 (sz=56, trace=300467, nelems=1, elem type=java.lang.Object[]@50000013)
	[0]		5000026d
OBJ 50000268 (sz=40, trace=300095, class=sun.nio.cs.MS1252$Decoder@500000b1)
	charset		5000187e
	replacement	50001b7a
	malformedInputAction	50001b6d
	unmappableCharacterAction	50001b6d
	byteToCharTable	50001b79
OBJ 50000269 (sz=96, trace=300549, class=java.util.jar.JarFile$JarFileEntry@500001f2)
	name		50001752
	this$0		50000265
OBJ 5000026a (sz=32, trace=300121, class=java.lang.ref.SoftReference@500000ad)
	referent	50000262
	queue		50001b77
ARR 5000026b (sz=104, trace=300136, nelems=0, elem type=char[])
OBJ 5000026c (sz=32, trace=300446, class=java.lang.ref.Finalizer@5000006b)
	referent	5000026d
	queue		500015b6
	next		5000025f
	prev		50000295
OBJ 5000026d (sz=40, trace=300593, class=java.util.zip.Inflater@500001fb)
	buf		50000272
ARR 5000026e (sz=152, trace=307683, nelems=0, elem type=char[])
OBJ 5000026f (sz=24, trace=307676, class=java.lang.String@5000008d)
OBJ 50000270 (sz=24, trace=300059, class=java.lang.String@5000008d)
	value		50000271
ARR 50000271 (sz=48, trace=300136, nelems=0, elem type=char[])
ARR 50000272 (sz=104, trace=300605, nelems=0, elem type=byte[])
ARR 50000273 (sz=144, trace=307677, nelems=0, elem type=char[])
OBJ 50000274 (sz=48, trace=300147, class=java.nio.HeapCharBuffer@50000102)
OBJ 50000275 (sz=24, trace=300059, class=java.lang.String@5000008d)
	value		50000276
ARR 50000276 (sz=48, trace=300136, nelems=0, elem type=char[])
OBJ 50000277 (sz=24, trace=300519, class=java.util.HashMap$Entry@5000004c)
	key		50001cd6
	value		50000250
OBJ 50000278 (sz=16, trace=307667, class=java.lang.StringBuffer@50000088)
ARR 50000279 (sz=48, trace=307668, nelems=0, elem type=char[])
OBJ 5000027a (sz=24, trace=300059, class=java.lang.String@5000008d)
	value		5000027b
ARR 5000027b (sz=48, trace=300136, nelems=0, elem type=char[])
OBJ 5000027c (sz=24, trace=307676, class=java.lang.String@5000008d)
ARR 5000027d (sz=32, trace=307677, nelems=0, elem type=char[])
OBJ 5000027e (sz=24, trace=300059, class=java.lang.String@5000008d)
	value		5000027f
ARR 5000027f (sz=176, trace=300136, nelems=0, elem type=char[])
OBJ 50000280 (sz=16, trace=307667, class=java.lang.StringBuffer@50000088)
OBJ 50000281 (sz=24, trace=300280, class=java.lang.String@5000008d)
	value		50000282
ARR 50000282 (sz=176, trace=300281, nelems=0, elem type=char[])
OBJ 50000283 (sz=56, trace=300284, class=java.net.URL@5000004f)
	protocol	5000174a
	host		5000171d
	file		50000281
	authority	5000171d
	path		50000281
	handler		50001ccf
ARR 50000284 (sz=48, trace=307668, nelems=0, elem type=char[])
OBJ 50000285 (sz=32, trace=300308, class=sun.misc.URLClassPath$JarLoader@5000013c)
	base		50000283
	jar		5000029b
	csu		50001cd7
	handler		50001ccf
	lmap		50001cd0
OBJ 50000286 (sz=24, trace=300059, class=java.lang.String@5000008d)
	value		50000287
ARR 50000287 (sz=48, trace=300136, nelems=0, elem type=char[])
ARR 50000288 (sz=80, trace=307683, nelems=0, elem type=char[])
ARR 50000289 (sz=152, trace=307683, nelems=0, elem type=char[])
OBJ 5000028a (sz=24, trace=300059, class=java.lang.String@5000008d)
	value		5000028b
ARR 5000028b (sz=408, trace=300136, nelems=0, elem type=char[])
OBJ 5000028c (sz=24, trace=307676, class=java.lang.String@5000008d)
ARR 5000028d (sz=120, trace=307677, nelems=0, elem type=char[])
OBJ 5000028e (sz=24, trace=300059, class=java.lang.String@5000008d)
	value		5000028f
ARR 5000028f (sz=176, trace=300136, nelems=0, elem type=char[])
OBJ 50000290 (sz=48, trace=300147, class=java.nio.HeapCharBuffer@50000102)
OBJ 50000291 (sz=16, trace=307667, class=java.lang.StringBuffer@50000088)
OBJ 50000292 (sz=24, trace=300059, class=java.lang.String@5000008d)
	value		50000293
ARR 50000293 (sz=176, trace=300136, nelems=0, elem type=char[])
ARR 50000294 (sz=48, trace=307668, nelems=0, elem type=char[])
OBJ 50000295 (sz=32, trace=300446, class=java.lang.ref.Finalizer@5000006b)
	referent	5000029b
	queue		500015b6
	next		5000026c
	prev		500002a2
OBJ 50000296 (sz=24, trace=307676, class=java.lang.String@5000008d)
OBJ 50000297 (sz=48, trace=301435, class=java.util.Properties@50000081)
	table		500008db
ARR 50000298 (sz=40, trace=307677, nelems=0, elem type=char[])
OBJ 50000299 (sz=24, trace=300355, class=java.lang.String@5000008d)
	value		5000029a
ARR 5000029a (sz=160, trace=300356, nelems=0, elem type=char[])
OBJ 5000029b (sz=64, trace=300463, class=java.util.jar.JarFile@5000015b)
	name		50000299
	inflaters	5000029c
	manEntry	5000029f
OBJ 5000029c (sz=24, trace=300464, class=java.util.Vector@50000077)
	elementData	5000029d
ARR 5000029d (sz=56, trace=300467, nelems=1, elem type=java.lang.Object[]@50000013)
	[0]		500002a3
OBJ 5000029e (sz=16, trace=307667, class=java.lang.StringBuffer@50000088)
OBJ 5000029f (sz=96, trace=300549, class=java.util.jar.JarFile$JarFileEntry@500001f2)
	name		50001752
	this$0		5000029b
ARR 500002a0 (sz=48, trace=307668, nelems=0, elem type=char[])
ARR 500002a1 (sz=80, trace=307683, nelems=0, elem type=char[])
OBJ 500002a2 (sz=32, trace=300446, class=java.lang.ref.Finalizer@5000006b)
	referent	500002a3
	queue		500015b6
	next		50000295
	prev		500002cb
OBJ 500002a3 (sz=40, trace=300593, class=java.util.zip.Inflater@500001fb)
	buf		500002a8
ARR 500002a4 (sz=152, trace=307683, nelems=0, elem type=char[])
OBJ 500002a5 (sz=24, trace=307676, class=java.lang.String@5000008d)
ARR 500002a6 (sz=120, trace=307677, nelems=0, elem type=char[])
OBJ 500002a7 (sz=48, trace=300147, class=java.nio.HeapCharBuffer@50000102)
ARR 500002a8 (sz=224, trace=300605, nelems=0, elem type=byte[])
OBJ 500002a9 (sz=16, trace=307667, class=java.lang.StringBuffer@50000088)
ARR 500002aa (sz=48, trace=307668, nelems=0, elem type=char[])
OBJ 500002ab (sz=24, trace=307676, class=java.lang.String@5000008d)
ARR 500002ac (sz=32, trace=307677, nelems=0, elem type=char[])
OBJ 500002ad (sz=24, trace=300519, class=java.util.HashMap$Entry@5000004c)
	key		50001cd7
	value		50000285
OBJ 500002ae (sz=16, trace=307667, class=java.lang.StringBuffer@50000088)
ARR 500002af (sz=48, trace=307668, nelems=0, elem type=char[])
ARR 500002b0 (sz=80, trace=307683, nelems=0, elem type=char[])
OBJ 500002b1 (sz=24, trace=307676, class=java.lang.String@5000008d)
ARR 500002b2 (sz=64, trace=307677, nelems=0, elem type=char[])
OBJ 500002b3 (sz=48, trace=300147, class=java.nio.HeapCharBuffer@50000102)
OBJ 500002b4 (sz=16, trace=307667, class=java.lang.StringBuffer@50000088)
ARR 500002b5 (sz=48, trace=307668, nelems=0, elem type=char[])
OBJ 500002b7 (sz=24, trace=300280, class=java.lang.String@5000008d)
	value		500002b8
ARR 500002b8 (sz=176, trace=300281, nelems=0, elem type=char[])
OBJ 500002b9 (sz=56, trace=300284, class=java.net.URL@5000004f)
	protocol	5000174a
	host		5000171d
	file		500002b7
	authority	5000171d
	path		500002b7
	handler		50001ccf
OBJ 500002ba (sz=32, trace=304715, class=junit.framework.TestResult@50000e7f)
OBJ 500002bb (sz=32, trace=300308, class=sun.misc.URLClassPath$JarLoader@5000013c)
	base		500002b9
	jar		500002d1
	csu		50001cd8
	handler		50001ccf
	lmap		50001cd0
OBJ 500002bc (sz=24, trace=300464, class=java.util.Vector@50000077)
ARR 500002bd (sz=56, trace=304716, nelems=0, elem type=java.lang.Object[]@50000013)
OBJ 500002be (sz=24, trace=300464, class=java.util.Vector@50000077)
ARR 500002bf (sz=56, trace=304720, nelems=0, elem type=java.lang.Object[]@50000013)
OBJ 500002c0 (sz=24, trace=300464, class=java.util.Vector@50000077)
ARR 500002c1 (sz=56, trace=304721, nelems=0, elem type=java.lang.Object[]@50000013)
OBJ 500002c4 (sz=48, trace=301435, class=java.util.Properties@50000081)
	table		500002c5
ARR 500002c5 (sz=56, trace=301438, nelems=0, elem type=java.util.Hashtable$Entry[]@50000039)
OBJ 500002c7 (sz=8, trace=304743, class=javax.xml.parsers.SecuritySupport@500002c6)
OBJ 500002c9 (sz=24, trace=307676, class=java.lang.String@5000008d)
OBJ 500002cb (sz=32, trace=300446, class=java.lang.ref.Finalizer@5000006b)
	referent	500002d1
	queue		500015b6
	next		500002a2
	prev		500002d8
ARR 500002cc (sz=40, trace=307677, nelems=0, elem type=char[])
OBJ 500002cd (sz=16, trace=307667, class=java.lang.StringBuffer@50000088)
ARR 500002ce (sz=48, trace=307668, nelems=0, elem type=char[])
OBJ 500002cf (sz=24, trace=300355, class=java.lang.String@5000008d)
	value		500002d0
ARR 500002d0 (sz=160, trace=300356, nelems=0, elem type=char[])
OBJ 500002d1 (sz=64, trace=300463, class=java.util.jar.JarFile@5000015b)
	name		500002cf
	inflaters	500002d2
	manEntry	500002d5
OBJ 500002d2 (sz=24, trace=300464, class=java.util.Vector@50000077)
	elementData	500002d3
ARR 500002d3 (sz=56, trace=300467, nelems=1, elem type=java.lang.Object[]@50000013)
	[0]		500002d9
OBJ 500002d4 (sz=24, trace=307676, class=java.lang.String@5000008d)
OBJ 500002d5 (sz=96, trace=300549, class=java.util.jar.JarFile$JarFileEntry@500001f2)
	name		50001752
	this$0		500002d1
ARR 500002d6 (sz=16, trace=307677, nelems=0, elem type=char[])
OBJ 500002d7 (sz=48, trace=300147, class=java.nio.HeapCharBuffer@50000102)
OBJ 500002d8 (sz=32, trace=300446, class=java.lang.ref.Finalizer@5000006b)
	referent	500002d9
	queue		500015b6
	next		500002cb
	prev		50000301
OBJ 500002d9 (sz=40, trace=300593, class=java.util.zip.Inflater@500001fb)
	buf		500002de
OBJ 500002da (sz=16, trace=307667, class=java.lang.StringBuffer@50000088)
ARR 500002db (sz=48, trace=307668, nelems=0, elem type=char[])
ARR 500002dc (sz=80, trace=307683, nelems=0, elem type=char[])
OBJ 500002dd (sz=24, trace=307676, class=java.lang.String@5000008d)
ARR 500002de (sz=408, trace=300605, nelems=0, elem type=byte[])
ARR 500002df (sz=56, trace=307677, nelems=0, elem type=char[])
OBJ 500002e0 (sz=16, trace=307667, class=java.lang.StringBuffer@50000088)
ARR 500002e1 (sz=48, trace=307668, nelems=0, elem type=char[])
ARR 500002e2 (sz=80, trace=307683, nelems=0, elem type=char[])
OBJ 500002e3 (sz=24, trace=300519, class=java.util.HashMap$Entry@5000004c)
	key		50001cd8
	value		500002bb
OBJ 500002e4 (sz=24, trace=307676, class=java.lang.String@5000008d)
ARR 500002e6 (sz=56, trace=307677, nelems=0, elem type=char[])
OBJ 500002e7 (sz=48, trace=300147, class=java.nio.HeapCharBuffer@50000102)
OBJ 500002e8 (sz=16, trace=307667, class=java.lang.StringBuffer@50000088)
ARR 500002e9 (sz=48, trace=307668, nelems=0, elem type=char[])
OBJ 500002ea (sz=24, trace=307676, class=java.lang.String@5000008d)
ARR 500002eb (sz=40, trace=307677, nelems=0, elem type=char[])
OBJ 500002ec (sz=16, trace=307667, class=java.lang.StringBuffer@50000088)
OBJ 500002ed (sz=24, trace=300280, class=java.lang.String@5000008d)
	value		500002ee
ARR 500002ee (sz=192, trace=300281, nelems=0, elem type=char[])
OBJ 500002ef (sz=56, trace=300284, class=java.net.URL@5000004f)
	protocol	5000174a
	host		5000171d
	file		500002ed
	authority	5000171d
	path		500002ed
	handler		50001ccf
ARR 500002f0 (sz=48, trace=307668, nelems=0, elem type=char[])
OBJ 500002f1 (sz=32, trace=300308, class=sun.misc.URLClassPath$JarLoader@5000013c)
	base		500002ef
	jar		50000307
	csu		50001cd9
	handler		50001ccf
	lmap		50001cd0
OBJ 500002f2 (sz=24, trace=307676, class=java.lang.String@5000008d)
ARR 500002f4 (sz=40, trace=307677, nelems=0, elem type=char[])
OBJ 500002f5 (sz=48, trace=300147, class=java.nio.HeapCharBuffer@50000102)
OBJ 500002f7 (sz=16, trace=307667, class=java.lang.StringBuffer@50000088)
ARR 500002f8 (sz=48, trace=307668, nelems=0, elem type=char[])
OBJ 500002f9 (sz=24, trace=304847, class=java.lang.String@5000008d)
	value		500016cc
OBJ 500002fa (sz=24, trace=307676, class=java.lang.String@5000008d)
ARR 500002fb (sz=48, trace=307677, nelems=0, elem type=char[])
OBJ 500002fc (sz=16, trace=307667, class=java.lang.StringBuffer@50000088)
ARR 500002fd (sz=48, trace=307668, nelems=0, elem type=char[])
ARR 500002fe (sz=80, trace=307683, nelems=0, elem type=char[])
OBJ 500002ff (sz=24, trace=307676, class=java.lang.String@5000008d)
ARR 50000300 (sz=72, trace=307677, nelems=0, elem type=char[])
OBJ 50000301 (sz=32, trace=300446, class=java.lang.ref.Finalizer@5000006b)
	referent	50000307
	queue		500015b6
	next		500002d8
	prev		5000030e
OBJ 50000302 (sz=48, trace=300147, class=java.nio.HeapCharBuffer@50000102)
OBJ 50000303 (sz=16, trace=307667, class=java.lang.StringBuffer@50000088)
ARR 50000304 (sz=48, trace=307668, nelems=0, elem type=char[])
OBJ 50000305 (sz=24, trace=300355, class=java.lang.String@5000008d)
	value		50000306
ARR 50000306 (sz=176, trace=300356, nelems=0, elem type=char[])
OBJ 50000307 (sz=64, trace=300463, class=java.util.jar.JarFile@5000015b)
	name		50000305
	inflaters	50000308
	manEntry	5000030b
OBJ 50000308 (sz=24, trace=300464, class=java.util.Vector@50000077)
	elementData	50000309
ARR 50000309 (sz=56, trace=300467, nelems=1, elem type=java.lang.Object[]@50000013)
	[0]		5000030f
OBJ 5000030a (sz=24, trace=307676, class=java.lang.String@5000008d)
OBJ 5000030b (sz=96, trace=300549, class=java.util.jar.JarFile$JarFileEntry@500001f2)
	name		50001752
	this$0		50000307
OBJ 5000030c (sz=24, trace=304860, class=java.lang.String@5000008d)
	value		500016cc
ARR 5000030d (sz=40, trace=307677, nelems=0, elem type=char[])
OBJ 5000030e (sz=32, trace=300446, class=java.lang.ref.Finalizer@5000006b)
	referent	5000030f
	queue		500015b6
	next		50000301
	prev		50000337
OBJ 5000030f (sz=40, trace=300593, class=java.util.zip.Inflater@500001fb)
	buf		50000314
OBJ 50000310 (sz=16, trace=307667, class=java.lang.StringBuffer@50000088)
OBJ 50000311 (sz=24, trace=304875, class=java.lang.String@5000008d)
	value		500016cc
OBJ 50000312 (sz=24, trace=304882, class=java.io.ExpiringCache$Entry@50000037)
	val		500017e8
OBJ 50000313 (sz=32, trace=302146, class=java.util.LinkedHashMap$Entry@50000067)
	key		500002f9
	value		50000312
	next		500017e7
	before		500017e7
	after		5000033a
ARR 50000314 (sz=400, trace=300605, nelems=0, elem type=byte[])
OBJ 50000315 (sz=24, trace=304895, class=java.lang.String@5000008d)
	value		500017e9
ARR 50000316 (sz=48, trace=307668, nelems=0, elem type=char[])
OBJ 50000317 (sz=24, trace=304909, class=java.io.ExpiringCache$Entry@50000037)
	val		50000315
OBJ 50000318 (sz=32, trace=302146, class=java.util.LinkedHashMap$Entry@50000067)
	key		50000311
	value		50000317
	before		50001834
	after		5000182f
OBJ 50000319 (sz=24, trace=300519, class=java.util.HashMap$Entry@5000004c)
	key		50001cd9
	value		500002f1
OBJ 5000031a (sz=24, trace=307676, class=java.lang.String@5000008d)
ARR 5000031b (sz=32, trace=307677, nelems=0, elem type=char[])
OBJ 5000031c (sz=48, trace=300147, class=java.nio.HeapCharBuffer@50000102)
OBJ 5000031d (sz=16, trace=307667, class=java.lang.StringBuffer@50000088)
ARR 5000031e (sz=48, trace=307668, nelems=0, elem type=char[])
ARR 5000031f (sz=80, trace=307683, nelems=0, elem type=char[])
OBJ 50000320 (sz=24, trace=307676, class=java.lang.String@5000008d)
ARR 50000321 (sz=64, trace=307677, nelems=0, elem type=char[])
OBJ 50000322 (sz=24, trace=304948, class=java.lang.String@5000008d)
	value		50000326
OBJ 50000323 (sz=24, trace=300280, class=java.lang.String@5000008d)
	value		50000324
ARR 50000324 (sz=200, trace=300281, nelems=0, elem type=char[])
OBJ 50000325 (sz=56, trace=300284, class=java.net.URL@5000004f)
	protocol	5000174a
	host		5000171d
	file		50000323
	authority	5000171d
	path		50000323
	handler		50001ccf
ARR 50000326 (sz=72, trace=304949, nelems=0, elem type=char[])
OBJ 50000327 (sz=32, trace=300308, class=sun.misc.URLClassPath$JarLoader@5000013c)
	base		50000325
	jar		5000033d
	csu		50001cda
	handler		50001ccf
	lmap		50001cd0
OBJ 50000328 (sz=56, trace=304956, class=java.net.URL@5000004f)
	protocol	5000171e
	host		5000171d
	file		50000322
	authority	5000171d
	path		50000322
	handler		5000171b
OBJ 50000329 (sz=16, trace=307667, class=java.lang.StringBuffer@50000088)
ARR 5000032a (sz=48, trace=307668, nelems=0, elem type=char[])
ARR 5000032b (sz=80, trace=307683, nelems=0, elem type=char[])
ARR 5000032c (sz=152, trace=307683, nelems=0, elem type=char[])
OBJ 5000032d (sz=24, trace=307676, class=java.lang.String@5000008d)
ARR 50000330 (sz=104, trace=307677, nelems=0, elem type=char[])
OBJ 50000331 (sz=48, trace=300147, class=java.nio.HeapCharBuffer@50000102)
OBJ 50000332 (sz=16, trace=307667, class=java.lang.StringBuffer@50000088)
ARR 50000333 (sz=48, trace=307668, nelems=0, elem type=char[])
OBJ 50000334 (sz=24, trace=307676, class=java.lang.String@5000008d)
ARR 50000335 (sz=40, trace=307677, nelems=0, elem type=char[])
OBJ 50000336 (sz=24, trace=305011, class=java.lang.String@5000008d)
	value		50000338
OBJ 50000337 (sz=32, trace=300446, class=java.lang.ref.Finalizer@5000006b)
	referent	5000033d
	queue		500015b6
	next		5000030e
	prev		50000344
ARR 50000338 (sz=80, trace=305012, nelems=0, elem type=char[])
OBJ 50000339 (sz=24, trace=305015, class=java.io.ExpiringCache$Entry@50000037)
	val		500017e5
OBJ 5000033a (sz=32, trace=302146, class=java.util.LinkedHashMap$Entry@50000067)
	key		50000336
	value		50000339
	before		50000313
	after		50000364
OBJ 5000033b (sz=24, trace=300355, class=java.lang.String@5000008d)
	value		5000033c
ARR 5000033c (sz=184, trace=300356, nelems=0, elem type=char[])
OBJ 5000033d (sz=64, trace=300463, class=java.util.jar.JarFile@5000015b)
	name		5000033b
	inflaters	5000033e
	manEntry	50000341
OBJ 5000033e (sz=24, trace=300464, class=java.util.Vector@50000077)
	elementData	5000033f
ARR 5000033f (sz=56, trace=300467, nelems=1, elem type=java.lang.Object[]@50000013)
	[0]		50000345
OBJ 50000340 (sz=16, trace=307667, class=java.lang.StringBuffer@50000088)
OBJ 50000341 (sz=96, trace=300549, class=java.util.jar.JarFile$JarFileEntry@500001f2)
	name		50001752
	extra		50001d22
	this$0		5000033d
ARR 50000342 (sz=48, trace=307668, nelems=0, elem type=char[])
OBJ 50000343 (sz=24, trace=307676, class=java.lang.String@5000008d)
OBJ 50000344 (sz=32, trace=300446, class=java.lang.ref.Finalizer@5000006b)
	referent	50000345
	queue		500015b6
	next		50000337
	prev		5000036d
OBJ 50000345 (sz=40, trace=300593, class=java.util.zip.Inflater@500001fb)
	buf		5000034a
ARR 50000346 (sz=16, trace=307677, nelems=0, elem type=char[])
OBJ 50000347 (sz=48, trace=300147, class=java.nio.HeapCharBuffer@50000102)
OBJ 50000348 (sz=16, trace=307667, class=java.lang.StringBuffer@50000088)
ARR 50000349 (sz=48, trace=307668, nelems=0, elem type=char[])
ARR 5000034a (sz=40, trace=300605, nelems=0, elem type=byte[])
OBJ 5000034b (sz=24, trace=307676, class=java.lang.String@5000008d)
OBJ 5000034c (sz=24, trace=304948, class=java.lang.String@5000008d)
	value		5000034d
ARR 5000034d (sz=80, trace=304949, nelems=0, elem type=char[])
OBJ 5000034e (sz=56, trace=304956, class=java.net.URL@5000004f)
	protocol	5000171e
	host		5000171d
	file		5000034c
	authority	5000171d
	path		5000034c
	handler		5000171b
OBJ 5000034f (sz=24, trace=300519, class=java.util.HashMap$Entry@5000004c)
	key		50001cda
	value		50000327
	next		500004a8
ARR 50000350 (sz=40, trace=307677, nelems=0, elem type=char[])
OBJ 50000351 (sz=16, trace=307667, class=java.lang.StringBuffer@50000088)
ARR 50000352 (sz=48, trace=307668, nelems=0, elem type=char[])
ARR 50000353 (sz=80, trace=307683, nelems=0, elem type=char[])
ARR 50000354 (sz=152, trace=307683, nelems=0, elem type=char[])
ARR 50000355 (sz=296, trace=307683, nelems=0, elem type=char[])
ARR 50000356 (sz=584, trace=307683, nelems=0, elem type=char[])
OBJ 50000357 (sz=24, trace=307676, class=java.lang.String@5000008d)
ARR 50000358 (sz=488, trace=307677, nelems=0, elem type=char[])
OBJ 50000359 (sz=24, trace=300280, class=java.lang.String@5000008d)
	value		5000035a
ARR 5000035a (sz=192, trace=300281, nelems=0, elem type=char[])
OBJ 5000035b (sz=56, trace=300284, class=java.net.URL@5000004f)
	protocol	5000174a
	host		5000171d
	file		50000359
	authority	5000171d
	path		50000359
	handler		50001ccf
OBJ 5000035c (sz=48, trace=300147, class=java.nio.HeapCharBuffer@50000102)
OBJ 5000035d (sz=32, trace=300308, class=sun.misc.URLClassPath$JarLoader@5000013c)
	base		5000035b
	jar		50000373
	csu		50001cdb
	handler		50001ccf
	lmap		50001cd0
OBJ 5000035e (sz=16, trace=307667, class=java.lang.StringBuffer@50000088)
ARR 5000035f (sz=48, trace=307668, nelems=0, elem type=char[])
OBJ 50000360 (sz=24, trace=307676, class=java.lang.String@5000008d)
OBJ 50000361 (sz=24, trace=305011, class=java.lang.String@5000008d)
	value		50000362
ARR 50000362 (sz=88, trace=305012, nelems=0, elem type=char[])
OBJ 50000363 (sz=24, trace=305015, class=java.io.ExpiringCache$Entry@50000037)
	val		500017e3
OBJ 50000364 (sz=32, trace=302146, class=java.util.LinkedHashMap$Entry@50000067)
	key		50000361
	value		50000363
	before		5000033a
	after		5000038a
ARR 50000365 (sz=272, trace=305018, nelems=63, elem type=java.util.HashMap$Entry[]@5000004d)
	[4]		500003ec
	[8]		50001776
	[9]		50001780
	[10]		50001781
	[16]		5000038a
	[17]		50001782
	[20]		50001783
	[21]		50001784
	[22]		50001785
	[25]		50001786
	[28]		50001787
	[29]		50000313
	[31]		50001788
	[32]		500003d3
	[41]		50001789
	[42]		5000178a
	[43]		5000033a
	[44]		50001790
	[46]		500003b1
	[57]		50000364
	[58]		50001791
	[62]		50001792
ARR 50000366 (sz=32, trace=307677, nelems=0, elem type=char[])
OBJ 50000367 (sz=16, trace=307667, class=java.lang.StringBuffer@50000088)
ARR 50000368 (sz=48, trace=307668, nelems=0, elem type=char[])
ARR 50000369 (sz=80, trace=307683, nelems=0, elem type=char[])
OBJ 5000036a (sz=24, trace=307676, class=java.lang.String@5000008d)
ARR 5000036b (sz=80, trace=307677, nelems=0, elem type=char[])
OBJ 5000036c (sz=48, trace=300147, class=java.nio.HeapCharBuffer@50000102)
OBJ 5000036d (sz=32, trace=300446, class=java.lang.ref.Finalizer@5000006b)
	referent	50000373
	queue		500015b6
	next		50000344
	prev		5000037a
OBJ 5000036e (sz=16, trace=307667, class=java.lang.StringBuffer@50000088)
OBJ 5000036f (sz=24, trace=304948, class=java.lang.String@5000008d)
	value		50000370
ARR 50000370 (sz=88, trace=304949, nelems=0, elem type=char[])
OBJ 50000371 (sz=24, trace=300355, class=java.lang.String@5000008d)
	value		50000372
ARR 50000372 (sz=176, trace=300356, nelems=0, elem type=char[])
OBJ 50000373 (sz=64, trace=300463, class=java.util.jar.JarFile@5000015b)
	name		50000371
	inflaters	50000374
	manEntry	50000377
OBJ 50000374 (sz=24, trace=300464, class=java.util.Vector@50000077)
	elementData	50000375
ARR 50000375 (sz=56, trace=300467, nelems=1, elem type=java.lang.Object[]@50000013)
	[0]		5000037b
OBJ 50000376 (sz=56, trace=304956, class=java.net.URL@5000004f)
	protocol	5000171e
	host		5000171d
	file		5000036f
	authority	5000171d
	path		5000036f
	handler		5000171b
OBJ 50000377 (sz=96, trace=300549, class=java.util.jar.JarFile$JarFileEntry@500001f2)
	name		50001752
	this$0		50000373
ARR 50000378 (sz=48, trace=307668, nelems=0, elem type=char[])
ARR 50000379 (sz=80, trace=307683, nelems=0, elem type=char[])
OBJ 5000037a (sz=32, trace=300446, class=java.lang.ref.Finalizer@5000006b)
	referent	5000037b
	queue		500015b6
	next		5000036d
	prev		500003a2
OBJ 5000037b (sz=40, trace=300593, class=java.util.zip.Inflater@500001fb)
	buf		50000380
OBJ 5000037c (sz=24, trace=307676, class=java.lang.String@5000008d)
ARR 5000037d (sz=56, trace=307677, nelems=0, elem type=char[])
OBJ 5000037e (sz=16, trace=307667, class=java.lang.StringBuffer@50000088)
ARR 5000037f (sz=48, trace=307668, nelems=0, elem type=char[])
ARR 50000380 (sz=232, trace=300605, nelems=0, elem type=byte[])
OBJ 50000381 (sz=24, trace=307676, class=java.lang.String@5000008d)
ARR 50000382 (sz=16, trace=307677, nelems=0, elem type=char[])
OBJ 50000383 (sz=48, trace=300147, class=java.nio.HeapCharBuffer@50000102)
OBJ 50000384 (sz=16, trace=307667, class=java.lang.StringBuffer@50000088)
OBJ 50000385 (sz=24, trace=300519, class=java.util.HashMap$Entry@5000004c)
	key		50001cdb
	value		5000035d
ARR 50000386 (sz=48, trace=307668, nelems=0, elem type=char[])
OBJ 50000387 (sz=24, trace=305011, class=java.lang.String@5000008d)
	value		50000388
ARR 50000388 (sz=80, trace=305012, nelems=0, elem type=char[])
OBJ 50000389 (sz=24, trace=305015, class=java.io.ExpiringCache$Entry@50000037)
	val		500017e1
OBJ 5000038a (sz=32, trace=302146, class=java.util.LinkedHashMap$Entry@50000067)
	key		50000387
	value		50000389
	before		50000364
	after		500003b1
OBJ 5000038b (sz=24, trace=307676, class=java.lang.String@5000008d)
ARR 5000038c (sz=40, trace=307677, nelems=0, elem type=char[])
OBJ 5000038d (sz=16, trace=307667, class=java.lang.StringBuffer@50000088)
ARR 5000038e (sz=48, trace=307668, nelems=0, elem type=char[])
OBJ 5000038f (sz=24, trace=300280, class=java.lang.String@5000008d)
	value		50000390
ARR 50000390 (sz=168, trace=300281, nelems=0, elem type=char[])
OBJ 50000391 (sz=56, trace=300284, class=java.net.URL@5000004f)
	protocol	5000174a
	host		5000171d
	file		5000038f
	authority	5000171d
	path		5000038f
	handler		50001ccf
ARR 50000392 (sz=80, trace=307683, nelems=0, elem type=char[])
OBJ 50000393 (sz=32, trace=300308, class=sun.misc.URLClassPath$JarLoader@5000013c)
	base		50000391
	jar		500003a8
	csu		50001c37
	handler		50001ccf
	lmap		50001cd0
ARR 50000394 (sz=152, trace=307683, nelems=0, elem type=char[])
OBJ 50000395 (sz=24, trace=307676, class=java.lang.String@5000008d)
ARR 50000396 (sz=136, trace=307677, nelems=0, elem type=char[])
OBJ 50000397 (sz=24, trace=304948, class=java.lang.String@5000008d)
	value		50000398
ARR 50000398 (sz=80, trace=304949, nelems=0, elem type=char[])
OBJ 50000399 (sz=56, trace=304956, class=java.net.URL@5000004f)
	protocol	5000171e
	host		5000171d
	file		50000397
	authority	5000171d
	path		50000397
	handler		5000171b
OBJ 5000039a (sz=48, trace=300147, class=java.nio.HeapCharBuffer@50000102)
OBJ 5000039b (sz=16, trace=307667, class=java.lang.StringBuffer@50000088)
ARR 5000039c (sz=48, trace=307668, nelems=0, elem type=char[])
ARR 5000039d (sz=80, trace=307683, nelems=0, elem type=char[])
OBJ 5000039e (sz=24, trace=307676, class=java.lang.String@5000008d)
ARR 5000039f (sz=48, trace=307677, nelems=0, elem type=char[])
OBJ 500003a0 (sz=16, trace=307667, class=java.lang.StringBuffer@50000088)
ARR 500003a1 (sz=48, trace=307668, nelems=0, elem type=char[])
OBJ 500003a2 (sz=32, trace=300446, class=java.lang.ref.Finalizer@5000006b)
	referent	500003a8
	queue		500015b6
	next		5000037a
	prev		500003af
ARR 500003a3 (sz=80, trace=307683, nelems=0, elem type=char[])
OBJ 500003a4 (sz=24, trace=307676, class=java.lang.String@5000008d)
ARR 500003a5 (sz=56, trace=307677, nelems=0, elem type=char[])
OBJ 500003a6 (sz=24, trace=300355, class=java.lang.String@5000008d)
	value		500003a7
ARR 500003a7 (sz=152, trace=300356, nelems=0, elem type=char[])
OBJ 500003a8 (sz=64, trace=300463, class=java.util.jar.JarFile@5000015b)
	name		500003a6
	inflaters	500003a9
	man		50000aeb
	manEntry	500003ac
OBJ 500003a9 (sz=24, trace=300464, class=java.util.Vector@50000077)
	elementData	500003aa
ARR 500003aa (sz=56, trace=300467, nelems=1, elem type=java.lang.Object[]@50000013)
	[0]		500003b0
OBJ 500003ab (sz=24, trace=305011, class=java.lang.String@5000008d)
	value		500003ad
OBJ 500003ac (sz=96, trace=300549, class=java.util.jar.JarFile$JarFileEntry@500001f2)
	name		50001752
	this$0		500003a8
ARR 500003ad (sz=72, trace=305012, nelems=0, elem type=char[])
OBJ 500003ae (sz=24, trace=305015, class=java.io.ExpiringCache$Entry@50000037)
	val		500017df
OBJ 500003af (sz=32, trace=300446, class=java.lang.ref.Finalizer@5000006b)
	referent	500003b0
	queue		500015b6
	next		500003a2
	prev		500003d8
OBJ 500003b0 (sz=40, trace=300593, class=java.util.zip.Inflater@500001fb)
	buf		50001584
OBJ 500003b1 (sz=32, trace=302146, class=java.util.LinkedHashMap$Entry@50000067)
	key		500003ab
	value		500003ae
	before		5000038a
	after		500003d3
OBJ 500003b2 (sz=48, trace=300147, class=java.nio.HeapCharBuffer@50000102)
OBJ 500003b3 (sz=16, trace=307667, class=java.lang.StringBuffer@50000088)
ARR 500003b4 (sz=48, trace=307668, nelems=0, elem type=char[])
OBJ 500003b5 (sz=24, trace=307676, class=java.lang.String@5000008d)
ARR 500003b6 (sz=40, trace=307677, nelems=0, elem type=char[])
OBJ 500003b7 (sz=16, trace=307667, class=java.lang.StringBuffer@50000088)
ARR 500003b8 (sz=48, trace=307668, nelems=0, elem type=char[])
ARR 500003b9 (sz=80, trace=307683, nelems=0, elem type=char[])
OBJ 500003ba (sz=24, trace=300519, class=java.util.HashMap$Entry@5000004c)
	key		50001c37
	value		50000393
OBJ 500003bb (sz=24, trace=304948, class=java.lang.String@5000008d)
	value		500003bc
ARR 500003bc (sz=80, trace=304949, nelems=0, elem type=char[])
OBJ 500003bd (sz=56, trace=304956, class=java.net.URL@5000004f)
	protocol	5000171e
	host		5000171d
	file		500003bb
	authority	5000171d
	path		500003bb
	handler		5000171b
OBJ 500003be (sz=24, trace=307676, class=java.lang.String@5000008d)
ARR 500003bf (sz=64, trace=307677, nelems=0, elem type=char[])
OBJ 500003c1 (sz=48, trace=300147, class=java.nio.HeapCharBuffer@50000102)
OBJ 500003c2 (sz=16, trace=307667, class=java.lang.StringBuffer@50000088)
ARR 500003c3 (sz=48, trace=307668, nelems=0, elem type=char[])
OBJ 500003c4 (sz=24, trace=300280, class=java.lang.String@5000008d)
	value		500003c5
ARR 500003c5 (sz=184, trace=300281, nelems=0, elem type=char[])
OBJ 500003c6 (sz=56, trace=300284, class=java.net.URL@5000004f)
	protocol	5000174a
	host		5000171d
	file		500003c4
	authority	5000171d
	path		500003c4
	handler		50001ccf
OBJ 500003c7 (sz=24, trace=307676, class=java.lang.String@5000008d)
OBJ 500003c8 (sz=32, trace=300308, class=sun.misc.URLClassPath$JarLoader@5000013c)
	base		500003c6
	jar		500003de
	csu		50001cdc
	handler		50001ccf
	lmap		50001cd0
ARR 500003c9 (sz=48, trace=307677, nelems=0, elem type=char[])
OBJ 500003ca (sz=16, trace=307667, class=java.lang.StringBuffer@50000088)
ARR 500003cb (sz=48, trace=307668, nelems=0, elem type=char[])
ARR 500003cc (sz=80, trace=307683, nelems=0, elem type=char[])
ARR 500003cd (sz=152, trace=307683, nelems=0, elem type=char[])
OBJ 500003ce (sz=24, trace=307676, class=java.lang.String@5000008d)
ARR 500003cf (sz=136, trace=307677, nelems=0, elem type=char[])
OBJ 500003d0 (sz=24, trace=305011, class=java.lang.String@5000008d)
	value		500003d1
ARR 500003d1 (sz=88, trace=305012, nelems=0, elem type=char[])
OBJ 500003d2 (sz=24, trace=305015, class=java.io.ExpiringCache$Entry@50000037)
	val		500017dd
OBJ 500003d3 (sz=32, trace=302146, class=java.util.LinkedHashMap$Entry@50000067)
	key		500003d0
	value		500003d2
	before		500003b1
	after		500003ec
OBJ 500003d4 (sz=48, trace=300147, class=java.nio.HeapCharBuffer@50000102)
OBJ 500003d5 (sz=16, trace=307667, class=java.lang.StringBuffer@50000088)
ARR 500003d6 (sz=48, trace=307668, nelems=0, elem type=char[])
OBJ 500003d7 (sz=24, trace=307676, class=java.lang.String@5000008d)
OBJ 500003d8 (sz=32, trace=300446, class=java.lang.ref.Finalizer@5000006b)
	referent	500003de
	queue		500015b6
	next		500003af
	prev		500003e5
ARR 500003d9 (sz=40, trace=307677, nelems=0, elem type=char[])
OBJ 500003da (sz=16, trace=307667, class=java.lang.StringBuffer@50000088)
ARR 500003db (sz=48, trace=307668, nelems=0, elem type=char[])
OBJ 500003dc (sz=24, trace=300355, class=java.lang.String@5000008d)
	value		500003dd
ARR 500003dd (sz=168, trace=300356, nelems=0, elem type=char[])
OBJ 500003de (sz=64, trace=300463, class=java.util.jar.JarFile@5000015b)
	name		500003dc
	inflaters	500003df
	manEntry	500003e2
OBJ 500003df (sz=24, trace=300464, class=java.util.Vector@50000077)
	elementData	500003e0
ARR 500003e0 (sz=56, trace=300467, nelems=1, elem type=java.lang.Object[]@50000013)
	[0]		500003e6
OBJ 500003e1 (sz=24, trace=307676, class=java.lang.String@5000008d)
OBJ 500003e2 (sz=96, trace=300549, class=java.util.jar.JarFile$JarFileEntry@500001f2)
	name		50001752
	this$0		500003de
OBJ 500003e3 (sz=24, trace=304948, class=java.lang.String@5000008d)
	value		500003e4
ARR 500003e4 (sz=88, trace=304949, nelems=0, elem type=char[])
OBJ 500003e5 (sz=32, trace=300446, class=java.lang.ref.Finalizer@5000006b)
	referent	500003e6
	queue		500015b6
	next		500003d8
	prev		5000040e
OBJ 500003e6 (sz=40, trace=300593, class=java.util.zip.Inflater@500001fb)
	buf		500003eb
OBJ 500003e7 (sz=56, trace=304956, class=java.net.URL@5000004f)
	protocol	5000171e
	host		5000171d
	file		500003e3
	authority	5000171d
	path		500003e3
	handler		5000171b
ARR 500003e8 (sz=16, trace=307677, nelems=0, elem type=char[])
OBJ 500003e9 (sz=48, trace=300147, class=java.nio.HeapCharBuffer@50000102)
OBJ 500003ea (sz=24, trace=304882, class=java.io.ExpiringCache$Entry@50000037)
	val		500017db
ARR 500003eb (sz=208, trace=300605, nelems=0, elem type=byte[])
OBJ 500003ec (sz=32, trace=302146, class=java.util.LinkedHashMap$Entry@50000067)
	key		5000030c
	value		500003ea
	next		500017d0
	before		500003d3
	after		50001775
OBJ 500003ed (sz=16, trace=307667, class=java.lang.StringBuffer@50000088)
ARR 500003ee (sz=48, trace=307668, nelems=0, elem type=char[])
OBJ 500003ef (sz=24, trace=307676, class=java.lang.String@5000008d)
OBJ 500003f0 (sz=24, trace=300519, class=java.util.HashMap$Entry@5000004c)
	key		50001cdc
	value		500003c8
ARR 500003f1 (sz=48, trace=307677, nelems=0, elem type=char[])
OBJ 500003f2 (sz=16, trace=307667, class=java.lang.StringBuffer@50000088)
ARR 500003f3 (sz=48, trace=307668, nelems=0, elem type=char[])
OBJ 500003f4 (sz=24, trace=307676, class=java.lang.String@5000008d)
ARR 500003f5 (sz=24, trace=307677, nelems=0, elem type=char[])
OBJ 500003f6 (sz=48, trace=300147, class=java.nio.HeapCharBuffer@50000102)
OBJ 500003f7 (sz=16, trace=307667, class=java.lang.StringBuffer@50000088)
OBJ 500003f8 (sz=24, trace=304948, class=java.lang.String@5000008d)
	value		500003f9
ARR 500003f9 (sz=72, trace=304949, nelems=0, elem type=char[])
OBJ 500003fa (sz=24, trace=300280, class=java.lang.String@5000008d)
	value		500003fb
ARR 500003fb (sz=176, trace=300281, nelems=0, elem type=char[])
OBJ 500003fc (sz=56, trace=300284, class=java.net.URL@5000004f)
	protocol	5000174a
	host		5000171d
	file		500003fa
	authority	5000171d
	path		500003fa
	handler		50001ccf
OBJ 500003fd (sz=56, trace=304956, class=java.net.URL@5000004f)
	protocol	5000171e
	host		5000171d
	file		500003f8
	authority	5000171d
	path		500003f8
	handler		5000171b
OBJ 500003fe (sz=32, trace=300308, class=sun.misc.URLClassPath$JarLoader@5000013c)
	base		500003fc
	jar		50000414
	csu		50001cdd
	handler		50001ccf
	lmap		50001cd0
ARR 500003ff (sz=48, trace=307668, nelems=0, elem type=char[])
OBJ 50000400 (sz=32, trace=305023, class=sun.misc.URLClassPath@500000b7)
	path		50000401
	urls		50000403
	loaders		50000405
	lmap		50000407
	jarHandler	5000040f
OBJ 50000401 (sz=24, trace=301331, class=java.util.ArrayList@5000009d)
	elementData	50000402
ARR 50000402 (sz=56, trace=305025, nelems=7, elem type=java.lang.Object[]@50000013)
	[0]		50000328
	[1]		5000034e
	[2]		50000376
	[3]		50000399
	[4]		500003bd
	[5]		500003e7
	[6]		500003fd
OBJ 50000403 (sz=24, trace=300464, class=java.util.Stack@500000f6)
	elementData	50000404
ARR 50000404 (sz=56, trace=305028, nelems=0, elem type=java.lang.Object[]@50000013)
OBJ 50000405 (sz=24, trace=301331, class=java.util.ArrayList@5000009d)
	elementData	50000406
ARR 50000406 (sz=56, trace=305033, nelems=4, elem type=java.lang.Object[]@50000013)
	[0]		50000427
	[1]		500004b1
	[2]		500004e5
	[3]		500005fb
OBJ 50000407 (sz=40, trace=305034, class=java.util.HashMap@50000096)
	table		50000408
ARR 50000408 (sz=80, trace=305036, nelems=14, elem type=java.util.HashMap$Entry[]@5000004d)
	[2]		50000549
	[5]		50000838
	[13]		50000445
ARR 50000409 (sz=80, trace=307683, nelems=0, elem type=char[])
OBJ 5000040a (sz=24, trace=307676, class=java.lang.String@5000008d)
ARR 5000040b (sz=48, trace=307677, nelems=0, elem type=char[])
OBJ 5000040c (sz=16, trace=307667, class=java.lang.StringBuffer@50000088)
ARR 5000040d (sz=48, trace=307668, nelems=0, elem type=char[])
OBJ 5000040e (sz=32, trace=300446, class=java.lang.ref.Finalizer@5000006b)
	referent	50000414
	queue		500015b6
	next		500003e5
	prev		5000041b
OBJ 5000040f (sz=8, trace=305064, class=sun.net.www.protocol.jar.Handler@5000002d)
OBJ 50000410 (sz=24, trace=307676, class=java.lang.String@5000008d)
ARR 50000411 (sz=24, trace=307677, nelems=0, elem type=char[])
OBJ 50000412 (sz=24, trace=300355, class=java.lang.String@5000008d)
	value		50000413
ARR 50000413 (sz=160, trace=300356, nelems=0, elem type=char[])
OBJ 50000414 (sz=64, trace=300463, class=java.util.jar.JarFile@5000015b)
	name		50000412
	inflaters	50000415
	manEntry	50000418
OBJ 50000415 (sz=24, trace=300464, class=java.util.Vector@50000077)
	elementData	50000416
ARR 50000416 (sz=56, trace=300467, nelems=1, elem type=java.lang.Object[]@50000013)
	[0]		5000041c
OBJ 50000417 (sz=48, trace=300147, class=java.nio.HeapCharBuffer@50000102)
OBJ 50000418 (sz=96, trace=300549, class=java.util.jar.JarFile$JarFileEntry@500001f2)
	name		50001752
	this$0		50000414
OBJ 50000419 (sz=16, trace=307667, class=java.lang.StringBuffer@50000088)
ARR 5000041a (sz=48, trace=307668, nelems=0, elem type=char[])
OBJ 5000041b (sz=32, trace=300446, class=java.lang.ref.Finalizer@5000006b)
	referent	5000041c
	queue		500015b6
	next		5000040e
	prev		5000046b
OBJ 5000041c (sz=40, trace=300593, class=java.util.zip.Inflater@500001fb)
	buf		50000421
OBJ 5000041d (sz=24, trace=307676, class=java.lang.String@5000008d)
ARR 5000041e (sz=40, trace=307677, nelems=0, elem type=char[])
OBJ 5000041f (sz=16, trace=307667, class=java.lang.StringBuffer@50000088)
ARR 50000420 (sz=48, trace=307668, nelems=0, elem type=char[])
ARR 50000421 (sz=72, trace=300605, nelems=0, elem type=byte[])
OBJ 50000422 (sz=24, trace=300280, class=java.lang.String@5000008d)
	value		50000423
ARR 50000423 (sz=88, trace=300281, nelems=0, elem type=char[])
OBJ 50000424 (sz=56, trace=300284, class=java.net.URL@5000004f)
	protocol	5000174a
	host		5000171d
	file		50000422
	authority	5000171d
	path		50000422
	handler		5000040f
OBJ 50000425 (sz=24, trace=307676, class=java.lang.String@5000008d)
OBJ 50000426 (sz=24, trace=300519, class=java.util.HashMap$Entry@5000004c)
	key		50001cdd
	value		500003fe
OBJ 50000427 (sz=32, trace=300308, class=sun.misc.URLClassPath$JarLoader@5000013c)
	base		50000424
	jar		50000442
	csu		50000328
	handler		5000040f
	lmap		50000407
OBJ 50000428 (sz=16, trace=300667, class=sun.misc.URLClassPath$FileLoader@50000219)
	base		50001c89
	dir		50000431
ARR 50000429 (sz=16, trace=307677, nelems=0, elem type=char[])
OBJ 5000042a (sz=48, trace=300147, class=java.nio.HeapCharBuffer@50000102)
OBJ 5000042b (sz=16, trace=307667, class=java.lang.StringBuffer@50000088)
ARR 5000042c (sz=48, trace=307668, nelems=0, elem type=char[])
ARR 5000042d (sz=80, trace=307683, nelems=0, elem type=char[])
OBJ 5000042e (sz=24, trace=307676, class=java.lang.String@5000008d)
ARR 5000042f (sz=64, trace=307677, nelems=0, elem type=char[])
OBJ 50000430 (sz=16, trace=307667, class=java.lang.StringBuffer@50000088)
OBJ 50000431 (sz=16, trace=300689, class=java.io.File@50000051)
	path		50000434
ARR 50000432 (sz=48, trace=307668, nelems=0, elem type=char[])
ARR 50000433 (sz=80, trace=307683, nelems=0, elem type=char[])
OBJ 50000434 (sz=24, trace=300355, class=java.lang.String@5000008d)
	value		50000435
ARR 50000435 (sz=144, trace=300356, nelems=0, elem type=char[])
ARR 50000436 (sz=80, trace=300810, nelems=16, elem type=java.lang.Object[]@50000013)
	[0]		5000021a
	[1]		50000250
	[2]		50000285
	[3]		500002bb
	[4]		500002f1
	[5]		50000327
	[6]		5000035d
	[7]		50000393
	[8]		500003c8
	[9]		500003fe
	[10]		50000428
	[11]		5000045d
	[12]		50000482
	[13]		500004b7
	[14]		500004ec
	[15]		50000520
OBJ 50000437 (sz=24, trace=300519, class=java.util.HashMap$Entry@5000004c)
	key		50001c89
	value		50000428
OBJ 50000438 (sz=24, trace=307676, class=java.lang.String@5000008d)
ARR 50000439 (sz=80, trace=307677, nelems=0, elem type=char[])
OBJ 5000043a (sz=48, trace=300147, class=java.nio.HeapCharBuffer@50000102)
OBJ 5000043b (sz=32, trace=300446, class=java.lang.ref.Finalizer@5000006b)
	referent	50000442
	queue		500015b6
	next		500013f5
	prev		500004c3
OBJ 5000043c (sz=24, trace=300922, class=java.lang.String@5000008d)
	value		50001bdb
OBJ 5000043d (sz=16, trace=307667, class=java.lang.StringBuffer@50000088)
ARR 5000043e (sz=48, trace=307668, nelems=0, elem type=char[])
OBJ 5000043f (sz=24, trace=307676, class=java.lang.String@5000008d)
OBJ 50000440 (sz=24, trace=300355, class=java.lang.String@5000008d)
	value		50000441
ARR 50000441 (sz=72, trace=300356, nelems=0, elem type=char[])
OBJ 50000442 (sz=64, trace=300463, class=java.util.jar.JarFile@5000015b)
	name		50000440
	inflaters	50000443
OBJ 50000443 (sz=24, trace=300464, class=java.util.Vector@50000077)
	elementData	50000444
ARR 50000444 (sz=56, trace=300467, nelems=0, elem type=java.lang.Object[]@50000013)
OBJ 50000445 (sz=24, trace=300519, class=java.util.HashMap$Entry@5000004c)
	key		50000328
	value		50000427
ARR 50000446 (sz=40, trace=307677, nelems=0, elem type=char[])
OBJ 50000447 (sz=16, trace=307667, class=java.lang.StringBuffer@50000088)
ARR 50000448 (sz=48, trace=307668, nelems=0, elem type=char[])
OBJ 50000449 (sz=48, trace=301380, class=java.lang.Package@50000563)
	pkgName		5000043c
	loader		5000159b
OBJ 5000044a (sz=24, trace=301386, class=java.util.HashMap$Entry@5000004c)
	key		5000043c
	value		50000449
	next		500001da
OBJ 5000044b (sz=24, trace=307676, class=java.lang.String@5000008d)
ARR 5000044c (sz=32, trace=307677, nelems=0, elem type=char[])
OBJ 5000044d (sz=48, trace=300147, class=java.nio.HeapCharBuffer@50000102)
OBJ 5000044e (sz=16, trace=307667, class=java.lang.StringBuffer@50000088)
ARR 5000044f (sz=48, trace=307668, nelems=0, elem type=char[])
OBJ 50000450 (sz=24, trace=307676, class=java.lang.String@5000008d)
ARR 50000451 (sz=40, trace=307677, nelems=0, elem type=char[])
OBJ 50000452 (sz=24, trace=302838, class=java.lang.String@5000008d)
	value		50001bdb
OBJ 50000453 (sz=24, trace=302847, class=java.util.Hashtable$Entry@50000038)
	key		50000452
	value		50000a97
	next		50000138
OBJ 50000454 (sz=16, trace=307667, class=java.lang.StringBuffer@50000088)
ARR 50000455 (sz=48, trace=307668, nelems=0, elem type=char[])
ARR 50000456 (sz=80, trace=307683, nelems=0, elem type=char[])
OBJ 50000457 (sz=24, trace=307676, class=java.lang.String@5000008d)
OBJ 50000459 (sz=24, trace=300280, class=java.lang.String@5000008d)
	value		5000045a
ARR 5000045a (sz=80, trace=300281, nelems=0, elem type=char[])
OBJ 5000045b (sz=56, trace=300284, class=java.net.URL@5000004f)
	protocol	5000174a
	host		5000171d
	file		50000459
	authority	5000171d
	path		50000459
	handler		50001ccf
ARR 5000045c (sz=64, trace=307677, nelems=0, elem type=char[])
OBJ 5000045d (sz=32, trace=300308, class=sun.misc.URLClassPath$JarLoader@5000013c)
	base		5000045b
	jar		50000471
	csu		50001cde
	handler		50001ccf
	lmap		50001cd0
OBJ 5000045e (sz=48, trace=300147, class=java.nio.HeapCharBuffer@50000102)
OBJ 5000045f (sz=24, trace=303020, class=java.lang.String@5000008d)
	value		5000027f
OBJ 50000460 (sz=16, trace=307667, class=java.lang.StringBuffer@50000088)
ARR 50000461 (sz=48, trace=307668, nelems=0, elem type=char[])
OBJ 50000462 (sz=24, trace=307676, class=java.lang.String@5000008d)
ARR 50000463 (sz=40, trace=307677, nelems=0, elem type=char[])
OBJ 50000464 (sz=16, trace=307667, class=java.lang.StringBuffer@50000088)
ARR 50000465 (sz=48, trace=307668, nelems=0, elem type=char[])
ARR 50000466 (sz=80, trace=307683, nelems=0, elem type=char[])
ARR 50000467 (sz=152, trace=307683, nelems=0, elem type=char[])
OBJ 50000468 (sz=24, trace=307676, class=java.lang.String@5000008d)
ARR 50000469 (sz=136, trace=307677, nelems=0, elem type=char[])
OBJ 5000046a (sz=48, trace=300147, class=java.nio.HeapCharBuffer@50000102)
OBJ 5000046b (sz=32, trace=300446, class=java.lang.ref.Finalizer@5000006b)
	referent	50000471
	queue		500015b6
	next		5000041b
	prev		50000490
OBJ 5000046c (sz=16, trace=307667, class=java.lang.StringBuffer@50000088)
ARR 5000046e (sz=48, trace=307668, nelems=0, elem type=char[])
OBJ 5000046f (sz=24, trace=300355, class=java.lang.String@5000008d)
	value		50000470
ARR 50000470 (sz=64, trace=300356, nelems=0, elem type=char[])
OBJ 50000471 (sz=64, trace=300463, class=java.util.jar.JarFile@5000015b)
	name		5000046f
	inflaters	50000472
OBJ 50000472 (sz=24, trace=300464, class=java.util.Vector@50000077)
	elementData	50000473
ARR 50000473 (sz=56, trace=300467, nelems=0, elem type=java.lang.Object[]@50000013)
OBJ 50000474 (sz=24, trace=300519, class=java.util.HashMap$Entry@5000004c)
	key		50001cde
	value		5000045d
ARR 50000475 (sz=80, trace=307683, nelems=0, elem type=char[])
OBJ 50000476 (sz=24, trace=307676, class=java.lang.String@5000008d)
ARR 50000477 (sz=48, trace=307677, nelems=0, elem type=char[])
OBJ 50000478 (sz=16, trace=307667, class=java.lang.StringBuffer@50000088)
ARR 50000479 (sz=48, trace=307668, nelems=0, elem type=char[])
OBJ 5000047a (sz=24, trace=307676, class=java.lang.String@5000008d)
ARR 5000047b (sz=24, trace=307677, nelems=0, elem type=char[])
OBJ 5000047c (sz=48, trace=300147, class=java.nio.HeapCharBuffer@50000102)
OBJ 5000047d (sz=16, trace=307667, class=java.lang.StringBuffer@50000088)
OBJ 5000047e (sz=24, trace=300280, class=java.lang.String@5000008d)
	value		5000047f
ARR 5000047f (sz=96, trace=300281, nelems=0, elem type=char[])
OBJ 50000480 (sz=56, trace=300284, class=java.net.URL@5000004f)
	protocol	5000174a
	host		5000171d
	file		5000047e
	authority	5000171d
	path		5000047e
	handler		50001ccf
ARR 50000481 (sz=48, trace=307668, nelems=0, elem type=char[])
OBJ 50000482 (sz=32, trace=300308, class=sun.misc.URLClassPath$JarLoader@5000013c)
	base		50000480
	jar		50000496
	csu		50001cdf
	handler		50001ccf
	lmap		50001cd0
OBJ 50000483 (sz=24, trace=307676, class=java.lang.String@5000008d)
ARR 50000484 (sz=48, trace=307677, nelems=0, elem type=char[])
OBJ 50000485 (sz=16, trace=307667, class=java.lang.StringBuffer@50000088)
ARR 50000486 (sz=48, trace=307668, nelems=0, elem type=char[])
ARR 50000487 (sz=80, trace=307683, nelems=0, elem type=char[])
ARR 50000488 (sz=152, trace=307683, nelems=0, elem type=char[])
ARR 50000489 (sz=296, trace=307683, nelems=0, elem type=char[])
OBJ 5000048a (sz=24, trace=307676, class=java.lang.String@5000008d)
ARR 5000048b (sz=200, trace=307677, nelems=0, elem type=char[])
OBJ 5000048c (sz=48, trace=300147, class=java.nio.HeapCharBuffer@50000102)
OBJ 5000048d (sz=16, trace=307667, class=java.lang.StringBuffer@50000088)
ARR 5000048e (sz=48, trace=307668, nelems=0, elem type=char[])
ARR 5000048f (sz=80, trace=307683, nelems=0, elem type=char[])
OBJ 50000490 (sz=32, trace=300446, class=java.lang.ref.Finalizer@5000006b)
	referent	50000496
	queue		500015b6
	next		5000046b
	prev		5000049d
ARR 50000491 (sz=152, trace=307683, nelems=0, elem type=char[])
OBJ 50000492 (sz=24, trace=307676, class=java.lang.String@5000008d)
ARR 50000493 (sz=88, trace=307677, nelems=0, elem type=char[])
OBJ 50000494 (sz=24, trace=300355, class=java.lang.String@5000008d)
	value		50000495
ARR 50000495 (sz=80, trace=300356, nelems=0, elem type=char[])
OBJ 50000496 (sz=64, trace=300463, class=java.util.jar.JarFile@5000015b)
	name		50000494
	inflaters	50000497
	manEntry	5000049a
OBJ 50000497 (sz=24, trace=300464, class=java.util.Vector@50000077)
	elementData	50000498
ARR 50000498 (sz=56, trace=300467, nelems=1, elem type=java.lang.Object[]@50000013)
	[0]		5000049e
OBJ 50000499 (sz=16, trace=307667, class=java.lang.StringBuffer@50000088)
OBJ 5000049a (sz=96, trace=300549, class=java.util.jar.JarFile$JarFileEntry@500001f2)
	name		50001752
	this$0		50000496
ARR 5000049b (sz=48, trace=307668, nelems=0, elem type=char[])
ARR 5000049c (sz=80, trace=307683, nelems=0, elem type=char[])
OBJ 5000049d (sz=32, trace=300446, class=java.lang.ref.Finalizer@5000006b)
	referent	5000049e
	queue		500015b6
	next		50000490
	prev		500004c6
OBJ 5000049e (sz=40, trace=300593, class=java.util.zip.Inflater@500001fb)
	buf		500004a3
ARR 5000049f (sz=152, trace=307683, nelems=0, elem type=char[])
OBJ 500004a0 (sz=24, trace=307676, class=java.lang.String@5000008d)
ARR 500004a1 (sz=128, trace=307677, nelems=0, elem type=char[])
OBJ 500004a2 (sz=48, trace=300147, class=java.nio.HeapCharBuffer@50000102)
ARR 500004a3 (sz=64, trace=300605, nelems=0, elem type=byte[])
OBJ 500004a4 (sz=16, trace=307667, class=java.lang.StringBuffer@50000088)
ARR 500004a5 (sz=48, trace=307668, nelems=0, elem type=char[])
OBJ 500004a6 (sz=24, trace=307676, class=java.lang.String@5000008d)
ARR 500004a7 (sz=40, trace=307677, nelems=0, elem type=char[])
OBJ 500004a8 (sz=24, trace=300519, class=java.util.HashMap$Entry@5000004c)
	key		50001cdf
	value		50000482
ARR 500004a9 (sz=144, trace=300814, nelems=32, elem type=java.util.HashMap$Entry[]@5000004d)
	[2]		50000437
	[4]		50000229
	[6]		50000426
	[7]		50000277
	[10]		500004de
	[12]		50000385
	[19]		50000319
	[20]		5000034f
	[24]		50000547
	[28]		50000512
	[29]		500003f0
	[31]		50000474
OBJ 500004aa (sz=16, trace=307667, class=java.lang.StringBuffer@50000088)
ARR 500004ab (sz=48, trace=307668, nelems=0, elem type=char[])
OBJ 500004ac (sz=24, trace=307676, class=java.lang.String@5000008d)
OBJ 500004ad (sz=24, trace=300280, class=java.lang.String@5000008d)
	value		500004ae
ARR 500004ae (sz=96, trace=300281, nelems=0, elem type=char[])
OBJ 500004af (sz=56, trace=300284, class=java.net.URL@5000004f)
	protocol	5000174a
	host		5000171d
	file		500004ad
	authority	5000171d
	path		500004ad
	handler		5000040f
ARR 500004b0 (sz=16, trace=307677, nelems=0, elem type=char[])
OBJ 500004b1 (sz=32, trace=300308, class=sun.misc.URLClassPath$JarLoader@5000013c)
	base		500004af
	jar		500004cf
	csu		50000399
	handler		5000040f
	lmap		50000407
OBJ 500004b2 (sz=48, trace=300147, class=java.nio.HeapCharBuffer@50000102)
OBJ 500004b3 (sz=24, trace=300280, class=java.lang.String@5000008d)
	value		500004b4
ARR 500004b4 (sz=112, trace=300281, nelems=0, elem type=char[])
OBJ 500004b5 (sz=56, trace=300284, class=java.net.URL@5000004f)
	protocol	5000174a
	host		5000171d
	file		500004b3
	authority	5000171d
	path		500004b3
	handler		50001ccf
OBJ 500004b6 (sz=16, trace=307667, class=java.lang.StringBuffer@50000088)
OBJ 500004b7 (sz=32, trace=300308, class=sun.misc.URLClassPath$JarLoader@5000013c)
	base		500004b5
	jar		500004cc
	csu		50001ce0
	handler		50001ccf
	lmap		50001cd0
ARR 500004b8 (sz=48, trace=307668, nelems=0, elem type=char[])
OBJ 500004b9 (sz=24, trace=307676, class=java.lang.String@5000008d)
ARR 500004ba (sz=32, trace=307677, nelems=0, elem type=char[])
OBJ 500004bb (sz=16, trace=307667, class=java.lang.StringBuffer@50000088)
ARR 500004bc (sz=48, trace=307668, nelems=0, elem type=char[])
ARR 500004bd (sz=80, trace=307683, nelems=0, elem type=char[])
OBJ 500004be (sz=24, trace=307676, class=java.lang.String@5000008d)
ARR 500004bf (sz=48, trace=307677, nelems=0, elem type=char[])
OBJ 500004c0 (sz=48, trace=300147, class=java.nio.HeapCharBuffer@50000102)
OBJ 500004c1 (sz=16, trace=307667, class=java.lang.StringBuffer@50000088)
ARR 500004c2 (sz=48, trace=307668, nelems=0, elem type=char[])
OBJ 500004c3 (sz=32, trace=300446, class=java.lang.ref.Finalizer@5000006b)
	referent	500004cf
	queue		500015b6
	next		5000043b
	prev		5000050d
OBJ 500004c4 (sz=24, trace=307676, class=java.lang.String@5000008d)
ARR 500004c5 (sz=40, trace=307677, nelems=0, elem type=char[])
OBJ 500004c6 (sz=32, trace=300446, class=java.lang.ref.Finalizer@5000006b)
	referent	500004cc
	queue		500015b6
	next		5000049d
	prev		500004d3
OBJ 500004c7 (sz=16, trace=307667, class=java.lang.StringBuffer@50000088)
OBJ 500004c8 (sz=24, trace=300355, class=java.lang.String@5000008d)
	value		500004c9
ARR 500004c9 (sz=80, trace=300356, nelems=0, elem type=char[])
OBJ 500004ca (sz=24, trace=300355, class=java.lang.String@5000008d)
	value		500004cb
ARR 500004cb (sz=96, trace=300356, nelems=0, elem type=char[])
OBJ 500004cc (sz=64, trace=300463, class=java.util.jar.JarFile@5000015b)
	name		500004ca
	inflaters	500004cd
	manEntry	500004d0
OBJ 500004cd (sz=24, trace=300464, class=java.util.Vector@50000077)
	elementData	500004ce
ARR 500004ce (sz=56, trace=300467, nelems=1, elem type=java.lang.Object[]@50000013)
	[0]		500004d4
OBJ 500004cf (sz=64, trace=300463, class=java.util.jar.JarFile@5000015b)
	name		500004c8
	inflaters	500004d1
OBJ 500004d0 (sz=96, trace=300549, class=java.util.jar.JarFile$JarFileEntry@500001f2)
	name		50001752
	this$0		500004cc
OBJ 500004d1 (sz=24, trace=300464, class=java.util.Vector@50000077)
	elementData	500004d2
ARR 500004d2 (sz=56, trace=300467, nelems=0, elem type=java.lang.Object[]@50000013)
OBJ 500004d3 (sz=32, trace=300446, class=java.lang.ref.Finalizer@5000006b)
	referent	500004d4
	queue		500015b6
	next		500004c6
	prev		500004fa
OBJ 500004d4 (sz=40, trace=300593, class=java.util.zip.Inflater@500001fb)
	buf		500004d9
OBJ 500004d5 (sz=24, trace=300519, class=java.util.HashMap$Entry@5000004c)
	key		50000399
	value		500004b1
ARR 500004d6 (sz=48, trace=307668, nelems=0, elem type=char[])
ARR 500004d7 (sz=80, trace=307683, nelems=0, elem type=char[])
ARR 500004d8 (sz=152, trace=307683, nelems=0, elem type=char[])
ARR 500004d9 (sz=168, trace=300605, nelems=0, elem type=byte[])
OBJ 500004da (sz=24, trace=307676, class=java.lang.String@5000008d)
ARR 500004db (sz=120, trace=307677, nelems=0, elem type=char[])
OBJ 500004dc (sz=48, trace=300147, class=java.nio.HeapCharBuffer@50000102)
OBJ 500004dd (sz=16, trace=307667, class=java.lang.StringBuffer@50000088)
OBJ 500004de (sz=24, trace=300519, class=java.util.HashMap$Entry@5000004c)
	key		50001ce0
	value		500004b7
	next		500002e3
ARR 500004df (sz=48, trace=307668, nelems=0, elem type=char[])
OBJ 500004e0 (sz=24, trace=307676, class=java.lang.String@5000008d)
OBJ 500004e1 (sz=24, trace=300280, class=java.lang.String@5000008d)
	value		500004e2
ARR 500004e2 (sz=88, trace=300281, nelems=0, elem type=char[])
OBJ 500004e3 (sz=56, trace=300284, class=java.net.URL@5000004f)
	protocol	5000174a
	host		5000171d
	file		500004e1
	authority	5000171d
	path		500004e1
	handler		5000040f
ARR 500004e4 (sz=40, trace=307677, nelems=0, elem type=char[])
OBJ 500004e5 (sz=32, trace=300308, class=sun.misc.URLClassPath$JarLoader@5000013c)
	base		500004e3
	jar		50000522
	csu		500003bd
	handler		5000040f
	lmap		50000407
OBJ 500004e6 (sz=16, trace=307667, class=java.lang.StringBuffer@50000088)
ARR 500004e7 (sz=48, trace=307668, nelems=0, elem type=char[])
OBJ 500004e8 (sz=24, trace=300280, class=java.lang.String@5000008d)
	value		500004e9
ARR 500004e9 (sz=96, trace=300281, nelems=0, elem type=char[])
OBJ 500004ea (sz=56, trace=300284, class=java.net.URL@5000004f)
	protocol	5000174a
	host		5000171d
	file		500004e8
	authority	5000171d
	path		500004e8
	handler		50001ccf
OBJ 500004eb (sz=24, trace=307676, class=java.lang.String@5000008d)
OBJ 500004ec (sz=32, trace=300308, class=sun.misc.URLClassPath$JarLoader@5000013c)
	base		500004ea
	jar		50000500
	csu		50001c05
	handler		50001ccf
	lmap		50001cd0
ARR 500004ed (sz=32, trace=307677, nelems=0, elem type=char[])
OBJ 500004ee (sz=48, trace=300147, class=java.nio.HeapCharBuffer@50000102)
OBJ 500004ef (sz=16, trace=307667, class=java.lang.StringBuffer@50000088)
ARR 500004f0 (sz=48, trace=307668, nelems=0, elem type=char[])
ARR 500004f1 (sz=80, trace=307683, nelems=0, elem type=char[])
OBJ 500004f5 (sz=40, trace=303028, class=org.apache.tools.ant.taskdefs.optional.junit.FormatterElement@500004f2)
	classname	5000045f
	out		5000186a
OBJ 500004f6 (sz=24, trace=307676, class=java.lang.String@5000008d)
ARR 500004f7 (sz=48, trace=307677, nelems=0, elem type=char[])
OBJ 500004f8 (sz=40, trace=303028, class=org.apache.tools.ant.taskdefs.optional.junit.FormatterElement@500004f2)
	classname	500004f9
	extension	50001c8f
	out		500013f6
	outFile		500004fc
OBJ 500004f9 (sz=24, trace=303043, class=java.lang.String@5000008d)
	value		5000028b
OBJ 500004fa (sz=32, trace=300446, class=java.lang.ref.Finalizer@5000006b)
	referent	50000500
	queue		500015b6
	next		500004d3
	prev		50000507
OBJ 500004fb (sz=24, trace=303047, class=java.lang.String@5000008d)
	value		5000028b
OBJ 500004fc (sz=16, trace=303051, class=java.io.File@50000051)
	path		500004fb
OBJ 500004fd (sz=24, trace=303020, class=java.lang.String@5000008d)
	value		5000028f
OBJ 500004fe (sz=24, trace=300355, class=java.lang.String@5000008d)
	value		500004ff
ARR 500004ff (sz=80, trace=300356, nelems=0, elem type=char[])
OBJ 50000500 (sz=64, trace=300463, class=java.util.jar.JarFile@5000015b)
	name		500004fe
	inflaters	50000501
	man		50000c2e
	manEntry	50000504
OBJ 50000501 (sz=24, trace=300464, class=java.util.Vector@50000077)
	elementData	50000502
ARR 50000502 (sz=56, trace=300467, nelems=1, elem type=java.lang.Object[]@50000013)
	[0]		50000508
OBJ 50000503 (sz=40, trace=303028, class=org.apache.tools.ant.taskdefs.optional.junit.FormatterElement@500004f2)
	classname	500004fd
	extension	50001c90
	out		5000186a
OBJ 50000504 (sz=96, trace=300549, class=java.util.jar.JarFile$JarFileEntry@500001f2)
	name		50001752
	this$0		50000500
OBJ 50000505 (sz=16, trace=307667, class=java.lang.StringBuffer@50000088)
ARR 50000506 (sz=48, trace=307668, nelems=0, elem type=char[])
OBJ 50000507 (sz=32, trace=300446, class=java.lang.ref.Finalizer@5000006b)
	referent	50000508
	queue		500015b6
	next		500004fa
	prev		5000052f
OBJ 50000508 (sz=40, trace=300593, class=java.util.zip.Inflater@500001fb)
	buf		50001977
ARR 50000509 (sz=80, trace=307683, nelems=0, elem type=char[])
OBJ 5000050a (sz=24, trace=307676, class=java.lang.String@5000008d)
ARR 5000050b (sz=56, trace=307677, nelems=0, elem type=char[])
OBJ 5000050c (sz=48, trace=300147, class=java.nio.HeapCharBuffer@50000102)
OBJ 5000050d (sz=32, trace=300446, class=java.lang.ref.Finalizer@5000006b)
	referent	50000522
	queue		500015b6
	next		500004c3
	prev		50000767
OBJ 5000050e (sz=16, trace=307667, class=java.lang.StringBuffer@50000088)
ARR 5000050f (sz=48, trace=307668, nelems=0, elem type=char[])
OBJ 50000510 (sz=24, trace=303090, class=java.lang.String@5000008d)
	value		50000511
ARR 50000511 (sz=40, trace=303091, nelems=0, elem type=char[])
OBJ 50000512 (sz=24, trace=300519, class=java.util.HashMap$Entry@5000004c)
	key		50001c05
	value		500004ec
OBJ 50000513 (sz=24, trace=307676, class=java.lang.String@5000008d)
OBJ 50000514 (sz=24, trace=300355, class=java.lang.String@5000008d)
	value		50000521
OBJ 50000515 (sz=24, trace=303097, class=java.util.Hashtable$Entry@50000038)
	key		50000510
	value		500016cd
OBJ 50000516 (sz=24, trace=303090, class=java.lang.String@5000008d)
	value		50000517
ARR 50000517 (sz=32, trace=303091, nelems=0, elem type=char[])
OBJ 50000518 (sz=24, trace=303094, class=java.lang.String@5000008d)
	value		50000519
ARR 50000519 (sz=112, trace=303095, nelems=0, elem type=char[])
OBJ 5000051a (sz=24, trace=303097, class=java.util.Hashtable$Entry@50000038)
	key		50000516
	value		50000518
OBJ 5000051b (sz=24, trace=303090, class=java.lang.String@5000008d)
	value		5000051f
OBJ 5000051c (sz=24, trace=300280, class=java.lang.String@5000008d)
	value		5000051d
ARR 5000051d (sz=104, trace=300281, nelems=0, elem type=char[])
OBJ 5000051e (sz=56, trace=300284, class=java.net.URL@5000004f)
	protocol	5000174a
	host		5000171d
	file		5000051c
	authority	5000171d
	path		5000051c
	handler		50001ccf
ARR 5000051f (sz=64, trace=303091, nelems=0, elem type=char[])
OBJ 50000520 (sz=32, trace=300308, class=sun.misc.URLClassPath$JarLoader@5000013c)
	base		5000051e
	jar		50000535
	csu		50001c40
	handler		50001ccf
	lmap		50001cd0
ARR 50000521 (sz=72, trace=300356, nelems=0, elem type=char[])
OBJ 50000522 (sz=64, trace=300463, class=java.util.jar.JarFile@5000015b)
	name		50000514
	inflaters	5000053e
OBJ 50000523 (sz=24, trace=303097, class=java.util.Hashtable$Entry@50000038)
	key		5000051b
	value		5000167b
OBJ 50000524 (sz=24, trace=303090, class=java.lang.String@5000008d)
	value		50000525
ARR 50000525 (sz=32, trace=303091, nelems=0, elem type=char[])
OBJ 50000526 (sz=24, trace=303094, class=java.lang.String@5000008d)
	value		50000527
ARR 50000527 (sz=24, trace=303095, nelems=0, elem type=char[])
OBJ 50000528 (sz=24, trace=303097, class=java.util.Hashtable$Entry@50000038)
	key		50000524
	value		50000526
	next		5000052d
OBJ 50000529 (sz=24, trace=303090, class=java.lang.String@5000008d)
	value		5000052a
ARR 5000052a (sz=56, trace=303091, nelems=0, elem type=char[])
OBJ 5000052b (sz=24, trace=303094, class=java.lang.String@5000008d)
	value		5000052c
ARR 5000052c (sz=136, trace=303095, nelems=0, elem type=char[])
OBJ 5000052d (sz=24, trace=303097, class=java.util.Hashtable$Entry@50000038)
	key		50000529
	value		5000052b
OBJ 5000052e (sz=24, trace=303090, class=java.lang.String@5000008d)
	value		50000530
OBJ 5000052f (sz=32, trace=300446, class=java.lang.ref.Finalizer@5000006b)
	referent	50000535
	queue		500015b6
	next		50000507
	prev		5000053c
ARR 50000530 (sz=40, trace=303091, nelems=0, elem type=char[])
OBJ 50000531 (sz=24, trace=303094, class=java.lang.String@5000008d)
	value		50000532
ARR 50000532 (sz=120, trace=303095, nelems=0, elem type=char[])
OBJ 50000533 (sz=24, trace=300355, class=java.lang.String@5000008d)
	value		50000534
ARR 50000534 (sz=88, trace=300356, nelems=0, elem type=char[])
OBJ 50000535 (sz=64, trace=300463, class=java.util.jar.JarFile@5000015b)
	name		50000533
	inflaters	50000536
	man		5000057b
	manEntry	50000539
OBJ 50000536 (sz=24, trace=300464, class=java.util.Vector@50000077)
	elementData	50000537
ARR 50000537 (sz=56, trace=300467, nelems=1, elem type=java.lang.Object[]@50000013)
	[0]		5000053d
OBJ 50000538 (sz=24, trace=303097, class=java.util.Hashtable$Entry@50000038)
	key		5000052e
	value		50000531
	next		50000540
OBJ 50000539 (sz=96, trace=300549, class=java.util.jar.JarFile$JarFileEntry@500001f2)
	name		50001752
	this$0		50000535
OBJ 5000053a (sz=24, trace=303090, class=java.lang.String@5000008d)
	value		5000053b
ARR 5000053b (sz=32, trace=303091, nelems=0, elem type=char[])
OBJ 5000053c (sz=32, trace=300446, class=java.lang.ref.Finalizer@5000006b)
	referent	5000053d
	queue		500015b6
	next		5000052f
	prev		500013f5
OBJ 5000053d (sz=40, trace=300593, class=java.util.zip.Inflater@500001fb)
	buf		500015f1
OBJ 5000053e (sz=24, trace=300464, class=java.util.Vector@50000077)
	elementData	5000053f
ARR 5000053f (sz=56, trace=300467, nelems=0, elem type=java.lang.Object[]@50000013)
OBJ 50000540 (sz=24, trace=303097, class=java.util.Hashtable$Entry@50000038)
	key		5000053a
	value		5000165e
OBJ 50000541 (sz=24, trace=303090, class=java.lang.String@5000008d)
	value		50000542
ARR 50000542 (sz=56, trace=303091, nelems=0, elem type=char[])
OBJ 50000543 (sz=24, trace=303094, class=java.lang.String@5000008d)
	value		50000544
ARR 50000544 (sz=16, trace=303095, nelems=0, elem type=char[])
OBJ 50000545 (sz=24, trace=303097, class=java.util.Hashtable$Entry@50000038)
	key		50000541
	value		50000543
OBJ 50000546 (sz=24, trace=303090, class=java.lang.String@5000008d)
	value		50000548
OBJ 50000547 (sz=24, trace=300519, class=java.util.HashMap$Entry@5000004c)
	key		50001c40
	value		50000520
	next		500003ba
ARR 50000548 (sz=56, trace=303091, nelems=0, elem type=char[])
OBJ 50000549 (sz=24, trace=300519, class=java.util.HashMap$Entry@5000004c)
	key		500003bd
	value		500004e5
	next		500004d5
ARR 5000054a (sz=40, trace=307677, nelems=0, elem type=char[])
OBJ 5000054b (sz=16, trace=307667, class=java.lang.StringBuffer@50000088)
OBJ 5000054c (sz=24, trace=303097, class=java.util.Hashtable$Entry@50000038)
	key		50000546
	value		500016c9
OBJ 5000054d (sz=24, trace=303090, class=java.lang.String@5000008d)
	value		5000054e
ARR 5000054e (sz=48, trace=303091, nelems=0, elem type=char[])
OBJ 5000054f (sz=24, trace=303094, class=java.lang.String@5000008d)
	value		50000550
ARR 50000550 (sz=32, trace=303095, nelems=0, elem type=char[])
OBJ 50000551 (sz=24, trace=303097, class=java.util.Hashtable$Entry@50000038)
	key		5000054d
	value		5000054f
OBJ 50000552 (sz=24, trace=303090, class=java.lang.String@5000008d)
	value		50000553
ARR 50000553 (sz=56, trace=303091, nelems=0, elem type=char[])
OBJ 50000554 (sz=24, trace=303094, class=java.lang.String@5000008d)
	value		50000555
ARR 50000555 (sz=88, trace=303095, nelems=0, elem type=char[])
OBJ 50000556 (sz=24, trace=303097, class=java.util.Hashtable$Entry@50000038)
	key		50000552
	value		50000554
OBJ 50000557 (sz=24, trace=303090, class=java.lang.String@5000008d)
	value		50000558
ARR 50000558 (sz=40, trace=303091, nelems=0, elem type=char[])
ARR 50000559 (sz=48, trace=307668, nelems=0, elem type=char[])
ARR 5000055a (sz=80, trace=307683, nelems=0, elem type=char[])
OBJ 5000055b (sz=24, trace=303097, class=java.util.Hashtable$Entry@50000038)
	key		50000557
	value		500016e2
OBJ 5000055c (sz=24, trace=303090, class=java.lang.String@5000008d)
	value		5000055d
ARR 5000055d (sz=72, trace=303091, nelems=0, elem type=char[])
OBJ 5000055e (sz=24, trace=307676, class=java.lang.String@5000008d)
ARR 50000561 (sz=72, trace=307677, nelems=0, elem type=char[])
OBJ 50000562 (sz=24, trace=300922, class=java.lang.String@5000008d)
	value		50001bdd
OBJ 50000564 (sz=40, trace=300935, class=java.util.HashMap@50000096)
	table		50000565
ARR 50000565 (sz=144, trace=300938, nelems=0, elem type=java.util.HashMap$Entry[]@5000004d)
OBJ 50000566 (sz=40, trace=300942, class=java.util.HashMap@50000096)
	table		50000567
ARR 50000567 (sz=80, trace=300943, nelems=0, elem type=java.util.HashMap$Entry[]@5000004d)
OBJ 50000568 (sz=40, trace=300944, class=java.util.HashMap@50000096)
	table		50000569
ARR 50000569 (sz=80, trace=300945, nelems=0, elem type=java.util.HashMap$Entry[]@5000004d)
OBJ 5000056a (sz=24, trace=303097, class=java.util.Hashtable$Entry@50000038)
	key		5000055c
	value		50001656
OBJ 5000056b (sz=24, trace=303090, class=java.lang.String@5000008d)
	value		5000056c
ARR 5000056c (sz=32, trace=303091, nelems=0, elem type=char[])
OBJ 5000056d (sz=24, trace=303094, class=java.lang.String@5000008d)
	value		5000056e
ARR 5000056e (sz=56, trace=303095, nelems=0, elem type=char[])
OBJ 5000056f (sz=24, trace=303097, class=java.util.Hashtable$Entry@50000038)
	key		5000056b
	value		5000056d
OBJ 50000570 (sz=24, trace=303090, class=java.lang.String@5000008d)
	value		50000571
ARR 50000571 (sz=32, trace=303091, nelems=0, elem type=char[])
OBJ 50000572 (sz=24, trace=303094, class=java.lang.String@5000008d)
	value		50000573
ARR 50000573 (sz=128, trace=303095, nelems=0, elem type=char[])
OBJ 50000574 (sz=24, trace=303097, class=java.util.Hashtable$Entry@50000038)
	key		50000570
	value		50000572
	next		50000583
OBJ 50000575 (sz=24, trace=303090, class=java.lang.String@5000008d)
	value		50000576
ARR 50000576 (sz=56, trace=303091, nelems=0, elem type=char[])
OBJ 50000577 (sz=48, trace=300147, class=java.nio.HeapCharBuffer@50000102)
OBJ 5000057a (sz=16, trace=307667, class=java.lang.StringBuffer@50000088)
OBJ 5000057b (sz=16, trace=301006, class=java.util.jar.Manifest@50000578)
	attr		5000057d
	entries		50000580
OBJ 5000057d (sz=16, trace=301008, class=java.util.jar.Attributes@5000057c)
	map		5000057e
OBJ 5000057e (sz=40, trace=301009, class=java.util.HashMap@50000096)
	table		5000057f
ARR 5000057f (sz=80, trace=301012, nelems=12, elem type=java.util.HashMap$Entry[]@5000004d)
	[4]		500005b8
	[11]		500005ca
OBJ 50000580 (sz=40, trace=301018, class=java.util.HashMap@50000096)
	table		50000581
ARR 50000581 (sz=80, trace=301020, nelems=12, elem type=java.util.HashMap$Entry[]@5000004d)
	[11]		500005d3
OBJ 50000583 (sz=24, trace=303097, class=java.util.Hashtable$Entry@50000038)
	key		50000575
	value		50001637
OBJ 50000584 (sz=24, trace=303090, class=java.lang.String@5000008d)
	value		50000585
ARR 50000585 (sz=56, trace=303091, nelems=0, elem type=char[])
OBJ 50000586 (sz=24, trace=303094, class=java.lang.String@5000008d)
	value		50000587
ARR 50000587 (sz=40, trace=303095, nelems=0, elem type=char[])
OBJ 50000588 (sz=24, trace=301040, class=java.lang.String@5000008d)
	value		500005a2
OBJ 50000589 (sz=24, trace=303097, class=java.util.Hashtable$Entry@50000038)
	key		50000584
	value		50000586
OBJ 5000058a (sz=24, trace=303090, class=java.lang.String@5000008d)
	value		5000058b
ARR 5000058b (sz=40, trace=303091, nelems=0, elem type=char[])
OBJ 5000058c (sz=24, trace=303094, class=java.lang.String@5000008d)
	value		5000058d
ARR 5000058d (sz=80, trace=303095, nelems=0, elem type=char[])
ARR 5000058e (sz=48, trace=307668, nelems=0, elem type=char[])
OBJ 5000058f (sz=24, trace=303097, class=java.util.Hashtable$Entry@50000038)
	key		5000058a
	value		5000058c
OBJ 50000591 (sz=24, trace=303090, class=java.lang.String@5000008d)
	value		50000594
OBJ 50000592 (sz=32, trace=301094, class=java.lang.ref.SoftReference@500000ad)
OBJ 50000593 (sz=64, trace=301103, class=java.lang.reflect.Constructor@50000079)
ARR 50000594 (sz=48, trace=303091, nelems=0, elem type=char[])
OBJ 50000595 (sz=24, trace=301136, class=sun.reflect.NativeConstructorAccessorImpl@50000091)
OBJ 50000596 (sz=16, trace=301140, class=sun.reflect.DelegatingConstructorAccessorImpl@500000bd)
OBJ 50000597 (sz=24, trace=301151, class=sun.nio.cs.UTF_8@50000590)
	name		50001ae8
	aliases		50001ae7
ARR 50000598 (sz=24, trace=301171, nelems=2, elem type=java.lang.Object[]@50000013)
	[0]		50001aea
	[1]		50000597
OBJ 50000599 (sz=24, trace=300093, class=java.lang.StringCoding$CharsetSD@5000012a)
OBJ 5000059b (sz=40, trace=301179, class=sun.nio.cs.UTF_8$Decoder@5000059a)
OBJ 5000059d (sz=16, trace=301188, class=sun.nio.cs.Surrogate$Generator@5000059c)
OBJ 5000059e (sz=32, trace=300121, class=java.lang.ref.SoftReference@500000ad)
OBJ 5000059f (sz=24, trace=303094, class=java.lang.String@5000008d)
	value		500005a0
ARR 500005a0 (sz=136, trace=303095, nelems=0, elem type=char[])
OBJ 500005a1 (sz=24, trace=303097, class=java.util.Hashtable$Entry@50000038)
	key		50000591
	value		5000059f
ARR 500005a2 (sz=24, trace=301207, nelems=0, elem type=char[])
OBJ 500005a4 (sz=16, trace=301212, class=java.util.jar.Attributes$Name@500005a3)
	name		50001d07
OBJ 500005a5 (sz=16, trace=301220, class=java.util.jar.Attributes$Name@500005a3)
	name		50001d09
OBJ 500005a6 (sz=16, trace=301221, class=java.util.jar.Attributes$Name@500005a3)
	name		50001cfd
OBJ 500005a7 (sz=16, trace=301222, class=java.util.jar.Attributes$Name@500005a3)
	name		50001cfc
OBJ 500005a8 (sz=16, trace=301223, class=java.util.jar.Attributes$Name@500005a3)
	name		50001d06
OBJ 500005a9 (sz=16, trace=301224, class=java.util.jar.Attributes$Name@500005a3)
	name		50001d08
OBJ 500005aa (sz=16, trace=301225, class=java.util.jar.Attributes$Name@500005a3)
	name		50001cff
OBJ 500005ab (sz=16, trace=301226, class=java.util.jar.Attributes$Name@500005a3)
	name		50001d00
OBJ 500005ac (sz=16, trace=301227, class=java.util.jar.Attributes$Name@500005a3)
	name		50001cfe
OBJ 500005ad (sz=16, trace=301228, class=java.util.jar.Attributes$Name@500005a3)
	name		50001d01
OBJ 500005ae (sz=16, trace=301229, class=java.util.jar.Attributes$Name@500005a3)
	name		50001d05
OBJ 500005af (sz=16, trace=301230, class=java.util.jar.Attributes$Name@500005a3)
	name		50001d03
OBJ 500005b0 (sz=16, trace=301231, class=java.util.jar.Attributes$Name@500005a3)
	name		50001d04
OBJ 500005b1 (sz=16, trace=301232, class=java.util.jar.Attributes$Name@500005a3)
	name		50001d02
OBJ 500005b2 (sz=16, trace=301233, class=java.util.jar.Attributes$Name@500005a3)
	name		50001d0a
OBJ 500005b3 (sz=16, trace=301234, class=java.util.jar.Attributes$Name@500005a3)
	name		50001d0c
OBJ 500005b4 (sz=16, trace=301235, class=java.util.jar.Attributes$Name@500005a3)
	name		50001d0b
OBJ 500005b5 (sz=16, trace=301237, class=java.util.jar.Attributes$Name@500005a3)
	name		50001d07
OBJ 500005b7 (sz=8, trace=301247, class=sun.misc.ASCIICaseInsensitiveComparator@500005b6)
OBJ 500005b8 (sz=24, trace=301258, class=java.util.HashMap$Entry@5000004c)
	key		500005b5
	value		50000588
OBJ 500005b9 (sz=24, trace=303090, class=java.lang.String@5000008d)
	value		500005ba
ARR 500005ba (sz=40, trace=303091, nelems=0, elem type=char[])
OBJ 500005bb (sz=24, trace=301040, class=java.lang.String@5000008d)
	value		500005bf
OBJ 500005bc (sz=24, trace=303094, class=java.lang.String@5000008d)
	value		500005bd
ARR 500005bd (sz=56, trace=303095, nelems=0, elem type=char[])
OBJ 500005be (sz=24, trace=303097, class=java.util.Hashtable$Entry@50000038)
	key		500005b9
	value		500005bc
ARR 500005bf (sz=48, trace=301207, nelems=0, elem type=char[])
OBJ 500005c0 (sz=16, trace=301237, class=java.util.jar.Attributes$Name@500005a3)
	name		50001d1e
OBJ 500005c1 (sz=24, trace=301258, class=java.util.HashMap$Entry@5000004c)
	key		500005c0
	value		500005bb
OBJ 500005c2 (sz=24, trace=303090, class=java.lang.String@5000008d)
	value		500005c3
ARR 500005c3 (sz=40, trace=303091, nelems=0, elem type=char[])
OBJ 500005c4 (sz=24, trace=301040, class=java.lang.String@5000008d)
	value		500005c8
OBJ 500005c5 (sz=24, trace=303094, class=java.lang.String@5000008d)
	value		500005c6
ARR 500005c6 (sz=120, trace=303095, nelems=0, elem type=char[])
OBJ 500005c7 (sz=24, trace=303097, class=java.util.Hashtable$Entry@50000038)
	key		500005c2
	value		500005c5
ARR 500005c8 (sz=88, trace=301207, nelems=0, elem type=char[])
OBJ 500005c9 (sz=16, trace=301237, class=java.util.jar.Attributes$Name@500005a3)
	name		50001cfa
OBJ 500005ca (sz=24, trace=301258, class=java.util.HashMap$Entry@5000004c)
	key		500005c9
	value		500005c4
	next		500005c1
OBJ 500005cb (sz=24, trace=301268, class=java.lang.String@5000008d)
	value		500005cf
OBJ 500005cc (sz=24, trace=303090, class=java.lang.String@5000008d)
	value		500005cd
ARR 500005cd (sz=32, trace=303091, nelems=0, elem type=char[])
OBJ 500005ce (sz=24, trace=300280, class=java.lang.String@5000008d)
	value		500005d2
ARR 500005cf (sz=96, trace=301207, nelems=0, elem type=char[])
OBJ 500005d0 (sz=16, trace=301286, class=java.util.jar.Attributes@5000057c)
	map		500005d1
OBJ 500005d1 (sz=40, trace=301009, class=java.util.HashMap@50000096)
	table		50000615
ARR 500005d2 (sz=104, trace=300281, nelems=0, elem type=char[])
OBJ 500005d3 (sz=24, trace=301295, class=java.util.HashMap$Entry@5000004c)
	key		500005cb
	value		500005d0
OBJ 500005d4 (sz=24, trace=303097, class=java.util.Hashtable$Entry@50000038)
	key		500005cc
	value		5000169f
OBJ 500005d5 (sz=24, trace=303090, class=java.lang.String@5000008d)
	value		500005d7
OBJ 500005d6 (sz=24, trace=301301, class=java.lang.String@5000008d)
	value		500005da
ARR 500005d7 (sz=48, trace=303091, nelems=0, elem type=char[])
OBJ 500005d8 (sz=24, trace=303094, class=java.lang.String@5000008d)
	value		500005d9
ARR 500005d9 (sz=144, trace=303095, nelems=0, elem type=char[])
ARR 500005da (sz=56, trace=301207, nelems=0, elem type=char[])
OBJ 500005db (sz=16, trace=301302, class=java.util.jar.Attributes$Name@500005a3)
	name		50001d20
OBJ 500005dc (sz=24, trace=301258, class=java.util.HashMap$Entry@5000004c)
	key		500005db
	value		500005d6
OBJ 500005dd (sz=24, trace=303097, class=java.util.Hashtable$Entry@50000038)
	key		500005d5
	value		500005d8
OBJ 500005de (sz=24, trace=303090, class=java.lang.String@5000008d)
	value		500005e0
OBJ 500005df (sz=24, trace=301301, class=java.lang.String@5000008d)
	value		500005e3
ARR 500005e0 (sz=32, trace=303091, nelems=0, elem type=char[])
OBJ 500005e1 (sz=56, trace=300284, class=java.net.URL@5000004f)
	protocol	5000174a
	host		5000171d
	file		500005ce
	authority	5000171d
	path		500005ce
	handler		5000040f
OBJ 500005e2 (sz=24, trace=307676, class=java.lang.String@5000008d)
ARR 500005e3 (sz=32, trace=301207, nelems=0, elem type=char[])
OBJ 500005e4 (sz=16, trace=301302, class=java.util.jar.Attributes$Name@500005a3)
	name		50001d0a
OBJ 500005e5 (sz=24, trace=301258, class=java.util.HashMap$Entry@5000004c)
	key		500005e4
	value		500005df
OBJ 500005e6 (sz=24, trace=303097, class=java.util.Hashtable$Entry@50000038)
	key		500005de
	value		50001666
OBJ 500005e7 (sz=24, trace=303090, class=java.lang.String@5000008d)
	value		500005e8
ARR 500005e8 (sz=40, trace=303091, nelems=0, elem type=char[])
OBJ 500005e9 (sz=24, trace=301301, class=java.lang.String@5000008d)
	value		500005ed
OBJ 500005ea (sz=24, trace=303094, class=java.lang.String@5000008d)
	value		500005eb
ARR 500005eb (sz=120, trace=303095, nelems=0, elem type=char[])
OBJ 500005ec (sz=24, trace=303097, class=java.util.Hashtable$Entry@50000038)
	key		500005e7
	value		500005ea
ARR 500005ed (sz=24, trace=301207, nelems=0, elem type=char[])
OBJ 500005ee (sz=16, trace=301302, class=java.util.jar.Attributes$Name@500005a3)
	name		50001d0c
OBJ 500005ef (sz=24, trace=301258, class=java.util.HashMap$Entry@5000004c)
	key		500005ee
	value		500005e9
OBJ 500005f0 (sz=24, trace=303090, class=java.lang.String@5000008d)
	value		500005f1
ARR 500005f1 (sz=32, trace=303091, nelems=0, elem type=char[])
OBJ 500005f2 (sz=24, trace=301301, class=java.lang.String@5000008d)
	value		500005f6
OBJ 500005f3 (sz=24, trace=303094, class=java.lang.String@5000008d)
	value		500005f4
ARR 500005f4 (sz=64, trace=303095, nelems=0, elem type=char[])
OBJ 500005f5 (sz=24, trace=303097, class=java.util.Hashtable$Entry@50000038)
	key		500005f0
	value		500005f3
ARR 500005f6 (sz=64, trace=301207, nelems=0, elem type=char[])
OBJ 500005f7 (sz=16, trace=301302, class=java.util.jar.Attributes$Name@500005a3)
	name		50001d0b
OBJ 500005f8 (sz=24, trace=301258, class=java.util.HashMap$Entry@5000004c)
	key		500005f7
	value		500005f2
	next		500005ef
OBJ 500005f9 (sz=24, trace=303090, class=java.lang.String@5000008d)
	value		500005fa
ARR 500005fa (sz=40, trace=303091, nelems=0, elem type=char[])
OBJ 500005fb (sz=32, trace=300308, class=sun.misc.URLClassPath$JarLoader@5000013c)
	base		500005e1
	jar		50000816
	csu		500003e7
	handler		5000040f
	lmap		50000407
OBJ 500005fc (sz=24, trace=301301, class=java.lang.String@5000008d)
	value		50000600
ARR 500005fd (sz=24, trace=307677, nelems=0, elem type=char[])
OBJ 500005fe (sz=24, trace=303097, class=java.util.Hashtable$Entry@50000038)
	key		500005f9
	value		500016b1
OBJ 500005ff (sz=24, trace=303090, class=java.lang.String@5000008d)
	value		50000603
ARR 50000600 (sz=56, trace=301207, nelems=0, elem type=char[])
OBJ 50000601 (sz=16, trace=301302, class=java.util.jar.Attributes$Name@500005a3)
	name		50001d01
OBJ 50000602 (sz=24, trace=301258, class=java.util.HashMap$Entry@5000004c)
	key		50000601
	value		500005fc
ARR 50000603 (sz=56, trace=303091, nelems=0, elem type=char[])
OBJ 50000604 (sz=16, trace=307667, class=java.lang.StringBuffer@50000088)
OBJ 50000605 (sz=24, trace=301301, class=java.lang.String@5000008d)
	value		50000609
ARR 50000606 (sz=48, trace=307668, nelems=0, elem type=char[])
OBJ 50000607 (sz=24, trace=303097, class=java.util.Hashtable$Entry@50000038)
	key		500005ff
	value		500015f3
OBJ 50000608 (sz=24, trace=303090, class=java.lang.String@5000008d)
	value		5000060c
ARR 50000609 (sz=24, trace=301207, nelems=0, elem type=char[])
OBJ 5000060a (sz=16, trace=301302, class=java.util.jar.Attributes$Name@500005a3)
	name		50001d05
OBJ 5000060b (sz=24, trace=301258, class=java.util.HashMap$Entry@5000004c)
	key		5000060a
	value		50000605
ARR 5000060c (sz=40, trace=303091, nelems=0, elem type=char[])
OBJ 5000060d (sz=24, trace=303094, class=java.lang.String@5000008d)
	value		5000060f
OBJ 5000060e (sz=24, trace=301301, class=java.lang.String@5000008d)
	value		50000612
ARR 5000060f (sz=40, trace=303095, nelems=0, elem type=char[])
OBJ 50000610 (sz=24, trace=303097, class=java.util.Hashtable$Entry@50000038)
	key		50000608
	value		5000060d
OBJ 50000611 (sz=24, trace=303090, class=java.lang.String@5000008d)
	value		50000617
ARR 50000612 (sz=64, trace=301207, nelems=0, elem type=char[])
OBJ 50000613 (sz=16, trace=301302, class=java.util.jar.Attributes$Name@500005a3)
	name		50001d03
OBJ 50000614 (sz=24, trace=301258, class=java.util.HashMap$Entry@5000004c)
	key		50000613
	value		5000060e
ARR 50000615 (sz=80, trace=301303, nelems=16, elem type=java.util.HashMap$Entry[]@5000004d)
	[1]		50000614
	[2]		5000060b
	[3]		500005dc
	[5]		500005f8
	[7]		50000602
	[15]		500005e5
ARR 50000617 (sz=48, trace=303091, nelems=0, elem type=char[])
OBJ 50000618 (sz=24, trace=303094, class=java.lang.String@5000008d)
	value		50000619
ARR 50000619 (sz=72, trace=303095, nelems=0, elem type=char[])
OBJ 5000061a (sz=24, trace=303097, class=java.util.Hashtable$Entry@50000038)
	key		50000611
	value		50000618
OBJ 5000061b (sz=24, trace=303090, class=java.lang.String@5000008d)
	value		5000061c
ARR 5000061c (sz=40, trace=303091, nelems=0, elem type=char[])
OBJ 5000061d (sz=24, trace=307676, class=java.lang.String@5000008d)
ARR 5000061e (sz=32, trace=307677, nelems=0, elem type=char[])
OBJ 5000061f (sz=24, trace=303097, class=java.util.Hashtable$Entry@50000038)
	key		5000061b
	value		500016c1
	next		50000625
OBJ 50000621 (sz=24, trace=303090, class=java.lang.String@5000008d)
	value		50000622
ARR 50000622 (sz=64, trace=303091, nelems=0, elem type=char[])
OBJ 50000623 (sz=24, trace=303094, class=java.lang.String@5000008d)
	value		50000624
ARR 50000624 (sz=104, trace=303095, nelems=0, elem type=char[])
OBJ 50000625 (sz=24, trace=303097, class=java.util.Hashtable$Entry@50000038)
	key		50000621
	value		50000623
OBJ 50000626 (sz=24, trace=303090, class=java.lang.String@5000008d)
	value		50000627
ARR 50000627 (sz=40, trace=303091, nelems=0, elem type=char[])
OBJ 50000628 (sz=48, trace=300147, class=java.nio.HeapCharBuffer@50000102)
OBJ 50000629 (sz=16, trace=307667, class=java.lang.StringBuffer@50000088)
OBJ 5000062a (sz=24, trace=303097, class=java.util.Hashtable$Entry@50000038)
	key		50000626
	value		50001688
	next		50000637
OBJ 5000062b (sz=48, trace=301380, class=java.lang.Package@50000563)
	pkgName		50000562
	loader		5000159b
OBJ 5000062c (sz=24, trace=301386, class=java.util.HashMap$Entry@5000004c)
	key		50000562
	value		5000062b
OBJ 5000062d (sz=24, trace=303090, class=java.lang.String@5000008d)
	value		5000062e
ARR 5000062e (sz=40, trace=303091, nelems=0, elem type=char[])
OBJ 5000062f (sz=24, trace=303094, class=java.lang.String@5000008d)
	value		50000630
ARR 50000630 (sz=488, trace=303095, nelems=0, elem type=char[])
OBJ 50000635 (sz=24, trace=301410, class=java.security.Provider$ServiceKey@50000634)
	type		5000171d
	algorithm	5000171d
	originalAlgorithm	5000171d
OBJ 50000637 (sz=24, trace=303097, class=java.util.Hashtable$Entry@50000038)
	key		5000062d
	value		5000062f
OBJ 5000063a (sz=24, trace=303090, class=java.lang.String@5000008d)
	value		5000063c
OBJ 5000063b (sz=48, trace=301435, class=java.util.Properties@50000081)
	table		500006a8
ARR 5000063c (sz=32, trace=303091, nelems=0, elem type=char[])
OBJ 5000063d (sz=24, trace=303094, class=java.lang.String@5000008d)
	value		5000063e
ARR 5000063e (sz=80, trace=303095, nelems=0, elem type=char[])
OBJ 5000063f (sz=24, trace=303097, class=java.util.Hashtable$Entry@50000038)
	key		5000063a
	value		5000063d
OBJ 50000640 (sz=24, trace=303090, class=java.lang.String@5000008d)
	value		50000641
ARR 50000641 (sz=56, trace=303091, nelems=0, elem type=char[])
ARR 50000642 (sz=48, trace=307668, nelems=0, elem type=char[])
ARR 50000643 (sz=80, trace=307683, nelems=0, elem type=char[])
OBJ 50000644 (sz=24, trace=307676, class=java.lang.String@5000008d)
OBJ 50000645 (sz=16, trace=301479, class=java.io.FileInputStream@500000cd)
OBJ 50000646 (sz=24, trace=301483, class=java.io.FileDescriptor@500000f0)
ARR 50000647 (sz=56, trace=307677, nelems=0, elem type=char[])
OBJ 50000648 (sz=24, trace=303097, class=java.util.Hashtable$Entry@50000038)
	key		50000640
	value		500016ac
OBJ 50000649 (sz=24, trace=303090, class=java.lang.String@5000008d)
	value		5000064b
ARR 5000064b (sz=40, trace=303091, nelems=0, elem type=char[])
OBJ 5000064c (sz=24, trace=303094, class=java.lang.String@5000008d)
	value		5000064d
ARR 5000064d (sz=136, trace=303095, nelems=0, elem type=char[])
OBJ 5000064e (sz=24, trace=301506, class=java.lang.String@5000008d)
	value		5000064f
ARR 5000064f (sz=56, trace=301507, nelems=0, elem type=char[])
OBJ 50000650 (sz=24, trace=301510, class=java.lang.String@5000008d)
	value		50000651
ARR 50000651 (sz=64, trace=301511, nelems=0, elem type=char[])
OBJ 50000652 (sz=24, trace=301513, class=java.util.Hashtable$Entry@50000038)
	key		5000064e
	value		50000650
OBJ 50000653 (sz=24, trace=301506, class=java.lang.String@5000008d)
	value		50000654
ARR 50000654 (sz=56, trace=301507, nelems=0, elem type=char[])
OBJ 50000655 (sz=24, trace=301510, class=java.lang.String@5000008d)
	value		50000656
ARR 50000656 (sz=72, trace=301511, nelems=0, elem type=char[])
OBJ 50000657 (sz=24, trace=301513, class=java.util.Hashtable$Entry@50000038)
	key		50000653
	value		50000655
	next		50000670
OBJ 50000658 (sz=24, trace=301506, class=java.lang.String@5000008d)
	value		50000659
ARR 50000659 (sz=56, trace=301507, nelems=0, elem type=char[])
OBJ 5000065a (sz=24, trace=301510, class=java.lang.String@5000008d)
	value		5000065b
ARR 5000065b (sz=88, trace=301511, nelems=0, elem type=char[])
OBJ 5000065c (sz=24, trace=301513, class=java.util.Hashtable$Entry@50000038)
	key		50000658
	value		5000065a
OBJ 5000065d (sz=24, trace=301506, class=java.lang.String@5000008d)
	value		5000065e
ARR 5000065e (sz=56, trace=301507, nelems=0, elem type=char[])
OBJ 5000065f (sz=24, trace=301510, class=java.lang.String@5000008d)
	value		50000660
ARR 50000660 (sz=72, trace=301511, nelems=0, elem type=char[])
OBJ 50000661 (sz=24, trace=301513, class=java.util.Hashtable$Entry@50000038)
	key		5000065d
	value		5000065f
OBJ 50000662 (sz=24, trace=301506, class=java.lang.String@5000008d)
	value		50000663
ARR 50000663 (sz=56, trace=301507, nelems=0, elem type=char[])
OBJ 50000664 (sz=24, trace=301510, class=java.lang.String@5000008d)
	value		50000665
ARR 50000665 (sz=72, trace=301511, nelems=0, elem type=char[])
OBJ 50000666 (sz=24, trace=301513, class=java.util.Hashtable$Entry@50000038)
	key		50000662
	value		50000664
OBJ 50000667 (sz=24, trace=301506, class=java.lang.String@5000008d)
	value		50000668
ARR 50000668 (sz=56, trace=301507, nelems=0, elem type=char[])
OBJ 50000669 (sz=24, trace=301510, class=java.lang.String@5000008d)
	value		5000066a
ARR 5000066a (sz=72, trace=301511, nelems=0, elem type=char[])
OBJ 5000066b (sz=24, trace=301513, class=java.util.Hashtable$Entry@50000038)
	key		50000667
	value		50000669
OBJ 5000066c (sz=24, trace=301506, class=java.lang.String@5000008d)
	value		5000066d
ARR 5000066d (sz=56, trace=301507, nelems=0, elem type=char[])
OBJ 5000066e (sz=24, trace=301510, class=java.lang.String@5000008d)
	value		5000066f
ARR 5000066f (sz=48, trace=301511, nelems=0, elem type=char[])
OBJ 50000670 (sz=24, trace=301513, class=java.util.Hashtable$Entry@50000038)
	key		5000066c
	value		5000066e
OBJ 50000671 (sz=24, trace=301506, class=java.lang.String@5000008d)
	value		50000672
ARR 50000672 (sz=72, trace=301507, nelems=0, elem type=char[])
OBJ 50000673 (sz=24, trace=301510, class=java.lang.String@5000008d)
	value		50000674
ARR 50000674 (sz=88, trace=301511, nelems=0, elem type=char[])
OBJ 50000675 (sz=24, trace=301513, class=java.util.Hashtable$Entry@50000038)
	key		50000671
	value		50000673
OBJ 50000676 (sz=24, trace=301506, class=java.lang.String@5000008d)
	value		50000677
ARR 50000677 (sz=48, trace=301507, nelems=0, elem type=char[])
OBJ 50000678 (sz=24, trace=301510, class=java.lang.String@5000008d)
	value		50000679
ARR 50000679 (sz=80, trace=301511, nelems=0, elem type=char[])
OBJ 5000067a (sz=24, trace=303097, class=java.util.Hashtable$Entry@50000038)
	key		50000649
	value		5000064c
OBJ 5000067b (sz=24, trace=301513, class=java.util.Hashtable$Entry@50000038)
	key		50000676
	value		50000678
OBJ 5000067c (sz=24, trace=301506, class=java.lang.String@5000008d)
	value		5000067d
ARR 5000067d (sz=40, trace=301507, nelems=0, elem type=char[])
OBJ 5000067e (sz=24, trace=301510, class=java.lang.String@5000008d)
	value		5000067f
ARR 5000067f (sz=96, trace=301511, nelems=0, elem type=char[])
OBJ 50000680 (sz=24, trace=301513, class=java.util.Hashtable$Entry@50000038)
	key		5000067c
	value		5000067e
OBJ 50000681 (sz=24, trace=301506, class=java.lang.String@5000008d)
	value		50000682
ARR 50000682 (sz=40, trace=301507, nelems=0, elem type=char[])
OBJ 50000683 (sz=24, trace=301510, class=java.lang.String@5000008d)
	value		50000684
ARR 50000684 (sz=72, trace=301511, nelems=0, elem type=char[])
OBJ 50000685 (sz=24, trace=301513, class=java.util.Hashtable$Entry@50000038)
	key		50000681
	value		50000683
OBJ 50000686 (sz=24, trace=301506, class=java.lang.String@5000008d)
	value		50000687
ARR 50000687 (sz=64, trace=301507, nelems=0, elem type=char[])
OBJ 50000688 (sz=24, trace=301510, class=java.lang.String@5000008d)
	value		50000689
ARR 50000689 (sz=24, trace=301511, nelems=0, elem type=char[])
OBJ 5000068a (sz=24, trace=301513, class=java.util.Hashtable$Entry@50000038)
	key		50000686
	value		50000688
OBJ 5000068b (sz=24, trace=301506, class=java.lang.String@5000008d)
	value		5000068c
ARR 5000068c (sz=64, trace=301507, nelems=0, elem type=char[])
OBJ 5000068d (sz=24, trace=301510, class=java.lang.String@5000008d)
	value		5000068e
ARR 5000068e (sz=24, trace=301511, nelems=0, elem type=char[])
OBJ 5000068f (sz=24, trace=301513, class=java.util.Hashtable$Entry@50000038)
	key		5000068b
	value		5000068d
	next		50000685
OBJ 50000690 (sz=24, trace=301506, class=java.lang.String@5000008d)
	value		50000691
ARR 50000691 (sz=64, trace=301507, nelems=0, elem type=char[])
OBJ 50000692 (sz=24, trace=301510, class=java.lang.String@5000008d)
	value		50000693
ARR 50000693 (sz=24, trace=301511, nelems=0, elem type=char[])
OBJ 50000694 (sz=24, trace=301513, class=java.util.Hashtable$Entry@50000038)
	key		50000690
	value		50000692
OBJ 50000695 (sz=24, trace=301506, class=java.lang.String@5000008d)
	value		50000696
ARR 50000696 (sz=40, trace=301507, nelems=0, elem type=char[])
OBJ 50000697 (sz=24, trace=301510, class=java.lang.String@5000008d)
	value		50000698
ARR 50000698 (sz=24, trace=301511, nelems=0, elem type=char[])
OBJ 50000699 (sz=24, trace=301513, class=java.util.Hashtable$Entry@50000038)
	key		50000695
	value		50000697
OBJ 5000069a (sz=24, trace=301506, class=java.lang.String@5000008d)
	value		5000069b
ARR 5000069b (sz=40, trace=301507, nelems=0, elem type=char[])
OBJ 5000069c (sz=24, trace=301510, class=java.lang.String@5000008d)
	value		5000069d
ARR 5000069d (sz=88, trace=301511, nelems=0, elem type=char[])
OBJ 5000069e (sz=24, trace=301513, class=java.util.Hashtable$Entry@50000038)
	key		5000069a
	value		5000069c
OBJ 5000069f (sz=24, trace=301506, class=java.lang.String@5000008d)
	value		500006a0
ARR 500006a0 (sz=40, trace=301507, nelems=0, elem type=char[])
OBJ 500006a1 (sz=24, trace=301510, class=java.lang.String@5000008d)
	value		500006a2
ARR 500006a2 (sz=24, trace=301511, nelems=0, elem type=char[])
OBJ 500006a3 (sz=24, trace=301513, class=java.util.Hashtable$Entry@50000038)
	key		5000069f
	value		500006a1
OBJ 500006a4 (sz=24, trace=301506, class=java.lang.String@5000008d)
	value		500006a5
ARR 500006a5 (sz=80, trace=301507, nelems=0, elem type=char[])
OBJ 500006a6 (sz=24, trace=301510, class=java.lang.String@5000008d)
	value		500006a7
ARR 500006a7 (sz=24, trace=301511, nelems=0, elem type=char[])
ARR 500006a8 (sz=200, trace=301516, nelems=46, elem type=java.util.Hashtable$Entry[]@50000039)
	[0]		5000069e
	[2]		500006a3
	[5]		50000694
	[7]		500006b8
	[12]		500006a9
	[18]		5000067b
	[20]		5000068a
	[29]		500006ae
	[32]		50000699
	[35]		500006b3
	[37]		50000680
	[38]		5000068f
	[39]		50000652
	[40]		50000657
	[41]		5000065c
	[42]		50000661
	[43]		50000666
	[44]		5000066b
	[45]		50000675
OBJ 500006a9 (sz=24, trace=301513, class=java.util.Hashtable$Entry@50000038)
	key		500006a4
	value		500006a6
OBJ 500006aa (sz=24, trace=301506, class=java.lang.String@5000008d)
	value		500006ab
ARR 500006ab (sz=80, trace=301507, nelems=0, elem type=char[])
OBJ 500006ac (sz=24, trace=301510, class=java.lang.String@5000008d)
	value		500006ad
ARR 500006ad (sz=32, trace=301511, nelems=0, elem type=char[])
OBJ 500006ae (sz=24, trace=301513, class=java.util.Hashtable$Entry@50000038)
	key		500006aa
	value		500006ac
OBJ 500006af (sz=24, trace=301506, class=java.lang.String@5000008d)
	value		500006b0
ARR 500006b0 (sz=80, trace=301507, nelems=0, elem type=char[])
OBJ 500006b1 (sz=24, trace=301510, class=java.lang.String@5000008d)
	value		500006b2
ARR 500006b2 (sz=24, trace=301511, nelems=0, elem type=char[])
OBJ 500006b3 (sz=24, trace=301513, class=java.util.Hashtable$Entry@50000038)
	key		500006af
	value		500006b1
OBJ 500006b4 (sz=24, trace=301506, class=java.lang.String@5000008d)
	value		500006b5
ARR 500006b5 (sz=80, trace=301507, nelems=0, elem type=char[])
OBJ 500006b6 (sz=24, trace=301510, class=java.lang.String@5000008d)
	value		500006b7
ARR 500006b7 (sz=16, trace=301511, nelems=0, elem type=char[])
OBJ 500006b8 (sz=24, trace=301513, class=java.util.Hashtable$Entry@50000038)
	key		500006b4
	value		500006b6
OBJ 500006bb (sz=40, trace=301538, class=java.util.concurrent.ConcurrentHashMap@500006ba)
	segments	500006c0
ARR 500006c0 (sz=80, trace=301541, nelems=16, elem type=java.util.concurrent.ConcurrentHashMap$Segment[]@500006bf)
	[0]		500006c1
	[1]		500006d0
	[2]		500006d3
	[3]		500006d6
	[4]		500006d9
	[5]		500006dc
	[6]		500006df
	[7]		500006e2
	[8]		500006e5
	[9]		500006e8
	[10]		500006eb
	[11]		500006ee
	[12]		500006f1
	[13]		500006f4
	[14]		500006f7
	[15]		500006fa
OBJ 500006c1 (sz=32, trace=301542, class=java.util.concurrent.ConcurrentHashMap$Segment@500006be)
	sync		500006cc
	table		500006cf
OBJ 500006c6 (sz=32, trace=301557, class=java.lang.ref.SoftReference@500000ad)
OBJ 500006c7 (sz=24, trace=303090, class=java.lang.String@5000008d)
	value		500006c8
ARR 500006c8 (sz=48, trace=303091, nelems=0, elem type=char[])
OBJ 500006c9 (sz=16, trace=307667, class=java.lang.StringBuffer@50000088)
OBJ 500006ca (sz=32, trace=301557, class=java.lang.ref.SoftReference@500000ad)
ARR 500006cb (sz=48, trace=307668, nelems=0, elem type=char[])
OBJ 500006cc (sz=24, trace=301576, class=java.util.concurrent.locks.ReentrantLock$NonfairSync@500006c4)
ARR 500006cf (sz=16, trace=301582, nelems=0, elem type=java.util.concurrent.ConcurrentHashMap$HashEntry[]@500006ce)
OBJ 500006d0 (sz=32, trace=301542, class=java.util.concurrent.ConcurrentHashMap$Segment@500006be)
	sync		500006d1
	table		500006d2
OBJ 500006d1 (sz=24, trace=301576, class=java.util.concurrent.locks.ReentrantLock$NonfairSync@500006c4)
ARR 500006d2 (sz=16, trace=301582, nelems=0, elem type=java.util.concurrent.ConcurrentHashMap$HashEntry[]@500006ce)
OBJ 500006d3 (sz=32, trace=301542, class=java.util.concurrent.ConcurrentHashMap$Segment@500006be)
	sync		500006d4
	table		500006d5
OBJ 500006d4 (sz=24, trace=301576, class=java.util.concurrent.locks.ReentrantLock$NonfairSync@500006c4)
ARR 500006d5 (sz=16, trace=301582, nelems=0, elem type=java.util.concurrent.ConcurrentHashMap$HashEntry[]@500006ce)
OBJ 500006d6 (sz=32, trace=301542, class=java.util.concurrent.ConcurrentHashMap$Segment@500006be)
	sync		500006d7
	table		500006d8
OBJ 500006d7 (sz=24, trace=301576, class=java.util.concurrent.locks.ReentrantLock$NonfairSync@500006c4)
ARR 500006d8 (sz=16, trace=301582, nelems=0, elem type=java.util.concurrent.ConcurrentHashMap$HashEntry[]@500006ce)
OBJ 500006d9 (sz=32, trace=301542, class=java.util.concurrent.ConcurrentHashMap$Segment@500006be)
	sync		500006da
	table		500006db
OBJ 500006da (sz=24, trace=301576, class=java.util.concurrent.locks.ReentrantLock$NonfairSync@500006c4)
ARR 500006db (sz=16, trace=301582, nelems=0, elem type=java.util.concurrent.ConcurrentHashMap$HashEntry[]@500006ce)
OBJ 500006dc (sz=32, trace=301542, class=java.util.concurrent.ConcurrentHashMap$Segment@500006be)
	sync		500006dd
	table		500006de
OBJ 500006dd (sz=24, trace=301576, class=java.util.concurrent.locks.ReentrantLock$NonfairSync@500006c4)
ARR 500006de (sz=16, trace=301582, nelems=0, elem type=java.util.concurrent.ConcurrentHashMap$HashEntry[]@500006ce)
OBJ 500006df (sz=32, trace=301542, class=java.util.concurrent.ConcurrentHashMap$Segment@500006be)
	sync		500006e0
	table		500006e1
OBJ 500006e0 (sz=24, trace=301576, class=java.util.concurrent.locks.ReentrantLock$NonfairSync@500006c4)
ARR 500006e1 (sz=16, trace=301582, nelems=0, elem type=java.util.concurrent.ConcurrentHashMap$HashEntry[]@500006ce)
OBJ 500006e2 (sz=32, trace=301542, class=java.util.concurrent.ConcurrentHashMap$Segment@500006be)
	sync		500006e3
	table		500006e4
OBJ 500006e3 (sz=24, trace=301576, class=java.util.concurrent.locks.ReentrantLock$NonfairSync@500006c4)
ARR 500006e4 (sz=16, trace=301582, nelems=0, elem type=java.util.concurrent.ConcurrentHashMap$HashEntry[]@500006ce)
OBJ 500006e5 (sz=32, trace=301542, class=java.util.concurrent.ConcurrentHashMap$Segment@500006be)
	sync		500006e6
	table		500006e7
OBJ 500006e6 (sz=24, trace=301576, class=java.util.concurrent.locks.ReentrantLock$NonfairSync@500006c4)
ARR 500006e7 (sz=16, trace=301582, nelems=0, elem type=java.util.concurrent.ConcurrentHashMap$HashEntry[]@500006ce)
OBJ 500006e8 (sz=32, trace=301542, class=java.util.concurrent.ConcurrentHashMap$Segment@500006be)
	sync		500006e9
	table		500006ea
OBJ 500006e9 (sz=24, trace=301576, class=java.util.concurrent.locks.ReentrantLock$NonfairSync@500006c4)
ARR 500006ea (sz=16, trace=301582, nelems=0, elem type=java.util.concurrent.ConcurrentHashMap$HashEntry[]@500006ce)
OBJ 500006eb (sz=32, trace=301542, class=java.util.concurrent.ConcurrentHashMap$Segment@500006be)
	sync		500006ec
	table		500006ed
OBJ 500006ec (sz=24, trace=301576, class=java.util.concurrent.locks.ReentrantLock$NonfairSync@500006c4)
ARR 500006ed (sz=16, trace=301582, nelems=0, elem type=java.util.concurrent.ConcurrentHashMap$HashEntry[]@500006ce)
OBJ 500006ee (sz=32, trace=301542, class=java.util.concurrent.ConcurrentHashMap$Segment@500006be)
	sync		500006ef
	table		500006f0
OBJ 500006ef (sz=24, trace=301576, class=java.util.concurrent.locks.ReentrantLock$NonfairSync@500006c4)
ARR 500006f0 (sz=16, trace=301582, nelems=0, elem type=java.util.concurrent.ConcurrentHashMap$HashEntry[]@500006ce)
OBJ 500006f1 (sz=32, trace=301542, class=java.util.concurrent.ConcurrentHashMap$Segment@500006be)
	sync		500006f2
	table		500006f3
OBJ 500006f2 (sz=24, trace=301576, class=java.util.concurrent.locks.ReentrantLock$NonfairSync@500006c4)
ARR 500006f3 (sz=16, trace=301582, nelems=0, elem type=java.util.concurrent.ConcurrentHashMap$HashEntry[]@500006ce)
OBJ 500006f4 (sz=32, trace=301542, class=java.util.concurrent.ConcurrentHashMap$Segment@500006be)
	sync		500006f5
	table		500006f6
OBJ 500006f5 (sz=24, trace=301576, class=java.util.concurrent.locks.ReentrantLock$NonfairSync@500006c4)
ARR 500006f6 (sz=16, trace=301582, nelems=0, elem type=java.util.concurrent.ConcurrentHashMap$HashEntry[]@500006ce)
OBJ 500006f7 (sz=32, trace=301542, class=java.util.concurrent.ConcurrentHashMap$Segment@500006be)
	sync		500006f8
	table		500006f9
OBJ 500006f8 (sz=24, trace=301576, class=java.util.concurrent.locks.ReentrantLock$NonfairSync@500006c4)
ARR 500006f9 (sz=16, trace=301582, nelems=0, elem type=java.util.concurrent.ConcurrentHashMap$HashEntry[]@500006ce)
OBJ 500006fa (sz=32, trace=301542, class=java.util.concurrent.ConcurrentHashMap$Segment@500006be)
	sync		500006fb
	table		500006fc
OBJ 500006fb (sz=24, trace=301576, class=java.util.concurrent.locks.ReentrantLock$NonfairSync@500006c4)
ARR 500006fc (sz=16, trace=301582, nelems=0, elem type=java.util.concurrent.ConcurrentHashMap$HashEntry[]@500006ce)
OBJ 500006fd (sz=88, trace=301435, class=sun.security.provider.Sun@50000633)
	table		500008ef
	name		500024e9
	info		500024e8
	legacyStrings	5000080e
OBJ 500006fe (sz=24, trace=303097, class=java.util.Hashtable$Entry@50000038)
	key		500006c7
	value		50001645
OBJ 500006ff (sz=24, trace=301603, class=java.util.Hashtable$Entry@50000038)
	key		50002500
	value		500024e9
OBJ 50000702 (sz=16, trace=301610, class=sun.misc.FloatingDecimal$1@50000701)
ARR 50000703 (sz=200, trace=301614, nelems=0, elem type=double[])
ARR 50000704 (sz=56, trace=301615, nelems=0, elem type=float[])
ARR 50000705 (sz=56, trace=301616, nelems=0, elem type=double[])
ARR 50000706 (sz=56, trace=301617, nelems=0, elem type=double[])
ARR 50000707 (sz=72, trace=301618, nelems=0, elem type=int[])
ARR 50000708 (sz=232, trace=301619, nelems=0, elem type=long[])
ARR 50000709 (sz=120, trace=301620, nelems=0, elem type=int[])
ARR 5000070a (sz=32, trace=301621, nelems=0, elem type=char[])
ARR 5000070b (sz=24, trace=301622, nelems=0, elem type=char[])
ARR 5000070c (sz=32, trace=301623, nelems=0, elem type=char[])
OBJ 5000070f (sz=16, trace=301628, class=java.util.regex.Pattern$Node@5000070e)
OBJ 50000711 (sz=16, trace=301631, class=java.util.regex.Pattern$LastNode@50000710)
	next		5000070f
OBJ 50000712 (sz=64, trace=301635, class=java.util.regex.Pattern@5000070d)
	pattern		50002749
	normalizedPattern	50002749
	root		500007fc
	matchRoot	50000723
OBJ 50000713 (sz=24, trace=303090, class=java.lang.String@5000008d)
	value		50000714
ARR 50000714 (sz=40, trace=303091, nelems=0, elem type=char[])
OBJ 50000717 (sz=24, trace=303094, class=java.lang.String@5000008d)
	value		5000071f
OBJ 50000718 (sz=16, trace=301653, class=java.util.regex.Pattern$GroupHead@50000715)
	next		5000071c
OBJ 5000071a (sz=24, trace=301657, class=java.util.regex.Pattern$GroupTail@50000719)
	next		50000721
OBJ 5000071c (sz=24, trace=301663, class=java.util.regex.Pattern$BitClass@5000071b)
	next		5000071a
	bits		5000071d
ARR 5000071d (sz=272, trace=301665, nelems=0, elem type=boolean[])
ARR 5000071f (sz=64, trace=303095, nelems=0, elem type=char[])
OBJ 50000721 (sz=16, trace=301701, class=java.util.regex.Pattern$Dummy@50000720)
	next		50000725
OBJ 50000723 (sz=16, trace=301705, class=java.util.regex.Pattern$Branch@50000722)
	next		50000721
	prev		50000718
OBJ 50000725 (sz=24, trace=301717, class=java.util.regex.Pattern$Single@50000724)
	next		50000726
OBJ 50000726 (sz=24, trace=301663, class=java.util.regex.Pattern$BitClass@5000071b)
	next		50000728
	bits		50000727
ARR 50000727 (sz=272, trace=301665, nelems=0, elem type=boolean[])
OBJ 50000728 (sz=16, trace=301653, class=java.util.regex.Pattern$GroupHead@50000715)
	next		500007e5
OBJ 50000729 (sz=24, trace=301657, class=java.util.regex.Pattern$GroupTail@50000719)
	next		500007e6
OBJ 5000072a (sz=16, trace=301653, class=java.util.regex.Pattern$GroupHead@50000715)
	next		5000072c
OBJ 5000072b (sz=24, trace=301657, class=java.util.regex.Pattern$GroupTail@50000719)
	next		50000729
OBJ 5000072c (sz=16, trace=301653, class=java.util.regex.Pattern$GroupHead@50000715)
	next		500007d3
OBJ 5000072d (sz=24, trace=301657, class=java.util.regex.Pattern$GroupTail@50000719)
	next		500007d5
OBJ 5000072e (sz=24, trace=303097, class=java.util.Hashtable$Entry@50000038)
	key		50000713
	value		50000717
OBJ 5000072f (sz=24, trace=303090, class=java.lang.String@5000008d)
	value		50000732
OBJ 50000731 (sz=40, trace=301739, class=java.util.HashMap@50000096)
	table		5000079b
ARR 50000732 (sz=48, trace=303091, nelems=0, elem type=char[])
OBJ 50000734 (sz=16, trace=301745, class=java.util.regex.Pattern$Category@50000733)
	next		5000070f
OBJ 50000735 (sz=24, trace=301752, class=java.util.HashMap$Entry@5000004c)
	key		50002681
	value		50000734
OBJ 50000736 (sz=16, trace=301756, class=java.util.regex.Pattern$Category@50000733)
	next		5000070f
OBJ 50000737 (sz=24, trace=301757, class=java.util.HashMap$Entry@5000004c)
	key		5000268f
	value		50000736
OBJ 50000738 (sz=16, trace=301758, class=java.util.regex.Pattern$Category@50000733)
	next		5000070f
OBJ 50000739 (sz=24, trace=301759, class=java.util.HashMap$Entry@5000004c)
	key		5000268a
	value		50000738
OBJ 5000073a (sz=16, trace=301760, class=java.util.regex.Pattern$Category@50000733)
	next		5000070f
OBJ 5000073b (sz=24, trace=301761, class=java.util.HashMap$Entry@5000004c)
	key		5000268e
	value		5000073a
OBJ 5000073c (sz=16, trace=301762, class=java.util.regex.Pattern$Category@50000733)
	next		5000070f
OBJ 5000073d (sz=24, trace=301763, class=java.util.HashMap$Entry@5000004c)
	key		5000268b
	value		5000073c
OBJ 5000073e (sz=16, trace=301764, class=java.util.regex.Pattern$Category@50000733)
	next		5000070f
OBJ 5000073f (sz=24, trace=301765, class=java.util.HashMap$Entry@5000004c)
	key		5000268c
	value		5000073e
OBJ 50000740 (sz=16, trace=301766, class=java.util.regex.Pattern$Category@50000733)
	next		5000070f
OBJ 50000741 (sz=24, trace=301767, class=java.util.HashMap$Entry@5000004c)
	key		50002693
	value		50000740
OBJ 50000742 (sz=16, trace=301768, class=java.util.regex.Pattern$Category@50000733)
	next		5000070f
OBJ 50000743 (sz=24, trace=301769, class=java.util.HashMap$Entry@5000004c)
	key		50002692
	value		50000742
OBJ 50000744 (sz=16, trace=301770, class=java.util.regex.Pattern$Category@50000733)
	next		5000070f
OBJ 50000745 (sz=24, trace=301771, class=java.util.HashMap$Entry@5000004c)
	key		50002691
	value		50000744
	next		50000777
OBJ 50000746 (sz=16, trace=301772, class=java.util.regex.Pattern$Category@50000733)
	next		5000070f
OBJ 50000747 (sz=24, trace=301773, class=java.util.HashMap$Entry@5000004c)
	key		50002695
	value		50000746
OBJ 50000748 (sz=16, trace=301774, class=java.util.regex.Pattern$Category@50000733)
	next		5000070f
OBJ 50000749 (sz=24, trace=301775, class=java.util.HashMap$Entry@5000004c)
	key		50002696
	value		50000748
OBJ 5000074a (sz=16, trace=301776, class=java.util.regex.Pattern$Category@50000733)
	next		5000070f
OBJ 5000074b (sz=24, trace=301777, class=java.util.HashMap$Entry@5000004c)
	key		50002697
	value		5000074a
OBJ 5000074c (sz=16, trace=301778, class=java.util.regex.Pattern$Category@50000733)
	next		5000070f
OBJ 5000074d (sz=24, trace=301779, class=java.util.HashMap$Entry@5000004c)
	key		500026aa
	value		5000074c
ARR 5000074e (sz=80, trace=307683, nelems=0, elem type=char[])
OBJ 5000074f (sz=16, trace=301782, class=java.util.regex.Pattern$Category@50000733)
	next		5000070f
OBJ 50000750 (sz=24, trace=301783, class=java.util.HashMap$Entry@5000004c)
	key		500026a8
	value		5000074f
OBJ 50000751 (sz=16, trace=301784, class=java.util.regex.Pattern$Category@50000733)
	next		5000070f
OBJ 50000752 (sz=24, trace=301785, class=java.util.HashMap$Entry@5000004c)
	key		500026a9
	value		50000751
	next		5000076b
OBJ 50000753 (sz=16, trace=301786, class=java.util.regex.Pattern$Category@50000733)
	next		5000070f
OBJ 50000754 (sz=24, trace=301787, class=java.util.HashMap$Entry@5000004c)
	key		5000267f
	value		50000753
OBJ 50000755 (sz=16, trace=301788, class=java.util.regex.Pattern$Category@50000733)
	next		5000070f
OBJ 50000756 (sz=24, trace=301789, class=java.util.HashMap$Entry@5000004c)
	key		50002680
	value		50000755
OBJ 50000757 (sz=16, trace=301790, class=java.util.regex.Pattern$Category@50000733)
	next		5000070f
OBJ 50000758 (sz=24, trace=301791, class=java.util.HashMap$Entry@5000004c)
	key		50002683
	value		50000757
OBJ 50000759 (sz=16, trace=301792, class=java.util.regex.Pattern$Category@50000733)
	next		5000070f
OBJ 5000075a (sz=24, trace=301793, class=java.util.HashMap$Entry@5000004c)
	key		50002684
	value		50000759
	next		50000747
OBJ 5000075b (sz=16, trace=301794, class=java.util.regex.Pattern$Category@50000733)
	next		5000070f
OBJ 5000075c (sz=24, trace=301795, class=java.util.HashMap$Entry@5000004c)
	key		5000269a
	value		5000075b
OBJ 5000075d (sz=16, trace=301796, class=java.util.regex.Pattern$Category@50000733)
	next		5000070f
OBJ 5000075e (sz=24, trace=301797, class=java.util.HashMap$Entry@5000004c)
	key		5000269e
	value		5000075d
OBJ 5000075f (sz=16, trace=301798, class=java.util.regex.Pattern$Category@50000733)
	next		5000070f
OBJ 50000760 (sz=24, trace=301799, class=java.util.HashMap$Entry@5000004c)
	key		5000269b
	value		5000075f
	next		5000073d
OBJ 50000761 (sz=16, trace=301800, class=java.util.regex.Pattern$Category@50000733)
	next		5000070f
OBJ 50000762 (sz=24, trace=301801, class=java.util.HashMap$Entry@5000004c)
	key		50002699
	value		50000761
	next		50000790
OBJ 50000763 (sz=16, trace=301802, class=java.util.regex.Pattern$Category@50000733)
	next		5000070f
OBJ 50000764 (sz=24, trace=301803, class=java.util.HashMap$Entry@5000004c)
	key		5000269c
	value		50000763
	next		50000749
OBJ 50000765 (sz=16, trace=301804, class=java.util.regex.Pattern$Category@50000733)
	next		5000070f
OBJ 50000766 (sz=24, trace=301805, class=java.util.HashMap$Entry@5000004c)
	key		500026a3
	value		50000765
OBJ 50000767 (sz=32, trace=300446, class=java.lang.ref.Finalizer@5000006b)
	referent	50000816
	queue		500015b6
	next		5000050d
OBJ 50000768 (sz=16, trace=301807, class=java.util.regex.Pattern$Category@50000733)
	next		5000070f
OBJ 50000769 (sz=24, trace=301808, class=java.util.HashMap$Entry@5000004c)
	key		500026a1
	value		50000768
OBJ 5000076a (sz=16, trace=301809, class=java.util.regex.Pattern$Category@50000733)
	next		5000070f
OBJ 5000076b (sz=24, trace=301810, class=java.util.HashMap$Entry@5000004c)
	key		500026a2
	value		5000076a
OBJ 5000076c (sz=16, trace=301811, class=java.util.regex.Pattern$Category@50000733)
	next		5000070f
OBJ 5000076d (sz=24, trace=301812, class=java.util.HashMap$Entry@5000004c)
	key		500026a4
	value		5000076c
OBJ 5000076e (sz=16, trace=301813, class=java.util.regex.Pattern$Category@50000733)
	next		5000070f
OBJ 5000076f (sz=24, trace=301814, class=java.util.HashMap$Entry@5000004c)
	key		50002687
	value		5000076e
OBJ 50000770 (sz=16, trace=301815, class=java.util.regex.Pattern$Category@50000733)
	next		5000070f
OBJ 50000771 (sz=24, trace=301816, class=java.util.HashMap$Entry@5000004c)
	key		50002690
	value		50000770
OBJ 50000772 (sz=16, trace=301817, class=java.util.regex.Pattern$Category@50000733)
	next		5000070f
OBJ 50000773 (sz=24, trace=301818, class=java.util.HashMap$Entry@5000004c)
	key		50002694
	value		50000772
OBJ 50000774 (sz=16, trace=301819, class=java.util.regex.Pattern$Category@50000733)
	next		5000070f
OBJ 50000775 (sz=24, trace=301820, class=java.util.HashMap$Entry@5000004c)
	key		50001c20
	value		50000774
OBJ 50000776 (sz=16, trace=301821, class=java.util.regex.Pattern$Category@50000733)
	next		5000070f
OBJ 50000777 (sz=24, trace=301822, class=java.util.HashMap$Entry@5000004c)
	key		5000267e
	value		50000776
OBJ 50000778 (sz=16, trace=301823, class=java.util.regex.Pattern$Category@50000733)
	next		5000070f
OBJ 50000779 (sz=24, trace=301824, class=java.util.HashMap$Entry@5000004c)
	key		50002698
	value		50000778
OBJ 5000077a (sz=16, trace=301825, class=java.util.regex.Pattern$Category@50000733)
	next		5000070f
OBJ 5000077b (sz=24, trace=301826, class=java.util.HashMap$Entry@5000004c)
	key		500026a0
	value		5000077a
OBJ 5000077c (sz=16, trace=301827, class=java.util.regex.Pattern$Category@50000733)
	next		5000070f
OBJ 5000077d (sz=24, trace=301828, class=java.util.HashMap$Entry@5000004c)
	key		50002689
	value		5000077c
OBJ 5000077f (sz=24, trace=301830, class=java.util.regex.Pattern$Range@5000077e)
	next		5000070f
OBJ 50000780 (sz=24, trace=301833, class=java.util.HashMap$Entry@5000004c)
	key		50002688
	value		5000077f
OBJ 50000782 (sz=16, trace=301835, class=java.util.regex.Pattern$All@50000781)
	next		5000070f
OBJ 50000783 (sz=24, trace=301838, class=java.util.HashMap$Entry@5000004c)
	key		500026ab
	value		50000782
OBJ 50000784 (sz=24, trace=301839, class=java.util.regex.Pattern$Range@5000077e)
	next		5000070f
OBJ 50000785 (sz=24, trace=301840, class=java.util.HashMap$Entry@5000004c)
	key		50001aef
	value		50000784
OBJ 50000787 (sz=16, trace=301842, class=java.util.regex.Pattern$Ctype@50000786)
	next		5000070f
OBJ 50000788 (sz=24, trace=301845, class=java.util.HashMap$Entry@5000004c)
	key		5000267b
	value		50000787
OBJ 50000789 (sz=16, trace=301846, class=java.util.regex.Pattern$Ctype@50000786)
	next		5000070f
OBJ 5000078a (sz=24, trace=301847, class=java.util.HashMap$Entry@5000004c)
	key		5000267c
	value		50000789
OBJ 5000078b (sz=16, trace=301848, class=java.util.regex.Pattern$Ctype@50000786)
	next		5000070f
OBJ 5000078c (sz=24, trace=301849, class=java.util.HashMap$Entry@5000004c)
	key		5000267d
	value		5000078b
OBJ 5000078d (sz=16, trace=301850, class=java.util.regex.Pattern$Ctype@50000786)
	next		5000070f
OBJ 5000078e (sz=24, trace=301851, class=java.util.HashMap$Entry@5000004c)
	key		50002682
	value		5000078d
OBJ 5000078f (sz=24, trace=301852, class=java.util.regex.Pattern$Range@5000077e)
	next		5000070f
OBJ 50000790 (sz=24, trace=301853, class=java.util.HashMap$Entry@5000004c)
	key		50002685
	value		5000078f
OBJ 50000791 (sz=16, trace=301854, class=java.util.regex.Pattern$Ctype@50000786)
	next		5000070f
OBJ 50000792 (sz=24, trace=301855, class=java.util.HashMap$Entry@5000004c)
	key		50002686
	value		50000791
OBJ 50000793 (sz=24, trace=301856, class=java.util.regex.Pattern$Range@5000077e)
	next		5000070f
OBJ 50000794 (sz=24, trace=301857, class=java.util.HashMap$Entry@5000004c)
	key		5000268d
	value		50000793
OBJ 50000795 (sz=24, trace=301858, class=java.util.regex.Pattern$Range@5000077e)
	next		5000070f
OBJ 50000796 (sz=24, trace=301859, class=java.util.HashMap$Entry@5000004c)
	key		5000269d
	value		50000795
OBJ 50000797 (sz=16, trace=301860, class=java.util.regex.Pattern$Ctype@50000786)
	next		5000070f
OBJ 50000798 (sz=24, trace=301861, class=java.util.HashMap$Entry@5000004c)
	key		5000269f
	value		50000797
OBJ 50000799 (sz=16, trace=301862, class=java.util.regex.Pattern$Ctype@50000786)
	next		5000070f
OBJ 5000079a (sz=24, trace=301863, class=java.util.HashMap$Entry@5000004c)
	key		500026a5
	value		50000799
ARR 5000079b (sz=528, trace=301864, nelems=128, elem type=java.util.HashMap$Entry[]@5000004d)
	[2]		5000075c
	[4]		50000794
	[8]		5000074d
	[9]		5000078c
	[12]		5000073b
	[16]		5000079a
	[18]		500007b2
	[23]		50000745
	[24]		500007cd
	[26]		50000764
	[30]		5000073f
	[31]		50000775
	[32]		500007bb
	[36]		500007b8
	[37]		50000773
	[38]		500007ca
	[39]		5000077d
	[40]		5000079d
	[42]		50000756
	[45]		500007b5
	[46]		5000074b
	[48]		50000758
	[53]		5000076d
	[57]		500007c7
	[59]		5000078a
	[62]		50000750
	[68]		5000079f
	[70]		50000796
	[71]		5000078e
	[72]		50000737
	[74]		50000739
	[76]		50000771
	[82]		500007d0
	[86]		5000075a
	[90]		50000785
	[91]		500007a6
	[93]		50000788
	[95]		5000077b
	[99]		50000780
	[102]		500007c1
	[103]		50000783
	[104]		500007a3
	[105]		500007ac
	[108]		500007be
	[109]		50000760
	[111]		50000754
	[116]		50000779
	[120]		500007a9
	[121]		500007c4
	[125]		500007af
	[127]		50000769
OBJ 5000079c (sz=24, trace=301865, class=java.util.regex.Pattern$Range@5000077e)
	next		5000070f
OBJ 5000079d (sz=24, trace=301866, class=java.util.HashMap$Entry@5000004c)
	key		500026a6
	value		5000079c
	next		50000792
OBJ 5000079e (sz=16, trace=301867, class=java.util.regex.Pattern$Ctype@50000786)
	next		5000070f
OBJ 5000079f (sz=24, trace=301868, class=java.util.HashMap$Entry@5000004c)
	key		500026a7
	value		5000079e
	next		50000766
OBJ 500007a2 (sz=16, trace=301870, class=java.util.regex.Pattern$JavaLowerCase@500007a1)
	next		5000070f
OBJ 500007a3 (sz=24, trace=301874, class=java.util.HashMap$Entry@5000004c)
	key		500026b4
	value		500007a2
OBJ 500007a5 (sz=16, trace=301876, class=java.util.regex.Pattern$JavaUpperCase@500007a4)
	next		5000070f
OBJ 500007a6 (sz=24, trace=301880, class=java.util.HashMap$Entry@5000004c)
	key		500026ba
	value		500007a5
	next		50000752
OBJ 500007a8 (sz=16, trace=301882, class=java.util.regex.Pattern$JavaTitleCase@500007a7)
	next		5000070f
OBJ 500007a9 (sz=24, trace=301886, class=java.util.HashMap$Entry@5000004c)
	key		500026b7
	value		500007a8
	next		50000762
OBJ 500007ab (sz=16, trace=301888, class=java.util.regex.Pattern$JavaDigit@500007aa)
	next		5000070f
OBJ 500007ac (sz=24, trace=301892, class=java.util.HashMap$Entry@5000004c)
	key		500026ad
	value		500007ab
OBJ 500007ae (sz=16, trace=301894, class=java.util.regex.Pattern$JavaDefined@500007ad)
	next		5000070f
OBJ 500007af (sz=24, trace=301898, class=java.util.HashMap$Entry@5000004c)
	key		500026ac
	value		500007ae
OBJ 500007b1 (sz=16, trace=301900, class=java.util.regex.Pattern$JavaLetter@500007b0)
	next		5000070f
OBJ 500007b2 (sz=24, trace=301904, class=java.util.HashMap$Entry@5000004c)
	key		500026b2
	value		500007b1
	next		5000076f
OBJ 500007b4 (sz=16, trace=301906, class=java.util.regex.Pattern$JavaLetterOrDigit@500007b3)
	next		5000070f
OBJ 500007b5 (sz=24, trace=301910, class=java.util.HashMap$Entry@5000004c)
	key		500026b3
	value		500007b4
	next		50000741
OBJ 500007b7 (sz=16, trace=301912, class=java.util.regex.Pattern$JavaJavaIdentifierStart@500007b6)
	next		5000070f
OBJ 500007b8 (sz=24, trace=301916, class=java.util.HashMap$Entry@5000004c)
	key		500026b1
	value		500007b7
	next		50000743
OBJ 500007ba (sz=16, trace=301918, class=java.util.regex.Pattern$JavaJavaIdentifierPart@500007b9)
	next		5000070f
OBJ 500007bb (sz=24, trace=301922, class=java.util.HashMap$Entry@5000004c)
	key		500026b0
	value		500007ba
	next		5000075e
OBJ 500007bd (sz=16, trace=301924, class=java.util.regex.Pattern$JavaUnicodeIdentifierStart@500007bc)
	next		5000070f
OBJ 500007be (sz=24, trace=301928, class=java.util.HashMap$Entry@5000004c)
	key		500026b9
	value		500007bd
OBJ 500007c0 (sz=16, trace=301930, class=java.util.regex.Pattern$JavaUnicodeIdentifierPart@500007bf)
	next		5000070f
OBJ 500007c1 (sz=24, trace=301934, class=java.util.HashMap$Entry@5000004c)
	key		500026b8
	value		500007c0
OBJ 500007c3 (sz=16, trace=301936, class=java.util.regex.Pattern$JavaIdentifierIgnorable@500007c2)
	next		5000070f
OBJ 500007c4 (sz=24, trace=301940, class=java.util.HashMap$Entry@5000004c)
	key		500026af
	value		500007c3
	next		50000798
OBJ 500007c6 (sz=16, trace=301942, class=java.util.regex.Pattern$JavaSpaceChar@500007c5)
	next		5000070f
OBJ 500007c7 (sz=24, trace=301946, class=java.util.HashMap$Entry@5000004c)
	key		500026b6
	value		500007c6
	next		50000735
OBJ 500007c9 (sz=16, trace=301948, class=java.util.regex.Pattern$JavaWhitespace@500007c8)
	next		5000070f
OBJ 500007ca (sz=24, trace=301952, class=java.util.HashMap$Entry@5000004c)
	key		500026bb
	value		500007c9
OBJ 500007cc (sz=16, trace=301954, class=java.util.regex.Pattern$JavaISOControl@500007cb)
	next		5000070f
OBJ 500007cd (sz=24, trace=301958, class=java.util.HashMap$Entry@5000004c)
	key		500026ae
	value		500007cc
OBJ 500007cf (sz=16, trace=301960, class=java.util.regex.Pattern$JavaMirrored@500007ce)
	next		5000070f
OBJ 500007d0 (sz=24, trace=301964, class=java.util.HashMap$Entry@5000004c)
	key		500026b5
	value		500007cf
OBJ 500007d1 (sz=16, trace=301973, class=java.util.regex.Pattern$Ctype@50000786)
	next		5000070f
OBJ 500007d3 (sz=32, trace=301981, class=java.util.regex.Pattern$Curly@500007d2)
	next		5000072d
	atom		500007d1
OBJ 500007d4 (sz=24, trace=301717, class=java.util.regex.Pattern$Single@50000724)
	next		5000070f
OBJ 500007d5 (sz=24, trace=301991, class=java.util.regex.Pattern$Ques@5000071e)
	next		5000072b
	atom		500007d4
OBJ 500007d6 (sz=16, trace=301653, class=java.util.regex.Pattern$GroupHead@50000715)
	next		500007d8
OBJ 500007d7 (sz=24, trace=301657, class=java.util.regex.Pattern$GroupTail@50000719)
	next		50000729
OBJ 500007d8 (sz=16, trace=301653, class=java.util.regex.Pattern$GroupHead@50000715)
	next		500007dd
OBJ 500007d9 (sz=24, trace=301657, class=java.util.regex.Pattern$GroupTail@50000719)
	next		500007de
OBJ 500007da (sz=24, trace=303097, class=java.util.Hashtable$Entry@50000038)
	key		5000072f
	value		500016e6
	next		500007f1
OBJ 500007db (sz=24, trace=303090, class=java.lang.String@5000008d)
	value		500007e1
OBJ 500007dc (sz=16, trace=301973, class=java.util.regex.Pattern$Ctype@50000786)
	next		5000070f
OBJ 500007dd (sz=32, trace=301996, class=java.util.regex.Pattern$Curly@500007d2)
	next		500007d9
	atom		500007dc
OBJ 500007de (sz=24, trace=301717, class=java.util.regex.Pattern$Single@50000724)
	next		500007df
OBJ 500007df (sz=16, trace=301653, class=java.util.regex.Pattern$GroupHead@50000715)
	next		500007e4
OBJ 500007e0 (sz=24, trace=301657, class=java.util.regex.Pattern$GroupTail@50000719)
	next		500007d7
ARR 500007e1 (sz=40, trace=303091, nelems=0, elem type=char[])
OBJ 500007e2 (sz=24, trace=303094, class=java.lang.String@5000008d)
	value		500007ec
OBJ 500007e3 (sz=16, trace=301973, class=java.util.regex.Pattern$Ctype@50000786)
	next		5000070f
OBJ 500007e4 (sz=32, trace=301981, class=java.util.regex.Pattern$Curly@500007d2)
	next		500007e0
	atom		500007e3
OBJ 500007e5 (sz=16, trace=301997, class=java.util.regex.Pattern$Branch@50000722)
	next		500007d6
	prev		5000072a
OBJ 500007e6 (sz=24, trace=301663, class=java.util.regex.Pattern$BitClass@5000071b)
	next		500007ee
	bits		500007e7
ARR 500007e7 (sz=272, trace=301665, nelems=0, elem type=boolean[])
OBJ 500007e8 (sz=16, trace=301653, class=java.util.regex.Pattern$GroupHead@50000715)
	next		500007ea
OBJ 500007e9 (sz=24, trace=301657, class=java.util.regex.Pattern$GroupTail@50000719)
	next		500007ed
OBJ 500007ea (sz=24, trace=301663, class=java.util.regex.Pattern$BitClass@5000071b)
	next		500007e9
	bits		500007eb
ARR 500007eb (sz=272, trace=301665, nelems=0, elem type=boolean[])
ARR 500007ec (sz=16, trace=303095, nelems=0, elem type=char[])
OBJ 500007ed (sz=16, trace=301701, class=java.util.regex.Pattern$Dummy@50000720)
	next		500007ef
OBJ 500007ee (sz=16, trace=301705, class=java.util.regex.Pattern$Branch@50000722)
	next		500007ed
	prev		500007e8
OBJ 500007ef (sz=16, trace=301653, class=java.util.regex.Pattern$GroupHead@50000715)
	next		500007f4
OBJ 500007f0 (sz=24, trace=301657, class=java.util.regex.Pattern$GroupTail@50000719)
	next		500007f7
OBJ 500007f1 (sz=24, trace=303097, class=java.util.Hashtable$Entry@50000038)
	key		500007db
	value		500007e2
	next		50000809
OBJ 500007f2 (sz=24, trace=303090, class=java.lang.String@5000008d)
	value		500007fe
OBJ 500007f3 (sz=24, trace=302000, class=java.util.regex.Pattern$Range@5000077e)
	next		5000070f
OBJ 500007f4 (sz=32, trace=301981, class=java.util.regex.Pattern$Curly@500007d2)
	next		500007f0
	atom		500007f3
OBJ 500007f5 (sz=24, trace=301663, class=java.util.regex.Pattern$BitClass@5000071b)
	next		5000070f
	bits		500007f6
ARR 500007f6 (sz=272, trace=301665, nelems=0, elem type=boolean[])
OBJ 500007f7 (sz=24, trace=301991, class=java.util.regex.Pattern$Ques@5000071e)
	next		50000711
	atom		500007f5
OBJ 500007fc (sz=16, trace=302012, class=java.util.regex.Pattern$Start@500007fb)
	next		50000723
ARR 500007fe (sz=48, trace=303091, nelems=0, elem type=char[])
OBJ 500007ff (sz=24, trace=307676, class=java.lang.String@5000008d)
ARR 50000800 (sz=72, trace=307677, nelems=0, elem type=char[])
ARR 50000801 (sz=64, trace=302085, nelems=0, elem type=char[])
OBJ 50000802 (sz=32, trace=300074, class=java.lang.ThreadLocal$ThreadLocalMap$Entry@50000125)
	referent	50000702
	queue		50001b77
	value		50000801
OBJ 50000803 (sz=24, trace=302099, class=java.lang.String@5000008d)
	value		50000804
ARR 50000804 (sz=24, trace=302100, nelems=0, elem type=char[])
OBJ 50000805 (sz=24, trace=302105, class=java.util.Hashtable$Entry@50000038)
	key		50002529
	value		50000803
OBJ 50000806 (sz=24, trace=302106, class=java.util.Hashtable$Entry@50000038)
	key		50002591
	value		500024e8
OBJ 50000807 (sz=24, trace=302108, class=java.util.Hashtable$Entry@50000038)
	key		500025ad
	value		500025ac
OBJ 50000809 (sz=24, trace=303097, class=java.util.Hashtable$Entry@50000038)
	key		500007f2
	value		5000166a
	next		5000080f
OBJ 5000080a (sz=24, trace=303090, class=java.lang.String@5000008d)
	value		5000080b
ARR 5000080b (sz=48, trace=303091, nelems=0, elem type=char[])
OBJ 5000080c (sz=48, trace=300147, class=java.nio.HeapCharBuffer@50000102)
OBJ 5000080d (sz=24, trace=300355, class=java.lang.String@5000008d)
	value		50000815
OBJ 5000080e (sz=48, trace=302133, class=java.util.LinkedHashMap@500000a9)
	table		50000960
	header		50000810
OBJ 5000080f (sz=24, trace=303097, class=java.util.Hashtable$Entry@50000038)
	key		5000080a
	value		50001621
OBJ 50000810 (sz=32, trace=302136, class=java.util.LinkedHashMap$Entry@50000067)
	before		500009de
	after		50000811
OBJ 50000811 (sz=32, trace=302146, class=java.util.LinkedHashMap$Entry@50000067)
	key		5000252e
	value		5000252d
	before		50000810
	after		50000818
OBJ 50000812 (sz=24, trace=302156, class=java.util.Hashtable$Entry@50000038)
	key		5000252e
	value		5000252d
OBJ 50000813 (sz=24, trace=303090, class=java.lang.String@5000008d)
	value		50000814
ARR 50000814 (sz=40, trace=303091, nelems=0, elem type=char[])
ARR 50000815 (sz=88, trace=300356, nelems=0, elem type=char[])
OBJ 50000816 (sz=64, trace=300463, class=java.util.jar.JarFile@5000015b)
	name		5000080d
	inflaters	5000081c
OBJ 50000817 (sz=24, trace=303097, class=java.util.Hashtable$Entry@50000038)
	key		50000813
	value		500016d1
	next		5000081e
OBJ 50000818 (sz=32, trace=302146, class=java.util.LinkedHashMap$Entry@50000067)
	key		5000253e
	value		5000253d
	before		50000811
	after		5000081f
OBJ 50000819 (sz=24, trace=302156, class=java.util.Hashtable$Entry@50000038)
	key		5000253e
	value		5000253d
OBJ 5000081a (sz=24, trace=303090, class=java.lang.String@5000008d)
	value		5000081b
ARR 5000081b (sz=64, trace=303091, nelems=0, elem type=char[])
OBJ 5000081c (sz=24, trace=300464, class=java.util.Vector@50000077)
	elementData	5000081d
ARR 5000081d (sz=56, trace=300467, nelems=0, elem type=java.lang.Object[]@50000013)
OBJ 5000081e (sz=24, trace=303097, class=java.util.Hashtable$Entry@50000038)
	key		5000081a
	value		50001673
OBJ 5000081f (sz=32, trace=302146, class=java.util.LinkedHashMap$Entry@50000067)
	key		50002597
	value		50002596
	before		50000818
	after		50000826
OBJ 50000820 (sz=24, trace=302156, class=java.util.Hashtable$Entry@50000038)
	key		50002597
	value		50002596
OBJ 50000821 (sz=24, trace=303090, class=java.lang.String@5000008d)
	value		50000822
ARR 50000822 (sz=40, trace=303091, nelems=0, elem type=char[])
OBJ 50000823 (sz=24, trace=303094, class=java.lang.String@5000008d)
	value		50000824
ARR 50000824 (sz=32, trace=303095, nelems=0, elem type=char[])
OBJ 50000825 (sz=24, trace=303097, class=java.util.Hashtable$Entry@50000038)
	key		50000821
	value		50000823
OBJ 50000826 (sz=32, trace=302146, class=java.util.LinkedHashMap$Entry@50000067)
	key		50002578
	value		50002577
	before		5000081f
	after		5000082d
OBJ 50000827 (sz=24, trace=302156, class=java.util.Hashtable$Entry@50000038)
	key		50002578
	value		50002577
OBJ 50000828 (sz=24, trace=303090, class=java.lang.String@5000008d)
	value		50000829
ARR 50000829 (sz=40, trace=303091, nelems=0, elem type=char[])
OBJ 5000082a (sz=24, trace=303094, class=java.lang.String@5000008d)
	value		5000082b
ARR 5000082b (sz=64, trace=303095, nelems=0, elem type=char[])
OBJ 5000082c (sz=24, trace=303097, class=java.util.Hashtable$Entry@50000038)
	key		50000828
	value		5000082a
OBJ 5000082d (sz=32, trace=302146, class=java.util.LinkedHashMap$Entry@50000067)
	key		5000255f
	value		50002515
	before		50000826
	after		50000835
OBJ 5000082e (sz=24, trace=303090, class=java.lang.String@5000008d)
	value		50000830
OBJ 5000082f (sz=24, trace=302156, class=java.util.Hashtable$Entry@50000038)
	key		5000255f
	value		50002515
ARR 50000830 (sz=40, trace=303091, nelems=0, elem type=char[])
OBJ 50000831 (sz=24, trace=303094, class=java.lang.String@5000008d)
	value		50000832
ARR 50000832 (sz=136, trace=303095, nelems=0, elem type=char[])
OBJ 50000833 (sz=24, trace=303097, class=java.util.Hashtable$Entry@50000038)
	key		5000082e
	value		50000831
	next		5000083a
OBJ 50000834 (sz=24, trace=303090, class=java.lang.String@5000008d)
	value		50000837
OBJ 50000835 (sz=32, trace=302146, class=java.util.LinkedHashMap$Entry@50000067)
	key		50002516
	value		50002515
	before		5000082d
	after		5000083c
OBJ 50000836 (sz=24, trace=302156, class=java.util.Hashtable$Entry@50000038)
	key		50002516
	value		50002515
ARR 50000837 (sz=48, trace=303091, nelems=0, elem type=char[])
OBJ 50000838 (sz=24, trace=300519, class=java.util.HashMap$Entry@5000004c)
	key		500003e7
	value		500005fb
OBJ 50000839 (sz=16, trace=307667, class=java.lang.StringBuffer@50000088)
OBJ 5000083a (sz=24, trace=303097, class=java.util.Hashtable$Entry@50000038)
	key		50000834
	value		50001677
OBJ 5000083b (sz=24, trace=303090, class=java.lang.String@5000008d)
	value		5000083e
OBJ 5000083c (sz=32, trace=302146, class=java.util.LinkedHashMap$Entry@50000067)
	key		50002551
	value		500024ee
	before		50000835
	after		50000843
OBJ 5000083d (sz=24, trace=302156, class=java.util.Hashtable$Entry@50000038)
	key		50002551
	value		500024ee
ARR 5000083e (sz=48, trace=303091, nelems=0, elem type=char[])
OBJ 5000083f (sz=24, trace=303094, class=java.lang.String@5000008d)
	value		50000840
ARR 50000840 (sz=200, trace=303095, nelems=0, elem type=char[])
OBJ 50000841 (sz=24, trace=303097, class=java.util.Hashtable$Entry@50000038)
	key		5000083b
	value		5000083f
OBJ 50000842 (sz=24, trace=303090, class=java.lang.String@5000008d)
	value		50000845
OBJ 50000843 (sz=32, trace=302146, class=java.util.LinkedHashMap$Entry@50000067)
	key		50002531
	value		500024ee
	before		5000083c
	after		5000084a
OBJ 50000844 (sz=24, trace=302156, class=java.util.Hashtable$Entry@50000038)
	key		50002531
	value		500024ee
ARR 50000845 (sz=88, trace=303091, nelems=0, elem type=char[])
OBJ 50000846 (sz=24, trace=303094, class=java.lang.String@5000008d)
	value		50000847
ARR 50000847 (sz=128, trace=303095, nelems=0, elem type=char[])
OBJ 50000848 (sz=24, trace=303097, class=java.util.Hashtable$Entry@50000038)
	key		50000842
	value		50000846
	next		5000084f
OBJ 50000849 (sz=24, trace=303090, class=java.lang.String@5000008d)
	value		5000084c
OBJ 5000084a (sz=32, trace=302146, class=java.util.LinkedHashMap$Entry@50000067)
	key		50002527
	value		500024ee
	before		50000843
	after		50000851
OBJ 5000084b (sz=24, trace=302156, class=java.util.Hashtable$Entry@50000038)
	key		50002527
	value		500024ee
	next		50000805
ARR 5000084c (sz=40, trace=303091, nelems=0, elem type=char[])
ARR 5000084d (sz=48, trace=307668, nelems=0, elem type=char[])
OBJ 5000084e (sz=24, trace=307676, class=java.lang.String@5000008d)
OBJ 5000084f (sz=24, trace=303097, class=java.util.Hashtable$Entry@50000038)
	key		50000849
	value		50001626
OBJ 50000850 (sz=24, trace=303090, class=java.lang.String@5000008d)
	value		50000853
OBJ 50000851 (sz=32, trace=302146, class=java.util.LinkedHashMap$Entry@50000067)
	key		500025b6
	value		500024ee
	before		5000084a
	after		50000858
OBJ 50000852 (sz=24, trace=302156, class=java.util.Hashtable$Entry@50000038)
	key		500025b6
	value		500024ee
ARR 50000853 (sz=32, trace=303091, nelems=0, elem type=char[])
ARR 50000854 (sz=32, trace=307677, nelems=0, elem type=char[])
OBJ 50000855 (sz=16, trace=307667, class=java.lang.StringBuffer@50000088)
OBJ 50000856 (sz=24, trace=303097, class=java.util.Hashtable$Entry@50000038)
	key		50000850
	value		500016a8
OBJ 50000857 (sz=24, trace=303090, class=java.lang.String@5000008d)
	value		5000085a
OBJ 50000858 (sz=32, trace=302146, class=java.util.LinkedHashMap$Entry@50000067)
	key		5000257f
	value		500024ee
	next		5000083c
	before		50000851
	after		5000085f
OBJ 50000859 (sz=24, trace=302156, class=java.util.Hashtable$Entry@50000038)
	key		5000257f
	value		500024ee
ARR 5000085a (sz=40, trace=303091, nelems=0, elem type=char[])
OBJ 5000085b (sz=24, trace=303094, class=java.lang.String@5000008d)
	value		5000085c
ARR 5000085c (sz=120, trace=303095, nelems=0, elem type=char[])
OBJ 5000085d (sz=24, trace=303097, class=java.util.Hashtable$Entry@50000038)
	key		50000857
	value		5000085b
OBJ 5000085e (sz=24, trace=303090, class=java.lang.String@5000008d)
	value		50000860
OBJ 5000085f (sz=32, trace=302146, class=java.util.LinkedHashMap$Entry@50000067)
	key		5000256b
	value		500024ee
	before		50000858
	after		50000867
ARR 50000860 (sz=40, trace=303091, nelems=0, elem type=char[])
OBJ 50000861 (sz=24, trace=302156, class=java.util.Hashtable$Entry@50000038)
	key		5000256b
	value		500024ee
ARR 50000862 (sz=48, trace=307668, nelems=0, elem type=char[])
ARR 50000863 (sz=80, trace=307683, nelems=0, elem type=char[])
OBJ 50000864 (sz=24, trace=303097, class=java.util.Hashtable$Entry@50000038)
	key		5000085e
	value		500016bd
	next		5000086b
OBJ 50000865 (sz=24, trace=303090, class=java.lang.String@5000008d)
	value		50000866
ARR 50000866 (sz=48, trace=303091, nelems=0, elem type=char[])
OBJ 50000867 (sz=32, trace=302146, class=java.util.LinkedHashMap$Entry@50000067)
	key		50002561
	value		500024ee
	before		5000085f
	after		5000086e
OBJ 50000868 (sz=24, trace=302156, class=java.util.Hashtable$Entry@50000038)
	key		50002561
	value		500024ee
OBJ 50000869 (sz=24, trace=303094, class=java.lang.String@5000008d)
	value		5000086a
ARR 5000086a (sz=56, trace=303095, nelems=0, elem type=char[])
OBJ 5000086b (sz=24, trace=303097, class=java.util.Hashtable$Entry@50000038)
	key		50000865
	value		50000869
	next		50000872
OBJ 5000086c (sz=24, trace=303090, class=java.lang.String@5000008d)
	value		5000086d
ARR 5000086d (sz=40, trace=303091, nelems=0, elem type=char[])
OBJ 5000086e (sz=32, trace=302146, class=java.util.LinkedHashMap$Entry@50000067)
	key		50002571
	value		500024ee
	before		50000867
	after		50000876
OBJ 5000086f (sz=24, trace=303094, class=java.lang.String@5000008d)
	value		50000871
OBJ 50000870 (sz=24, trace=302156, class=java.util.Hashtable$Entry@50000038)
	key		50002571
	value		500024ee
ARR 50000871 (sz=72, trace=303095, nelems=0, elem type=char[])
OBJ 50000872 (sz=24, trace=303097, class=java.util.Hashtable$Entry@50000038)
	key		5000086c
	value		5000086f
OBJ 50000873 (sz=24, trace=303090, class=java.lang.String@5000008d)
	value		50000874
ARR 50000874 (sz=24, trace=303091, nelems=0, elem type=char[])
OBJ 50000875 (sz=24, trace=303094, class=java.lang.String@5000008d)
	value		50000878
OBJ 50000876 (sz=32, trace=302146, class=java.util.LinkedHashMap$Entry@50000067)
	key		500024ef
	value		500024ee
	before		5000086e
	after		5000087d
OBJ 50000877 (sz=24, trace=302156, class=java.util.Hashtable$Entry@50000038)
	key		500024ef
	value		500024ee
ARR 50000878 (sz=32, trace=303095, nelems=0, elem type=char[])
OBJ 50000879 (sz=24, trace=303097, class=java.util.Hashtable$Entry@50000038)
	key		50000873
	value		50000875
	next		50000880
OBJ 5000087a (sz=24, trace=303090, class=java.lang.String@5000008d)
	value		5000087b
ARR 5000087b (sz=56, trace=303091, nelems=0, elem type=char[])
OBJ 5000087c (sz=24, trace=303094, class=java.lang.String@5000008d)
	value		5000087f
OBJ 5000087d (sz=32, trace=302146, class=java.util.LinkedHashMap$Entry@50000067)
	key		5000252b
	value		500024ee
	before		50000876
	after		50000884
OBJ 5000087e (sz=24, trace=302156, class=java.util.Hashtable$Entry@50000038)
	key		5000252b
	value		500024ee
ARR 5000087f (sz=72, trace=303095, nelems=0, elem type=char[])
OBJ 50000880 (sz=24, trace=303097, class=java.util.Hashtable$Entry@50000038)
	key		5000087a
	value		5000087c
OBJ 50000881 (sz=24, trace=303090, class=java.lang.String@5000008d)
	value		50000882
ARR 50000882 (sz=32, trace=303091, nelems=0, elem type=char[])
OBJ 50000883 (sz=24, trace=303094, class=java.lang.String@5000008d)
	value		50000886
OBJ 50000884 (sz=32, trace=302146, class=java.util.LinkedHashMap$Entry@50000067)
	key		500025aa
	value		500024ee
	before		5000087d
	after		5000088b
OBJ 50000885 (sz=24, trace=302156, class=java.util.Hashtable$Entry@50000038)
	key		500025aa
	value		500024ee
ARR 50000886 (sz=128, trace=303095, nelems=0, elem type=char[])
OBJ 50000887 (sz=24, trace=303097, class=java.util.Hashtable$Entry@50000038)
	key		50000881
	value		50000883
	next		5000088e
OBJ 50000888 (sz=24, trace=303090, class=java.lang.String@5000008d)
	value		50000889
ARR 50000889 (sz=32, trace=303091, nelems=0, elem type=char[])
ARR 5000088a (sz=152, trace=307683, nelems=0, elem type=char[])
OBJ 5000088b (sz=32, trace=302146, class=java.util.LinkedHashMap$Entry@50000067)
	key		50002568
	value		50002567
	before		50000884
	after		50000892
OBJ 5000088c (sz=24, trace=302156, class=java.util.Hashtable$Entry@50000038)
	key		50002568
	value		50002567
OBJ 5000088d (sz=24, trace=307676, class=java.lang.String@5000008d)
OBJ 5000088e (sz=24, trace=303097, class=java.util.Hashtable$Entry@50000038)
	key		50000888
	value		50001680
OBJ 5000088f (sz=24, trace=303090, class=java.lang.String@5000008d)
	value		50000890
ARR 50000890 (sz=48, trace=303091, nelems=0, elem type=char[])
OBJ 50000891 (sz=24, trace=303094, class=java.lang.String@5000008d)
	value		50000894
OBJ 50000892 (sz=32, trace=302146, class=java.util.LinkedHashMap$Entry@50000067)
	key		500024f2
	value		500024ea
	before		5000088b
	after		50000899
OBJ 50000893 (sz=24, trace=302156, class=java.util.Hashtable$Entry@50000038)
	key		500024f2
	value		500024ea
ARR 50000894 (sz=40, trace=303095, nelems=0, elem type=char[])
OBJ 50000895 (sz=24, trace=303097, class=java.util.Hashtable$Entry@50000038)
	key		5000088f
	value		50000891
OBJ 50000896 (sz=24, trace=303090, class=java.lang.String@5000008d)
	value		50000897
ARR 50000897 (sz=40, trace=303091, nelems=0, elem type=char[])
OBJ 50000898 (sz=24, trace=303094, class=java.lang.String@5000008d)
	value		5000089b
OBJ 50000899 (sz=32, trace=302146, class=java.util.LinkedHashMap$Entry@50000067)
	key		50002585
	value		500024ea
	next		5000085f
	before		50000892
	after		500008a0
OBJ 5000089a (sz=24, trace=302156, class=java.util.Hashtable$Entry@50000038)
	key		50002585
	value		500024ea
ARR 5000089b (sz=128, trace=303095, nelems=0, elem type=char[])
OBJ 5000089c (sz=24, trace=303097, class=java.util.Hashtable$Entry@50000038)
	key		50000896
	value		50000898
	next		500008a3
OBJ 5000089d (sz=24, trace=303090, class=java.lang.String@5000008d)
	value		5000089e
ARR 5000089e (sz=56, trace=303091, nelems=0, elem type=char[])
OBJ 5000089f (sz=24, trace=303094, class=java.lang.String@5000008d)
	value		500008a2
OBJ 500008a0 (sz=32, trace=302146, class=java.util.LinkedHashMap$Entry@50000067)
	key		50002525
	value		500024ea
	before		50000899
	after		500008a7
OBJ 500008a1 (sz=24, trace=302156, class=java.util.Hashtable$Entry@50000038)
	key		50002525
	value		500024ea
ARR 500008a2 (sz=248, trace=303095, nelems=0, elem type=char[])
OBJ 500008a3 (sz=24, trace=303097, class=java.util.Hashtable$Entry@50000038)
	key		5000089d
	value		5000089f
OBJ 500008a4 (sz=24, trace=303090, class=java.lang.String@5000008d)
	value		500008a5
ARR 500008a5 (sz=40, trace=303091, nelems=0, elem type=char[])
ARR 500008a6 (sz=128, trace=307677, nelems=0, elem type=char[])
OBJ 500008a7 (sz=32, trace=302146, class=java.util.LinkedHashMap$Entry@50000067)
	key		5000256e
	value		5000256d
	before		500008a0
	after		500008ae
OBJ 500008a8 (sz=24, trace=302156, class=java.util.Hashtable$Entry@50000038)
	key		5000256e
	value		5000256d
	next		50000870
OBJ 500008a9 (sz=48, trace=300147, class=java.nio.HeapCharBuffer@50000102)
OBJ 500008aa (sz=24, trace=303097, class=java.util.Hashtable$Entry@50000038)
	key		500008a4
	value		50001618
OBJ 500008ab (sz=24, trace=303090, class=java.lang.String@5000008d)
	value		500008ac
ARR 500008ac (sz=48, trace=303091, nelems=0, elem type=char[])
OBJ 500008ad (sz=16, trace=307667, class=java.lang.StringBuffer@50000088)
OBJ 500008ae (sz=32, trace=302146, class=java.util.LinkedHashMap$Entry@50000067)
	key		50002564
	value		50002563
	before		500008a7
	after		500008b5
OBJ 500008af (sz=24, trace=302156, class=java.util.Hashtable$Entry@50000038)
	key		50002564
	value		50002563
ARR 500008b0 (sz=48, trace=307668, nelems=0, elem type=char[])
OBJ 500008b1 (sz=24, trace=303097, class=java.util.Hashtable$Entry@50000038)
	key		500008ab
	value		500015f7
OBJ 500008b2 (sz=24, trace=303090, class=java.lang.String@5000008d)
	value		500008b3
ARR 500008b3 (sz=64, trace=303091, nelems=0, elem type=char[])
OBJ 500008b4 (sz=24, trace=303094, class=java.lang.String@5000008d)
	value		500008b6
OBJ 500008b5 (sz=32, trace=302146, class=java.util.LinkedHashMap$Entry@50000067)
	key		50002548
	value		50002547
	before		500008ae
	after		500008bd
ARR 500008b6 (sz=160, trace=303095, nelems=0, elem type=char[])
OBJ 500008b7 (sz=24, trace=302156, class=java.util.Hashtable$Entry@50000038)
	key		50002548
	value		50002547
OBJ 500008b8 (sz=24, trace=303097, class=java.util.Hashtable$Entry@50000038)
	key		500008b2
	value		500008b4
OBJ 500008b9 (sz=24, trace=303090, class=java.lang.String@5000008d)
	value		500008ba
ARR 500008ba (sz=48, trace=303091, nelems=0, elem type=char[])
OBJ 500008bb (sz=24, trace=303094, class=java.lang.String@5000008d)
	value		500008bc
ARR 500008bc (sz=80, trace=303095, nelems=0, elem type=char[])
OBJ 500008bd (sz=32, trace=302146, class=java.util.LinkedHashMap$Entry@50000067)
	key		5000258e
	value		5000258d
	before		500008b5
	after		500008c4
OBJ 500008be (sz=24, trace=302156, class=java.util.Hashtable$Entry@50000038)
	key		5000258e
	value		5000258d
	next		50000806
OBJ 500008bf (sz=24, trace=303097, class=java.util.Hashtable$Entry@50000038)
	key		500008b9
	value		500008bb
	next		500008c6
OBJ 500008c0 (sz=24, trace=303090, class=java.lang.String@5000008d)
	value		500008c1
ARR 500008c1 (sz=40, trace=303091, nelems=0, elem type=char[])
OBJ 500008c2 (sz=24, trace=307676, class=java.lang.String@5000008d)
ARR 500008c3 (sz=32, trace=307677, nelems=0, elem type=char[])
OBJ 500008c4 (sz=32, trace=302146, class=java.util.LinkedHashMap$Entry@50000067)
	key		5000259a
	value		5000258d
	next		5000086e
	before		500008bd
	after		500008cb
OBJ 500008c5 (sz=24, trace=302156, class=java.util.Hashtable$Entry@50000038)
	key		5000259a
	value		5000258d
OBJ 500008c6 (sz=24, trace=303097, class=java.util.Hashtable$Entry@50000038)
	key		500008c0
	value		5000165a
OBJ 500008c7 (sz=24, trace=303090, class=java.lang.String@5000008d)
	value		500008c8
ARR 500008c8 (sz=48, trace=303091, nelems=0, elem type=char[])
OBJ 500008c9 (sz=24, trace=303094, class=java.lang.String@5000008d)
	value		500008ca
ARR 500008ca (sz=64, trace=303095, nelems=0, elem type=char[])
OBJ 500008cb (sz=32, trace=302146, class=java.util.LinkedHashMap$Entry@50000067)
	key		5000251e
	value		5000251d
	before		500008c4
	after		500008d2
OBJ 500008cc (sz=24, trace=302156, class=java.util.Hashtable$Entry@50000038)
	key		5000251e
	value		5000251d
	next		500008da
OBJ 500008cd (sz=24, trace=303097, class=java.util.Hashtable$Entry@50000038)
	key		500008c7
	value		500008c9
OBJ 500008ce (sz=24, trace=303090, class=java.lang.String@5000008d)
	value		500008cf
ARR 500008cf (sz=32, trace=303091, nelems=0, elem type=char[])
OBJ 500008d0 (sz=24, trace=303094, class=java.lang.String@5000008d)
	value		500008d1
ARR 500008d1 (sz=352, trace=303095, nelems=0, elem type=char[])
OBJ 500008d2 (sz=32, trace=302146, class=java.util.LinkedHashMap$Entry@50000067)
	key		5000250c
	value		5000250b
	before		500008cb
	after		500008d9
OBJ 500008d3 (sz=24, trace=302156, class=java.util.Hashtable$Entry@50000038)
	key		5000250c
	value		5000250b
OBJ 500008d4 (sz=24, trace=303097, class=java.util.Hashtable$Entry@50000038)
	key		500008ce
	value		500008d0
OBJ 500008d5 (sz=24, trace=303090, class=java.lang.String@5000008d)
	value		500008d6
ARR 500008d6 (sz=40, trace=303091, nelems=0, elem type=char[])
OBJ 500008d7 (sz=24, trace=303094, class=java.lang.String@5000008d)
	value		500008d8
ARR 500008d8 (sz=40, trace=303095, nelems=0, elem type=char[])
OBJ 500008d9 (sz=32, trace=302146, class=java.util.LinkedHashMap$Entry@50000067)
	key		50002522
	value		50002521
	before		500008d2
	after		500008e0
OBJ 500008da (sz=24, trace=302156, class=java.util.Hashtable$Entry@50000038)
	key		50002522
	value		50002521
ARR 500008db (sz=776, trace=303100, nelems=191, elem type=java.util.Hashtable$Entry[]@50000039)
	[1]		50000aa9
	[4]		50000a9f
	[5]		50000a9a
	[6]		50000a7b
	[13]		50000a75
	[16]		50000a70
	[17]		50000a61
	[18]		50000a5c
	[21]		50000a4f
	[24]		50000a45
	[26]		50000a40
	[27]		50000a31
	[28]		50000a2c
	[29]		50000a24
	[33]		50000a1f
	[34]		50000a1a
	[36]		50000a14
	[39]		50000a0f
	[44]		500009f4
	[45]		500009ef
	[46]		500009e6
	[49]		500009dd
	[50]		500009cf
	[52]		500009c1
	[54]		500009b3
	[55]		500009a5
	[57]		50000997
	[59]		50000990
	[61]		50000989
	[62]		50000982
	[63]		5000097b
	[65]		50000974
	[66]		5000096d
	[67]		5000095d
	[69]		5000094f
	[70]		50000941
	[74]		5000093a
	[78]		50000923
	[79]		50000915
	[82]		5000090e
	[86]		50000900
	[90]		500008f9
	[92]		500008f2
	[93]		500008ea
	[94]		500008e3
	[95]		500008dc
	[98]		500008d4
	[99]		500008cd
	[100]		500008bf
	[103]		500008b8
	[104]		500008b1
	[105]		500008aa
	[106]		5000089c
	[111]		50000895
	[113]		50000887
	[114]		50000879
	[115]		50000864
	[116]		5000085d
	[117]		50000856
	[119]		50000848
	[120]		50000841
	[121]		50000833
	[122]		5000082c
	[123]		50000825
	[124]		50000817
	[127]		500007da
	[128]		5000072e
	[129]		500006fe
	[130]		5000067a
	[132]		50000648
	[133]		5000063f
	[135]		5000062a
	[136]		5000061f
	[138]		5000061a
	[143]		50000610
	[144]		50000607
	[146]		500005fe
	[147]		500005f5
	[151]		500005ec
	[152]		500005e6
	[156]		500005dd
	[159]		500005d4
	[162]		500005c7
	[163]		500005be
	[164]		500005a1
	[165]		5000058f
	[167]		50000589
	[169]		50000574
	[170]		50000aac
	[171]		5000056a
	[172]		5000055b
	[174]		50000556
	[176]		50000551
	[177]		5000054c
	[178]		50000545
	[179]		50000538
	[182]		50000528
	[185]		50000523
	[189]		5000051a
	[190]		50000515
OBJ 500008dc (sz=24, trace=303097, class=java.util.Hashtable$Entry@50000038)
	key		500008d5
	value		500008d7
OBJ 500008dd (sz=24, trace=303090, class=java.lang.String@5000008d)
	value		500008de
ARR 500008de (sz=56, trace=303091, nelems=0, elem type=char[])
OBJ 500008df (sz=16, trace=307667, class=java.lang.StringBuffer@50000088)
OBJ 500008e0 (sz=32, trace=302146, class=java.util.LinkedHashMap$Entry@50000067)
	key		5000251a
	value		50002519
	before		500008d9
	after		500008e7
OBJ 500008e1 (sz=24, trace=302156, class=java.util.Hashtable$Entry@50000038)
	key		5000251a
	value		50002519
ARR 500008e2 (sz=48, trace=307668, nelems=0, elem type=char[])
OBJ 500008e3 (sz=24, trace=303097, class=java.util.Hashtable$Entry@50000038)
	key		500008dd
	value		5000168d
OBJ 500008e4 (sz=24, trace=303090, class=java.lang.String@5000008d)
	value		500008e5
ARR 500008e5 (sz=32, trace=303091, nelems=0, elem type=char[])
OBJ 500008e6 (sz=24, trace=303094, class=java.lang.String@5000008d)
	value		500008e9
OBJ 500008e7 (sz=32, trace=302146, class=java.util.LinkedHashMap$Entry@50000067)
	key		50002542
	value		50002541
	before		500008e0
	after		500008ee
OBJ 500008e8 (sz=24, trace=302156, class=java.util.Hashtable$Entry@50000038)
	key		50002542
	value		50002541
ARR 500008e9 (sz=80, trace=303095, nelems=0, elem type=char[])
OBJ 500008ea (sz=24, trace=303097, class=java.util.Hashtable$Entry@50000038)
	key		500008e4
	value		500008e6
OBJ 500008eb (sz=24, trace=303090, class=java.lang.String@5000008d)
	value		500008ec
ARR 500008ec (sz=64, trace=303091, nelems=0, elem type=char[])
OBJ 500008ed (sz=24, trace=307676, class=java.lang.String@5000008d)
OBJ 500008ee (sz=32, trace=302146, class=java.util.LinkedHashMap$Entry@50000067)
	key		5000254b
	value		500024ea
	before		500008e7
	after		500008f6
ARR 500008ef (sz=392, trace=302177, nelems=95, elem type=java.util.Hashtable$Entry[]@50000039)
	[0]		50000976
	[2]		500009ae
	[4]		500009d1
	[8]		50000807
	[9]		50000885
	[10]		500008fe
	[18]		500009ca
	[22]		50000961
	[23]		500008c5
	[26]		50000820
	[27]		500009a0
	[29]		500009d8
	[33]		5000089a
	[34]		5000093d
	[35]		500009c3
	[36]		50000984
	[38]		500009b5
	[39]		500009df
	[40]		500008a8
	[41]		50000861
	[42]		5000088c
	[43]		500008af
	[44]		50000868
	[46]		50000921
	[48]		5000091a
	[49]		5000083d
	[50]		50000999
	[52]		500008f0
	[55]		50000936
	[58]		500008e8
	[59]		50000992
	[62]		500009bc
	[64]		50000959
	[67]		50000844
	[68]		50000812
	[69]		5000087e
	[71]		5000084b
	[74]		500008a1
	[76]		500008cc
	[77]		500008e1
	[78]		5000094b
	[79]		50000905
	[83]		50000944
	[88]		5000097d
	[90]		50000968
	[91]		50000893
	[92]		50000877
	[94]		5000090c
OBJ 500008f0 (sz=24, trace=302156, class=java.util.Hashtable$Entry@50000038)
	key		5000254b
	value		500024ea
ARR 500008f1 (sz=24, trace=307677, nelems=0, elem type=char[])
OBJ 500008f2 (sz=24, trace=303097, class=java.util.Hashtable$Entry@50000038)
	key		500008eb
	value		500016da
OBJ 500008f3 (sz=24, trace=303090, class=java.lang.String@5000008d)
	value		500008f4
ARR 500008f4 (sz=40, trace=303091, nelems=0, elem type=char[])
OBJ 500008f5 (sz=48, trace=300147, class=java.nio.HeapCharBuffer@50000102)
OBJ 500008f6 (sz=32, trace=302146, class=java.util.LinkedHashMap$Entry@50000067)
	key		500025a4
	value		500024ea
	next		500008e7
	before		500008ee
	after		500008fd
OBJ 500008f7 (sz=24, trace=302156, class=java.util.Hashtable$Entry@50000038)
	key		500025a4
	value		500024ea
OBJ 500008f8 (sz=16, trace=307667, class=java.lang.StringBuffer@50000088)
OBJ 500008f9 (sz=24, trace=303097, class=java.util.Hashtable$Entry@50000038)
	key		500008f3
	value		500016b9
OBJ 500008fa (sz=24, trace=303090, class=java.lang.String@5000008d)
	value		500008fb
ARR 500008fb (sz=40, trace=303091, nelems=0, elem type=char[])
OBJ 500008fc (sz=24, trace=303094, class=java.lang.String@5000008d)
	value		500008ff
OBJ 500008fd (sz=32, trace=302146, class=java.util.LinkedHashMap$Entry@50000067)
	key		500025a7
	value		500025a6
	before		500008f6
	after		50000904
OBJ 500008fe (sz=24, trace=302156, class=java.util.Hashtable$Entry@50000038)
	key		500025a7
	value		500025a6
ARR 500008ff (sz=128, trace=303095, nelems=0, elem type=char[])
OBJ 50000900 (sz=24, trace=303097, class=java.util.Hashtable$Entry@50000038)
	key		500008fa
	value		500008fc
OBJ 50000901 (sz=24, trace=303090, class=java.lang.String@5000008d)
	value		50000902
ARR 50000902 (sz=56, trace=303091, nelems=0, elem type=char[])
OBJ 50000903 (sz=24, trace=303094, class=java.lang.String@5000008d)
	value		50000906
OBJ 50000904 (sz=32, trace=302146, class=java.util.LinkedHashMap$Entry@50000067)
	key		5000250f
	value		500024ea
	before		500008fd
	after		5000090b
OBJ 50000905 (sz=24, trace=302156, class=java.util.Hashtable$Entry@50000038)
	key		5000250f
	value		500024ea
ARR 50000906 (sz=80, trace=303095, nelems=0, elem type=char[])
OBJ 50000907 (sz=24, trace=303097, class=java.util.Hashtable$Entry@50000038)
	key		50000901
	value		50000903
OBJ 50000908 (sz=24, trace=303090, class=java.lang.String@5000008d)
	value		50000909
ARR 50000909 (sz=32, trace=303091, nelems=0, elem type=char[])
ARR 5000090a (sz=48, trace=307668, nelems=0, elem type=char[])
OBJ 5000090b (sz=32, trace=302146, class=java.util.LinkedHashMap$Entry@50000067)
	key		500024eb
	value		500024ea
	before		50000904
	after		50000912
OBJ 5000090c (sz=24, trace=302156, class=java.util.Hashtable$Entry@50000038)
	key		500024eb
	value		500024ea
OBJ 5000090d (sz=24, trace=307676, class=java.lang.String@5000008d)
OBJ 5000090e (sz=24, trace=303097, class=java.util.Hashtable$Entry@50000038)
	key		50000908
	value		50001684
	next		50000907
OBJ 5000090f (sz=24, trace=303090, class=java.lang.String@5000008d)
	value		50000910
ARR 50000910 (sz=48, trace=303091, nelems=0, elem type=char[])
OBJ 50000911 (sz=24, trace=303094, class=java.lang.String@5000008d)
	value		50000914
OBJ 50000912 (sz=32, trace=302146, class=java.util.LinkedHashMap$Entry@50000067)
	key		5000255c
	value		5000255b
	before		5000090b
	after		50000919
OBJ 50000913 (sz=24, trace=302156, class=java.util.Hashtable$Entry@50000038)
	key		5000255c
	value		5000255b
	next		5000082f
ARR 50000914 (sz=32, trace=303095, nelems=0, elem type=char[])
OBJ 50000915 (sz=24, trace=303097, class=java.util.Hashtable$Entry@50000038)
	key		5000090f
	value		50000911
OBJ 50000916 (sz=24, trace=303090, class=java.lang.String@5000008d)
	value		50000917
ARR 50000917 (sz=64, trace=303091, nelems=0, elem type=char[])
ARR 50000918 (sz=48, trace=307677, nelems=0, elem type=char[])
OBJ 50000919 (sz=32, trace=302146, class=java.util.LinkedHashMap$Entry@50000067)
	key		50002554
	value		50002553
	before		50000912
	after		50000920
OBJ 5000091a (sz=24, trace=302156, class=java.util.Hashtable$Entry@50000038)
	key		50002554
	value		50002553
OBJ 5000091b (sz=16, trace=307667, class=java.lang.StringBuffer@50000088)
OBJ 5000091c (sz=24, trace=303097, class=java.util.Hashtable$Entry@50000038)
	key		50000916
	value		500016b5
OBJ 5000091d (sz=24, trace=303090, class=java.lang.String@5000008d)
	value		5000091e
ARR 5000091e (sz=40, trace=303091, nelems=0, elem type=char[])
OBJ 5000091f (sz=24, trace=303094, class=java.lang.String@5000008d)
	value		50000922
OBJ 50000920 (sz=32, trace=302146, class=java.util.LinkedHashMap$Entry@50000067)
	key		50002558
	value		50002557
	before		50000919
	after		50000927
OBJ 50000921 (sz=24, trace=302156, class=java.util.Hashtable$Entry@50000038)
	key		50002558
	value		50002557
	next		50000913
ARR 50000922 (sz=72, trace=303095, nelems=0, elem type=char[])
OBJ 50000923 (sz=24, trace=303097, class=java.util.Hashtable$Entry@50000038)
	key		5000091d
	value		5000091f
	next		5000091c
OBJ 50000924 (sz=24, trace=303090, class=java.lang.String@5000008d)
	value		50000925
ARR 50000925 (sz=64, trace=303091, nelems=0, elem type=char[])
OBJ 50000926 (sz=24, trace=303094, class=java.lang.String@5000008d)
	value		50000929
OBJ 50000927 (sz=32, trace=302146, class=java.util.LinkedHashMap$Entry@50000067)
	key		5000258a
	value		50002589
	before		50000920
	after		5000092e
OBJ 50000928 (sz=24, trace=302156, class=java.util.Hashtable$Entry@50000038)
	key		5000258a
	value		50002589
	next		500008be
ARR 50000929 (sz=16, trace=303095, nelems=0, elem type=char[])
OBJ 5000092a (sz=24, trace=303097, class=java.util.Hashtable$Entry@50000038)
	key		50000924
	value		50000926
ARR 5000092b (sz=48, trace=307668, nelems=0, elem type=char[])
OBJ 5000092c (sz=24, trace=303090, class=java.lang.String@5000008d)
	value		5000092d
ARR 5000092d (sz=48, trace=303091, nelems=0, elem type=char[])
OBJ 5000092e (sz=32, trace=302146, class=java.util.LinkedHashMap$Entry@50000067)
	key		50002508
	value		50002507
	before		50000927
	after		50000935
OBJ 5000092f (sz=24, trace=302156, class=java.util.Hashtable$Entry@50000038)
	key		50002508
	value		50002507
	next		500008d3
OBJ 50000930 (sz=24, trace=307676, class=java.lang.String@5000008d)
ARR 50000931 (sz=40, trace=307677, nelems=0, elem type=char[])
OBJ 50000933 (sz=24, trace=303097, class=java.util.Hashtable$Entry@50000038)
	key		5000092c
	value		5000166e
	next		5000092a
OBJ 50000934 (sz=24, trace=303090, class=java.lang.String@5000008d)
	value		50000937
OBJ 50000935 (sz=32, trace=302146, class=java.util.LinkedHashMap$Entry@50000067)
	key		50002545
	value		50002503
	before		5000092e
	after		5000093c
OBJ 50000936 (sz=24, trace=302156, class=java.util.Hashtable$Entry@50000038)
	key		50002545
	value		50002503
	next		500008b7
ARR 50000937 (sz=48, trace=303091, nelems=0, elem type=char[])
OBJ 50000938 (sz=48, trace=300147, class=java.nio.HeapCharBuffer@50000102)
OBJ 50000939 (sz=16, trace=307667, class=java.lang.StringBuffer@50000088)
OBJ 5000093a (sz=24, trace=303097, class=java.util.Hashtable$Entry@50000038)
	key		50000934
	value		5000160c
	next		50000933
OBJ 5000093b (sz=24, trace=303090, class=java.lang.String@5000008d)
	value		5000093e
OBJ 5000093c (sz=32, trace=302146, class=java.util.LinkedHashMap$Entry@50000067)
	key		50002582
	value		50002581
	next		500008ae
	before		50000935
	after		50000943
OBJ 5000093d (sz=24, trace=302156, class=java.util.Hashtable$Entry@50000038)
	key		50002582
	value		50002581
ARR 5000093e (sz=40, trace=303091, nelems=0, elem type=char[])
ARR 5000093f (sz=48, trace=307668, nelems=0, elem type=char[])
OBJ 50000940 (sz=24, trace=307676, class=java.lang.String@5000008d)
OBJ 50000941 (sz=24, trace=303097, class=java.util.Hashtable$Entry@50000038)
	key		5000093b
	value		50001608
OBJ 50000942 (sz=24, trace=303090, class=java.lang.String@5000008d)
	value		50000945
OBJ 50000943 (sz=32, trace=302146, class=java.util.LinkedHashMap$Entry@50000067)
	key		50002504
	value		50002503
	before		5000093c
	after		5000094a
OBJ 50000944 (sz=24, trace=302156, class=java.util.Hashtable$Entry@50000038)
	key		50002504
	value		50002503
	next		5000092f
ARR 50000945 (sz=32, trace=303091, nelems=0, elem type=char[])
OBJ 50000946 (sz=24, trace=303094, class=java.lang.String@5000008d)
	value		50000947
ARR 50000947 (sz=16, trace=303095, nelems=0, elem type=char[])
OBJ 50000948 (sz=24, trace=303097, class=java.util.Hashtable$Entry@50000038)
	key		50000942
	value		50000946
OBJ 50000949 (sz=24, trace=303090, class=java.lang.String@5000008d)
	value		5000094c
OBJ 5000094a (sz=32, trace=302146, class=java.util.LinkedHashMap$Entry@50000067)
	key		50002512
	value		50002511
	next		50000943
	before		50000943
	after		50000951
OBJ 5000094b (sz=24, trace=302156, class=java.util.Hashtable$Entry@50000038)
	key		50002512
	value		50002511
	next		50000836
ARR 5000094c (sz=48, trace=303091, nelems=0, elem type=char[])
OBJ 5000094d (sz=24, trace=303094, class=java.lang.String@5000008d)
	value		5000094e
ARR 5000094e (sz=48, trace=303095, nelems=0, elem type=char[])
OBJ 5000094f (sz=24, trace=303097, class=java.util.Hashtable$Entry@50000038)
	key		50000949
	value		5000094d
	next		50000948
OBJ 50000950 (sz=24, trace=303090, class=java.lang.String@5000008d)
	value		50000953
OBJ 50000951 (sz=32, trace=302146, class=java.util.LinkedHashMap$Entry@50000067)
	key		500024f9
	value		500024f8
	before		5000094a
	after		50000958
OBJ 50000952 (sz=24, trace=302156, class=java.util.Hashtable$Entry@50000038)
	key		500024f9
	value		500024f8
ARR 50000953 (sz=96, trace=303091, nelems=0, elem type=char[])
OBJ 50000954 (sz=24, trace=303094, class=java.lang.String@5000008d)
	value		50000955
ARR 50000955 (sz=136, trace=303095, nelems=0, elem type=char[])
OBJ 50000956 (sz=24, trace=303097, class=java.util.Hashtable$Entry@50000038)
	key		50000950
	value		50000954
OBJ 50000957 (sz=24, trace=303090, class=java.lang.String@5000008d)
	value		5000095a
OBJ 50000958 (sz=32, trace=302146, class=java.util.LinkedHashMap$Entry@50000067)
	key		50002534
	value		50002533
	before		50000951
	after		5000095f
OBJ 50000959 (sz=24, trace=302156, class=java.util.Hashtable$Entry@50000038)
	key		50002534
	value		50002533
ARR 5000095a (sz=48, trace=303091, nelems=0, elem type=char[])
ARR 5000095b (sz=40, trace=307677, nelems=0, elem type=char[])
OBJ 5000095c (sz=16, trace=307667, class=java.lang.StringBuffer@50000088)
OBJ 5000095d (sz=24, trace=303097, class=java.util.Hashtable$Entry@50000038)
	key		50000957
	value		500015e3
	next		50000956
OBJ 5000095e (sz=24, trace=303090, class=java.lang.String@5000008d)
	value		50000962
OBJ 5000095f (sz=32, trace=302146, class=java.util.LinkedHashMap$Entry@50000067)
	key		5000259d
	value		5000259c
	before		50000958
	after		50000967
ARR 50000960 (sz=528, trace=302207, nelems=124, elem type=java.util.HashMap$Entry[]@5000004d)
	[0]		5000082d
	[2]		50000935
	[3]		5000099f
	[5]		50000818
	[6]		50000991
	[7]		500008a0
	[9]		5000093c
	[11]		5000095f
	[14]		500008cb
	[16]		50000899
	[20]		50000892
	[23]		50000912
	[27]		500008f6
	[31]		50000843
	[35]		500008c4
	[38]		50000919
	[39]		500009de
	[43]		500008b5
	[44]		50000951
	[45]		5000090b
	[46]		50000835
	[47]		500009bb
	[50]		5000087d
	[51]		50000904
	[52]		50000967
	[53]		500008e0
	[54]		5000098a
	[57]		500008d2
	[58]		50000927
	[62]		5000096e
	[70]		500008ee
	[71]		50000851
	[73]		500009ad
	[76]		50000867
	[77]		50000920
	[79]		500009c9
	[80]		5000081f
	[82]		50000998
	[83]		50000876
	[88]		5000094a
	[90]		500008d9
	[93]		5000088b
	[94]		500009c2
	[96]		50000975
	[99]		50000826
	[101]		500009d0
	[104]		500009d7
	[105]		5000092e
	[110]		500008fd
	[112]		50000983
	[113]		500009b4
	[121]		5000084a
	[123]		50000811
OBJ 50000961 (sz=24, trace=302156, class=java.util.Hashtable$Entry@50000038)
	key		5000259d
	value		5000259c
ARR 50000962 (sz=48, trace=303091, nelems=0, elem type=char[])
ARR 50000963 (sz=48, trace=307668, nelems=0, elem type=char[])
ARR 50000964 (sz=80, trace=307683, nelems=0, elem type=char[])
ARR 50000965 (sz=152, trace=307683, nelems=0, elem type=char[])
OBJ 50000966 (sz=24, trace=303097, class=java.util.Hashtable$Entry@50000038)
	key		5000095e
	value		5000169b
OBJ 50000967 (sz=32, trace=302146, class=java.util.LinkedHashMap$Entry@50000067)
	key		500024f5
	value		500024f4
	before		5000095f
	after		5000096e
OBJ 50000968 (sz=24, trace=302156, class=java.util.Hashtable$Entry@50000038)
	key		500024f5
	value		500024f4
	next		50000952
OBJ 50000969 (sz=24, trace=303090, class=java.lang.String@5000008d)
	value		5000096a
ARR 5000096a (sz=40, trace=303091, nelems=0, elem type=char[])
OBJ 5000096b (sz=24, trace=303094, class=java.lang.String@5000008d)
	value		5000096c
ARR 5000096c (sz=112, trace=303095, nelems=0, elem type=char[])
OBJ 5000096d (sz=24, trace=303097, class=java.util.Hashtable$Entry@50000038)
	key		50000969
	value		5000096b
	next		50000966
OBJ 5000096e (sz=32, trace=302146, class=java.util.LinkedHashMap$Entry@50000067)
	key		500025a2
	value		500024f4
	next		500008a7
	before		50000967
	after		50000975
OBJ 5000096f (sz=24, trace=302156, class=java.util.Hashtable$Entry@50000038)
	key		500025a2
	value		500024f4
	next		500008f7
OBJ 50000970 (sz=24, trace=303090, class=java.lang.String@5000008d)
	value		50000971
ARR 50000971 (sz=48, trace=303091, nelems=0, elem type=char[])
OBJ 50000972 (sz=24, trace=303094, class=java.lang.String@5000008d)
	value		50000973
ARR 50000973 (sz=24, trace=303095, nelems=0, elem type=char[])
OBJ 50000974 (sz=24, trace=303097, class=java.util.Hashtable$Entry@50000038)
	key		50000970
	value		50000972
OBJ 50000975 (sz=32, trace=302146, class=java.util.LinkedHashMap$Entry@50000067)
	key		500025b4
	value		500024f4
	next		50000858
	before		5000096e
	after		5000097c
OBJ 50000976 (sz=24, trace=302156, class=java.util.Hashtable$Entry@50000038)
	key		500025b4
	value		500024f4
	next		50000852
OBJ 50000977 (sz=24, trace=303090, class=java.lang.String@5000008d)
	value		50000978
ARR 50000978 (sz=56, trace=303091, nelems=0, elem type=char[])
OBJ 50000979 (sz=24, trace=303094, class=java.lang.String@5000008d)
	value		5000097a
ARR 5000097a (sz=24, trace=303095, nelems=0, elem type=char[])
OBJ 5000097b (sz=24, trace=303097, class=java.util.Hashtable$Entry@50000038)
	key		50000977
	value		50000979
OBJ 5000097c (sz=32, trace=302146, class=java.util.LinkedHashMap$Entry@50000067)
	key		500024fd
	value		500024fc
	before		50000975
	after		50000983
OBJ 5000097d (sz=24, trace=302156, class=java.util.Hashtable$Entry@50000038)
	key		500024fd
	value		500024fc
	next		500006ff
OBJ 5000097e (sz=24, trace=303090, class=java.lang.String@5000008d)
	value		5000097f
ARR 5000097f (sz=40, trace=303091, nelems=0, elem type=char[])
OBJ 50000980 (sz=24, trace=303094, class=java.lang.String@5000008d)
	value		50000981
ARR 50000981 (sz=72, trace=303095, nelems=0, elem type=char[])
OBJ 50000982 (sz=24, trace=303097, class=java.util.Hashtable$Entry@50000038)
	key		5000097e
	value		50000980
OBJ 50000983 (sz=32, trace=302146, class=java.util.LinkedHashMap$Entry@50000067)
	key		5000257b
	value		500024fc
	before		5000097c
	after		5000098a
OBJ 50000984 (sz=24, trace=302156, class=java.util.Hashtable$Entry@50000038)
	key		5000257b
	value		500024fc
OBJ 50000985 (sz=24, trace=303090, class=java.lang.String@5000008d)
	value		50000986
ARR 50000986 (sz=40, trace=303091, nelems=0, elem type=char[])
OBJ 50000987 (sz=24, trace=303094, class=java.lang.String@5000008d)
	value		50000988
ARR 50000988 (sz=32, trace=303095, nelems=0, elem type=char[])
OBJ 50000989 (sz=24, trace=303097, class=java.util.Hashtable$Entry@50000038)
	key		50000985
	value		50000987
OBJ 5000098a (sz=32, trace=302146, class=java.util.LinkedHashMap$Entry@50000067)
	key		5000254f
	value		500024fc
	next		50000958
	before		50000983
	after		50000991
OBJ 5000098b (sz=24, trace=302156, class=java.util.Hashtable$Entry@50000038)
	key		5000254f
	value		500024fc
OBJ 5000098c (sz=24, trace=303090, class=java.lang.String@5000008d)
	value		5000098d
ARR 5000098d (sz=40, trace=303091, nelems=0, elem type=char[])
OBJ 5000098e (sz=24, trace=303094, class=java.lang.String@5000008d)
	value		5000098f
ARR 5000098f (sz=48, trace=303095, nelems=0, elem type=char[])
OBJ 50000990 (sz=24, trace=303097, class=java.util.Hashtable$Entry@50000038)
	key		5000098c
	value		5000098e
OBJ 50000991 (sz=32, trace=302146, class=java.util.LinkedHashMap$Entry@50000067)
	key		5000253b
	value		500024fc
	next		50000884
	before		5000098a
	after		50000998
OBJ 50000992 (sz=24, trace=302156, class=java.util.Hashtable$Entry@50000038)
	key		5000253b
	value		500024fc
	next		50000819
OBJ 50000993 (sz=24, trace=303090, class=java.lang.String@5000008d)
	value		50000994
ARR 50000994 (sz=64, trace=303091, nelems=0, elem type=char[])
OBJ 50000995 (sz=24, trace=307676, class=java.lang.String@5000008d)
ARR 50000996 (sz=128, trace=307677, nelems=0, elem type=char[])
OBJ 50000997 (sz=24, trace=303097, class=java.util.Hashtable$Entry@50000038)
	key		50000993
	value		5000162f
OBJ 50000998 (sz=32, trace=302146, class=java.util.LinkedHashMap$Entry@50000067)
	key		5000254d
	value		500024fc
	before		50000991
	after		5000099f
OBJ 50000999 (sz=24, trace=302156, class=java.util.Hashtable$Entry@50000038)
	key		5000254d
	value		500024fc
	next		5000098b
OBJ 5000099a (sz=24, trace=303090, class=java.lang.String@5000008d)
	value		5000099b
ARR 5000099b (sz=48, trace=303091, nelems=0, elem type=char[])
OBJ 5000099c (sz=24, trace=303094, class=java.lang.String@5000008d)
	value		5000099d
ARR 5000099d (sz=40, trace=303095, nelems=0, elem type=char[])
OBJ 5000099e (sz=24, trace=303097, class=java.util.Hashtable$Entry@50000038)
	key		5000099a
	value		5000099c
OBJ 5000099f (sz=32, trace=302146, class=java.util.LinkedHashMap$Entry@50000067)
	key		50002594
	value		500024fc
	before		50000998
	after		500009a6
OBJ 500009a0 (sz=24, trace=302156, class=java.util.Hashtable$Entry@50000038)
	key		50002594
	value		500024fc
OBJ 500009a1 (sz=24, trace=303090, class=java.lang.String@5000008d)
	value		500009a2
ARR 500009a2 (sz=32, trace=303091, nelems=0, elem type=char[])
OBJ 500009a3 (sz=24, trace=303094, class=java.lang.String@5000008d)
	value		500009a4
ARR 500009a4 (sz=32, trace=303095, nelems=0, elem type=char[])
OBJ 500009a5 (sz=24, trace=303097, class=java.util.Hashtable$Entry@50000038)
	key		500009a1
	value		500009a3
	next		5000099e
OBJ 500009a6 (sz=32, trace=302146, class=java.util.LinkedHashMap$Entry@50000067)
	key		50002539
	value		500024fc
	next		5000097c
	before		5000099f
	after		500009ad
OBJ 500009a7 (sz=24, trace=302156, class=java.util.Hashtable$Entry@50000038)
	key		50002539
	value		500024fc
OBJ 500009a8 (sz=24, trace=303090, class=java.lang.String@5000008d)
	value		500009a9
ARR 500009a9 (sz=64, trace=303091, nelems=0, elem type=char[])
OBJ 500009aa (sz=24, trace=303094, class=java.lang.String@5000008d)
	value		500009ab
ARR 500009ab (sz=24, trace=303095, nelems=0, elem type=char[])
OBJ 500009ac (sz=24, trace=303097, class=java.util.Hashtable$Entry@50000038)
	key		500009a8
	value		500009aa
OBJ 500009ad (sz=32, trace=302146, class=java.util.LinkedHashMap$Entry@50000067)
	key		500025b2
	value		500024fc
	before		500009a6
	after		500009b4
OBJ 500009ae (sz=24, trace=302156, class=java.util.Hashtable$Entry@50000038)
	key		500025b2
	value		500024fc
OBJ 500009af (sz=24, trace=303090, class=java.lang.String@5000008d)
	value		500009b0
ARR 500009b0 (sz=72, trace=303091, nelems=0, elem type=char[])
OBJ 500009b1 (sz=48, trace=300147, class=java.nio.HeapCharBuffer@50000102)
OBJ 500009b2 (sz=16, trace=307667, class=java.lang.StringBuffer@50000088)
OBJ 500009b3 (sz=24, trace=303097, class=java.util.Hashtable$Entry@50000038)
	key		500009af
	value		500016a3
	next		500009ac
OBJ 500009b4 (sz=32, trace=302146, class=java.util.LinkedHashMap$Entry@50000067)
	key		50002575
	value		500024fc
	before		500009ad
	after		500009bb
OBJ 500009b5 (sz=24, trace=302156, class=java.util.Hashtable$Entry@50000038)
	key		50002575
	value		500024fc
	next		50000827
OBJ 500009b6 (sz=24, trace=303090, class=java.lang.String@5000008d)
	value		500009b7
ARR 500009b7 (sz=40, trace=303091, nelems=0, elem type=char[])
ARR 500009b8 (sz=48, trace=307668, nelems=0, elem type=char[])
ARR 500009b9 (sz=80, trace=307683, nelems=0, elem type=char[])
OBJ 500009ba (sz=24, trace=303097, class=java.util.Hashtable$Entry@50000038)
	key		500009b6
	value		500016de
OBJ 500009bb (sz=32, trace=302146, class=java.util.LinkedHashMap$Entry@50000067)
	key		50002537
	value		500024fc
	before		500009b4
	after		500009c2
OBJ 500009bc (sz=24, trace=302156, class=java.util.Hashtable$Entry@50000038)
	key		50002537
	value		500024fc
	next		500009a7
OBJ 500009bd (sz=24, trace=303090, class=java.lang.String@5000008d)
	value		500009be
ARR 500009be (sz=48, trace=303091, nelems=0, elem type=char[])
OBJ 500009bf (sz=24, trace=307676, class=java.lang.String@5000008d)
ARR 500009c0 (sz=56, trace=307677, nelems=0, elem type=char[])
OBJ 500009c1 (sz=24, trace=303097, class=java.util.Hashtable$Entry@50000038)
	key		500009bd
	value		5000162a
	next		500009ba
OBJ 500009c2 (sz=32, trace=302146, class=java.util.LinkedHashMap$Entry@50000067)
	key		5000257d
	value		500024fc
	before		500009bb
	after		500009c9
OBJ 500009c3 (sz=24, trace=302156, class=java.util.Hashtable$Entry@50000038)
	key		5000257d
	value		500024fc
	next		50000859
OBJ 500009c4 (sz=24, trace=303090, class=java.lang.String@5000008d)
	value		500009c5
ARR 500009c5 (sz=40, trace=303091, nelems=0, elem type=char[])
OBJ 500009c6 (sz=24, trace=303094, class=java.lang.String@5000008d)
	value		500009c7
ARR 500009c7 (sz=56, trace=303095, nelems=0, elem type=char[])
OBJ 500009c8 (sz=24, trace=303097, class=java.util.Hashtable$Entry@50000038)
	key		500009c4
	value		500009c6
OBJ 500009c9 (sz=32, trace=302146, class=java.util.LinkedHashMap$Entry@50000067)
	key		500025a0
	value		500024fc
	before		500009c2
	after		500009d0
OBJ 500009ca (sz=24, trace=302156, class=java.util.Hashtable$Entry@50000038)
	key		500025a0
	value		500024fc
	next		5000096f
OBJ 500009cb (sz=24, trace=303090, class=java.lang.String@5000008d)
	value		500009cc
ARR 500009cc (sz=48, trace=303091, nelems=0, elem type=char[])
OBJ 500009cd (sz=24, trace=303094, class=java.lang.String@5000008d)
	value		500009ce
ARR 500009ce (sz=48, trace=303095, nelems=0, elem type=char[])
OBJ 500009cf (sz=24, trace=303097, class=java.util.Hashtable$Entry@50000038)
	key		500009cb
	value		500009cd
	next		500009c8
OBJ 500009d0 (sz=32, trace=302146, class=java.util.LinkedHashMap$Entry@50000067)
	key		500025b0
	value		500024fc
	next		500008bd
	before		500009c9
	after		500009d7
OBJ 500009d1 (sz=24, trace=302156, class=java.util.Hashtable$Entry@50000038)
	key		500025b0
	value		500024fc
OBJ 500009d2 (sz=24, trace=303090, class=java.lang.String@5000008d)
	value		500009d3
ARR 500009d3 (sz=56, trace=303091, nelems=0, elem type=char[])
OBJ 500009d4 (sz=24, trace=303094, class=java.lang.String@5000008d)
	value		500009d5
ARR 500009d5 (sz=24, trace=303095, nelems=0, elem type=char[])
OBJ 500009d6 (sz=24, trace=303097, class=java.util.Hashtable$Entry@50000038)
	key		500009d2
	value		500009d4
OBJ 500009d7 (sz=32, trace=302146, class=java.util.LinkedHashMap$Entry@50000067)
	key		50002587
	value		500024fc
	before		500009d0
	after		500009de
OBJ 500009d8 (sz=24, trace=302156, class=java.util.Hashtable$Entry@50000038)
	key		50002587
	value		500024fc
	next		50000928
OBJ 500009d9 (sz=24, trace=303090, class=java.lang.String@5000008d)
	value		500009da
ARR 500009da (sz=40, trace=303091, nelems=0, elem type=char[])
OBJ 500009db (sz=16, trace=307667, class=java.lang.StringBuffer@50000088)
ARR 500009dc (sz=48, trace=307668, nelems=0, elem type=char[])
OBJ 500009dd (sz=24, trace=303097, class=java.util.Hashtable$Entry@50000038)
	key		500009d9
	value		5000164e
	next		500009d6
OBJ 500009de (sz=32, trace=302146, class=java.util.LinkedHashMap$Entry@50000067)
	key		50002573
	value		500024fc
	next		500009a6
	before		500009d7
	after		50000810
OBJ 500009df (sz=24, trace=302156, class=java.util.Hashtable$Entry@50000038)
	key		50002573
	value		500024fc
ARR 500009e0 (sz=48, trace=302428, nelems=0, elem type=char[])
OBJ 500009e1 (sz=24, trace=303090, class=java.lang.String@5000008d)
	value		500009e3
ARR 500009e3 (sz=56, trace=303091, nelems=0, elem type=char[])
ARR 500009e4 (sz=80, trace=307683, nelems=0, elem type=char[])
ARR 500009e5 (sz=152, trace=307683, nelems=0, elem type=char[])
OBJ 500009e6 (sz=24, trace=303097, class=java.util.Hashtable$Entry@50000038)
	key		500009e1
	value		500016d5
OBJ 500009e7 (sz=24, trace=303090, class=java.lang.String@5000008d)
	value		500009e8
ARR 500009e8 (sz=48, trace=303091, nelems=0, elem type=char[])
OBJ 500009e9 (sz=24, trace=303094, class=java.lang.String@5000008d)
	value		500009ee
ARR 500009ec (sz=144, trace=302445, nelems=0, elem type=char[])
ARR 500009ed (sz=272, trace=302446, nelems=0, elem type=byte[])
ARR 500009ee (sz=48, trace=303095, nelems=0, elem type=char[])
OBJ 500009ef (sz=24, trace=303097, class=java.util.Hashtable$Entry@50000038)
	key		500009e7
	value		500009e9
OBJ 500009f0 (sz=24, trace=303090, class=java.lang.String@5000008d)
	value		500009f1
ARR 500009f1 (sz=40, trace=303091, nelems=0, elem type=char[])
OBJ 500009f2 (sz=24, trace=303094, class=java.lang.String@5000008d)
	value		500009f3
ARR 500009f3 (sz=32, trace=303095, nelems=0, elem type=char[])
OBJ 500009f4 (sz=24, trace=303097, class=java.util.Hashtable$Entry@50000038)
	key		500009f0
	value		500009f2
OBJ 500009f5 (sz=24, trace=303090, class=java.lang.String@5000008d)
	value		500009f6
ARR 500009f6 (sz=56, trace=303091, nelems=0, elem type=char[])
OBJ 500009f7 (sz=24, trace=303094, class=java.lang.String@5000008d)
	value		500009f8
ARR 500009f8 (sz=24, trace=303095, nelems=0, elem type=char[])
OBJ 500009f9 (sz=24, trace=303097, class=java.util.Hashtable$Entry@50000038)
	key		500009f5
	value		500009f7
ARR 500009fb (sz=80, trace=302490, nelems=0, elem type=char[])
OBJ 500009fc (sz=24, trace=302493, class=java.lang.String@5000008d)
	value		500009fb
ARR 500009fd (sz=48, trace=302496, nelems=0, elem type=char[])
OBJ 500009fe (sz=24, trace=303090, class=java.lang.String@5000008d)
	value		500009ff
ARR 500009ff (sz=32, trace=303091, nelems=0, elem type=char[])
ARR 50000a00 (sz=296, trace=307683, nelems=0, elem type=char[])
OBJ 50000a01 (sz=24, trace=307676, class=java.lang.String@5000008d)
ARR 50000a02 (sz=13720, trace=300605, nelems=0, elem type=byte[])
OBJ 50000a04 (sz=24, trace=303097, class=java.util.Hashtable$Entry@50000038)
	key		500009fe
	value		50001649
	next		500009f9
OBJ 50000a06 (sz=32, trace=302545, class=java.security.CodeSource@50000a05)
	location	50001c40
ARR 50000a09 (sz=24, trace=302555, nelems=2, elem type=java.io.ObjectStreamField[]@50000058)
	[0]		50000a0a
	[1]		50000a17
OBJ 50000a0a (sz=32, trace=302556, class=java.io.ObjectStreamField@50000057)
	name		50001c2c
	signature	50001c23
	type		5000000e
OBJ 50000a0b (sz=24, trace=303090, class=java.lang.String@5000008d)
	value		50000a0c
ARR 50000a0c (sz=56, trace=303091, nelems=0, elem type=char[])
ARR 50000a0d (sz=248, trace=307677, nelems=0, elem type=char[])
OBJ 50000a0e (sz=48, trace=300147, class=java.nio.HeapCharBuffer@50000102)
OBJ 50000a0f (sz=24, trace=303097, class=java.util.Hashtable$Entry@50000038)
	key		50000a0b
	value		50001640
	next		50000a04
OBJ 50000a10 (sz=24, trace=303090, class=java.lang.String@5000008d)
	value		50000a11
ARR 50000a11 (sz=40, trace=303091, nelems=0, elem type=char[])
OBJ 50000a12 (sz=16, trace=307667, class=java.lang.StringBuffer@50000088)
ARR 50000a13 (sz=48, trace=307668, nelems=0, elem type=char[])
OBJ 50000a14 (sz=24, trace=303097, class=java.util.Hashtable$Entry@50000038)
	key		50000a10
	value		500016c5
OBJ 50000a15 (sz=24, trace=303090, class=java.lang.String@5000008d)
	value		50000a16
ARR 50000a16 (sz=32, trace=303091, nelems=0, elem type=char[])
OBJ 50000a17 (sz=32, trace=302595, class=java.io.ObjectStreamField@50000057)
	name		50001c2b
	signature	50001c2d
	type		50000a07
OBJ 50000a18 (sz=24, trace=307676, class=java.lang.String@5000008d)
ARR 50000a19 (sz=40, trace=307677, nelems=0, elem type=char[])
OBJ 50000a1a (sz=24, trace=303097, class=java.util.Hashtable$Entry@50000038)
	key		50000a15
	value		50001633
OBJ 50000a1b (sz=24, trace=303090, class=java.lang.String@5000008d)
	value		50000a1c
ARR 50000a1c (sz=48, trace=303091, nelems=0, elem type=char[])
OBJ 50000a1d (sz=24, trace=303094, class=java.lang.String@5000008d)
	value		50000a1e
ARR 50000a1e (sz=144, trace=303095, nelems=0, elem type=char[])
OBJ 50000a1f (sz=24, trace=303097, class=java.util.Hashtable$Entry@50000038)
	key		50000a1b
	value		50000a1d
OBJ 50000a20 (sz=24, trace=303090, class=java.lang.String@5000008d)
	value		50000a21
ARR 50000a21 (sz=40, trace=303091, nelems=0, elem type=char[])
OBJ 50000a22 (sz=16, trace=307667, class=java.lang.StringBuffer@50000088)
ARR 50000a23 (sz=48, trace=307668, nelems=0, elem type=char[])
OBJ 50000a24 (sz=24, trace=303097, class=java.util.Hashtable$Entry@50000038)
	key		50000a20
	value		50001652
OBJ 50000a25 (sz=24, trace=302599, class=java.security.Permissions@50000a08)
	permsMap	50000a26
OBJ 50000a26 (sz=40, trace=302601, class=java.util.HashMap@50000096)
	table		50000a27
ARR 50000a27 (sz=80, trace=302604, nelems=12, elem type=java.util.HashMap$Entry[]@5000004d)
	[8]		50000a65
	[11]		50000a8d
OBJ 50000a28 (sz=24, trace=303090, class=java.lang.String@5000008d)
	value		50000a29
ARR 50000a29 (sz=40, trace=303091, nelems=0, elem type=char[])
OBJ 50000a2a (sz=24, trace=307676, class=java.lang.String@5000008d)
ARR 50000a2b (sz=16, trace=307677, nelems=0, elem type=char[])
OBJ 50000a2c (sz=24, trace=303097, class=java.util.Hashtable$Entry@50000038)
	key		50000a28
	value		5000161d
OBJ 50000a2d (sz=24, trace=303090, class=java.lang.String@5000008d)
	value		50000a2e
ARR 50000a2e (sz=40, trace=303091, nelems=0, elem type=char[])
OBJ 50000a2f (sz=24, trace=303094, class=java.lang.String@5000008d)
	value		50000a30
ARR 50000a30 (sz=112, trace=303095, nelems=0, elem type=char[])
OBJ 50000a31 (sz=24, trace=303097, class=java.util.Hashtable$Entry@50000038)
	key		50000a2d
	value		50000a2f
OBJ 50000a32 (sz=24, trace=303090, class=java.lang.String@5000008d)
	value		50000a33
ARR 50000a33 (sz=32, trace=303091, nelems=0, elem type=char[])
OBJ 50000a34 (sz=48, trace=300147, class=java.nio.HeapCharBuffer@50000102)
OBJ 50000a38 (sz=40, trace=302642, class=java.util.Hashtable@5000000e)
	table		50000a39
ARR 50000a39 (sz=56, trace=302645, nelems=0, elem type=java.util.Hashtable$Entry[]@50000039)
OBJ 50000a3c (sz=8, trace=302649, class=java.net.UnknownContentHandler@50000a3b)
OBJ 50000a3d (sz=24, trace=303094, class=java.lang.String@5000008d)
	value		50000a3f
ARR 50000a3f (sz=1904, trace=303095, nelems=0, elem type=char[])
OBJ 50000a40 (sz=24, trace=303097, class=java.util.Hashtable$Entry@50000038)
	key		50000a32
	value		50000a3d
OBJ 50000a41 (sz=24, trace=303090, class=java.lang.String@5000008d)
	value		50000a42
ARR 50000a42 (sz=32, trace=303091, nelems=0, elem type=char[])
OBJ 50000a43 (sz=16, trace=307667, class=java.lang.StringBuffer@50000088)
ARR 50000a44 (sz=48, trace=307668, nelems=0, elem type=char[])
OBJ 50000a45 (sz=24, trace=303097, class=java.util.Hashtable$Entry@50000038)
	key		50000a41
	value		5000163c
OBJ 50000a46 (sz=24, trace=303090, class=java.lang.String@5000008d)
	value		50000a47
ARR 50000a47 (sz=48, trace=303091, nelems=0, elem type=char[])
ARR 50000a49 (sz=88, trace=302683, nelems=0, elem type=char[])
OBJ 50000a4a (sz=24, trace=302684, class=java.lang.String@5000008d)
	value		50000a49
OBJ 50000a4b (sz=32, trace=302687, class=java.io.FilePermission@50000a48)
	name		50000a4a
	cpath		500017ed
OBJ 50000a4d (sz=24, trace=303094, class=java.lang.String@5000008d)
	value		50000a4e
ARR 50000a4e (sz=24, trace=303095, nelems=0, elem type=char[])
OBJ 50000a4f (sz=24, trace=303097, class=java.util.Hashtable$Entry@50000038)
	key		50000a46
	value		50000a4d
OBJ 50000a50 (sz=24, trace=303090, class=java.lang.String@5000008d)
	value		50000a51
ARR 50000a51 (sz=56, trace=303091, nelems=0, elem type=char[])
OBJ 50000a52 (sz=24, trace=303094, class=java.lang.String@5000008d)
	value		50000a56
ARR 50000a54 (sz=16, trace=302730, nelems=1, elem type=java.io.ObjectStreamField[]@50000058)
	[0]		50000a55
OBJ 50000a55 (sz=32, trace=302731, class=java.io.ObjectStreamField@50000057)
	name		50001c0d
	signature	50001c29
	type		50000077
ARR 50000a56 (sz=88, trace=303095, nelems=0, elem type=char[])
OBJ 50000a57 (sz=24, trace=303097, class=java.util.Hashtable$Entry@50000038)
	key		50000a50
	value		50000a52
OBJ 50000a58 (sz=24, trace=303090, class=java.lang.String@5000008d)
	value		50000a59
ARR 50000a59 (sz=40, trace=303091, nelems=0, elem type=char[])
OBJ 50000a5a (sz=24, trace=303094, class=java.lang.String@5000008d)
	value		50000a5b
ARR 50000a5b (sz=32, trace=303095, nelems=0, elem type=char[])
OBJ 50000a5c (sz=24, trace=303097, class=java.util.Hashtable$Entry@50000038)
	key		50000a58
	value		50000a5a
	next		50000a57
OBJ 50000a5d (sz=24, trace=303090, class=java.lang.String@5000008d)
	value		50000a5e
ARR 50000a5e (sz=48, trace=303091, nelems=0, elem type=char[])
OBJ 50000a5f (sz=24, trace=303094, class=java.lang.String@5000008d)
	value		50000a60
ARR 50000a60 (sz=16, trace=303095, nelems=0, elem type=char[])
OBJ 50000a61 (sz=24, trace=303097, class=java.util.Hashtable$Entry@50000038)
	key		50000a5d
	value		50000a5f
OBJ 50000a62 (sz=16, trace=302736, class=java.io.FilePermissionCollection@50000a53)
	perms		50000a63
OBJ 50000a63 (sz=24, trace=301331, class=java.util.ArrayList@5000009d)
	elementData	50000a64
ARR 50000a64 (sz=56, trace=302739, nelems=1, elem type=java.lang.Object[]@50000013)
	[0]		50000a4b
OBJ 50000a65 (sz=24, trace=302747, class=java.util.HashMap$Entry@5000004c)
	key		50000a48
	value		50000a62
OBJ 50000a68 (sz=24, trace=302760, class=java.lang.RuntimePermission@5000009f)
	name		50001c08
	path		50001c08
ARR 50000a6a (sz=24, trace=302770, nelems=3, elem type=java.io.ObjectStreamField[]@50000058)
	[0]		50000a6b
	[1]		50000a78
	[2]		50000a7d
OBJ 50000a6b (sz=32, trace=302771, class=java.io.ObjectStreamField@50000057)
	name		50001c0d
	signature	50001c23
	type		5000000e
OBJ 50000a6c (sz=24, trace=303090, class=java.lang.String@5000008d)
	value		50000a6d
ARR 50000a6d (sz=40, trace=303091, nelems=0, elem type=char[])
OBJ 50000a6e (sz=24, trace=307676, class=java.lang.String@5000008d)
ARR 50000a6f (sz=48, trace=307677, nelems=0, elem type=char[])
OBJ 50000a70 (sz=24, trace=303097, class=java.util.Hashtable$Entry@50000038)
	key		50000a6c
	value		50001692
OBJ 50000a71 (sz=24, trace=303090, class=java.lang.String@5000008d)
	value		50000a72
ARR 50000a72 (sz=40, trace=303091, nelems=0, elem type=char[])
OBJ 50000a73 (sz=24, trace=303094, class=java.lang.String@5000008d)
	value		50000a74
ARR 50000a74 (sz=24, trace=303095, nelems=0, elem type=char[])
OBJ 50000a75 (sz=24, trace=303097, class=java.util.Hashtable$Entry@50000038)
	key		50000a71
	value		50000a73
OBJ 50000a76 (sz=24, trace=303090, class=java.lang.String@5000008d)
	value		50000a77
ARR 50000a77 (sz=64, trace=303091, nelems=0, elem type=char[])
OBJ 50000a78 (sz=32, trace=302775, class=java.io.ObjectStreamField@50000057)
	name		50001c0b
	signature	50001c20
	type		500015a0
OBJ 50000a79 (sz=16, trace=307667, class=java.lang.StringBuffer@50000088)
ARR 50000a7a (sz=48, trace=307668, nelems=0, elem type=char[])
OBJ 50000a7b (sz=24, trace=303097, class=java.util.Hashtable$Entry@50000038)
	key		50000a76
	value		50001696
OBJ 50000a7c (sz=24, trace=303090, class=java.lang.String@5000008d)
	value		50000a7e
OBJ 50000a7d (sz=32, trace=302778, class=java.io.ObjectStreamField@50000057)
	name		50001c0c
	signature	50001c0e
	type		50000055
ARR 50000a7e (sz=56, trace=303091, nelems=0, elem type=char[])
OBJ 50000a7f (sz=24, trace=303094, class=java.lang.String@5000008d)
	value		50000a80
ARR 50000a80 (sz=208, trace=303095, nelems=0, elem type=char[])
OBJ 50000a81 (sz=24, trace=303097, class=java.util.Hashtable$Entry@50000038)
	key		50000a7c
	value		50000a7f
OBJ 50000a82 (sz=24, trace=303090, class=java.lang.String@5000008d)
	value		50000a83
ARR 50000a83 (sz=32, trace=303091, nelems=0, elem type=char[])
OBJ 50000a84 (sz=24, trace=303094, class=java.lang.String@5000008d)
	value		50000a85
ARR 50000a85 (sz=128, trace=303095, nelems=0, elem type=char[])
OBJ 50000a86 (sz=24, trace=303097, class=java.util.Hashtable$Entry@50000038)
	key		50000a82
	value		50000a84
	next		50000a81
OBJ 50000a87 (sz=24, trace=303090, class=java.lang.String@5000008d)
	value		50000a88
ARR 50000a88 (sz=48, trace=303091, nelems=0, elem type=char[])
OBJ 50000a89 (sz=24, trace=303094, class=java.lang.String@5000008d)
	value		50000a99
OBJ 50000a8a (sz=24, trace=302780, class=java.security.BasicPermissionCollection@50000a69)
	perms		50000a8b
	permClass	5000009f
OBJ 50000a8b (sz=40, trace=302782, class=java.util.HashMap@50000096)
	table		50000a8c
ARR 50000a8c (sz=80, trace=302785, nelems=2, elem type=java.util.HashMap$Entry[]@5000004d)
	[1]		50000a8e
OBJ 50000a8d (sz=24, trace=302747, class=java.util.HashMap$Entry@5000004c)
	key		5000009f
	value		50000a8a
OBJ 50000a8e (sz=24, trace=302800, class=java.util.HashMap$Entry@5000004c)
	key		50001c08
	value		50000a68
OBJ 50000a8f (sz=32, trace=302812, class=java.security.ProtectionDomain@500000de)
	codesource	50000a06
	classloader	5000159b
	principals	50000a92
	permissions	50000a25
ARR 50000a92 (sz=16, trace=302815, nelems=0, elem type=java.security.Principal[]@50000a91)
OBJ 50000a93 (sz=24, trace=302822, class=java.util.HashMap$Entry@5000004c)
	key		50000a06
	value		50000a8f
OBJ 50000a94 (sz=24, trace=302838, class=java.lang.String@5000008d)
	value		50001bdd
ARR 50000a97 (sz=16, trace=302845, nelems=0, elem type=java.security.cert.Certificate[]@50000a96)
OBJ 50000a98 (sz=24, trace=302847, class=java.util.Hashtable$Entry@50000038)
	key		50000a94
	value		50000a97
ARR 50000a99 (sz=40, trace=303095, nelems=0, elem type=char[])
OBJ 50000a9a (sz=24, trace=303097, class=java.util.Hashtable$Entry@50000038)
	key		50000a87
	value		50000a89
	next		50000a86
OBJ 50000a9b (sz=24, trace=303090, class=java.lang.String@5000008d)
	value		50000a9c
ARR 50000a9c (sz=40, trace=303091, nelems=0, elem type=char[])
OBJ 50000a9d (sz=24, trace=303094, class=java.lang.String@5000008d)
	value		50000a9e
ARR 50000a9e (sz=136, trace=303095, nelems=0, elem type=char[])
OBJ 50000a9f (sz=24, trace=303097, class=java.util.Hashtable$Entry@50000038)
	key		50000a9b
	value		50000a9d
OBJ 50000aa0 (sz=24, trace=303090, class=java.lang.String@5000008d)
	value		50000aa1
ARR 50000aa1 (sz=48, trace=303091, nelems=0, elem type=char[])
OBJ 50000aa2 (sz=24, trace=303094, class=java.lang.String@5000008d)
	value		50000aa3
ARR 50000aa3 (sz=48, trace=303095, nelems=0, elem type=char[])
OBJ 50000aa4 (sz=24, trace=303097, class=java.util.Hashtable$Entry@50000038)
	key		50000aa0
	value		50000aa2
OBJ 50000aa5 (sz=24, trace=303090, class=java.lang.String@5000008d)
	value		50000aa6
ARR 50000aa6 (sz=56, trace=303091, nelems=0, elem type=char[])
OBJ 50000aa7 (sz=24, trace=303094, class=java.lang.String@5000008d)
	value		50000aa8
ARR 50000aa8 (sz=16, trace=303095, nelems=0, elem type=char[])
OBJ 50000aa9 (sz=24, trace=303097, class=java.util.Hashtable$Entry@50000038)
	key		50000aa5
	value		50000aa7
	next		50000aa4
OBJ 50000aab (sz=40, trace=303108, class=java.util.Hashtable$Enumerator@50000aaa)
	table		500015bb
	lastReturned	500015ba
	this$0		500015b9
OBJ 50000aac (sz=24, trace=303122, class=java.util.Hashtable$Entry@50000038)
	key		50001663
	value		50001662
	next		5000056f
OBJ 50000aad (sz=24, trace=307676, class=java.lang.String@5000008d)
ARR 50000aae (sz=40, trace=307677, nelems=0, elem type=char[])
OBJ 50000aaf (sz=48, trace=300147, class=java.nio.HeapCharBuffer@50000102)
OBJ 50000ab0 (sz=16, trace=307667, class=java.lang.StringBuffer@50000088)
ARR 50000ab1 (sz=48, trace=307668, nelems=0, elem type=char[])
ARR 50000ab2 (sz=80, trace=307683, nelems=0, elem type=char[])
OBJ 50000ab3 (sz=24, trace=307676, class=java.lang.String@5000008d)
ARR 50000ab4 (sz=64, trace=307677, nelems=0, elem type=char[])
OBJ 50000ab5 (sz=16, trace=307667, class=java.lang.StringBuffer@50000088)
ARR 50000ab6 (sz=48, trace=307668, nelems=0, elem type=char[])
ARR 50000ab7 (sz=80, trace=307683, nelems=0, elem type=char[])
ARR 50000ab8 (sz=152, trace=307683, nelems=0, elem type=char[])
ARR 50000ab9 (sz=296, trace=307683, nelems=0, elem type=char[])
OBJ 50000aba (sz=24, trace=307676, class=java.lang.String@5000008d)
ARR 50000abb (sz=160, trace=307677, nelems=0, elem type=char[])
OBJ 50000abc (sz=48, trace=300147, class=java.nio.HeapCharBuffer@50000102)
OBJ 50000abd (sz=16, trace=307667, class=java.lang.StringBuffer@50000088)
ARR 50000abe (sz=48, trace=307668, nelems=0, elem type=char[])
OBJ 50000abf (sz=24, trace=307676, class=java.lang.String@5000008d)
ARR 50000ac0 (sz=48, trace=307677, nelems=0, elem type=char[])
OBJ 50000ac1 (sz=16, trace=307667, class=java.lang.StringBuffer@50000088)
ARR 50000ac2 (sz=48, trace=307668, nelems=0, elem type=char[])
ARR 50000ac3 (sz=80, trace=307683, nelems=0, elem type=char[])
OBJ 50000ac4 (sz=24, trace=307676, class=java.lang.String@5000008d)
ARR 50000ac5 (sz=80, trace=307677, nelems=0, elem type=char[])
OBJ 50000ac6 (sz=48, trace=300147, class=java.nio.HeapCharBuffer@50000102)
OBJ 50000ac7 (sz=16, trace=307667, class=java.lang.StringBuffer@50000088)
ARR 50000ac8 (sz=48, trace=307668, nelems=0, elem type=char[])
OBJ 50000ac9 (sz=24, trace=307676, class=java.lang.String@5000008d)
ARR 50000aca (sz=40, trace=307677, nelems=0, elem type=char[])
OBJ 50000acb (sz=16, trace=307667, class=java.lang.StringBuffer@50000088)
ARR 50000acc (sz=48, trace=307668, nelems=0, elem type=char[])
OBJ 50000acd (sz=24, trace=307676, class=java.lang.String@5000008d)
ARR 50000ace (sz=16, trace=307677, nelems=0, elem type=char[])
OBJ 50000acf (sz=48, trace=300147, class=java.nio.HeapCharBuffer@50000102)
OBJ 50000ad0 (sz=16, trace=307667, class=java.lang.StringBuffer@50000088)
ARR 50000ad1 (sz=48, trace=307668, nelems=0, elem type=char[])
OBJ 50000ad2 (sz=24, trace=307676, class=java.lang.String@5000008d)
ARR 50000ad3 (sz=48, trace=307677, nelems=0, elem type=char[])
OBJ 50000ad4 (sz=16, trace=307667, class=java.lang.StringBuffer@50000088)
ARR 50000ad5 (sz=48, trace=307668, nelems=0, elem type=char[])
ARR 50000ad6 (sz=80, trace=307683, nelems=0, elem type=char[])
OBJ 50000ad7 (sz=24, trace=307676, class=java.lang.String@5000008d)
ARR 50000ad8 (sz=64, trace=307677, nelems=0, elem type=char[])
OBJ 50000ad9 (sz=48, trace=300147, class=java.nio.HeapCharBuffer@50000102)
OBJ 50000ada (sz=16, trace=307667, class=java.lang.StringBuffer@50000088)
OBJ 50000adb (sz=24, trace=300922, class=java.lang.String@5000008d)
	value		50001be0
ARR 50000adc (sz=48, trace=307668, nelems=0, elem type=char[])
OBJ 50000add (sz=24, trace=307676, class=java.lang.String@5000008d)
ARR 50000ade (sz=32, trace=307677, nelems=0, elem type=char[])
OBJ 50000adf (sz=16, trace=307667, class=java.lang.StringBuffer@50000088)
ARR 50000ae0 (sz=48, trace=307668, nelems=0, elem type=char[])
ARR 50000ae1 (sz=80, trace=307683, nelems=0, elem type=char[])
ARR 50000ae2 (sz=152, trace=307683, nelems=0, elem type=char[])
ARR 50000ae3 (sz=296, trace=307683, nelems=0, elem type=char[])
ARR 50000ae4 (sz=584, trace=307683, nelems=0, elem type=char[])
OBJ 50000ae5 (sz=24, trace=307676, class=java.lang.String@5000008d)
ARR 50000ae6 (sz=352, trace=307677, nelems=0, elem type=char[])
OBJ 50000ae7 (sz=48, trace=300147, class=java.nio.HeapCharBuffer@50000102)
OBJ 50000ae8 (sz=16, trace=307667, class=java.lang.StringBuffer@50000088)
ARR 50000ae9 (sz=48, trace=307668, nelems=0, elem type=char[])
OBJ 50000aea (sz=24, trace=307676, class=java.lang.String@5000008d)
OBJ 50000aeb (sz=16, trace=301006, class=java.util.jar.Manifest@50000578)
	attr		50000aec
	entries		50000aef
OBJ 50000aec (sz=16, trace=301008, class=java.util.jar.Attributes@5000057c)
	map		50000aed
OBJ 50000aed (sz=40, trace=301009, class=java.util.HashMap@50000096)
	table		50000aee
ARR 50000aee (sz=80, trace=301012, nelems=12, elem type=java.util.HashMap$Entry[]@5000004d)
	[4]		50000afc
	[11]		50000b05
OBJ 50000aef (sz=40, trace=301018, class=java.util.HashMap@50000096)
	table		50000af0
ARR 50000af0 (sz=80, trace=301020, nelems=0, elem type=java.util.HashMap$Entry[]@5000004d)
ARR 50000af1 (sz=40, trace=307677, nelems=0, elem type=char[])
OBJ 50000af2 (sz=16, trace=307667, class=java.lang.StringBuffer@50000088)
ARR 50000af3 (sz=48, trace=307668, nelems=0, elem type=char[])
OBJ 50000af4 (sz=24, trace=307676, class=java.lang.String@5000008d)
ARR 50000af5 (sz=40, trace=307677, nelems=0, elem type=char[])
OBJ 50000af6 (sz=24, trace=301040, class=java.lang.String@5000008d)
	value		50000afa
OBJ 50000af7 (sz=48, trace=300147, class=java.nio.HeapCharBuffer@50000102)
OBJ 50000af8 (sz=16, trace=307667, class=java.lang.StringBuffer@50000088)
ARR 50000af9 (sz=48, trace=307668, nelems=0, elem type=char[])
ARR 50000afa (sz=24, trace=301207, nelems=0, elem type=char[])
OBJ 50000afb (sz=16, trace=301237, class=java.util.jar.Attributes$Name@500005a3)
	name		50001d07
OBJ 50000afc (sz=24, trace=301258, class=java.util.HashMap$Entry@5000004c)
	key		50000afb
	value		50000af6
ARR 50000afd (sz=80, trace=307683, nelems=0, elem type=char[])
OBJ 50000afe (sz=24, trace=307676, class=java.lang.String@5000008d)
OBJ 50000aff (sz=24, trace=301040, class=java.lang.String@5000008d)
	value		50000b03
ARR 50000b01 (sz=56, trace=307677, nelems=0, elem type=char[])
OBJ 50000b02 (sz=32, trace=301094, class=java.lang.ref.SoftReference@500000ad)
ARR 50000b03 (sz=32, trace=301207, nelems=0, elem type=char[])
OBJ 50000b04 (sz=16, trace=301237, class=java.util.jar.Attributes$Name@500005a3)
	name		50001cfa
OBJ 50000b05 (sz=24, trace=301258, class=java.util.HashMap$Entry@5000004c)
	key		50000b04
	value		50000aff
OBJ 50000b06 (sz=64, trace=301103, class=java.lang.reflect.Constructor@50000079)
OBJ 50000b07 (sz=16, trace=307667, class=java.lang.StringBuffer@50000088)
OBJ 50000b08 (sz=24, trace=301136, class=sun.reflect.NativeConstructorAccessorImpl@50000091)
OBJ 50000b09 (sz=16, trace=301140, class=sun.reflect.DelegatingConstructorAccessorImpl@500000bd)
ARR 50000b0a (sz=48, trace=307668, nelems=0, elem type=char[])
ARR 50000b0b (sz=80, trace=307683, nelems=0, elem type=char[])
OBJ 50000b0c (sz=24, trace=307676, class=java.lang.String@5000008d)
ARR 50000b0d (sz=72, trace=307677, nelems=0, elem type=char[])
OBJ 50000b0e (sz=48, trace=300147, class=java.nio.HeapCharBuffer@50000102)
OBJ 50000b0f (sz=16, trace=307667, class=java.lang.StringBuffer@50000088)
ARR 50000b10 (sz=48, trace=307668, nelems=0, elem type=char[])
OBJ 50000b11 (sz=24, trace=307676, class=java.lang.String@5000008d)
ARR 50000b12 (sz=32, trace=307677, nelems=0, elem type=char[])
OBJ 50000b13 (sz=16, trace=307667, class=java.lang.StringBuffer@50000088)
ARR 50000b14 (sz=48, trace=307668, nelems=0, elem type=char[])
ARR 50000b15 (sz=80, trace=307683, nelems=0, elem type=char[])
OBJ 50000b16 (sz=24, trace=307676, class=java.lang.String@5000008d)
ARR 50000b17 (sz=80, trace=307677, nelems=0, elem type=char[])
OBJ 50000b18 (sz=48, trace=300147, class=java.nio.HeapCharBuffer@50000102)
OBJ 50000b19 (sz=48, trace=301380, class=java.lang.Package@50000563)
	pkgName		50000adb
	loader		5000159b
OBJ 50000b1a (sz=24, trace=301386, class=java.util.HashMap$Entry@5000004c)
	key		50000adb
	value		50000b19
OBJ 50000b1b (sz=16, trace=307667, class=java.lang.StringBuffer@50000088)
ARR 50000b1c (sz=48, trace=307668, nelems=0, elem type=char[])
ARR 50000b1d (sz=80, trace=307683, nelems=0, elem type=char[])
OBJ 50000b1e (sz=24, trace=307676, class=java.lang.String@5000008d)
ARR 50000b1f (sz=64, trace=307677, nelems=0, elem type=char[])
OBJ 50000b20 (sz=16, trace=307667, class=java.lang.StringBuffer@50000088)
ARR 50000b21 (sz=48, trace=307668, nelems=0, elem type=char[])
OBJ 50000b25 (sz=24, trace=307676, class=java.lang.String@5000008d)
ARR 50000b27 (sz=40, trace=307677, nelems=0, elem type=char[])
ARR 50000b2f (sz=24, trace=305280, nelems=2, elem type=java.lang.String[]@5000008e)
	[0]		50002666
	[1]		5000271e
ARR 50000b30 (sz=40, trace=305282, nelems=6, elem type=java.lang.String[]@5000008e)
	[0]		500024c3
	[1]		5000270e
	[2]		50002711
	[3]		5000270d
	[4]		50002710
	[5]		5000270f
ARR 50000b31 (sz=24, trace=305283, nelems=2, elem type=java.lang.String[]@5000008e)
	[0]		50002712
	[1]		50002713
OBJ 50000b32 (sz=24, trace=305284, class=java.lang.RuntimeException@500000dd)
	cause		50000b32
ARR 50000b33 (sz=24, trace=305289, nelems=2, elem type=java.lang.String[]@5000008e)
	[0]		500024c1
	[1]		500024c0
OBJ 50000b39 (sz=32, trace=302545, class=java.security.CodeSource@50000a05)
	location	50001c37
OBJ 50000b3a (sz=24, trace=302599, class=java.security.Permissions@50000a08)
	permsMap	50000b3b
OBJ 50000b3b (sz=40, trace=302601, class=java.util.HashMap@50000096)
	table		50000b3c
ARR 50000b3c (sz=80, trace=302604, nelems=12, elem type=java.util.HashMap$Entry[]@5000004d)
	[8]		50000b60
	[11]		50000b65
OBJ 50000b3f (sz=48, trace=300147, class=java.nio.HeapCharBuffer@50000102)
OBJ 50000b40 (sz=16, trace=307667, class=java.lang.StringBuffer@50000088)
ARR 50000b41 (sz=48, trace=307668, nelems=0, elem type=char[])
OBJ 50000b42 (sz=24, trace=307676, class=java.lang.String@5000008d)
ARR 50000b43 (sz=40, trace=307677, nelems=0, elem type=char[])
OBJ 50000b44 (sz=16, trace=307667, class=java.lang.StringBuffer@50000088)
ARR 50000b45 (sz=48, trace=307668, nelems=0, elem type=char[])
ARR 50000b46 (sz=80, trace=307683, nelems=0, elem type=char[])
OBJ 50000b47 (sz=24, trace=307676, class=java.lang.String@5000008d)
ARR 50000b48 (sz=64, trace=307677, nelems=0, elem type=char[])
OBJ 50000b49 (sz=48, trace=300147, class=java.nio.HeapCharBuffer@50000102)
OBJ 50000b4a (sz=16, trace=307667, class=java.lang.StringBuffer@50000088)
ARR 50000b4b (sz=48, trace=307668, nelems=0, elem type=char[])
OBJ 50000b4c (sz=24, trace=307676, class=java.lang.String@5000008d)
ARR 50000b4d (sz=40, trace=307677, nelems=0, elem type=char[])
OBJ 50000b4e (sz=16, trace=307667, class=java.lang.StringBuffer@50000088)
ARR 50000b4f (sz=48, trace=307668, nelems=0, elem type=char[])
ARR 50000b50 (sz=80, trace=307683, nelems=0, elem type=char[])
ARR 50000b51 (sz=152, trace=307683, nelems=0, elem type=char[])
OBJ 50000b52 (sz=24, trace=307676, class=java.lang.String@5000008d)
ARR 50000b53 (sz=128, trace=307677, nelems=0, elem type=char[])
ARR 50000b54 (sz=152, trace=302683, nelems=0, elem type=char[])
OBJ 50000b55 (sz=24, trace=302684, class=java.lang.String@5000008d)
	value		50000b54
OBJ 50000b56 (sz=32, trace=302687, class=java.io.FilePermission@50000a48)
	name		50000b55
	cpath		50001815
OBJ 50000b57 (sz=48, trace=300147, class=java.nio.HeapCharBuffer@50000102)
OBJ 50000b58 (sz=16, trace=307667, class=java.lang.StringBuffer@50000088)
ARR 50000b59 (sz=48, trace=307668, nelems=0, elem type=char[])
OBJ 50000b5a (sz=24, trace=307676, class=java.lang.String@5000008d)
ARR 50000b5b (sz=32, trace=307677, nelems=0, elem type=char[])
OBJ 50000b5c (sz=16, trace=307667, class=java.lang.StringBuffer@50000088)
OBJ 50000b5d (sz=16, trace=302736, class=java.io.FilePermissionCollection@50000a53)
	perms		50000b5e
OBJ 50000b5e (sz=24, trace=301331, class=java.util.ArrayList@5000009d)
	elementData	50000b5f
ARR 50000b5f (sz=56, trace=302739, nelems=1, elem type=java.lang.Object[]@50000013)
	[0]		50000b56
OBJ 50000b60 (sz=24, trace=302747, class=java.util.HashMap$Entry@5000004c)
	key		50000a48
	value		50000b5d
OBJ 50000b61 (sz=24, trace=302760, class=java.lang.RuntimePermission@5000009f)
	name		50001c08
	path		50001c08
OBJ 50000b62 (sz=24, trace=302780, class=java.security.BasicPermissionCollection@50000a69)
	perms		50000b63
	permClass	5000009f
OBJ 50000b63 (sz=40, trace=302782, class=java.util.HashMap@50000096)
	table		50000b64
ARR 50000b64 (sz=80, trace=302785, nelems=2, elem type=java.util.HashMap$Entry[]@5000004d)
	[1]		50000b66
OBJ 50000b65 (sz=24, trace=302747, class=java.util.HashMap$Entry@5000004c)
	key		5000009f
	value		50000b62
OBJ 50000b66 (sz=24, trace=302800, class=java.util.HashMap$Entry@5000004c)
	key		50001c08
	value		50000b61
OBJ 50000b67 (sz=32, trace=302812, class=java.security.ProtectionDomain@500000de)
	codesource	50000b39
	classloader	5000159b
	principals	50000b68
	permissions	50000b3a
ARR 50000b68 (sz=16, trace=302815, nelems=0, elem type=java.security.Principal[]@50000a91)
OBJ 50000b69 (sz=24, trace=302822, class=java.util.HashMap$Entry@5000004c)
	key		50000b39
	value		50000b67
	next		50000a93
OBJ 50000b6a (sz=24, trace=302838, class=java.lang.String@5000008d)
	value		50001be0
OBJ 50000b6b (sz=24, trace=302847, class=java.util.Hashtable$Entry@50000038)
	key		50000b6a
	value		50000a97
ARR 50000b6c (sz=48, trace=307668, nelems=0, elem type=char[])
ARR 50000b6d (sz=80, trace=307683, nelems=0, elem type=char[])
OBJ 50000b6e (sz=24, trace=307676, class=java.lang.String@5000008d)
ARR 50000b6f (sz=80, trace=307677, nelems=0, elem type=char[])
OBJ 50000b70 (sz=24, trace=302865, class=java.util.HashMap$Entry@5000004c)
	key		50000b67
	value		5000170d
OBJ 50000b72 (sz=24, trace=302865, class=java.util.HashMap$Entry@5000004c)
	key		50000a8f
	value		5000170d
OBJ 50000b77 (sz=48, trace=300147, class=java.nio.HeapCharBuffer@50000102)
OBJ 50000b78 (sz=16, trace=307667, class=java.lang.StringBuffer@50000088)
ARR 50000b79 (sz=48, trace=307668, nelems=0, elem type=char[])
ARR 50000b7a (sz=80, trace=307683, nelems=0, elem type=char[])
OBJ 50000b7b (sz=24, trace=307676, class=java.lang.String@5000008d)
ARR 50000b7c (sz=56, trace=307677, nelems=0, elem type=char[])
OBJ 50000b7d (sz=16, trace=307667, class=java.lang.StringBuffer@50000088)
ARR 50000b7e (sz=48, trace=307668, nelems=0, elem type=char[])
ARR 50000b7f (sz=80, trace=307683, nelems=0, elem type=char[])
OBJ 50000b80 (sz=24, trace=307676, class=java.lang.String@5000008d)
ARR 50000b81 (sz=80, trace=307677, nelems=0, elem type=char[])
OBJ 50000b83 (sz=48, trace=300147, class=java.nio.HeapCharBuffer@50000102)
OBJ 50000b86 (sz=16, trace=307667, class=java.lang.StringBuffer@50000088)
ARR 50000b87 (sz=48, trace=307668, nelems=0, elem type=char[])
ARR 50000b8b (sz=40, trace=305367, nelems=6, elem type=java.lang.String[]@5000008e)
	[0]		500024c4
	[1]		5000277c
	[2]		5000277d
	[3]		5000278f
	[4]		50002791
	[5]		50002852
ARR 50000b8d (sz=40, trace=305368, nelems=6, elem type=java.lang.Boolean[]@50000b8c)
	[1]		500024d1
	[2]		500024d1
	[3]		500024d1
	[4]		500024cf
	[5]		500024cf
ARR 50000b8e (sz=40, trace=305369, nelems=6, elem type=java.lang.String[]@5000008e)
	[0]		500024c1
	[1]		500024bf
	[2]		50002666
	[3]		500024c2
	[4]		50002856
	[5]		500027c8
ARR 50000b8f (sz=40, trace=305370, nelems=5, elem type=java.lang.Object[]@50000013)
	[4]		50000b90
OBJ 50000b90 (sz=16, trace=305371, class=java.lang.Integer@500000bb)
ARR 50000b91 (sz=144, trace=305374, nelems=0, elem type=boolean[])
ARR 50000b92 (sz=272, trace=305375, nelems=0, elem type=char[])
ARR 50000b93 (sz=272, trace=305376, nelems=0, elem type=char[])
ARR 50000b94 (sz=48, trace=305377, nelems=0, elem type=char[])
OBJ 50000b95 (sz=24, trace=307676, class=java.lang.String@5000008d)
ARR 50000b96 (sz=48, trace=307677, nelems=0, elem type=char[])
OBJ 50000b97 (sz=16, trace=307667, class=java.lang.StringBuffer@50000088)
ARR 50000b98 (sz=48, trace=307668, nelems=0, elem type=char[])
OBJ 50000b99 (sz=24, trace=307676, class=java.lang.String@5000008d)
ARR 50000b9a (sz=32, trace=307677, nelems=0, elem type=char[])
OBJ 50000b9d (sz=48, trace=300147, class=java.nio.HeapCharBuffer@50000102)
OBJ 50000ba0 (sz=16, trace=307667, class=java.lang.StringBuffer@50000088)
ARR 50000ba3 (sz=48, trace=307668, nelems=0, elem type=char[])
OBJ 50000ba4 (sz=24, trace=307676, class=java.lang.String@5000008d)
ARR 50000ba5 (sz=40, trace=307677, nelems=0, elem type=char[])
OBJ 50000ba6 (sz=16, trace=307667, class=java.lang.StringBuffer@50000088)
ARR 50000ba9 (sz=48, trace=307668, nelems=0, elem type=char[])
ARR 50000baa (sz=80, trace=307683, nelems=0, elem type=char[])
OBJ 50000bab (sz=24, trace=307676, class=java.lang.String@5000008d)
OBJ 50000baf (sz=80, trace=303125, class=org.apache.tools.ant.taskdefs.optional.junit.JUnitTest@50000bad)
OBJ 50000bb0 (sz=24, trace=300464, class=java.util.Vector@50000077)
ARR 50000bb1 (sz=56, trace=303126, nelems=0, elem type=java.lang.Object[]@50000013)
OBJ 50000bb2 (sz=48, trace=301435, class=java.util.Properties@50000081)
ARR 50000bb3 (sz=72, trace=307677, nelems=0, elem type=char[])
OBJ 50000bb4 (sz=48, trace=300147, class=java.nio.HeapCharBuffer@50000102)
OBJ 50000bb5 (sz=24, trace=303145, class=java.util.Hashtable$Entry@50000038)
OBJ 50000bb6 (sz=24, trace=303145, class=java.util.Hashtable$Entry@50000038)
OBJ 50000bb7 (sz=24, trace=303145, class=java.util.Hashtable$Entry@50000038)
OBJ 50000bb8 (sz=24, trace=303145, class=java.util.Hashtable$Entry@50000038)
OBJ 50000bb9 (sz=24, trace=303145, class=java.util.Hashtable$Entry@50000038)
OBJ 50000bba (sz=24, trace=303145, class=java.util.Hashtable$Entry@50000038)
OBJ 50000bbb (sz=24, trace=303145, class=java.util.Hashtable$Entry@50000038)
OBJ 50000bbc (sz=24, trace=303145, class=java.util.Hashtable$Entry@50000038)
OBJ 50000bbd (sz=16, trace=307667, class=java.lang.StringBuffer@50000088)
ARR 50000bbe (sz=480, trace=300605, nelems=0, elem type=byte[])
OBJ 50000bbf (sz=24, trace=303145, class=java.util.Hashtable$Entry@50000038)
OBJ 50000bc0 (sz=24, trace=303145, class=java.util.Hashtable$Entry@50000038)
OBJ 50000bc1 (sz=24, trace=303145, class=java.util.Hashtable$Entry@50000038)
OBJ 50000bc2 (sz=24, trace=303145, class=java.util.Hashtable$Entry@50000038)
OBJ 50000bc3 (sz=24, trace=303145, class=java.util.Hashtable$Entry@50000038)
OBJ 50000bc4 (sz=24, trace=303145, class=java.util.Hashtable$Entry@50000038)
OBJ 50000bc5 (sz=24, trace=303145, class=java.util.Hashtable$Entry@50000038)
OBJ 50000bc7 (sz=24, trace=303145, class=java.util.Hashtable$Entry@50000038)
OBJ 50000bc8 (sz=24, trace=303145, class=java.util.Hashtable$Entry@50000038)
ARR 50000bc9 (sz=48, trace=307668, nelems=0, elem type=char[])
OBJ 50000bca (sz=24, trace=303145, class=java.util.Hashtable$Entry@50000038)
OBJ 50000bcb (sz=24, trace=303145, class=java.util.Hashtable$Entry@50000038)
OBJ 50000bcc (sz=24, trace=303145, class=java.util.Hashtable$Entry@50000038)
OBJ 50000bce (sz=24, trace=303145, class=java.util.Hashtable$Entry@50000038)
ARR 50000bcf (sz=16, trace=305449, nelems=1, elem type=java.lang.String[]@5000008e)
	[0]		50002758
OBJ 50000bd0 (sz=24, trace=303145, class=java.util.Hashtable$Entry@50000038)
OBJ 50000bd1 (sz=24, trace=303145, class=java.util.Hashtable$Entry@50000038)
ARR 50000bd2 (sz=16, trace=305450, nelems=0, elem type=java.lang.Boolean[]@50000b8c)
ARR 50000bd3 (sz=16, trace=305451, nelems=1, elem type=java.lang.String[]@5000008e)
	[0]		5000271e
OBJ 50000bd4 (sz=24, trace=303145, class=java.util.Hashtable$Entry@50000038)
OBJ 50000bd5 (sz=24, trace=303145, class=java.util.Hashtable$Entry@50000038)
OBJ 50000bd6 (sz=24, trace=303145, class=java.util.Hashtable$Entry@50000038)
OBJ 50000bd7 (sz=24, trace=303145, class=java.util.Hashtable$Entry@50000038)
OBJ 50000bd8 (sz=24, trace=303145, class=java.util.Hashtable$Entry@50000038)
OBJ 50000bd9 (sz=24, trace=303145, class=java.util.Hashtable$Entry@50000038)
OBJ 50000bda (sz=24, trace=303145, class=java.util.Hashtable$Entry@50000038)
OBJ 50000bdb (sz=24, trace=303145, class=java.util.Hashtable$Entry@50000038)
OBJ 50000bdc (sz=24, trace=303145, class=java.util.Hashtable$Entry@50000038)
OBJ 50000bdd (sz=24, trace=303145, class=java.util.Hashtable$Entry@50000038)
OBJ 50000bde (sz=24, trace=303145, class=java.util.Hashtable$Entry@50000038)
OBJ 50000bdf (sz=24, trace=303145, class=java.util.Hashtable$Entry@50000038)
ARR 50000be0 (sz=16, trace=305452, nelems=0, elem type=java.lang.Object[]@50000013)
OBJ 50000be1 (sz=24, trace=303145, class=java.util.Hashtable$Entry@50000038)
OBJ 50000be2 (sz=24, trace=303145, class=java.util.Hashtable$Entry@50000038)
OBJ 50000be3 (sz=24, trace=303145, class=java.util.Hashtable$Entry@50000038)
OBJ 50000be4 (sz=24, trace=303145, class=java.util.Hashtable$Entry@50000038)
OBJ 50000be5 (sz=24, trace=303145, class=java.util.Hashtable$Entry@50000038)
OBJ 50000be6 (sz=24, trace=303145, class=java.util.Hashtable$Entry@50000038)
OBJ 50000be7 (sz=24, trace=303145, class=java.util.Hashtable$Entry@50000038)
OBJ 50000be8 (sz=24, trace=303145, class=java.util.Hashtable$Entry@50000038)
OBJ 50000be9 (sz=24, trace=303145, class=java.util.Hashtable$Entry@50000038)
OBJ 50000bea (sz=24, trace=303145, class=java.util.Hashtable$Entry@50000038)
OBJ 50000beb (sz=24, trace=303145, class=java.util.Hashtable$Entry@50000038)
OBJ 50000bec (sz=24, trace=303145, class=java.util.Hashtable$Entry@50000038)
OBJ 50000bed (sz=24, trace=303145, class=java.util.Hashtable$Entry@50000038)
OBJ 50000bee (sz=24, trace=303145, class=java.util.Hashtable$Entry@50000038)
OBJ 50000bef (sz=24, trace=303145, class=java.util.Hashtable$Entry@50000038)
OBJ 50000bf0 (sz=24, trace=303145, class=java.util.Hashtable$Entry@50000038)
OBJ 50000bf1 (sz=24, trace=303145, class=java.util.Hashtable$Entry@50000038)
OBJ 50000bf2 (sz=24, trace=303145, class=java.util.Hashtable$Entry@50000038)
OBJ 50000bf3 (sz=24, trace=303145, class=java.util.Hashtable$Entry@50000038)
OBJ 50000bf4 (sz=24, trace=303145, class=java.util.Hashtable$Entry@50000038)
OBJ 50000bf5 (sz=24, trace=303145, class=java.util.Hashtable$Entry@50000038)
OBJ 50000bf6 (sz=24, trace=303145, class=java.util.Hashtable$Entry@50000038)
OBJ 50000bf7 (sz=24, trace=303145, class=java.util.Hashtable$Entry@50000038)
OBJ 50000bf8 (sz=24, trace=303145, class=java.util.Hashtable$Entry@50000038)
OBJ 50000bf9 (sz=24, trace=303145, class=java.util.Hashtable$Entry@50000038)
OBJ 50000bfa (sz=24, trace=303145, class=java.util.Hashtable$Entry@50000038)
OBJ 50000bfb (sz=24, trace=303145, class=java.util.Hashtable$Entry@50000038)
OBJ 50000bfc (sz=24, trace=303145, class=java.util.Hashtable$Entry@50000038)
OBJ 50000bfd (sz=24, trace=303145, class=java.util.Hashtable$Entry@50000038)
OBJ 50000bfe (sz=24, trace=303145, class=java.util.Hashtable$Entry@50000038)
OBJ 50000bff (sz=24, trace=303145, class=java.util.Hashtable$Entry@50000038)
OBJ 50000c00 (sz=24, trace=303145, class=java.util.Hashtable$Entry@50000038)
OBJ 50000c01 (sz=24, trace=303145, class=java.util.Hashtable$Entry@50000038)
OBJ 50000c02 (sz=24, trace=303145, class=java.util.Hashtable$Entry@50000038)
OBJ 50000c03 (sz=24, trace=303145, class=java.util.Hashtable$Entry@50000038)
OBJ 50000c04 (sz=24, trace=303145, class=java.util.Hashtable$Entry@50000038)
ARR 50000c05 (sz=776, trace=303148, nelems=0, elem type=java.util.Hashtable$Entry[]@50000039)
OBJ 50000c06 (sz=24, trace=303145, class=java.util.Hashtable$Entry@50000038)
ARR 50000c07 (sz=80, trace=307683, nelems=0, elem type=char[])
OBJ 50000c08 (sz=24, trace=303145, class=java.util.Hashtable$Entry@50000038)
OBJ 50000c09 (sz=24, trace=303145, class=java.util.Hashtable$Entry@50000038)
OBJ 50000c0a (sz=24, trace=303145, class=java.util.Hashtable$Entry@50000038)
OBJ 50000c0b (sz=24, trace=303145, class=java.util.Hashtable$Entry@50000038)
OBJ 50000c0c (sz=24, trace=307676, class=java.lang.String@5000008d)
OBJ 50000c0d (sz=24, trace=303145, class=java.util.Hashtable$Entry@50000038)
OBJ 50000c0e (sz=24, trace=303145, class=java.util.Hashtable$Entry@50000038)
OBJ 50000c0f (sz=24, trace=303145, class=java.util.Hashtable$Entry@50000038)
OBJ 50000c10 (sz=24, trace=303145, class=java.util.Hashtable$Entry@50000038)
OBJ 50000c11 (sz=24, trace=303145, class=java.util.Hashtable$Entry@50000038)
OBJ 50000c12 (sz=24, trace=303145, class=java.util.Hashtable$Entry@50000038)
OBJ 50000c13 (sz=24, trace=303145, class=java.util.Hashtable$Entry@50000038)
OBJ 50000c14 (sz=24, trace=303145, class=java.util.Hashtable$Entry@50000038)
OBJ 50000c15 (sz=24, trace=303145, class=java.util.Hashtable$Entry@50000038)
OBJ 50000c16 (sz=24, trace=303145, class=java.util.Hashtable$Entry@50000038)
OBJ 50000c17 (sz=24, trace=303145, class=java.util.Hashtable$Entry@50000038)
OBJ 50000c18 (sz=24, trace=303145, class=java.util.Hashtable$Entry@50000038)
OBJ 50000c19 (sz=24, trace=303145, class=java.util.Hashtable$Entry@50000038)
OBJ 50000c1a (sz=24, trace=303145, class=java.util.Hashtable$Entry@50000038)
ARR 50000c1b (sz=64, trace=307677, nelems=0, elem type=char[])
OBJ 50000c1c (sz=16, trace=307667, class=java.lang.StringBuffer@50000088)
OBJ 50000c1e (sz=24, trace=300922, class=java.lang.String@5000008d)
	value		50001bdc
OBJ 50000c1f (sz=24, trace=303145, class=java.util.Hashtable$Entry@50000038)
OBJ 50000c20 (sz=24, trace=303145, class=java.util.Hashtable$Entry@50000038)
OBJ 50000c21 (sz=24, trace=303145, class=java.util.Hashtable$Entry@50000038)
OBJ 50000c22 (sz=24, trace=303145, class=java.util.Hashtable$Entry@50000038)
OBJ 50000c23 (sz=24, trace=303145, class=java.util.Hashtable$Entry@50000038)
OBJ 50000c24 (sz=24, trace=303145, class=java.util.Hashtable$Entry@50000038)
OBJ 50000c25 (sz=24, trace=303145, class=java.util.Hashtable$Entry@50000038)
OBJ 50000c26 (sz=24, trace=303145, class=java.util.Hashtable$Entry@50000038)
OBJ 50000c27 (sz=24, trace=303145, class=java.util.Hashtable$Entry@50000038)
OBJ 50000c28 (sz=24, trace=303145, class=java.util.Hashtable$Entry@50000038)
OBJ 50000c29 (sz=24, trace=303145, class=java.util.Hashtable$Entry@50000038)
OBJ 50000c2a (sz=24, trace=303145, class=java.util.Hashtable$Entry@50000038)
OBJ 50000c2b (sz=24, trace=303145, class=java.util.Hashtable$Entry@50000038)
OBJ 50000c2c (sz=24, trace=303145, class=java.util.Hashtable$Entry@50000038)
OBJ 50000c2d (sz=24, trace=303145, class=java.util.Hashtable$Entry@50000038)
OBJ 50000c2e (sz=16, trace=301006, class=java.util.jar.Manifest@50000578)
	attr		50000c2f
	entries		50000c32
OBJ 50000c2f (sz=16, trace=301008, class=java.util.jar.Attributes@5000057c)
	map		50000c30
OBJ 50000c30 (sz=40, trace=301009, class=java.util.HashMap@50000096)
	table		50000c31
ARR 50000c31 (sz=80, trace=301012, nelems=12, elem type=java.util.HashMap$Entry[]@5000004d)
	[4]		50000c3f
	[8]		50000c5a
	[11]		50000c51
OBJ 50000c32 (sz=40, trace=301018, class=java.util.HashMap@50000096)
	table		50000c33
ARR 50000c33 (sz=80, trace=301020, nelems=16, elem type=java.util.HashMap$Entry[]@5000004d)
	[15]		50000c63
OBJ 50000c34 (sz=24, trace=303145, class=java.util.Hashtable$Entry@50000038)
OBJ 50000c35 (sz=24, trace=303145, class=java.util.Hashtable$Entry@50000038)
OBJ 50000c36 (sz=24, trace=303145, class=java.util.Hashtable$Entry@50000038)
OBJ 50000c37 (sz=24, trace=303145, class=java.util.Hashtable$Entry@50000038)
OBJ 50000c38 (sz=24, trace=303145, class=java.util.Hashtable$Entry@50000038)
OBJ 50000c39 (sz=24, trace=301040, class=java.lang.String@5000008d)
	value		50000c3d
OBJ 50000c3a (sz=24, trace=303145, class=java.util.Hashtable$Entry@50000038)
OBJ 50000c3b (sz=24, trace=303145, class=java.util.Hashtable$Entry@50000038)
OBJ 50000c3c (sz=24, trace=303145, class=java.util.Hashtable$Entry@50000038)
ARR 50000c3d (sz=24, trace=301207, nelems=0, elem type=char[])
OBJ 50000c3e (sz=16, trace=301237, class=java.util.jar.Attributes$Name@500005a3)
	name		50001d07
OBJ 50000c3f (sz=24, trace=301258, class=java.util.HashMap$Entry@5000004c)
	key		50000c3e
	value		50000c39
OBJ 50000c40 (sz=24, trace=303145, class=java.util.Hashtable$Entry@50000038)
OBJ 50000c41 (sz=24, trace=303145, class=java.util.Hashtable$Entry@50000038)
OBJ 50000c42 (sz=24, trace=301040, class=java.lang.String@5000008d)
	value		50000c46
OBJ 50000c43 (sz=24, trace=303145, class=java.util.Hashtable$Entry@50000038)
OBJ 50000c44 (sz=24, trace=303145, class=java.util.Hashtable$Entry@50000038)
OBJ 50000c45 (sz=24, trace=303145, class=java.util.Hashtable$Entry@50000038)
ARR 50000c46 (sz=48, trace=301207, nelems=0, elem type=char[])
OBJ 50000c47 (sz=16, trace=301237, class=java.util.jar.Attributes$Name@500005a3)
	name		50001d1e
OBJ 50000c48 (sz=24, trace=301258, class=java.util.HashMap$Entry@5000004c)
	key		50000c47
	value		50000c42
OBJ 50000c49 (sz=24, trace=303145, class=java.util.Hashtable$Entry@50000038)
OBJ 50000c4a (sz=24, trace=303145, class=java.util.Hashtable$Entry@50000038)
OBJ 50000c4b (sz=24, trace=301040, class=java.lang.String@5000008d)
	value		50000c4f
OBJ 50000c4c (sz=24, trace=303145, class=java.util.Hashtable$Entry@50000038)
OBJ 50000c4d (sz=24, trace=303145, class=java.util.Hashtable$Entry@50000038)
OBJ 50000c4e (sz=24, trace=303145, class=java.util.Hashtable$Entry@50000038)
ARR 50000c4f (sz=88, trace=301207, nelems=0, elem type=char[])
OBJ 50000c50 (sz=16, trace=301237, class=java.util.jar.Attributes$Name@500005a3)
	name		50001cfa
OBJ 50000c51 (sz=24, trace=301258, class=java.util.HashMap$Entry@5000004c)
	key		50000c50
	value		50000c4b
	next		50000c48
OBJ 50000c52 (sz=24, trace=303145, class=java.util.Hashtable$Entry@50000038)
OBJ 50000c53 (sz=24, trace=303145, class=java.util.Hashtable$Entry@50000038)
OBJ 50000c54 (sz=24, trace=301040, class=java.lang.String@5000008d)
	value		50000c58
OBJ 50000c55 (sz=24, trace=303145, class=java.util.Hashtable$Entry@50000038)
OBJ 50000c56 (sz=24, trace=303145, class=java.util.Hashtable$Entry@50000038)
OBJ 50000c57 (sz=24, trace=303145, class=java.util.Hashtable$Entry@50000038)
ARR 50000c58 (sz=64, trace=301207, nelems=0, elem type=char[])
OBJ 50000c59 (sz=16, trace=301237, class=java.util.jar.Attributes$Name@500005a3)
	name		50001d06
OBJ 50000c5a (sz=24, trace=301258, class=java.util.HashMap$Entry@5000004c)
	key		50000c59
	value		50000c54
OBJ 50000c5b (sz=24, trace=301268, class=java.lang.String@5000008d)
	value		50000c5f
OBJ 50000c5c (sz=24, trace=303145, class=java.util.Hashtable$Entry@50000038)
OBJ 50000c5d (sz=24, trace=303145, class=java.util.Hashtable$Entry@50000038)
OBJ 50000c5e (sz=24, trace=303145, class=java.util.Hashtable$Entry@50000038)
ARR 50000c5f (sz=56, trace=301207, nelems=0, elem type=char[])
OBJ 50000c60 (sz=16, trace=301286, class=java.util.jar.Attributes@5000057c)
	map		50000c61
OBJ 50000c61 (sz=40, trace=301009, class=java.util.HashMap@50000096)
	table		50000ca5
OBJ 50000c62 (sz=24, trace=303145, class=java.util.Hashtable$Entry@50000038)
OBJ 50000c63 (sz=24, trace=301295, class=java.util.HashMap$Entry@5000004c)
	key		50000c5b
	value		50000c60
OBJ 50000c64 (sz=24, trace=303145, class=java.util.Hashtable$Entry@50000038)
OBJ 50000c65 (sz=24, trace=303145, class=java.util.Hashtable$Entry@50000038)
OBJ 50000c66 (sz=24, trace=301301, class=java.lang.String@5000008d)
	value		50000c6a
OBJ 50000c67 (sz=24, trace=303145, class=java.util.Hashtable$Entry@50000038)
OBJ 50000c68 (sz=24, trace=303145, class=java.util.Hashtable$Entry@50000038)
OBJ 50000c69 (sz=48, trace=303151, class=org.apache.tools.ant.taskdefs.optional.junit.JUnitTestRunner@50000b73)
ARR 50000c6a (sz=56, trace=301207, nelems=0, elem type=char[])
OBJ 50000c6b (sz=16, trace=301302, class=java.util.jar.Attributes$Name@500005a3)
	name		50001d20
OBJ 50000c6c (sz=24, trace=301258, class=java.util.HashMap$Entry@5000004c)
	key		50000c6b
	value		50000c66
OBJ 50000c6d (sz=24, trace=300464, class=java.util.Vector@50000077)
ARR 50000c6e (sz=56, trace=303152, nelems=0, elem type=java.lang.Object[]@50000013)
OBJ 50000c6f (sz=24, trace=301301, class=java.lang.String@5000008d)
	value		50000c73
ARR 50000c73 (sz=32, trace=301207, nelems=0, elem type=char[])
OBJ 50000c74 (sz=16, trace=301302, class=java.util.jar.Attributes$Name@500005a3)
	name		50001d0a
OBJ 50000c75 (sz=24, trace=301258, class=java.util.HashMap$Entry@5000004c)
	key		50000c74
	value		50000c6f
OBJ 50000c79 (sz=24, trace=301301, class=java.lang.String@5000008d)
	value		50000c7d
ARR 50000c7a (sz=32, trace=305474, nelems=4, elem type=java.lang.String[]@5000008e)
	[0]		500024c3
	[1]		500024c4
	[2]		50002665
	[3]		50002621
ARR 50000c7b (sz=32, trace=305475, nelems=4, elem type=java.lang.Boolean[]@50000b8c)
	[2]		500024cf
	[3]		500024cf
ARR 50000c7c (sz=32, trace=305476, nelems=4, elem type=java.lang.String[]@5000008e)
	[0]		500024c1
	[1]		500024bf
	[2]		50002622
	[3]		50002666
ARR 50000c7d (sz=24, trace=301207, nelems=0, elem type=char[])
OBJ 50000c7e (sz=16, trace=301302, class=java.util.jar.Attributes$Name@500005a3)
	name		50001d0c
OBJ 50000c7f (sz=24, trace=301258, class=java.util.HashMap$Entry@5000004c)
	key		50000c7e
	value		50000c79
ARR 50000c80 (sz=32, trace=305477, nelems=0, elem type=java.lang.Object[]@50000013)
ARR 50000c81 (sz=24, trace=305479, nelems=2, elem type=java.lang.String[]@5000008e)
	[0]		50002656
	[1]		50002655
OBJ 50000c82 (sz=24, trace=301301, class=java.lang.String@5000008d)
	value		50000c86
ARR 50000c83 (sz=24, trace=305480, nelems=2, elem type=java.lang.Boolean[]@50000b8c)
	[0]		500024d1
	[1]		500024cf
ARR 50000c84 (sz=24, trace=305481, nelems=3, elem type=java.lang.String[]@5000008e)
	[0]		50002657
	[1]		500024c2
	[2]		50002658
ARR 50000c85 (sz=24, trace=305482, nelems=0, elem type=java.lang.Object[]@50000013)
ARR 50000c86 (sz=64, trace=301207, nelems=0, elem type=char[])
OBJ 50000c87 (sz=16, trace=301302, class=java.util.jar.Attributes$Name@500005a3)
	name		50001d0b
OBJ 50000c88 (sz=24, trace=301258, class=java.util.HashMap$Entry@5000004c)
	key		50000c87
	value		50000c82
	next		50000c7f
ARR 50000c89 (sz=48, trace=307668, nelems=0, elem type=char[])
ARR 50000c8b (sz=80, trace=307683, nelems=0, elem type=char[])
OBJ 50000c8c (sz=24, trace=301301, class=java.lang.String@5000008d)
	value		50000c90
OBJ 50000c8e (sz=24, trace=307676, class=java.lang.String@5000008d)
ARR 50000c8f (sz=56, trace=307677, nelems=0, elem type=char[])
ARR 50000c90 (sz=56, trace=301207, nelems=0, elem type=char[])
OBJ 50000c91 (sz=16, trace=301302, class=java.util.jar.Attributes$Name@500005a3)
	name		50001d01
OBJ 50000c92 (sz=24, trace=301258, class=java.util.HashMap$Entry@5000004c)
	key		50000c91
	value		50000c8c
OBJ 50000c93 (sz=48, trace=300147, class=java.nio.HeapCharBuffer@50000102)
OBJ 50000c94 (sz=16, trace=307667, class=java.lang.StringBuffer@50000088)
OBJ 50000c95 (sz=24, trace=301301, class=java.lang.String@5000008d)
	value		50000c99
ARR 50000c96 (sz=48, trace=307668, nelems=0, elem type=char[])
OBJ 50000c97 (sz=24, trace=307676, class=java.lang.String@5000008d)
ARR 50000c98 (sz=48, trace=307677, nelems=0, elem type=char[])
ARR 50000c99 (sz=24, trace=301207, nelems=0, elem type=char[])
OBJ 50000c9a (sz=16, trace=301302, class=java.util.jar.Attributes$Name@500005a3)
	name		50001d05
OBJ 50000c9b (sz=24, trace=301258, class=java.util.HashMap$Entry@5000004c)
	key		50000c9a
	value		50000c95
OBJ 50000c9c (sz=16, trace=307667, class=java.lang.StringBuffer@50000088)
OBJ 50000c9e (sz=24, trace=301301, class=java.lang.String@5000008d)
	value		50000ca2
ARR 50000c9f (sz=48, trace=307668, nelems=0, elem type=char[])
ARR 50000ca2 (sz=64, trace=301207, nelems=0, elem type=char[])
OBJ 50000ca3 (sz=16, trace=301302, class=java.util.jar.Attributes$Name@500005a3)
	name		50001d03
OBJ 50000ca4 (sz=24, trace=301258, class=java.util.HashMap$Entry@5000004c)
	key		50000ca3
	value		50000c9e
ARR 50000ca5 (sz=80, trace=301303, nelems=16, elem type=java.util.HashMap$Entry[]@5000004d)
	[1]		50000ca4
	[2]		50000c9b
	[3]		50000c6c
	[5]		50000c88
	[7]		50000c92
	[15]		50000c75
ARR 50000ca6 (sz=80, trace=307683, nelems=0, elem type=char[])
OBJ 50000ca7 (sz=24, trace=307676, class=java.lang.String@5000008d)
ARR 50000ca8 (sz=56, trace=307677, nelems=0, elem type=char[])
OBJ 50000ca9 (sz=48, trace=300147, class=java.nio.HeapCharBuffer@50000102)
OBJ 50000caa (sz=16, trace=307667, class=java.lang.StringBuffer@50000088)
ARR 50000cab (sz=48, trace=307668, nelems=0, elem type=char[])
ARR 50000cac (sz=80, trace=307683, nelems=0, elem type=char[])
OBJ 50000cad (sz=24, trace=307676, class=java.lang.String@5000008d)
ARR 50000cae (sz=48, trace=307677, nelems=0, elem type=char[])
OBJ 50000caf (sz=16, trace=307667, class=java.lang.StringBuffer@50000088)
ARR 50000cb0 (sz=48, trace=307668, nelems=0, elem type=char[])
ARR 50000cb5 (sz=80, trace=307683, nelems=0, elem type=char[])
ARR 50000cb6 (sz=152, trace=307683, nelems=0, elem type=char[])
ARR 50000cb7 (sz=296, trace=307683, nelems=0, elem type=char[])
OBJ 50000cb9 (sz=48, trace=301380, class=java.lang.Package@50000563)
	pkgName		50000c1e
	loader		5000159b
OBJ 50000cba (sz=24, trace=301386, class=java.util.HashMap$Entry@5000004c)
	key		50000c1e
	value		50000cb9
ARR 50000cbc (sz=584, trace=307683, nelems=0, elem type=char[])
ARR 50000cbf (sz=1160, trace=307683, nelems=0, elem type=char[])
ARR 50000cc0 (sz=2312, trace=307683, nelems=0, elem type=char[])
OBJ 50000cc1 (sz=24, trace=307676, class=java.lang.String@5000008d)
ARR 50000cc2 (sz=2016, trace=307677, nelems=0, elem type=char[])
OBJ 50000cc3 (sz=48, trace=300147, class=java.nio.HeapCharBuffer@50000102)
OBJ 50000cc4 (sz=16, trace=307667, class=java.lang.StringBuffer@50000088)
ARR 50000cc5 (sz=48, trace=307668, nelems=0, elem type=char[])
ARR 50000cc6 (sz=80, trace=307683, nelems=0, elem type=char[])
OBJ 50000cc7 (sz=24, trace=307676, class=java.lang.String@5000008d)
ARR 50000cc8 (sz=64, trace=307677, nelems=0, elem type=char[])
OBJ 50000cca (sz=16, trace=307667, class=java.lang.StringBuffer@50000088)
OBJ 50000ccb (sz=24, trace=300922, class=java.lang.String@5000008d)
	value		50001bde
ARR 50000ccc (sz=48, trace=307668, nelems=0, elem type=char[])
OBJ 50000ccd (sz=24, trace=307676, class=java.lang.String@5000008d)
ARR 50000cce (sz=16, trace=307677, nelems=0, elem type=char[])
OBJ 50000ccf (sz=48, trace=300147, class=java.nio.HeapCharBuffer@50000102)
OBJ 50000cd0 (sz=16, trace=307667, class=java.lang.StringBuffer@50000088)
ARR 50000cd1 (sz=48, trace=307668, nelems=0, elem type=char[])
OBJ 50000cd2 (sz=24, trace=307676, class=java.lang.String@5000008d)
ARR 50000cd3 (sz=40, trace=307677, nelems=0, elem type=char[])
OBJ 50000cd4 (sz=48, trace=303168, class=java.lang.Package@50000563)
	pkgName		50000ccb
	loader		5000159b
OBJ 50000cd5 (sz=24, trace=301386, class=java.util.HashMap$Entry@5000004c)
	key		50000ccb
	value		50000cd4
	next		50000b1a
OBJ 50000cd6 (sz=16, trace=307667, class=java.lang.StringBuffer@50000088)
ARR 50000cd7 (sz=48, trace=307668, nelems=0, elem type=char[])
ARR 50000cd8 (sz=80, trace=307683, nelems=0, elem type=char[])
OBJ 50000cd9 (sz=24, trace=307676, class=java.lang.String@5000008d)
OBJ 50000cda (sz=32, trace=302545, class=java.security.CodeSource@50000a05)
	location	50001c89
OBJ 50000cdb (sz=24, trace=302599, class=java.security.Permissions@50000a08)
	permsMap	50000cdc
OBJ 50000cdc (sz=40, trace=302601, class=java.util.HashMap@50000096)
	table		50000cdd
ARR 50000cdd (sz=80, trace=302604, nelems=12, elem type=java.util.HashMap$Entry[]@5000004d)
	[8]		50000d2b
	[11]		50000d30
ARR 50000cde (sz=56, trace=307677, nelems=0, elem type=char[])
OBJ 50000cdf (sz=48, trace=300147, class=java.nio.HeapCharBuffer@50000102)
OBJ 50000ce0 (sz=16, trace=307667, class=java.lang.StringBuffer@50000088)
ARR 50000ce1 (sz=48, trace=307668, nelems=0, elem type=char[])
ARR 50000ce2 (sz=80, trace=307683, nelems=0, elem type=char[])
OBJ 50000ce3 (sz=24, trace=307676, class=java.lang.String@5000008d)
ARR 50000ce4 (sz=48, trace=307677, nelems=0, elem type=char[])
OBJ 50000ce5 (sz=16, trace=307667, class=java.lang.StringBuffer@50000088)
ARR 50000ce6 (sz=48, trace=307668, nelems=0, elem type=char[])
OBJ 50000ce7 (sz=24, trace=307676, class=java.lang.String@5000008d)
ARR 50000cea (sz=48, trace=307677, nelems=0, elem type=char[])
OBJ 50000ced (sz=48, trace=300147, class=java.nio.HeapCharBuffer@50000102)
OBJ 50000cee (sz=16, trace=307667, class=java.lang.StringBuffer@50000088)
ARR 50000cef (sz=48, trace=307668, nelems=0, elem type=char[])
OBJ 50000cf0 (sz=24, trace=307676, class=java.lang.String@5000008d)
ARR 50000cf2 (sz=32, trace=307677, nelems=0, elem type=char[])
OBJ 50000cf4 (sz=16, trace=307667, class=java.lang.StringBuffer@50000088)
OBJ 50000cf5 (sz=32, trace=302545, class=java.security.CodeSource@50000a05)
	location	50001c05
OBJ 50000cf6 (sz=24, trace=302599, class=java.security.Permissions@50000a08)
	permsMap	50000cf7
OBJ 50000cf7 (sz=40, trace=302601, class=java.util.HashMap@50000096)
	table		50000cf8
ARR 50000cf8 (sz=80, trace=302604, nelems=12, elem type=java.util.HashMap$Entry[]@5000004d)
	[8]		50000d1a
	[11]		50000d1f
ARR 50000cfa (sz=48, trace=307668, nelems=0, elem type=char[])
OBJ 50000cfc (sz=24, trace=307676, class=java.lang.String@5000008d)
ARR 50000cfd (sz=16, trace=307677, nelems=0, elem type=char[])
OBJ 50000cfe (sz=48, trace=300147, class=java.nio.HeapCharBuffer@50000102)
OBJ 50000cff (sz=16, trace=307667, class=java.lang.StringBuffer@50000088)
ARR 50000d00 (sz=48, trace=307668, nelems=0, elem type=char[])
ARR 50000d01 (sz=80, trace=307683, nelems=0, elem type=char[])
OBJ 50000d02 (sz=24, trace=307676, class=java.lang.String@5000008d)
ARR 50000d03 (sz=48, trace=307677, nelems=0, elem type=char[])
OBJ 50000d04 (sz=16, trace=307667, class=java.lang.StringBuffer@50000088)
ARR 50000d05 (sz=48, trace=307668, nelems=0, elem type=char[])
ARR 50000d06 (sz=80, trace=307683, nelems=0, elem type=char[])
ARR 50000d0b (sz=24, trace=305625, nelems=2, elem type=java.lang.String[]@5000008e)
	[0]		500024c4
	[1]		50002621
OBJ 50000d0c (sz=24, trace=303205, class=java.lang.String@5000008d)
	value		50000d0d
ARR 50000d0d (sz=152, trace=303206, nelems=0, elem type=char[])
ARR 50000d0e (sz=80, trace=302683, nelems=0, elem type=char[])
OBJ 50000d0f (sz=24, trace=302684, class=java.lang.String@5000008d)
	value		50000d0e
OBJ 50000d10 (sz=32, trace=302687, class=java.io.FilePermission@50000a48)
	name		50000d0f
	cpath		500017f3
OBJ 50000d11 (sz=32, trace=303209, class=java.io.FilePermission@50000a48)
	name		50000d0c
	cpath		50000d26
ARR 50000d12 (sz=24, trace=305626, nelems=2, elem type=java.lang.Boolean[]@50000b8c)
	[1]		500024cf
ARR 50000d13 (sz=24, trace=305627, nelems=3, elem type=java.lang.String[]@5000008e)
	[0]		500024c1
	[1]		500024bf
	[2]		50002622
ARR 50000d14 (sz=24, trace=305628, nelems=0, elem type=java.lang.Object[]@50000013)
ARR 50000d15 (sz=152, trace=307683, nelems=0, elem type=char[])
OBJ 50000d16 (sz=24, trace=307676, class=java.lang.String@5000008d)
OBJ 50000d17 (sz=16, trace=302736, class=java.io.FilePermissionCollection@50000a53)
	perms		50000d18
OBJ 50000d18 (sz=24, trace=301331, class=java.util.ArrayList@5000009d)
	elementData	50000d19
ARR 50000d19 (sz=56, trace=302739, nelems=1, elem type=java.lang.Object[]@50000013)
	[0]		50000d10
OBJ 50000d1a (sz=24, trace=302747, class=java.util.HashMap$Entry@5000004c)
	key		50000a48
	value		50000d17
OBJ 50000d1b (sz=24, trace=302760, class=java.lang.RuntimePermission@5000009f)
	name		50001c08
	path		50001c08
OBJ 50000d1c (sz=24, trace=302780, class=java.security.BasicPermissionCollection@50000a69)
	perms		50000d1d
	permClass	5000009f
OBJ 50000d1d (sz=40, trace=302782, class=java.util.HashMap@50000096)
	table		50000d1e
ARR 50000d1e (sz=80, trace=302785, nelems=2, elem type=java.util.HashMap$Entry[]@5000004d)
	[1]		50000132
OBJ 50000d1f (sz=24, trace=302747, class=java.util.HashMap$Entry@5000004c)
	key		5000009f
	value		50000d1c
ARR 50000d20 (sz=112, trace=307677, nelems=0, elem type=char[])
OBJ 50000d21 (sz=48, trace=300147, class=java.nio.HeapCharBuffer@50000102)
OBJ 50000d22 (sz=16, trace=307667, class=java.lang.StringBuffer@50000088)
ARR 50000d23 (sz=48, trace=307668, nelems=0, elem type=char[])
ARR 50000d24 (sz=80, trace=307683, nelems=0, elem type=char[])
ARR 50000d25 (sz=152, trace=307683, nelems=0, elem type=char[])
OBJ 50000d26 (sz=24, trace=303234, class=java.lang.String@5000008d)
	value		50000d27
ARR 50000d27 (sz=144, trace=303235, nelems=0, elem type=char[])
OBJ 50000d28 (sz=16, trace=302736, class=java.io.FilePermissionCollection@50000a53)
	perms		50000d29
OBJ 50000d29 (sz=24, trace=301331, class=java.util.ArrayList@5000009d)
	elementData	50000d2a
ARR 50000d2a (sz=56, trace=302739, nelems=1, elem type=java.lang.Object[]@50000013)
	[0]		50000d11
OBJ 50000d2b (sz=24, trace=302747, class=java.util.HashMap$Entry@5000004c)
	key		50000a48
	value		50000d28
OBJ 50000d2c (sz=24, trace=302760, class=java.lang.RuntimePermission@5000009f)
	name		50001c08
	path		50001c08
OBJ 50000d2d (sz=24, trace=302780, class=java.security.BasicPermissionCollection@50000a69)
	perms		50000d2e
	permClass	5000009f
OBJ 50000d2e (sz=40, trace=302782, class=java.util.HashMap@50000096)
	table		50000d2f
ARR 50000d2f (sz=80, trace=302785, nelems=2, elem type=java.util.HashMap$Entry[]@5000004d)
	[1]		50000d31
OBJ 50000d30 (sz=24, trace=302747, class=java.util.HashMap$Entry@5000004c)
	key		5000009f
	value		50000d2d
OBJ 50000d31 (sz=24, trace=302800, class=java.util.HashMap$Entry@5000004c)
	key		50001c08
	value		50000d2c
OBJ 50000d32 (sz=32, trace=302812, class=java.security.ProtectionDomain@500000de)
	codesource	50000cda
	classloader	5000159b
	principals	50000d33
	permissions	50000cdb
ARR 50000d33 (sz=16, trace=302815, nelems=0, elem type=java.security.Principal[]@50000a91)
OBJ 50000d34 (sz=24, trace=302822, class=java.util.HashMap$Entry@5000004c)
	key		50000cda
	value		50000d32
OBJ 50000d35 (sz=24, trace=302838, class=java.lang.String@5000008d)
	value		50001bde
OBJ 50000d36 (sz=24, trace=302847, class=java.util.Hashtable$Entry@50000038)
	key		50000d35
	value		50000a97
	next		500001ea
OBJ 50000d37 (sz=24, trace=307676, class=java.lang.String@5000008d)
ARR 50000d38 (sz=96, trace=307677, nelems=0, elem type=char[])
OBJ 50000d39 (sz=16, trace=307667, class=java.lang.StringBuffer@50000088)
ARR 50000d3a (sz=48, trace=307668, nelems=0, elem type=char[])
ARR 50000d3b (sz=80, trace=307683, nelems=0, elem type=char[])
ARR 50000d3c (sz=152, trace=307683, nelems=0, elem type=char[])
OBJ 50000d3d (sz=24, trace=307676, class=java.lang.String@5000008d)
ARR 50000d3e (sz=136, trace=307677, nelems=0, elem type=char[])
OBJ 50000d3f (sz=48, trace=300147, class=java.nio.HeapCharBuffer@50000102)
OBJ 50000d40 (sz=16, trace=307667, class=java.lang.StringBuffer@50000088)
ARR 50000d41 (sz=48, trace=307668, nelems=0, elem type=char[])
OBJ 50000d42 (sz=24, trace=307676, class=java.lang.String@5000008d)
ARR 50000d43 (sz=40, trace=307677, nelems=0, elem type=char[])
OBJ 50000d44 (sz=16, trace=307667, class=java.lang.StringBuffer@50000088)
ARR 50000d45 (sz=48, trace=307668, nelems=0, elem type=char[])
ARR 50000d46 (sz=80, trace=307683, nelems=0, elem type=char[])
ARR 50000d47 (sz=152, trace=307683, nelems=0, elem type=char[])
OBJ 50000d48 (sz=24, trace=307676, class=java.lang.String@5000008d)
ARR 50000d49 (sz=112, trace=307677, nelems=0, elem type=char[])
OBJ 50000d4a (sz=48, trace=300147, class=java.nio.HeapCharBuffer@50000102)
OBJ 50000d4b (sz=16, trace=307667, class=java.lang.StringBuffer@50000088)
ARR 50000d4c (sz=48, trace=307668, nelems=0, elem type=char[])
OBJ 50000d4d (sz=24, trace=307676, class=java.lang.String@5000008d)
ARR 50000d4e (sz=48, trace=307677, nelems=0, elem type=char[])
OBJ 50000d4f (sz=16, trace=307667, class=java.lang.StringBuffer@50000088)
ARR 50000d50 (sz=48, trace=307668, nelems=0, elem type=char[])
ARR 50000d51 (sz=80, trace=307683, nelems=0, elem type=char[])
ARR 50000d52 (sz=152, trace=307683, nelems=0, elem type=char[])
ARR 50000d53 (sz=296, trace=307683, nelems=0, elem type=char[])
ARR 50000d54 (sz=584, trace=307683, nelems=0, elem type=char[])
ARR 50000d55 (sz=1160, trace=307683, nelems=0, elem type=char[])
ARR 50000d56 (sz=2312, trace=307683, nelems=0, elem type=char[])
OBJ 50000d57 (sz=24, trace=307676, class=java.lang.String@5000008d)
ARR 50000d58 (sz=1984, trace=307677, nelems=0, elem type=char[])
OBJ 50000d59 (sz=48, trace=300147, class=java.nio.HeapCharBuffer@50000102)
OBJ 50000d5a (sz=16, trace=307667, class=java.lang.StringBuffer@50000088)
ARR 50000d5b (sz=48, trace=307668, nelems=0, elem type=char[])
OBJ 50000d5c (sz=24, trace=307676, class=java.lang.String@5000008d)
ARR 50000d60 (sz=24, trace=305677, nelems=3, elem type=java.lang.String[]@5000008e)
	[0]		500024c4
	[1]		500024bd
	[2]		50002621
ARR 50000d61 (sz=24, trace=305678, nelems=2, elem type=java.lang.Boolean[]@50000b8c)
	[1]		500024cf
ARR 50000d62 (sz=32, trace=305679, nelems=4, elem type=java.lang.String[]@5000008e)
	[0]		500024c1
	[1]		500024bf
	[2]		500024c0
	[3]		50002775
ARR 50000d63 (sz=32, trace=305680, nelems=0, elem type=java.lang.Object[]@50000013)
ARR 50000d64 (sz=48, trace=307677, nelems=0, elem type=char[])
OBJ 50000d66 (sz=16, trace=307667, class=java.lang.StringBuffer@50000088)
ARR 50000d67 (sz=48, trace=307668, nelems=0, elem type=char[])
OBJ 50000d68 (sz=24, trace=307676, class=java.lang.String@5000008d)
ARR 50000d69 (sz=24, trace=307677, nelems=0, elem type=char[])
OBJ 50000d6a (sz=48, trace=300147, class=java.nio.HeapCharBuffer@50000102)
OBJ 50000d6b (sz=16, trace=307667, class=java.lang.StringBuffer@50000088)
ARR 50000d6c (sz=48, trace=307668, nelems=0, elem type=char[])
ARR 50000d6d (sz=80, trace=307683, nelems=0, elem type=char[])
OBJ 50000d6e (sz=24, trace=307676, class=java.lang.String@5000008d)
ARR 50000d73 (sz=24, trace=305706, nelems=3, elem type=java.lang.String[]@5000008e)
	[0]		500024c3
	[1]		500024c4
	[2]		500024bc
ARR 50000d74 (sz=24, trace=305707, nelems=3, elem type=java.lang.Boolean[]@50000b8c)
	[2]		500024cf
ARR 50000d75 (sz=32, trace=305708, nelems=5, elem type=java.lang.String[]@5000008e)
	[0]		500024c1
	[1]		500024bf
	[2]		500024c0
	[3]		500024be
	[4]		500024c2
ARR 50000d76 (sz=32, trace=305709, nelems=0, elem type=java.lang.Object[]@50000013)
ARR 50000d77 (sz=56, trace=307677, nelems=0, elem type=char[])
OBJ 50000d7a (sz=8, trace=305713, class=java.lang.Object@50000012)
OBJ 50000d7b (sz=16, trace=307667, class=java.lang.StringBuffer@50000088)
ARR 50000d7c (sz=48, trace=307668, nelems=0, elem type=char[])
OBJ 50000d7d (sz=24, trace=307676, class=java.lang.String@5000008d)
ARR 50000d7e (sz=24, trace=307677, nelems=0, elem type=char[])
OBJ 50000d7f (sz=48, trace=300147, class=java.nio.HeapCharBuffer@50000102)
OBJ 50000d80 (sz=16, trace=307667, class=java.lang.StringBuffer@50000088)
ARR 50000d81 (sz=48, trace=307668, nelems=0, elem type=char[])
OBJ 50000d82 (sz=24, trace=307676, class=java.lang.String@5000008d)
ARR 50000d83 (sz=40, trace=307677, nelems=0, elem type=char[])
OBJ 50000d84 (sz=16, trace=307667, class=java.lang.StringBuffer@50000088)
ARR 50000d85 (sz=48, trace=307668, nelems=0, elem type=char[])
ARR 50000d86 (sz=80, trace=307683, nelems=0, elem type=char[])
OBJ 50000d88 (sz=24, trace=307676, class=java.lang.String@5000008d)
ARR 50000d89 (sz=72, trace=307677, nelems=0, elem type=char[])
OBJ 50000d8b (sz=48, trace=300147, class=java.nio.HeapCharBuffer@50000102)
OBJ 50000d8d (sz=16, trace=307667, class=java.lang.StringBuffer@50000088)
ARR 50000d8e (sz=48, trace=307668, nelems=0, elem type=char[])
OBJ 50000d8f (sz=24, trace=307676, class=java.lang.String@5000008d)
ARR 50000d90 (sz=40, trace=307677, nelems=0, elem type=char[])
OBJ 50000d91 (sz=16, trace=307667, class=java.lang.StringBuffer@50000088)
ARR 50000d92 (sz=48, trace=307668, nelems=0, elem type=char[])
OBJ 50000d93 (sz=24, trace=307676, class=java.lang.String@5000008d)
ARR 50000d94 (sz=32, trace=307677, nelems=0, elem type=char[])
OBJ 50000d95 (sz=48, trace=300147, class=java.nio.HeapCharBuffer@50000102)
OBJ 50000d96 (sz=16, trace=307667, class=java.lang.StringBuffer@50000088)
ARR 50000d97 (sz=48, trace=307668, nelems=0, elem type=char[])
OBJ 50000d98 (sz=24, trace=307676, class=java.lang.String@5000008d)
ARR 50000d99 (sz=40, trace=307677, nelems=0, elem type=char[])
OBJ 50000d9a (sz=16, trace=307667, class=java.lang.StringBuffer@50000088)
ARR 50000d9b (sz=48, trace=307668, nelems=0, elem type=char[])
OBJ 50000d9d (sz=24, trace=307676, class=java.lang.String@5000008d)
ARR 50000d9e (sz=48, trace=307677, nelems=0, elem type=char[])
OBJ 50000d9f (sz=48, trace=300147, class=java.nio.HeapCharBuffer@50000102)
OBJ 50000da0 (sz=16, trace=307667, class=java.lang.StringBuffer@50000088)
ARR 50000da1 (sz=48, trace=307668, nelems=0, elem type=char[])
ARR 50000da2 (sz=80, trace=307683, nelems=0, elem type=char[])
OBJ 50000da7 (sz=8, trace=305787, class=com.sun.org.apache.xerces.internal.impl.dv.SecuritySupport12@50000da6)
OBJ 50000da9 (sz=24, trace=307676, class=java.lang.String@5000008d)
ARR 50000dab (sz=64, trace=307677, nelems=0, elem type=char[])
OBJ 50000dad (sz=16, trace=307667, class=java.lang.StringBuffer@50000088)
ARR 50000dae (sz=48, trace=307668, nelems=0, elem type=char[])
ARR 50000db0 (sz=80, trace=307683, nelems=0, elem type=char[])
OBJ 50000db1 (sz=32, trace=301094, class=java.lang.ref.SoftReference@500000ad)
OBJ 50000db2 (sz=64, trace=301103, class=java.lang.reflect.Constructor@50000079)
OBJ 50000db3 (sz=24, trace=307676, class=java.lang.String@5000008d)
OBJ 50000db4 (sz=24, trace=301136, class=sun.reflect.NativeConstructorAccessorImpl@50000091)
OBJ 50000db5 (sz=16, trace=301140, class=sun.reflect.DelegatingConstructorAccessorImpl@500000bd)
OBJ 50000db6 (sz=40, trace=305831, class=java.util.Hashtable@5000000e)
	table		50000dd2
ARR 50000db7 (sz=80, trace=307677, nelems=0, elem type=char[])
OBJ 50000dba (sz=8, trace=305838, class=com.sun.org.apache.xerces.internal.impl.dv.dtd.StringDatatypeValidator@50000db9)
OBJ 50000dbb (sz=24, trace=305841, class=java.util.Hashtable$Entry@50000038)
	key		50002732
	value		50000dba
OBJ 50000dbd (sz=8, trace=305845, class=com.sun.org.apache.xerces.internal.impl.dv.dtd.IDDatatypeValidator@50000dbc)
OBJ 50000dbe (sz=24, trace=305847, class=java.util.Hashtable$Entry@50000038)
	key		5000200b
	value		50000dbd
OBJ 50000dc0 (sz=8, trace=305849, class=com.sun.org.apache.xerces.internal.impl.dv.dtd.IDREFDatatypeValidator@50000dbf)
OBJ 50000dc1 (sz=24, trace=305851, class=java.util.Hashtable$Entry@50000038)
	key		5000263b
	value		50000dc0
	next		50000dca
OBJ 50000dc3 (sz=16, trace=305853, class=com.sun.org.apache.xerces.internal.impl.dv.dtd.ListDatatypeValidator@50000dc2)
	fItemValidator	50000dc0
OBJ 50000dc4 (sz=24, trace=305855, class=java.util.Hashtable$Entry@50000038)
	key		5000263c
	value		50000dc3
OBJ 50000dc6 (sz=8, trace=305857, class=com.sun.org.apache.xerces.internal.impl.dv.dtd.ENTITYDatatypeValidator@50000dc5)
OBJ 50000dc7 (sz=8, trace=305859, class=com.sun.org.apache.xerces.internal.impl.dv.dtd.ENTITYDatatypeValidator@50000dc5)
OBJ 50000dc8 (sz=24, trace=305860, class=java.util.Hashtable$Entry@50000038)
	key		50002639
	value		50000dc7
OBJ 50000dc9 (sz=16, trace=305861, class=com.sun.org.apache.xerces.internal.impl.dv.dtd.ListDatatypeValidator@50000dc2)
	fItemValidator	50000dc6
OBJ 50000dca (sz=24, trace=305862, class=java.util.Hashtable$Entry@50000038)
	key		50002638
	value		50000dc9
OBJ 50000dcc (sz=8, trace=305864, class=com.sun.org.apache.xerces.internal.impl.dv.dtd.NOTATIONDatatypeValidator@50000dcb)
OBJ 50000dcd (sz=24, trace=305866, class=java.util.Hashtable$Entry@50000038)
	key		5000263f
	value		50000dcc
OBJ 50000dcf (sz=8, trace=305868, class=com.sun.org.apache.xerces.internal.impl.dv.dtd.NMTOKENDatatypeValidator@50000dce)
OBJ 50000dd0 (sz=24, trace=305870, class=java.util.Hashtable$Entry@50000038)
	key		5000263d
	value		50000dcf
OBJ 50000dd1 (sz=16, trace=305871, class=com.sun.org.apache.xerces.internal.impl.dv.dtd.ListDatatypeValidator@50000dc2)
	fItemValidator	50000dcf
ARR 50000dd2 (sz=104, trace=305872, nelems=22, elem type=java.util.Hashtable$Entry[]@50000039)
	[1]		50000dd0
	[7]		50000dc1
	[8]		50000dbe
	[11]		50000dbb
	[14]		50000dd3
	[18]		50000dc4
	[20]		50000dcd
	[21]		50000dc8
OBJ 50000dd3 (sz=24, trace=305874, class=java.util.Hashtable$Entry@50000038)
	key		5000263e
	value		50000dd1
OBJ 50000dd4 (sz=48, trace=300147, class=java.nio.HeapCharBuffer@50000102)
OBJ 50000dd5 (sz=16, trace=307667, class=java.lang.StringBuffer@50000088)
ARR 50000dd7 (sz=48, trace=307668, nelems=0, elem type=char[])
OBJ 50000dd8 (sz=24, trace=307676, class=java.lang.String@5000008d)
OBJ 50000ddb (sz=24, trace=302865, class=java.util.HashMap$Entry@5000004c)
	key		50000d32
	value		5000170d
ARR 50000ddd (sz=32, trace=307677, nelems=0, elem type=char[])
OBJ 50000dde (sz=16, trace=307667, class=java.lang.StringBuffer@50000088)
ARR 50000de0 (sz=24, trace=305896, nelems=0, elem type=char[])
ARR 50000de1 (sz=48, trace=307668, nelems=0, elem type=char[])
OBJ 50000de2 (sz=24, trace=307676, class=java.lang.String@5000008d)
ARR 50000de3 (sz=32, trace=307677, nelems=0, elem type=char[])
OBJ 50000de6 (sz=48, trace=300147, class=java.nio.HeapCharBuffer@50000102)
OBJ 50000de7 (sz=16, trace=307667, class=java.lang.StringBuffer@50000088)
ARR 50000de8 (sz=48, trace=307668, nelems=0, elem type=char[])
OBJ 50000de9 (sz=24, trace=307676, class=java.lang.String@5000008d)
ARR 50000dec (sz=48, trace=307677, nelems=0, elem type=char[])
OBJ 50000ded (sz=16, trace=307667, class=java.lang.StringBuffer@50000088)
OBJ 50000dee (sz=24, trace=305936, class=java.lang.String@5000008d)
	value		50000def
ARR 50000def (sz=32, trace=305937, nelems=0, elem type=char[])
OBJ 50000df0 (sz=24, trace=305940, class=com.sun.org.apache.xerces.internal.xni.QName@50000ca0)
	prefix		50002640
	localpart	500024e0
	rawname		50000dee
	uri		500024b7
ARR 50000df1 (sz=48, trace=307668, nelems=0, elem type=char[])
OBJ 50000df2 (sz=24, trace=307676, class=java.lang.String@5000008d)
OBJ 50000df3 (sz=24, trace=305945, class=java.lang.String@5000008d)
	value		50000df4
ARR 50000df4 (sz=24, trace=305946, nelems=0, elem type=char[])
OBJ 50000df5 (sz=24, trace=305947, class=com.sun.org.apache.xerces.internal.xni.QName@50000ca0)
	prefix		50002641
	localpart	5000171d
	rawname		50000df3
	uri		500024b6
ARR 50000df6 (sz=16, trace=305948, nelems=1, elem type=java.lang.String[]@5000008e)
	[0]		500027cf
ARR 50000df7 (sz=16, trace=305949, nelems=1, elem type=java.lang.Boolean[]@50000b8c)
	[0]		500024d1
ARR 50000df8 (sz=24, trace=305950, nelems=3, elem type=java.lang.String[]@5000008e)
	[0]		500024bf
	[1]		50002666
	[2]		500027ce
ARR 50000df9 (sz=24, trace=305951, nelems=0, elem type=java.lang.Object[]@50000013)
ARR 50000dfa (sz=40, trace=307677, nelems=0, elem type=char[])
OBJ 50000dfb (sz=48, trace=300147, class=java.nio.HeapCharBuffer@50000102)
OBJ 50000dfc (sz=16, trace=307667, class=java.lang.StringBuffer@50000088)
ARR 50000dfd (sz=48, trace=307668, nelems=0, elem type=char[])
ARR 50000dfe (sz=80, trace=307683, nelems=0, elem type=char[])
OBJ 50000dff (sz=24, trace=307676, class=java.lang.String@5000008d)
ARR 50000e00 (sz=72, trace=307677, nelems=0, elem type=char[])
OBJ 50000e01 (sz=16, trace=307667, class=java.lang.StringBuffer@50000088)
ARR 50000e03 (sz=48, trace=307668, nelems=0, elem type=char[])
OBJ 50000e04 (sz=24, trace=307676, class=java.lang.String@5000008d)
ARR 50000e05 (sz=24, trace=307677, nelems=0, elem type=char[])
OBJ 50000e06 (sz=48, trace=300147, class=java.nio.HeapCharBuffer@50000102)
OBJ 50000e07 (sz=16, trace=307667, class=java.lang.StringBuffer@50000088)
ARR 50000e08 (sz=48, trace=307668, nelems=0, elem type=char[])
ARR 50000e09 (sz=80, trace=307683, nelems=0, elem type=char[])
OBJ 50000e0a (sz=24, trace=307676, class=java.lang.String@5000008d)
ARR 50000e0b (sz=64, trace=307677, nelems=0, elem type=char[])
OBJ 50000e0c (sz=16, trace=307667, class=java.lang.StringBuffer@50000088)
ARR 50000e0d (sz=48, trace=307668, nelems=0, elem type=char[])
OBJ 50000e10 (sz=24, trace=307676, class=java.lang.String@5000008d)
ARR 50000e11 (sz=24, trace=307677, nelems=0, elem type=char[])
OBJ 50000e12 (sz=48, trace=300147, class=java.nio.HeapCharBuffer@50000102)
OBJ 50000e13 (sz=16, trace=307667, class=java.lang.StringBuffer@50000088)
ARR 50000e14 (sz=48, trace=307668, nelems=0, elem type=char[])
ARR 50000e15 (sz=80, trace=307683, nelems=0, elem type=char[])
OBJ 50000e16 (sz=24, trace=307676, class=java.lang.String@5000008d)
ARR 50000e17 (sz=48, trace=307677, nelems=0, elem type=char[])
OBJ 50000e18 (sz=16, trace=307667, class=java.lang.StringBuffer@50000088)
ARR 50000e19 (sz=48, trace=307668, nelems=0, elem type=char[])
OBJ 50000e1a (sz=24, trace=307676, class=java.lang.String@5000008d)
ARR 50000e1b (sz=40, trace=307677, nelems=0, elem type=char[])
OBJ 50000e1c (sz=48, trace=300147, class=java.nio.HeapCharBuffer@50000102)
OBJ 50000e1d (sz=16, trace=307667, class=java.lang.StringBuffer@50000088)
ARR 50000e1e (sz=48, trace=307668, nelems=0, elem type=char[])
OBJ 50000e1f (sz=24, trace=307676, class=java.lang.String@5000008d)
ARR 50000e20 (sz=40, trace=307677, nelems=0, elem type=char[])
OBJ 50000e21 (sz=16, trace=307667, class=java.lang.StringBuffer@50000088)
ARR 50000e22 (sz=48, trace=307668, nelems=0, elem type=char[])
OBJ 50000e23 (sz=24, trace=307676, class=java.lang.String@5000008d)
ARR 50000e24 (sz=24, trace=307677, nelems=0, elem type=char[])
OBJ 50000e25 (sz=48, trace=300147, class=java.nio.HeapCharBuffer@50000102)
OBJ 50000e26 (sz=16, trace=307667, class=java.lang.StringBuffer@50000088)
ARR 50000e27 (sz=48, trace=307668, nelems=0, elem type=char[])
OBJ 50000e28 (sz=24, trace=307676, class=java.lang.String@5000008d)
ARR 50000e29 (sz=48, trace=307677, nelems=0, elem type=char[])
OBJ 50000e2f (sz=32, trace=303254, class=java.lang.ref.SoftReference@500000ad)
ARR 50000e38 (sz=64, trace=306232, nelems=0, elem type=int[])
OBJ 50000e39 (sz=136, trace=306234, class=com.sun.org.apache.xerces.internal.dom.DocumentImpl@50000e37)
ARR 50000e3b (sz=65552, trace=306243, nelems=0, elem type=byte[])
OBJ 50000e3f (sz=56, trace=306255, class=com.sun.org.apache.xerces.internal.dom.ElementImpl@50000e3e)
OBJ 50000e42 (sz=32, trace=306284, class=com.sun.org.apache.xerces.internal.dom.AttrImpl@50000e41)
OBJ 50000e46 (sz=24, trace=306291, class=com.sun.org.apache.xerces.internal.dom.AttributeMap@50000e45)
OBJ 50000e47 (sz=24, trace=306321, class=java.util.Vector@50000077)
ARR 50000e48 (sz=32, trace=306324, nelems=0, elem type=java.lang.Object[]@50000013)
OBJ 50000e49 (sz=56, trace=306255, class=com.sun.org.apache.xerces.internal.dom.ElementImpl@50000e3e)
OBJ 50000e4a (sz=16, trace=307667, class=java.lang.StringBuffer@50000088)
ARR 50000e4b (sz=48, trace=307668, nelems=0, elem type=char[])
OBJ 50000e4c (sz=24, trace=307676, class=java.lang.String@5000008d)
ARR 50000e4d (sz=48, trace=307677, nelems=0, elem type=char[])
OBJ 50000e4e (sz=48, trace=300147, class=java.nio.HeapCharBuffer@50000102)
OBJ 50000e4f (sz=16, trace=307667, class=java.lang.StringBuffer@50000088)
ARR 50000e50 (sz=48, trace=307668, nelems=0, elem type=char[])
OBJ 50000e51 (sz=24, trace=307676, class=java.lang.String@5000008d)
ARR 50000e52 (sz=40, trace=307677, nelems=0, elem type=char[])
OBJ 50000e53 (sz=16, trace=307667, class=java.lang.StringBuffer@50000088)
ARR 50000e54 (sz=48, trace=307668, nelems=0, elem type=char[])
ARR 50000e55 (sz=80, trace=307683, nelems=0, elem type=char[])
OBJ 50000e56 (sz=24, trace=307676, class=java.lang.String@5000008d)
ARR 50000e57 (sz=56, trace=307677, nelems=0, elem type=char[])
OBJ 50000e58 (sz=48, trace=300147, class=java.nio.HeapCharBuffer@50000102)
OBJ 50000e59 (sz=16, trace=307667, class=java.lang.StringBuffer@50000088)
ARR 50000e5a (sz=48, trace=307668, nelems=0, elem type=char[])
OBJ 50000e5b (sz=24, trace=307676, class=java.lang.String@5000008d)
ARR 50000e5c (sz=40, trace=307677, nelems=0, elem type=char[])
OBJ 50000e5d (sz=16, trace=307667, class=java.lang.StringBuffer@50000088)
ARR 50000e5e (sz=48, trace=307668, nelems=0, elem type=char[])
ARR 50000e5f (sz=80, trace=307683, nelems=0, elem type=char[])
ARR 50000e60 (sz=152, trace=307683, nelems=0, elem type=char[])
OBJ 50000e61 (sz=24, trace=307676, class=java.lang.String@5000008d)
ARR 50000e62 (sz=88, trace=307677, nelems=0, elem type=char[])
OBJ 50000e63 (sz=48, trace=300147, class=java.nio.HeapCharBuffer@50000102)
OBJ 50000e64 (sz=16, trace=307667, class=java.lang.StringBuffer@50000088)
ARR 50000e65 (sz=48, trace=307668, nelems=0, elem type=char[])
ARR 50000e66 (sz=80, trace=307683, nelems=0, elem type=char[])
OBJ 50000e67 (sz=24, trace=307676, class=java.lang.String@5000008d)
ARR 50000e68 (sz=56, trace=307677, nelems=0, elem type=char[])
OBJ 50000e69 (sz=16, trace=307667, class=java.lang.StringBuffer@50000088)
ARR 50000e6a (sz=48, trace=307668, nelems=0, elem type=char[])
OBJ 50000e6b (sz=24, trace=307676, class=java.lang.String@5000008d)
ARR 50000e6c (sz=24, trace=307677, nelems=0, elem type=char[])
OBJ 50000e6d (sz=48, trace=300147, class=java.nio.HeapCharBuffer@50000102)
OBJ 50000e6e (sz=16, trace=307667, class=java.lang.StringBuffer@50000088)
ARR 50000e6f (sz=48, trace=307668, nelems=0, elem type=char[])
ARR 50000e70 (sz=80, trace=307683, nelems=0, elem type=char[])
OBJ 50000e71 (sz=24, trace=307676, class=java.lang.String@5000008d)
ARR 50000e72 (sz=56, trace=307677, nelems=0, elem type=char[])
OBJ 50000e73 (sz=16, trace=307667, class=java.lang.StringBuffer@50000088)
ARR 50000e74 (sz=48, trace=307668, nelems=0, elem type=char[])
ARR 50000e75 (sz=80, trace=307683, nelems=0, elem type=char[])
ARR 50000e76 (sz=152, trace=307683, nelems=0, elem type=char[])
OBJ 50000e77 (sz=24, trace=307676, class=java.lang.String@5000008d)
ARR 50000e78 (sz=96, trace=307677, nelems=0, elem type=char[])
OBJ 50000e79 (sz=48, trace=300147, class=java.nio.HeapCharBuffer@50000102)
OBJ 50000e7a (sz=16, trace=307667, class=java.lang.StringBuffer@50000088)
ARR 50000e7b (sz=48, trace=307668, nelems=0, elem type=char[])
ARR 50000e7c (sz=80, trace=307683, nelems=0, elem type=char[])
OBJ 50000e7d (sz=24, trace=307676, class=java.lang.String@5000008d)
ARR 50000e7e (sz=48, trace=307677, nelems=0, elem type=char[])
OBJ 50000e80 (sz=32, trace=303254, class=java.lang.ref.SoftReference@500000ad)
OBJ 50000e81 (sz=32, trace=303254, class=java.lang.ref.SoftReference@500000ad)
OBJ 50000e83 (sz=32, trace=303254, class=java.lang.ref.SoftReference@500000ad)
OBJ 50000e84 (sz=32, trace=303254, class=java.lang.ref.SoftReference@500000ad)
OBJ 50000e85 (sz=16, trace=307667, class=java.lang.StringBuffer@50000088)
ARR 50000e86 (sz=48, trace=307668, nelems=0, elem type=char[])
OBJ 50000e87 (sz=24, trace=307676, class=java.lang.String@5000008d)
ARR 50000e88 (sz=48, trace=307677, nelems=0, elem type=char[])
OBJ 50000e89 (sz=48, trace=300147, class=java.nio.HeapCharBuffer@50000102)
OBJ 50000e8a (sz=16, trace=307667, class=java.lang.StringBuffer@50000088)
ARR 50000e8b (sz=48, trace=307668, nelems=0, elem type=char[])
OBJ 50000e8c (sz=24, trace=307676, class=java.lang.String@5000008d)
ARR 50000e8d (sz=40, trace=307677, nelems=0, elem type=char[])
OBJ 50000e8e (sz=16, trace=307667, class=java.lang.StringBuffer@50000088)
ARR 50000e8f (sz=48, trace=307668, nelems=0, elem type=char[])
OBJ 50000e90 (sz=24, trace=307676, class=java.lang.String@5000008d)
ARR 50000e91 (sz=32, trace=307677, nelems=0, elem type=char[])
OBJ 50000e92 (sz=48, trace=300147, class=java.nio.HeapCharBuffer@50000102)
OBJ 50000e93 (sz=16, trace=307667, class=java.lang.StringBuffer@50000088)
ARR 50000e94 (sz=48, trace=307668, nelems=0, elem type=char[])
ARR 50000e95 (sz=80, trace=307683, nelems=0, elem type=char[])
OBJ 50000e96 (sz=24, trace=307676, class=java.lang.String@5000008d)
ARR 50000e97 (sz=56, trace=307677, nelems=0, elem type=char[])
OBJ 50000e98 (sz=16, trace=307667, class=java.lang.StringBuffer@50000088)
ARR 50000e99 (sz=48, trace=307668, nelems=0, elem type=char[])
ARR 50000e9a (sz=80, trace=307683, nelems=0, elem type=char[])
OBJ 50000e9b (sz=24, trace=307676, class=java.lang.String@5000008d)
ARR 50000e9c (sz=80, trace=307677, nelems=0, elem type=char[])
OBJ 50000e9d (sz=48, trace=300147, class=java.nio.HeapCharBuffer@50000102)
OBJ 50000e9e (sz=16, trace=307667, class=java.lang.StringBuffer@50000088)
ARR 50000e9f (sz=48, trace=307668, nelems=0, elem type=char[])
OBJ 50000ea0 (sz=24, trace=307676, class=java.lang.String@5000008d)
ARR 50000ea1 (sz=32, trace=307677, nelems=0, elem type=char[])
OBJ 50000ea2 (sz=16, trace=307667, class=java.lang.StringBuffer@50000088)
ARR 50000ea3 (sz=48, trace=307668, nelems=0, elem type=char[])
OBJ 50000ea4 (sz=24, trace=307676, class=java.lang.String@5000008d)
ARR 50000ea5 (sz=24, trace=307677, nelems=0, elem type=char[])
OBJ 50000ea6 (sz=48, trace=300147, class=java.nio.HeapCharBuffer@50000102)
OBJ 50000ea7 (sz=16, trace=307667, class=java.lang.StringBuffer@50000088)
ARR 50000ea8 (sz=48, trace=307668, nelems=0, elem type=char[])
ARR 50000ea9 (sz=80, trace=307683, nelems=0, elem type=char[])
OBJ 50000eaa (sz=24, trace=307676, class=java.lang.String@5000008d)
ARR 50000eab (sz=56, trace=307677, nelems=0, elem type=char[])
OBJ 50000eac (sz=16, trace=307667, class=java.lang.StringBuffer@50000088)
ARR 50000ead (sz=48, trace=307668, nelems=0, elem type=char[])
OBJ 50000eae (sz=24, trace=307676, class=java.lang.String@5000008d)
ARR 50000eaf (sz=24, trace=307677, nelems=0, elem type=char[])
OBJ 50000eb0 (sz=48, trace=300147, class=java.nio.HeapCharBuffer@50000102)
OBJ 50000eb1 (sz=16, trace=307667, class=java.lang.StringBuffer@50000088)
ARR 50000eb2 (sz=48, trace=307668, nelems=0, elem type=char[])
OBJ 50000eb3 (sz=24, trace=307676, class=java.lang.String@5000008d)
ARR 50000eb4 (sz=40, trace=307677, nelems=0, elem type=char[])
OBJ 50000eb5 (sz=16, trace=307667, class=java.lang.StringBuffer@50000088)
ARR 50000eb6 (sz=48, trace=307668, nelems=0, elem type=char[])
ARR 50000eb7 (sz=80, trace=307683, nelems=0, elem type=char[])
OBJ 50000eb8 (sz=24, trace=307676, class=java.lang.String@5000008d)
ARR 50000eb9 (sz=64, trace=307677, nelems=0, elem type=char[])
OBJ 50000eba (sz=48, trace=300147, class=java.nio.HeapCharBuffer@50000102)
OBJ 50000ebb (sz=16, trace=307667, class=java.lang.StringBuffer@50000088)
ARR 50000ebc (sz=48, trace=307668, nelems=0, elem type=char[])
OBJ 50000ebd (sz=24, trace=307676, class=java.lang.String@5000008d)
ARR 50000ebe (sz=32, trace=307677, nelems=0, elem type=char[])
OBJ 50000ebf (sz=16, trace=307667, class=java.lang.StringBuffer@50000088)
ARR 50000ec0 (sz=48, trace=307668, nelems=0, elem type=char[])
ARR 50000ec1 (sz=80, trace=307683, nelems=0, elem type=char[])
ARR 50000ec2 (sz=152, trace=307683, nelems=0, elem type=char[])
OBJ 50000ec3 (sz=24, trace=307676, class=java.lang.String@5000008d)
ARR 50000ec4 (sz=104, trace=307677, nelems=0, elem type=char[])
OBJ 50000ec5 (sz=48, trace=300147, class=java.nio.HeapCharBuffer@50000102)
OBJ 50000ec6 (sz=16, trace=307667, class=java.lang.StringBuffer@50000088)
ARR 50000ec7 (sz=48, trace=307668, nelems=0, elem type=char[])
ARR 50000ec8 (sz=80, trace=307683, nelems=0, elem type=char[])
OBJ 50000ec9 (sz=24, trace=307676, class=java.lang.String@5000008d)
ARR 50000eca (sz=48, trace=307677, nelems=0, elem type=char[])
OBJ 50000ecb (sz=16, trace=307667, class=java.lang.StringBuffer@50000088)
ARR 50000ecc (sz=48, trace=307668, nelems=0, elem type=char[])
ARR 50000ecd (sz=80, trace=307683, nelems=0, elem type=char[])
ARR 50000ece (sz=152, trace=307683, nelems=0, elem type=char[])
OBJ 50000ecf (sz=24, trace=307676, class=java.lang.String@5000008d)
ARR 50000ed0 (sz=144, trace=307677, nelems=0, elem type=char[])
OBJ 50000ed1 (sz=48, trace=300147, class=java.nio.HeapCharBuffer@50000102)
OBJ 50000ed2 (sz=16, trace=307667, class=java.lang.StringBuffer@50000088)
ARR 50000ed3 (sz=48, trace=307668, nelems=0, elem type=char[])
OBJ 50000ed4 (sz=24, trace=307676, class=java.lang.String@5000008d)
ARR 50000ed5 (sz=40, trace=307677, nelems=0, elem type=char[])
OBJ 50000ed6 (sz=16, trace=307667, class=java.lang.StringBuffer@50000088)
ARR 50000ed7 (sz=48, trace=307668, nelems=0, elem type=char[])
OBJ 50000ed8 (sz=24, trace=307676, class=java.lang.String@5000008d)
ARR 50000ed9 (sz=16, trace=307677, nelems=0, elem type=char[])
OBJ 50000eda (sz=48, trace=300147, class=java.nio.HeapCharBuffer@50000102)
OBJ 50000edb (sz=16, trace=307667, class=java.lang.StringBuffer@50000088)
ARR 50000edc (sz=48, trace=307668, nelems=0, elem type=char[])
OBJ 50000edd (sz=24, trace=307676, class=java.lang.String@5000008d)
ARR 50000ede (sz=40, trace=307677, nelems=0, elem type=char[])
OBJ 50000ee0 (sz=16, trace=303320, class=junit.framework.TestSuite@50000edf)
OBJ 50000ee1 (sz=24, trace=300464, class=java.util.Vector@50000077)
ARR 50000ee2 (sz=56, trace=303326, nelems=0, elem type=java.lang.Object[]@50000013)
OBJ 50000ee3 (sz=16, trace=307667, class=java.lang.StringBuffer@50000088)
OBJ 50000ee4 (sz=32, trace=303337, class=java.lang.ref.SoftReference@500000ad)
OBJ 50000ee5 (sz=56, trace=306255, class=com.sun.org.apache.xerces.internal.dom.ElementImpl@50000e3e)
OBJ 50000ee6 (sz=32, trace=306284, class=com.sun.org.apache.xerces.internal.dom.AttrImpl@50000e41)
OBJ 50000ee7 (sz=24, trace=306387, class=com.sun.org.apache.xerces.internal.dom.AttributeMap@50000e45)
OBJ 50000ee8 (sz=24, trace=306321, class=java.util.Vector@50000077)
ARR 50000ee9 (sz=32, trace=306388, nelems=0, elem type=java.lang.Object[]@50000013)
OBJ 50000eea (sz=32, trace=306284, class=com.sun.org.apache.xerces.internal.dom.AttrImpl@50000e41)
OBJ 50000eeb (sz=56, trace=306255, class=com.sun.org.apache.xerces.internal.dom.ElementImpl@50000e3e)
OBJ 50000eec (sz=32, trace=306284, class=com.sun.org.apache.xerces.internal.dom.AttrImpl@50000e41)
OBJ 50000eed (sz=24, trace=306387, class=com.sun.org.apache.xerces.internal.dom.AttributeMap@50000e45)
OBJ 50000eee (sz=24, trace=306321, class=java.util.Vector@50000077)
ARR 50000eef (sz=32, trace=306388, nelems=0, elem type=java.lang.Object[]@50000013)
OBJ 50000ef0 (sz=32, trace=306284, class=com.sun.org.apache.xerces.internal.dom.AttrImpl@50000e41)
OBJ 50000ef1 (sz=56, trace=306255, class=com.sun.org.apache.xerces.internal.dom.ElementImpl@50000e3e)
OBJ 50000ef2 (sz=32, trace=306284, class=com.sun.org.apache.xerces.internal.dom.AttrImpl@50000e41)
OBJ 50000ef3 (sz=24, trace=306387, class=com.sun.org.apache.xerces.internal.dom.AttributeMap@50000e45)
OBJ 50000ef4 (sz=24, trace=306321, class=java.util.Vector@50000077)
OBJ 50000ef5 (sz=32, trace=303400, class=java.lang.ref.SoftReference@500000ad)
ARR 50000ef7 (sz=32, trace=306388, nelems=0, elem type=java.lang.Object[]@50000013)
OBJ 50000ef8 (sz=32, trace=303400, class=java.lang.ref.SoftReference@500000ad)
OBJ 50000ef9 (sz=32, trace=306284, class=com.sun.org.apache.xerces.internal.dom.AttrImpl@50000e41)
OBJ 50000efa (sz=56, trace=306255, class=com.sun.org.apache.xerces.internal.dom.ElementImpl@50000e3e)
OBJ 50000efb (sz=32, trace=306284, class=com.sun.org.apache.xerces.internal.dom.AttrImpl@50000e41)
OBJ 50000efc (sz=24, trace=306387, class=com.sun.org.apache.xerces.internal.dom.AttributeMap@50000e45)
OBJ 50000efd (sz=24, trace=306321, class=java.util.Vector@50000077)
ARR 50000efe (sz=32, trace=306388, nelems=0, elem type=java.lang.Object[]@50000013)
OBJ 50000eff (sz=32, trace=306284, class=com.sun.org.apache.xerces.internal.dom.AttrImpl@50000e41)
OBJ 50000f00 (sz=56, trace=306255, class=com.sun.org.apache.xerces.internal.dom.ElementImpl@50000e3e)
OBJ 50000f01 (sz=32, trace=306284, class=com.sun.org.apache.xerces.internal.dom.AttrImpl@50000e41)
OBJ 50000f02 (sz=24, trace=306387, class=com.sun.org.apache.xerces.internal.dom.AttributeMap@50000e45)
OBJ 50000f03 (sz=24, trace=306321, class=java.util.Vector@50000077)
ARR 50000f04 (sz=32, trace=306388, nelems=0, elem type=java.lang.Object[]@50000013)
OBJ 50000f05 (sz=32, trace=306284, class=com.sun.org.apache.xerces.internal.dom.AttrImpl@50000e41)
OBJ 50000f06 (sz=56, trace=306255, class=com.sun.org.apache.xerces.internal.dom.ElementImpl@50000e3e)
OBJ 50000f07 (sz=32, trace=306284, class=com.sun.org.apache.xerces.internal.dom.AttrImpl@50000e41)
OBJ 50000f08 (sz=24, trace=303455, class=java.lang.String@5000008d)
ARR 50000f09 (sz=144, trace=303456, nelems=0, elem type=char[])
OBJ 50000f0a (sz=24, trace=306387, class=com.sun.org.apache.xerces.internal.dom.AttributeMap@50000e45)
OBJ 50000f0b (sz=24, trace=306321, class=java.util.Vector@50000077)
ARR 50000f0c (sz=32, trace=306388, nelems=0, elem type=java.lang.Object[]@50000013)
OBJ 50000f0d (sz=32, trace=306284, class=com.sun.org.apache.xerces.internal.dom.AttrImpl@50000e41)
OBJ 50000f0e (sz=56, trace=306255, class=com.sun.org.apache.xerces.internal.dom.ElementImpl@50000e3e)
OBJ 50000f0f (sz=32, trace=306284, class=com.sun.org.apache.xerces.internal.dom.AttrImpl@50000e41)
OBJ 50000f10 (sz=24, trace=306387, class=com.sun.org.apache.xerces.internal.dom.AttributeMap@50000e45)
OBJ 50000f11 (sz=24, trace=306321, class=java.util.Vector@50000077)
ARR 50000f12 (sz=32, trace=306388, nelems=0, elem type=java.lang.Object[]@50000013)
OBJ 50000f13 (sz=32, trace=306284, class=com.sun.org.apache.xerces.internal.dom.AttrImpl@50000e41)
OBJ 50000f14 (sz=56, trace=306255, class=com.sun.org.apache.xerces.internal.dom.ElementImpl@50000e3e)
OBJ 50000f15 (sz=32, trace=306284, class=com.sun.org.apache.xerces.internal.dom.AttrImpl@50000e41)
OBJ 50000f16 (sz=24, trace=306387, class=com.sun.org.apache.xerces.internal.dom.AttributeMap@50000e45)
OBJ 50000f17 (sz=24, trace=306321, class=java.util.Vector@50000077)
ARR 50000f18 (sz=32, trace=306388, nelems=0, elem type=java.lang.Object[]@50000013)
OBJ 50000f19 (sz=32, trace=306284, class=com.sun.org.apache.xerces.internal.dom.AttrImpl@50000e41)
OBJ 50000f1a (sz=56, trace=306255, class=com.sun.org.apache.xerces.internal.dom.ElementImpl@50000e3e)
OBJ 50000f1b (sz=32, trace=306284, class=com.sun.org.apache.xerces.internal.dom.AttrImpl@50000e41)
OBJ 50000f1c (sz=24, trace=306387, class=com.sun.org.apache.xerces.internal.dom.AttributeMap@50000e45)
OBJ 50000f1d (sz=24, trace=306321, class=java.util.Vector@50000077)
ARR 50000f1e (sz=32, trace=306388, nelems=0, elem type=java.lang.Object[]@50000013)
OBJ 50000f1f (sz=32, trace=306284, class=com.sun.org.apache.xerces.internal.dom.AttrImpl@50000e41)
OBJ 50000f20 (sz=56, trace=306255, class=com.sun.org.apache.xerces.internal.dom.ElementImpl@50000e3e)
OBJ 50000f21 (sz=32, trace=306284, class=com.sun.org.apache.xerces.internal.dom.AttrImpl@50000e41)
OBJ 50000f22 (sz=24, trace=306387, class=com.sun.org.apache.xerces.internal.dom.AttributeMap@50000e45)
OBJ 50000f23 (sz=24, trace=306321, class=java.util.Vector@50000077)
ARR 50000f24 (sz=32, trace=306388, nelems=0, elem type=java.lang.Object[]@50000013)
OBJ 50000f25 (sz=32, trace=306284, class=com.sun.org.apache.xerces.internal.dom.AttrImpl@50000e41)
OBJ 50000f26 (sz=56, trace=306255, class=com.sun.org.apache.xerces.internal.dom.ElementImpl@50000e3e)
OBJ 50000f27 (sz=32, trace=306284, class=com.sun.org.apache.xerces.internal.dom.AttrImpl@50000e41)
OBJ 50000f28 (sz=24, trace=306387, class=com.sun.org.apache.xerces.internal.dom.AttributeMap@50000e45)
OBJ 50000f29 (sz=24, trace=306321, class=java.util.Vector@50000077)
ARR 50000f2a (sz=32, trace=306388, nelems=0, elem type=java.lang.Object[]@50000013)
OBJ 50000f2b (sz=32, trace=306284, class=com.sun.org.apache.xerces.internal.dom.AttrImpl@50000e41)
OBJ 50000f2c (sz=56, trace=306255, class=com.sun.org.apache.xerces.internal.dom.ElementImpl@50000e3e)
OBJ 50000f2d (sz=32, trace=306284, class=com.sun.org.apache.xerces.internal.dom.AttrImpl@50000e41)
OBJ 50000f2e (sz=24, trace=306387, class=com.sun.org.apache.xerces.internal.dom.AttributeMap@50000e45)
OBJ 50000f2f (sz=24, trace=306321, class=java.util.Vector@50000077)
ARR 50000f30 (sz=32, trace=306388, nelems=0, elem type=java.lang.Object[]@50000013)
OBJ 50000f31 (sz=32, trace=306284, class=com.sun.org.apache.xerces.internal.dom.AttrImpl@50000e41)
OBJ 50000f32 (sz=56, trace=306255, class=com.sun.org.apache.xerces.internal.dom.ElementImpl@50000e3e)
OBJ 50000f33 (sz=32, trace=306284, class=com.sun.org.apache.xerces.internal.dom.AttrImpl@50000e41)
OBJ 50000f34 (sz=24, trace=306387, class=com.sun.org.apache.xerces.internal.dom.AttributeMap@50000e45)
OBJ 50000f35 (sz=24, trace=306321, class=java.util.Vector@50000077)
ARR 50000f36 (sz=32, trace=306388, nelems=0, elem type=java.lang.Object[]@50000013)
OBJ 50000f37 (sz=32, trace=306284, class=com.sun.org.apache.xerces.internal.dom.AttrImpl@50000e41)
OBJ 50000f38 (sz=56, trace=306255, class=com.sun.org.apache.xerces.internal.dom.ElementImpl@50000e3e)
OBJ 50000f39 (sz=32, trace=306284, class=com.sun.org.apache.xerces.internal.dom.AttrImpl@50000e41)
OBJ 50000f3a (sz=24, trace=306387, class=com.sun.org.apache.xerces.internal.dom.AttributeMap@50000e45)
OBJ 50000f3b (sz=24, trace=306321, class=java.util.Vector@50000077)
ARR 50000f3c (sz=32, trace=306388, nelems=0, elem type=java.lang.Object[]@50000013)
OBJ 50000f3d (sz=32, trace=306284, class=com.sun.org.apache.xerces.internal.dom.AttrImpl@50000e41)
OBJ 50000f3e (sz=56, trace=306255, class=com.sun.org.apache.xerces.internal.dom.ElementImpl@50000e3e)
OBJ 50000f3f (sz=32, trace=306284, class=com.sun.org.apache.xerces.internal.dom.AttrImpl@50000e41)
OBJ 50000f40 (sz=24, trace=306387, class=com.sun.org.apache.xerces.internal.dom.AttributeMap@50000e45)
OBJ 50000f41 (sz=24, trace=306321, class=java.util.Vector@50000077)
ARR 50000f42 (sz=32, trace=306388, nelems=0, elem type=java.lang.Object[]@50000013)
OBJ 50000f43 (sz=32, trace=306284, class=com.sun.org.apache.xerces.internal.dom.AttrImpl@50000e41)
OBJ 50000f44 (sz=56, trace=306255, class=com.sun.org.apache.xerces.internal.dom.ElementImpl@50000e3e)
OBJ 50000f45 (sz=32, trace=306284, class=com.sun.org.apache.xerces.internal.dom.AttrImpl@50000e41)
OBJ 50000f46 (sz=24, trace=306387, class=com.sun.org.apache.xerces.internal.dom.AttributeMap@50000e45)
OBJ 50000f47 (sz=24, trace=306321, class=java.util.Vector@50000077)
ARR 50000f48 (sz=32, trace=306388, nelems=0, elem type=java.lang.Object[]@50000013)
OBJ 50000f49 (sz=32, trace=306284, class=com.sun.org.apache.xerces.internal.dom.AttrImpl@50000e41)
OBJ 50000f4a (sz=56, trace=306255, class=com.sun.org.apache.xerces.internal.dom.ElementImpl@50000e3e)
OBJ 50000f4b (sz=32, trace=306284, class=com.sun.org.apache.xerces.internal.dom.AttrImpl@50000e41)
OBJ 50000f4c (sz=24, trace=306387, class=com.sun.org.apache.xerces.internal.dom.AttributeMap@50000e45)
OBJ 50000f4d (sz=24, trace=306321, class=java.util.Vector@50000077)
ARR 50000f4e (sz=32, trace=306388, nelems=0, elem type=java.lang.Object[]@50000013)
OBJ 50000f4f (sz=32, trace=306284, class=com.sun.org.apache.xerces.internal.dom.AttrImpl@50000e41)
OBJ 50000f50 (sz=56, trace=306255, class=com.sun.org.apache.xerces.internal.dom.ElementImpl@50000e3e)
ARR 50000f51 (sz=48, trace=307668, nelems=0, elem type=char[])
OBJ 50000f52 (sz=32, trace=306284, class=com.sun.org.apache.xerces.internal.dom.AttrImpl@50000e41)
OBJ 50000f53 (sz=24, trace=306387, class=com.sun.org.apache.xerces.internal.dom.AttributeMap@50000e45)
OBJ 50000f54 (sz=24, trace=306321, class=java.util.Vector@50000077)
ARR 50000f55 (sz=32, trace=306388, nelems=0, elem type=java.lang.Object[]@50000013)
OBJ 50000f56 (sz=32, trace=306284, class=com.sun.org.apache.xerces.internal.dom.AttrImpl@50000e41)
OBJ 50000f57 (sz=56, trace=306255, class=com.sun.org.apache.xerces.internal.dom.ElementImpl@50000e3e)
OBJ 50000f58 (sz=32, trace=306284, class=com.sun.org.apache.xerces.internal.dom.AttrImpl@50000e41)
OBJ 50000f5a (sz=16, trace=303462, class=junit.framework.TestSuite$1@50000f59)
OBJ 50000f5b (sz=24, trace=306387, class=com.sun.org.apache.xerces.internal.dom.AttributeMap@50000e45)
OBJ 50000f5c (sz=24, trace=306321, class=java.util.Vector@50000077)
ARR 50000f5d (sz=32, trace=306388, nelems=0, elem type=java.lang.Object[]@50000013)
OBJ 50000f5e (sz=32, trace=306284, class=com.sun.org.apache.xerces.internal.dom.AttrImpl@50000e41)
OBJ 50000f5f (sz=56, trace=306255, class=com.sun.org.apache.xerces.internal.dom.ElementImpl@50000e3e)
OBJ 50000f60 (sz=32, trace=306284, class=com.sun.org.apache.xerces.internal.dom.AttrImpl@50000e41)
OBJ 50000f61 (sz=24, trace=306387, class=com.sun.org.apache.xerces.internal.dom.AttributeMap@50000e45)
OBJ 50000f62 (sz=24, trace=306321, class=java.util.Vector@50000077)
ARR 50000f63 (sz=32, trace=306388, nelems=0, elem type=java.lang.Object[]@50000013)
OBJ 50000f64 (sz=32, trace=306284, class=com.sun.org.apache.xerces.internal.dom.AttrImpl@50000e41)
OBJ 50000f65 (sz=56, trace=306255, class=com.sun.org.apache.xerces.internal.dom.ElementImpl@50000e3e)
OBJ 50000f66 (sz=32, trace=306284, class=com.sun.org.apache.xerces.internal.dom.AttrImpl@50000e41)
OBJ 50000f67 (sz=24, trace=306387, class=com.sun.org.apache.xerces.internal.dom.AttributeMap@50000e45)
OBJ 50000f68 (sz=24, trace=306321, class=java.util.Vector@50000077)
ARR 50000f69 (sz=32, trace=306388, nelems=0, elem type=java.lang.Object[]@50000013)
OBJ 50000f6a (sz=32, trace=306284, class=com.sun.org.apache.xerces.internal.dom.AttrImpl@50000e41)
OBJ 50000f6b (sz=56, trace=306255, class=com.sun.org.apache.xerces.internal.dom.ElementImpl@50000e3e)
OBJ 50000f6c (sz=32, trace=306284, class=com.sun.org.apache.xerces.internal.dom.AttrImpl@50000e41)
OBJ 50000f6d (sz=24, trace=306387, class=com.sun.org.apache.xerces.internal.dom.AttributeMap@50000e45)
OBJ 50000f6e (sz=24, trace=306321, class=java.util.Vector@50000077)
ARR 50000f6f (sz=32, trace=306388, nelems=0, elem type=java.lang.Object[]@50000013)
OBJ 50000f70 (sz=32, trace=306284, class=com.sun.org.apache.xerces.internal.dom.AttrImpl@50000e41)
OBJ 50000f71 (sz=56, trace=306255, class=com.sun.org.apache.xerces.internal.dom.ElementImpl@50000e3e)
OBJ 50000f72 (sz=32, trace=306284, class=com.sun.org.apache.xerces.internal.dom.AttrImpl@50000e41)
OBJ 50000f73 (sz=24, trace=306387, class=com.sun.org.apache.xerces.internal.dom.AttributeMap@50000e45)
OBJ 50000f74 (sz=24, trace=306321, class=java.util.Vector@50000077)
ARR 50000f75 (sz=32, trace=306388, nelems=0, elem type=java.lang.Object[]@50000013)
OBJ 50000f76 (sz=32, trace=306284, class=com.sun.org.apache.xerces.internal.dom.AttrImpl@50000e41)
OBJ 50000f77 (sz=56, trace=306255, class=com.sun.org.apache.xerces.internal.dom.ElementImpl@50000e3e)
OBJ 50000f78 (sz=32, trace=306284, class=com.sun.org.apache.xerces.internal.dom.AttrImpl@50000e41)
OBJ 50000f79 (sz=24, trace=306387, class=com.sun.org.apache.xerces.internal.dom.AttributeMap@50000e45)
OBJ 50000f7a (sz=24, trace=306321, class=java.util.Vector@50000077)
ARR 50000f7b (sz=32, trace=306388, nelems=0, elem type=java.lang.Object[]@50000013)
OBJ 50000f7c (sz=32, trace=306284, class=com.sun.org.apache.xerces.internal.dom.AttrImpl@50000e41)
OBJ 50000f7d (sz=56, trace=306255, class=com.sun.org.apache.xerces.internal.dom.ElementImpl@50000e3e)
OBJ 50000f7e (sz=32, trace=306284, class=com.sun.org.apache.xerces.internal.dom.AttrImpl@50000e41)
OBJ 50000f7f (sz=24, trace=306387, class=com.sun.org.apache.xerces.internal.dom.AttributeMap@50000e45)
OBJ 50000f80 (sz=24, trace=306321, class=java.util.Vector@50000077)
ARR 50000f81 (sz=32, trace=306388, nelems=0, elem type=java.lang.Object[]@50000013)
OBJ 50000f82 (sz=32, trace=306284, class=com.sun.org.apache.xerces.internal.dom.AttrImpl@50000e41)
OBJ 50000f83 (sz=56, trace=306255, class=com.sun.org.apache.xerces.internal.dom.ElementImpl@50000e3e)
OBJ 50000f84 (sz=32, trace=306284, class=com.sun.org.apache.xerces.internal.dom.AttrImpl@50000e41)
OBJ 50000f85 (sz=24, trace=306387, class=com.sun.org.apache.xerces.internal.dom.AttributeMap@50000e45)
OBJ 50000f86 (sz=24, trace=306321, class=java.util.Vector@50000077)
ARR 50000f87 (sz=32, trace=306388, nelems=0, elem type=java.lang.Object[]@50000013)
OBJ 50000f88 (sz=32, trace=306284, class=com.sun.org.apache.xerces.internal.dom.AttrImpl@50000e41)
OBJ 50000f89 (sz=56, trace=306255, class=com.sun.org.apache.xerces.internal.dom.ElementImpl@50000e3e)
OBJ 50000f8a (sz=32, trace=306284, class=com.sun.org.apache.xerces.internal.dom.AttrImpl@50000e41)
OBJ 50000f8b (sz=24, trace=306387, class=com.sun.org.apache.xerces.internal.dom.AttributeMap@50000e45)
OBJ 50000f8c (sz=24, trace=306321, class=java.util.Vector@50000077)
ARR 50000f8d (sz=32, trace=306388, nelems=0, elem type=java.lang.Object[]@50000013)
OBJ 50000f8e (sz=32, trace=306284, class=com.sun.org.apache.xerces.internal.dom.AttrImpl@50000e41)
OBJ 50000f8f (sz=56, trace=306255, class=com.sun.org.apache.xerces.internal.dom.ElementImpl@50000e3e)
OBJ 50000f90 (sz=32, trace=306284, class=com.sun.org.apache.xerces.internal.dom.AttrImpl@50000e41)
OBJ 50000f91 (sz=24, trace=306387, class=com.sun.org.apache.xerces.internal.dom.AttributeMap@50000e45)
OBJ 50000f92 (sz=24, trace=306321, class=java.util.Vector@50000077)
ARR 50000f93 (sz=32, trace=306388, nelems=0, elem type=java.lang.Object[]@50000013)
OBJ 50000f94 (sz=32, trace=306284, class=com.sun.org.apache.xerces.internal.dom.AttrImpl@50000e41)
OBJ 50000f95 (sz=56, trace=306255, class=com.sun.org.apache.xerces.internal.dom.ElementImpl@50000e3e)
OBJ 50000f96 (sz=32, trace=306284, class=com.sun.org.apache.xerces.internal.dom.AttrImpl@50000e41)
OBJ 50000f97 (sz=24, trace=306387, class=com.sun.org.apache.xerces.internal.dom.AttributeMap@50000e45)
OBJ 50000f98 (sz=24, trace=306321, class=java.util.Vector@50000077)
ARR 50000f99 (sz=32, trace=306388, nelems=0, elem type=java.lang.Object[]@50000013)
OBJ 50000f9a (sz=32, trace=306284, class=com.sun.org.apache.xerces.internal.dom.AttrImpl@50000e41)
OBJ 50000f9b (sz=56, trace=306255, class=com.sun.org.apache.xerces.internal.dom.ElementImpl@50000e3e)
OBJ 50000f9c (sz=32, trace=306284, class=com.sun.org.apache.xerces.internal.dom.AttrImpl@50000e41)
OBJ 50000f9d (sz=24, trace=306387, class=com.sun.org.apache.xerces.internal.dom.AttributeMap@50000e45)
OBJ 50000f9e (sz=24, trace=306321, class=java.util.Vector@50000077)
ARR 50000f9f (sz=32, trace=306388, nelems=0, elem type=java.lang.Object[]@50000013)
OBJ 50000fa0 (sz=32, trace=306284, class=com.sun.org.apache.xerces.internal.dom.AttrImpl@50000e41)
OBJ 50000fa1 (sz=56, trace=306255, class=com.sun.org.apache.xerces.internal.dom.ElementImpl@50000e3e)
OBJ 50000fa2 (sz=32, trace=306284, class=com.sun.org.apache.xerces.internal.dom.AttrImpl@50000e41)
OBJ 50000fa3 (sz=24, trace=306387, class=com.sun.org.apache.xerces.internal.dom.AttributeMap@50000e45)
OBJ 50000fa4 (sz=24, trace=306321, class=java.util.Vector@50000077)
ARR 50000fa5 (sz=32, trace=306388, nelems=0, elem type=java.lang.Object[]@50000013)
OBJ 50000fa6 (sz=32, trace=306284, class=com.sun.org.apache.xerces.internal.dom.AttrImpl@50000e41)
OBJ 50000fa7 (sz=56, trace=306255, class=com.sun.org.apache.xerces.internal.dom.ElementImpl@50000e3e)
OBJ 50000fa8 (sz=32, trace=306284, class=com.sun.org.apache.xerces.internal.dom.AttrImpl@50000e41)
OBJ 50000fa9 (sz=24, trace=306387, class=com.sun.org.apache.xerces.internal.dom.AttributeMap@50000e45)
OBJ 50000faa (sz=24, trace=306321, class=java.util.Vector@50000077)
ARR 50000fab (sz=32, trace=306388, nelems=0, elem type=java.lang.Object[]@50000013)
OBJ 50000fac (sz=32, trace=306284, class=com.sun.org.apache.xerces.internal.dom.AttrImpl@50000e41)
OBJ 50000fad (sz=56, trace=306255, class=com.sun.org.apache.xerces.internal.dom.ElementImpl@50000e3e)
OBJ 50000fae (sz=32, trace=306284, class=com.sun.org.apache.xerces.internal.dom.AttrImpl@50000e41)
OBJ 50000faf (sz=24, trace=306387, class=com.sun.org.apache.xerces.internal.dom.AttributeMap@50000e45)
OBJ 50000fb0 (sz=24, trace=306321, class=java.util.Vector@50000077)
ARR 50000fb1 (sz=32, trace=306388, nelems=0, elem type=java.lang.Object[]@50000013)
OBJ 50000fb2 (sz=32, trace=306284, class=com.sun.org.apache.xerces.internal.dom.AttrImpl@50000e41)
OBJ 50000fb3 (sz=56, trace=306255, class=com.sun.org.apache.xerces.internal.dom.ElementImpl@50000e3e)
OBJ 50000fb4 (sz=32, trace=306284, class=com.sun.org.apache.xerces.internal.dom.AttrImpl@50000e41)
OBJ 50000fb5 (sz=24, trace=306387, class=com.sun.org.apache.xerces.internal.dom.AttributeMap@50000e45)
OBJ 50000fb6 (sz=24, trace=306321, class=java.util.Vector@50000077)
ARR 50000fb7 (sz=32, trace=306388, nelems=0, elem type=java.lang.Object[]@50000013)
OBJ 50000fb8 (sz=32, trace=306284, class=com.sun.org.apache.xerces.internal.dom.AttrImpl@50000e41)
OBJ 50000fb9 (sz=56, trace=306255, class=com.sun.org.apache.xerces.internal.dom.ElementImpl@50000e3e)
OBJ 50000fba (sz=32, trace=306284, class=com.sun.org.apache.xerces.internal.dom.AttrImpl@50000e41)
OBJ 50000fbb (sz=24, trace=306387, class=com.sun.org.apache.xerces.internal.dom.AttributeMap@50000e45)
OBJ 50000fbc (sz=24, trace=306321, class=java.util.Vector@50000077)
ARR 50000fbd (sz=32, trace=306388, nelems=0, elem type=java.lang.Object[]@50000013)
OBJ 50000fbe (sz=32, trace=306284, class=com.sun.org.apache.xerces.internal.dom.AttrImpl@50000e41)
OBJ 50000fbf (sz=56, trace=306255, class=com.sun.org.apache.xerces.internal.dom.ElementImpl@50000e3e)
OBJ 50000fc0 (sz=32, trace=306284, class=com.sun.org.apache.xerces.internal.dom.AttrImpl@50000e41)
OBJ 50000fc1 (sz=24, trace=306387, class=com.sun.org.apache.xerces.internal.dom.AttributeMap@50000e45)
OBJ 50000fc2 (sz=24, trace=306321, class=java.util.Vector@50000077)
ARR 50000fc3 (sz=32, trace=306388, nelems=0, elem type=java.lang.Object[]@50000013)
OBJ 50000fc4 (sz=32, trace=306284, class=com.sun.org.apache.xerces.internal.dom.AttrImpl@50000e41)
OBJ 50000fc5 (sz=56, trace=306255, class=com.sun.org.apache.xerces.internal.dom.ElementImpl@50000e3e)
OBJ 50000fc6 (sz=32, trace=306284, class=com.sun.org.apache.xerces.internal.dom.AttrImpl@50000e41)
OBJ 50000fc7 (sz=24, trace=306387, class=com.sun.org.apache.xerces.internal.dom.AttributeMap@50000e45)
OBJ 50000fc8 (sz=24, trace=306321, class=java.util.Vector@50000077)
ARR 50000fc9 (sz=32, trace=306388, nelems=0, elem type=java.lang.Object[]@50000013)
OBJ 50000fca (sz=32, trace=306284, class=com.sun.org.apache.xerces.internal.dom.AttrImpl@50000e41)
OBJ 50000fcb (sz=56, trace=306255, class=com.sun.org.apache.xerces.internal.dom.ElementImpl@50000e3e)
OBJ 50000fcc (sz=32, trace=306284, class=com.sun.org.apache.xerces.internal.dom.AttrImpl@50000e41)
OBJ 50000fcd (sz=24, trace=306387, class=com.sun.org.apache.xerces.internal.dom.AttributeMap@50000e45)
OBJ 50000fce (sz=24, trace=306321, class=java.util.Vector@50000077)
ARR 50000fcf (sz=32, trace=306388, nelems=0, elem type=java.lang.Object[]@50000013)
OBJ 50000fd0 (sz=32, trace=306284, class=com.sun.org.apache.xerces.internal.dom.AttrImpl@50000e41)
OBJ 50000fd1 (sz=56, trace=306255, class=com.sun.org.apache.xerces.internal.dom.ElementImpl@50000e3e)
OBJ 50000fd2 (sz=32, trace=306284, class=com.sun.org.apache.xerces.internal.dom.AttrImpl@50000e41)
OBJ 50000fd3 (sz=24, trace=306387, class=com.sun.org.apache.xerces.internal.dom.AttributeMap@50000e45)
OBJ 50000fd4 (sz=24, trace=306321, class=java.util.Vector@50000077)
ARR 50000fd5 (sz=32, trace=306388, nelems=0, elem type=java.lang.Object[]@50000013)
OBJ 50000fd6 (sz=32, trace=306284, class=com.sun.org.apache.xerces.internal.dom.AttrImpl@50000e41)
OBJ 50000fd7 (sz=56, trace=306255, class=com.sun.org.apache.xerces.internal.dom.ElementImpl@50000e3e)
OBJ 50000fd8 (sz=32, trace=306284, class=com.sun.org.apache.xerces.internal.dom.AttrImpl@50000e41)
OBJ 50000fd9 (sz=24, trace=306387, class=com.sun.org.apache.xerces.internal.dom.AttributeMap@50000e45)
OBJ 50000fda (sz=24, trace=306321, class=java.util.Vector@50000077)
ARR 50000fdb (sz=32, trace=306388, nelems=0, elem type=java.lang.Object[]@50000013)
OBJ 50000fdc (sz=32, trace=306284, class=com.sun.org.apache.xerces.internal.dom.AttrImpl@50000e41)
OBJ 50000fdd (sz=56, trace=306255, class=com.sun.org.apache.xerces.internal.dom.ElementImpl@50000e3e)
OBJ 50000fde (sz=32, trace=306284, class=com.sun.org.apache.xerces.internal.dom.AttrImpl@50000e41)
OBJ 50000fdf (sz=24, trace=306387, class=com.sun.org.apache.xerces.internal.dom.AttributeMap@50000e45)
OBJ 50000fe0 (sz=24, trace=306321, class=java.util.Vector@50000077)
ARR 50000fe1 (sz=32, trace=306388, nelems=0, elem type=java.lang.Object[]@50000013)
OBJ 50000fe2 (sz=32, trace=306284, class=com.sun.org.apache.xerces.internal.dom.AttrImpl@50000e41)
OBJ 50000fe3 (sz=56, trace=306255, class=com.sun.org.apache.xerces.internal.dom.ElementImpl@50000e3e)
OBJ 50000fe4 (sz=32, trace=306284, class=com.sun.org.apache.xerces.internal.dom.AttrImpl@50000e41)
OBJ 50000fe5 (sz=24, trace=306387, class=com.sun.org.apache.xerces.internal.dom.AttributeMap@50000e45)
OBJ 50000fe6 (sz=24, trace=306321, class=java.util.Vector@50000077)
ARR 50000fe7 (sz=32, trace=306388, nelems=0, elem type=java.lang.Object[]@50000013)
OBJ 50000fe8 (sz=32, trace=306284, class=com.sun.org.apache.xerces.internal.dom.AttrImpl@50000e41)
OBJ 50000fe9 (sz=56, trace=306255, class=com.sun.org.apache.xerces.internal.dom.ElementImpl@50000e3e)
OBJ 50000fea (sz=32, trace=306284, class=com.sun.org.apache.xerces.internal.dom.AttrImpl@50000e41)
OBJ 50000feb (sz=24, trace=306387, class=com.sun.org.apache.xerces.internal.dom.AttributeMap@50000e45)
OBJ 50000fec (sz=24, trace=306321, class=java.util.Vector@50000077)
ARR 50000fed (sz=32, trace=306388, nelems=0, elem type=java.lang.Object[]@50000013)
OBJ 50000fee (sz=32, trace=306284, class=com.sun.org.apache.xerces.internal.dom.AttrImpl@50000e41)
OBJ 50000fef (sz=56, trace=306255, class=com.sun.org.apache.xerces.internal.dom.ElementImpl@50000e3e)
OBJ 50000ff0 (sz=32, trace=306284, class=com.sun.org.apache.xerces.internal.dom.AttrImpl@50000e41)
OBJ 50000ff1 (sz=24, trace=306387, class=com.sun.org.apache.xerces.internal.dom.AttributeMap@50000e45)
OBJ 50000ff2 (sz=24, trace=306321, class=java.util.Vector@50000077)
ARR 50000ff3 (sz=32, trace=306388, nelems=0, elem type=java.lang.Object[]@50000013)
OBJ 50000ff4 (sz=32, trace=306284, class=com.sun.org.apache.xerces.internal.dom.AttrImpl@50000e41)
OBJ 50000ff5 (sz=56, trace=306255, class=com.sun.org.apache.xerces.internal.dom.ElementImpl@50000e3e)
OBJ 50000ff6 (sz=32, trace=306284, class=com.sun.org.apache.xerces.internal.dom.AttrImpl@50000e41)
OBJ 50000ff7 (sz=24, trace=306387, class=com.sun.org.apache.xerces.internal.dom.AttributeMap@50000e45)
OBJ 50000ff8 (sz=24, trace=306321, class=java.util.Vector@50000077)
ARR 50000ff9 (sz=32, trace=306388, nelems=0, elem type=java.lang.Object[]@50000013)
OBJ 50000ffa (sz=32, trace=306284, class=com.sun.org.apache.xerces.internal.dom.AttrImpl@50000e41)
OBJ 50000ffb (sz=56, trace=306255, class=com.sun.org.apache.xerces.internal.dom.ElementImpl@50000e3e)
OBJ 50000ffc (sz=32, trace=306284, class=com.sun.org.apache.xerces.internal.dom.AttrImpl@50000e41)
OBJ 50000ffd (sz=24, trace=306387, class=com.sun.org.apache.xerces.internal.dom.AttributeMap@50000e45)
OBJ 50000ffe (sz=24, trace=306321, class=java.util.Vector@50000077)
ARR 50000fff (sz=32, trace=306388, nelems=0, elem type=java.lang.Object[]@50000013)
OBJ 50001000 (sz=32, trace=306284, class=com.sun.org.apache.xerces.internal.dom.AttrImpl@50000e41)
OBJ 50001001 (sz=56, trace=306255, class=com.sun.org.apache.xerces.internal.dom.ElementImpl@50000e3e)
OBJ 50001002 (sz=32, trace=306284, class=com.sun.org.apache.xerces.internal.dom.AttrImpl@50000e41)
OBJ 50001003 (sz=24, trace=306387, class=com.sun.org.apache.xerces.internal.dom.AttributeMap@50000e45)
OBJ 50001004 (sz=24, trace=306321, class=java.util.Vector@50000077)
ARR 50001005 (sz=32, trace=306388, nelems=0, elem type=java.lang.Object[]@50000013)
OBJ 50001006 (sz=32, trace=306284, class=com.sun.org.apache.xerces.internal.dom.AttrImpl@50000e41)
OBJ 50001007 (sz=56, trace=306255, class=com.sun.org.apache.xerces.internal.dom.ElementImpl@50000e3e)
OBJ 50001008 (sz=32, trace=306284, class=com.sun.org.apache.xerces.internal.dom.AttrImpl@50000e41)
OBJ 50001009 (sz=24, trace=306387, class=com.sun.org.apache.xerces.internal.dom.AttributeMap@50000e45)
OBJ 5000100a (sz=24, trace=306321, class=java.util.Vector@50000077)
ARR 5000100b (sz=32, trace=306388, nelems=0, elem type=java.lang.Object[]@50000013)
OBJ 5000100c (sz=32, trace=306284, class=com.sun.org.apache.xerces.internal.dom.AttrImpl@50000e41)
OBJ 5000100d (sz=56, trace=306255, class=com.sun.org.apache.xerces.internal.dom.ElementImpl@50000e3e)
OBJ 5000100e (sz=32, trace=306284, class=com.sun.org.apache.xerces.internal.dom.AttrImpl@50000e41)
OBJ 5000100f (sz=24, trace=306387, class=com.sun.org.apache.xerces.internal.dom.AttributeMap@50000e45)
OBJ 50001010 (sz=24, trace=306321, class=java.util.Vector@50000077)
ARR 50001011 (sz=32, trace=306388, nelems=0, elem type=java.lang.Object[]@50000013)
OBJ 50001012 (sz=32, trace=306284, class=com.sun.org.apache.xerces.internal.dom.AttrImpl@50000e41)
OBJ 50001013 (sz=56, trace=306255, class=com.sun.org.apache.xerces.internal.dom.ElementImpl@50000e3e)
OBJ 50001014 (sz=32, trace=306284, class=com.sun.org.apache.xerces.internal.dom.AttrImpl@50000e41)
OBJ 50001015 (sz=24, trace=306387, class=com.sun.org.apache.xerces.internal.dom.AttributeMap@50000e45)
OBJ 50001016 (sz=24, trace=306321, class=java.util.Vector@50000077)
ARR 50001017 (sz=32, trace=306388, nelems=0, elem type=java.lang.Object[]@50000013)
OBJ 50001018 (sz=32, trace=306284, class=com.sun.org.apache.xerces.internal.dom.AttrImpl@50000e41)
OBJ 50001019 (sz=56, trace=306255, class=com.sun.org.apache.xerces.internal.dom.ElementImpl@50000e3e)
OBJ 5000101a (sz=32, trace=306284, class=com.sun.org.apache.xerces.internal.dom.AttrImpl@50000e41)
OBJ 5000101b (sz=24, trace=306387, class=com.sun.org.apache.xerces.internal.dom.AttributeMap@50000e45)
OBJ 5000101c (sz=24, trace=306321, class=java.util.Vector@50000077)
ARR 5000101d (sz=32, trace=306388, nelems=0, elem type=java.lang.Object[]@50000013)
OBJ 5000101e (sz=32, trace=306284, class=com.sun.org.apache.xerces.internal.dom.AttrImpl@50000e41)
OBJ 5000101f (sz=56, trace=306255, class=com.sun.org.apache.xerces.internal.dom.ElementImpl@50000e3e)
OBJ 50001020 (sz=32, trace=306284, class=com.sun.org.apache.xerces.internal.dom.AttrImpl@50000e41)
OBJ 50001021 (sz=24, trace=306387, class=com.sun.org.apache.xerces.internal.dom.AttributeMap@50000e45)
OBJ 50001022 (sz=24, trace=306321, class=java.util.Vector@50000077)
ARR 50001023 (sz=32, trace=306388, nelems=0, elem type=java.lang.Object[]@50000013)
OBJ 50001024 (sz=32, trace=306284, class=com.sun.org.apache.xerces.internal.dom.AttrImpl@50000e41)
OBJ 50001025 (sz=56, trace=306255, class=com.sun.org.apache.xerces.internal.dom.ElementImpl@50000e3e)
OBJ 50001026 (sz=32, trace=306284, class=com.sun.org.apache.xerces.internal.dom.AttrImpl@50000e41)
OBJ 50001027 (sz=24, trace=306387, class=com.sun.org.apache.xerces.internal.dom.AttributeMap@50000e45)
OBJ 50001028 (sz=24, trace=306321, class=java.util.Vector@50000077)
ARR 50001029 (sz=32, trace=306388, nelems=0, elem type=java.lang.Object[]@50000013)
OBJ 5000102a (sz=32, trace=306284, class=com.sun.org.apache.xerces.internal.dom.AttrImpl@50000e41)
ARR 5000102c (sz=176, trace=303124, nelems=30, elem type=java.lang.Object[]@50000013)
	[0]		50000b71
	[1]		50000b73
	[2]		50000bc6
	[3]		50000141
	[4]		500001ef
	[5]		5000025c
	[6]		5000032e
	[7]		500003c0
	[8]		50000458
	[9]		500004f2
	[10]		50000bac
	[11]		50000bad
	[12]		50000dd9
	[13]		50000dda
	[14]		50000ddc
	[15]		50000e2c
	[16]		50000e7f
	[17]		50000edf
	[18]		50000f59
	[19]		5000102b
	[20]		5000102d
	[21]		500013e4
	[22]		500013e5
	[23]		500001d6
	[24]		500002b6
	[25]		5000153a
	[26]		5000158c
	[27]		500015f9
	[28]		5000167d
	[29]		5000197f
OBJ 5000102e (sz=56, trace=306255, class=com.sun.org.apache.xerces.internal.dom.ElementImpl@50000e3e)
OBJ 5000102f (sz=32, trace=301094, class=java.lang.ref.SoftReference@500000ad)
OBJ 50001030 (sz=64, trace=301103, class=java.lang.reflect.Constructor@50000079)
OBJ 50001031 (sz=32, trace=306284, class=com.sun.org.apache.xerces.internal.dom.AttrImpl@50000e41)
OBJ 50001032 (sz=24, trace=301136, class=sun.reflect.NativeConstructorAccessorImpl@50000091)
OBJ 50001033 (sz=16, trace=301140, class=sun.reflect.DelegatingConstructorAccessorImpl@500000bd)
OBJ 50001034 (sz=32, trace=303487, class=org.apache.tools.ant.taskdefs.optional.junit.SummaryJUnitResultFormatter@5000102d)
OBJ 50001037 (sz=40, trace=303495, class=java.util.Hashtable@5000000e)
	table		50001038
ARR 50001038 (sz=24, trace=303498, nelems=1, elem type=java.util.Hashtable$Entry[]@50000039)
	[0]		500010bc
OBJ 5000103a (sz=24, trace=300464, class=java.util.Vector@50000077)
	elementData	5000103b
ARR 5000103b (sz=56, trace=303509, nelems=0, elem type=java.lang.Object[]@50000013)
OBJ 5000103d (sz=24, trace=306387, class=com.sun.org.apache.xerces.internal.dom.AttributeMap@50000e45)
OBJ 50001040 (sz=24, trace=303519, class=java.util.ResourceBundle$ResourceCacheKey@5000103f)
	searchName	5000171d
OBJ 50001041 (sz=40, trace=303522, class=java.util.Hashtable@5000000e)
	table		50001042
ARR 50001042 (sz=24, trace=303525, nelems=0, elem type=java.util.Hashtable$Entry[]@50000039)
OBJ 50001043 (sz=8, trace=303527, class=java.lang.Object@50000012)
OBJ 50001044 (sz=32, trace=303528, class=sun.misc.SoftCache@500000e2)
	hash		50001047
	queue		50001045
OBJ 50001045 (sz=24, trace=303530, class=java.lang.ref.ReferenceQueue@5000005b)
	lock		50001046
OBJ 50001046 (sz=8, trace=303531, class=java.lang.ref.ReferenceQueue$Lock@500000fd)
OBJ 50001047 (sz=40, trace=303535, class=java.util.HashMap@50000096)
	table		50001048
ARR 50001048 (sz=144, trace=303538, nelems=22, elem type=java.util.HashMap$Entry[]@5000004d)
	[7]		500010af
	[17]		50001094
	[21]		50001071
OBJ 50001049 (sz=24, trace=303542, class=java.lang.ref.ReferenceQueue@5000005b)
	lock		5000104a
OBJ 5000104a (sz=8, trace=303543, class=java.lang.ref.ReferenceQueue$Lock@500000fd)
OBJ 5000104b (sz=24, trace=306321, class=java.util.Vector@50000077)
ARR 5000104c (sz=32, trace=306388, nelems=0, elem type=java.lang.Object[]@50000013)
OBJ 5000104d (sz=32, trace=306284, class=com.sun.org.apache.xerces.internal.dom.AttrImpl@50000e41)
OBJ 5000104e (sz=56, trace=306255, class=com.sun.org.apache.xerces.internal.dom.ElementImpl@50000e3e)
OBJ 5000104f (sz=32, trace=306284, class=com.sun.org.apache.xerces.internal.dom.AttrImpl@50000e41)
OBJ 50001050 (sz=24, trace=306387, class=com.sun.org.apache.xerces.internal.dom.AttributeMap@50000e45)
OBJ 50001051 (sz=24, trace=306321, class=java.util.Vector@50000077)
ARR 50001052 (sz=32, trace=306388, nelems=0, elem type=java.lang.Object[]@50000013)
OBJ 50001053 (sz=32, trace=306284, class=com.sun.org.apache.xerces.internal.dom.AttrImpl@50000e41)
OBJ 50001054 (sz=56, trace=306255, class=com.sun.org.apache.xerces.internal.dom.ElementImpl@50000e3e)
OBJ 50001056 (sz=32, trace=306284, class=com.sun.org.apache.xerces.internal.dom.AttrImpl@50000e41)
OBJ 50001058 (sz=8, trace=303608, class=java.lang.Object@50000012)
OBJ 50001059 (sz=24, trace=306387, class=com.sun.org.apache.xerces.internal.dom.AttributeMap@50000e45)
OBJ 5000105a (sz=24, trace=306321, class=java.util.Vector@50000077)
ARR 5000105b (sz=32, trace=306388, nelems=0, elem type=java.lang.Object[]@50000013)
OBJ 5000105e (sz=32, trace=306284, class=com.sun.org.apache.xerces.internal.dom.AttrImpl@50000e41)
OBJ 5000105f (sz=32, trace=301094, class=java.lang.ref.SoftReference@500000ad)
OBJ 50001060 (sz=64, trace=301103, class=java.lang.reflect.Constructor@50000079)
OBJ 50001061 (sz=56, trace=306255, class=com.sun.org.apache.xerces.internal.dom.ElementImpl@50000e3e)
OBJ 50001062 (sz=24, trace=301136, class=sun.reflect.NativeConstructorAccessorImpl@50000091)
OBJ 50001063 (sz=16, trace=301140, class=sun.reflect.DelegatingConstructorAccessorImpl@500000bd)
OBJ 50001064 (sz=24, trace=303664, class=sun.text.resources.LocaleElements@5000105d)
	locale		50001067
	lookup		500012a2
OBJ 50001065 (sz=32, trace=306284, class=com.sun.org.apache.xerces.internal.dom.AttrImpl@50000e41)
OBJ 50001066 (sz=24, trace=306387, class=com.sun.org.apache.xerces.internal.dom.AttributeMap@50000e45)
OBJ 50001067 (sz=32, trace=303691, class=java.util.Locale@500000a8)
	language	5000171d
	country		5000171d
	variant		5000171d
OBJ 50001068 (sz=24, trace=306321, class=java.util.Vector@50000077)
ARR 50001069 (sz=32, trace=306388, nelems=0, elem type=java.lang.Object[]@50000013)
OBJ 5000106a (sz=32, trace=306284, class=com.sun.org.apache.xerces.internal.dom.AttrImpl@50000e41)
OBJ 5000106b (sz=56, trace=306255, class=com.sun.org.apache.xerces.internal.dom.ElementImpl@50000e3e)
OBJ 5000106c (sz=32, trace=306284, class=com.sun.org.apache.xerces.internal.dom.AttrImpl@50000e41)
OBJ 5000106d (sz=24, trace=306387, class=com.sun.org.apache.xerces.internal.dom.AttributeMap@50000e45)
OBJ 5000106e (sz=24, trace=306321, class=java.util.Vector@50000077)
OBJ 5000106f (sz=32, trace=303639, class=java.util.ResourceBundle$LoaderReference@50001055)
	referent	5000159b
	queue		50001049
	cacheKey	50001d48
OBJ 50001070 (sz=40, trace=303722, class=sun.misc.SoftCache$ValueCell@50001057)
	referent	50001064
	queue		50001045
	key		50001d48
OBJ 50001071 (sz=24, trace=303732, class=java.util.HashMap$Entry@5000004c)
	key		50001d48
	value		50001070
ARR 50001072 (sz=32, trace=306388, nelems=0, elem type=java.lang.Object[]@50000013)
OBJ 50001073 (sz=32, trace=306284, class=com.sun.org.apache.xerces.internal.dom.AttrImpl@50000e41)
OBJ 50001074 (sz=56, trace=306255, class=com.sun.org.apache.xerces.internal.dom.ElementImpl@50000e3e)
OBJ 50001075 (sz=32, trace=306284, class=com.sun.org.apache.xerces.internal.dom.AttrImpl@50000e41)
OBJ 50001076 (sz=24, trace=303771, class=java.lang.String@5000008d)
	value		50001077
ARR 50001077 (sz=88, trace=303772, nelems=0, elem type=char[])
OBJ 50001078 (sz=24, trace=303777, class=java.lang.String@5000008d)
	value		50001079
ARR 50001079 (sz=96, trace=303778, nelems=0, elem type=char[])
OBJ 5000107a (sz=24, trace=306387, class=com.sun.org.apache.xerces.internal.dom.AttributeMap@50000e45)
OBJ 5000107b (sz=24, trace=306321, class=java.util.Vector@50000077)
ARR 5000107c (sz=32, trace=306388, nelems=0, elem type=java.lang.Object[]@50000013)
OBJ 5000107d (sz=32, trace=306284, class=com.sun.org.apache.xerces.internal.dom.AttrImpl@50000e41)
OBJ 5000107e (sz=56, trace=306255, class=com.sun.org.apache.xerces.internal.dom.ElementImpl@50000e3e)
OBJ 50001080 (sz=32, trace=306284, class=com.sun.org.apache.xerces.internal.dom.AttrImpl@50000e41)
OBJ 50001081 (sz=32, trace=301094, class=java.lang.ref.SoftReference@500000ad)
OBJ 50001082 (sz=64, trace=301103, class=java.lang.reflect.Constructor@50000079)
OBJ 50001083 (sz=24, trace=306387, class=com.sun.org.apache.xerces.internal.dom.AttributeMap@50000e45)
OBJ 50001084 (sz=24, trace=301136, class=sun.reflect.NativeConstructorAccessorImpl@50000091)
OBJ 50001085 (sz=16, trace=301140, class=sun.reflect.DelegatingConstructorAccessorImpl@500000bd)
OBJ 50001086 (sz=24, trace=303787, class=sun.text.resources.LocaleElements_en@5000107f)
	parent		50001064
	locale		5000108a
	lookup		500010d1
OBJ 50001087 (sz=24, trace=306321, class=java.util.Vector@50000077)
ARR 50001088 (sz=32, trace=306388, nelems=0, elem type=java.lang.Object[]@50000013)
OBJ 50001089 (sz=32, trace=306284, class=com.sun.org.apache.xerces.internal.dom.AttrImpl@50000e41)
OBJ 5000108a (sz=32, trace=303797, class=java.util.Locale@500000a8)
	language	50001d4d
	country		5000171d
	variant		5000171d
OBJ 5000108b (sz=56, trace=306255, class=com.sun.org.apache.xerces.internal.dom.ElementImpl@50000e3e)
OBJ 5000108c (sz=32, trace=306284, class=com.sun.org.apache.xerces.internal.dom.AttrImpl@50000e41)
OBJ 5000108d (sz=24, trace=306387, class=com.sun.org.apache.xerces.internal.dom.AttributeMap@50000e45)
OBJ 5000108e (sz=24, trace=306321, class=java.util.Vector@50000077)
ARR 5000108f (sz=32, trace=306388, nelems=0, elem type=java.lang.Object[]@50000013)
OBJ 50001090 (sz=32, trace=306284, class=com.sun.org.apache.xerces.internal.dom.AttrImpl@50000e41)
OBJ 50001091 (sz=56, trace=306255, class=com.sun.org.apache.xerces.internal.dom.ElementImpl@50000e3e)
OBJ 50001092 (sz=32, trace=303639, class=java.util.ResourceBundle$LoaderReference@50001055)
	referent	5000159b
	queue		50001049
	cacheKey	500024a9
OBJ 50001093 (sz=40, trace=303722, class=sun.misc.SoftCache$ValueCell@50001057)
	referent	50001086
	queue		50001045
	key		500024a9
OBJ 50001094 (sz=24, trace=303732, class=java.util.HashMap$Entry@5000004c)
	key		500024a9
	value		50001093
OBJ 50001095 (sz=32, trace=306284, class=com.sun.org.apache.xerces.internal.dom.AttrImpl@50000e41)
OBJ 50001096 (sz=24, trace=306387, class=com.sun.org.apache.xerces.internal.dom.AttributeMap@50000e45)
OBJ 50001097 (sz=24, trace=306321, class=java.util.Vector@50000077)
ARR 50001099 (sz=32, trace=306388, nelems=0, elem type=java.lang.Object[]@50000013)
OBJ 5000109a (sz=32, trace=301094, class=java.lang.ref.SoftReference@500000ad)
OBJ 5000109b (sz=64, trace=301103, class=java.lang.reflect.Constructor@50000079)
OBJ 5000109c (sz=32, trace=306284, class=com.sun.org.apache.xerces.internal.dom.AttrImpl@50000e41)
OBJ 5000109d (sz=24, trace=301136, class=sun.reflect.NativeConstructorAccessorImpl@50000091)
OBJ 5000109e (sz=16, trace=301140, class=sun.reflect.DelegatingConstructorAccessorImpl@500000bd)
OBJ 5000109f (sz=24, trace=303814, class=sun.text.resources.LocaleElements_en_US@50001098)
	parent		50001086
	locale		500010a5
	lookup		500010b7
OBJ 500010a0 (sz=56, trace=306255, class=com.sun.org.apache.xerces.internal.dom.ElementImpl@50000e3e)
OBJ 500010a1 (sz=32, trace=306284, class=com.sun.org.apache.xerces.internal.dom.AttrImpl@50000e41)
OBJ 500010a2 (sz=24, trace=306387, class=com.sun.org.apache.xerces.internal.dom.AttributeMap@50000e45)
OBJ 500010a3 (sz=24, trace=306321, class=java.util.Vector@50000077)
ARR 500010a4 (sz=32, trace=306388, nelems=0, elem type=java.lang.Object[]@50000013)
OBJ 500010a5 (sz=32, trace=303822, class=java.util.Locale@500000a8)
	language	50001d4d
	country		50001d4c
	variant		5000171d
OBJ 500010a6 (sz=32, trace=306284, class=com.sun.org.apache.xerces.internal.dom.AttrImpl@50000e41)
OBJ 500010a7 (sz=56, trace=306255, class=com.sun.org.apache.xerces.internal.dom.ElementImpl@50000e3e)
OBJ 500010a8 (sz=32, trace=306284, class=com.sun.org.apache.xerces.internal.dom.AttrImpl@50000e41)
OBJ 500010a9 (sz=24, trace=306387, class=com.sun.org.apache.xerces.internal.dom.AttributeMap@50000e45)
OBJ 500010aa (sz=24, trace=306321, class=java.util.Vector@50000077)
ARR 500010ab (sz=32, trace=306388, nelems=0, elem type=java.lang.Object[]@50000013)
OBJ 500010ac (sz=32, trace=306284, class=com.sun.org.apache.xerces.internal.dom.AttrImpl@50000e41)
OBJ 500010ad (sz=32, trace=303639, class=java.util.ResourceBundle$LoaderReference@50001055)
	referent	5000159b
	queue		50001049
	cacheKey	500024aa
OBJ 500010ae (sz=40, trace=303722, class=sun.misc.SoftCache$ValueCell@50001057)
	referent	5000109f
	queue		50001045
	key		500024aa
OBJ 500010af (sz=24, trace=303732, class=java.util.HashMap$Entry@5000004c)
	key		500024aa
	value		500010ae
OBJ 500010b0 (sz=56, trace=306255, class=com.sun.org.apache.xerces.internal.dom.ElementImpl@50000e3e)
OBJ 500010b1 (sz=32, trace=306284, class=com.sun.org.apache.xerces.internal.dom.AttrImpl@50000e41)
ARR 500010b2 (sz=24, trace=303841, nelems=3, elem type=java.lang.String[]@5000008e)
	[0]		50001d40
	[1]		500024af
	[2]		50001d3f
OBJ 500010b3 (sz=24, trace=306387, class=com.sun.org.apache.xerces.internal.dom.AttributeMap@50000e45)
ARR 500010b5 (sz=16, trace=303843, nelems=1, elem type=java.lang.String[][]@500010b4)
	[0]		500010b6
ARR 500010b6 (sz=24, trace=303844, nelems=2, elem type=java.lang.String[]@5000008e)
	[0]		500024ab
	[1]		500024ac
OBJ 500010b7 (sz=40, trace=303846, class=java.util.HashMap@50000096)
	table		500010bb
OBJ 500010b8 (sz=24, trace=306321, class=java.util.Vector@50000077)
OBJ 500010b9 (sz=24, trace=303857, class=java.util.HashMap$Entry@5000004c)
	key		50001d41
	value		500010b2
OBJ 500010ba (sz=24, trace=303857, class=java.util.HashMap$Entry@5000004c)
	key		50001d95
	value		500010b5
ARR 500010bb (sz=32, trace=303861, nelems=3, elem type=java.util.HashMap$Entry[]@5000004d)
	[0]		500010b9
	[2]		500010ba
OBJ 500010bc (sz=24, trace=303874, class=java.util.Hashtable$Entry@50000038)
	key		50001d49
	value		500010b2
OBJ 500010be (sz=40, trace=303878, class=java.util.Hashtable@5000000e)
	table		500010bf
ARR 500010bf (sz=24, trace=303881, nelems=1, elem type=java.util.Hashtable$Entry[]@50000039)
	[0]		500012ee
ARR 500010c0 (sz=32, trace=306388, nelems=0, elem type=java.lang.Object[]@50000013)
ARR 500010c1 (sz=24, trace=303888, nelems=3, elem type=java.lang.Object[]@50000013)
	[0]		5000129a
	[1]		500012de
	[2]		500024ac
OBJ 500010c2 (sz=32, trace=306284, class=com.sun.org.apache.xerces.internal.dom.AttrImpl@50000e41)
OBJ 500010c3 (sz=56, trace=306255, class=com.sun.org.apache.xerces.internal.dom.ElementImpl@50000e3e)
OBJ 500010c4 (sz=32, trace=306284, class=com.sun.org.apache.xerces.internal.dom.AttrImpl@50000e41)
OBJ 500010c5 (sz=24, trace=306387, class=com.sun.org.apache.xerces.internal.dom.AttributeMap@50000e45)
OBJ 500010c6 (sz=24, trace=306321, class=java.util.Vector@50000077)
ARR 500010c7 (sz=32, trace=306388, nelems=0, elem type=java.lang.Object[]@50000013)
OBJ 500010c8 (sz=32, trace=306284, class=com.sun.org.apache.xerces.internal.dom.AttrImpl@50000e41)
OBJ 500010c9 (sz=56, trace=306255, class=com.sun.org.apache.xerces.internal.dom.ElementImpl@50000e3e)
OBJ 500010ca (sz=32, trace=306284, class=com.sun.org.apache.xerces.internal.dom.AttrImpl@50000e41)
OBJ 500010cb (sz=24, trace=306387, class=com.sun.org.apache.xerces.internal.dom.AttributeMap@50000e45)
OBJ 500010cc (sz=24, trace=306321, class=java.util.Vector@50000077)
ARR 500010cd (sz=32, trace=306388, nelems=0, elem type=java.lang.Object[]@50000013)
OBJ 500010ce (sz=32, trace=306284, class=com.sun.org.apache.xerces.internal.dom.AttrImpl@50000e41)
OBJ 500010cf (sz=56, trace=306255, class=com.sun.org.apache.xerces.internal.dom.ElementImpl@50000e3e)
ARR 500010d0 (sz=24, trace=303904, nelems=3, elem type=java.lang.String[]@5000008e)
	[0]		50001d40
	[1]		50001d42
	[2]		50001d3f
OBJ 500010d1 (sz=40, trace=303846, class=java.util.HashMap@50000096)
	table		500010d4
OBJ 500010d2 (sz=32, trace=306284, class=com.sun.org.apache.xerces.internal.dom.AttrImpl@50000e41)
OBJ 500010d3 (sz=24, trace=303857, class=java.util.HashMap$Entry@5000004c)
	key		50001d41
	value		500010d0
ARR 500010d4 (sz=24, trace=303861, nelems=1, elem type=java.util.HashMap$Entry[]@5000004d)
	[0]		500010d3
OBJ 500010d5 (sz=24, trace=306387, class=com.sun.org.apache.xerces.internal.dom.AttributeMap@50000e45)
OBJ 500010d6 (sz=24, trace=306321, class=java.util.Vector@50000077)
ARR 500010d7 (sz=768, trace=303911, nelems=188, elem type=java.lang.String[][]@500010b4)
	[0]		500010d8
	[1]		500010d9
	[2]		500010da
	[3]		500010db
	[4]		500010dc
	[5]		500010dd
	[6]		500010de
	[7]		500010df
	[8]		500010e0
	[9]		500010e1
	[10]		500010e2
	[11]		500010e3
	[12]		500010e4
	[13]		500010e5
	[14]		500010e6
	[15]		500010e7
	[16]		500010e8
	[17]		500010e9
	[18]		500010ea
	[19]		500010eb
	[20]		500010ec
	[21]		500010ed
	[22]		500010ee
	[23]		500010ef
	[24]		500010f0
	[25]		500010f1
	[26]		500010f2
	[27]		500010f3
	[28]		500010f4
	[29]		500010f5
	[30]		500010f6
	[31]		500010f7
	[32]		500010f8
	[33]		500010f9
	[34]		500010fa
	[35]		500010fb
	[36]		500010fc
	[37]		500010fd
	[38]		500010fe
	[39]		500010ff
	[40]		50001100
	[41]		50001101
	[42]		50001102
	[43]		50001103
	[44]		50001104
	[45]		50001105
	[46]		50001106
	[47]		50001107
	[48]		50001108
	[49]		50001109
	[50]		5000110a
	[51]		5000110b
	[52]		5000110c
	[53]		5000110d
	[54]		5000110e
	[55]		5000110f
	[56]		50001110
	[57]		50001111
	[58]		50001112
	[59]		50001113
	[60]		50001114
	[61]		50001115
	[62]		50001116
	[63]		50001117
	[64]		50001118
	[65]		50001119
	[66]		5000111a
	[67]		5000111b
	[68]		5000111c
	[69]		5000111d
	[70]		5000111e
	[71]		5000111f
	[72]		50001120
	[73]		50001121
	[74]		50001122
	[75]		50001123
	[76]		50001124
	[77]		50001125
	[78]		50001126
	[79]		50001127
	[80]		50001128
	[81]		50001129
	[82]		5000112a
	[83]		5000112b
	[84]		5000112c
	[85]		5000112d
	[86]		5000112e
	[87]		5000112f
	[88]		50001130
	[89]		50001131
	[90]		50001132
	[91]		50001133
	[92]		50001134
	[93]		50001135
	[94]		50001136
	[95]		50001137
	[96]		50001138
	[97]		50001139
	[98]		5000113a
	[99]		5000113b
	[100]		5000113c
	[101]		5000113d
	[102]		5000113e
	[103]		5000113f
	[104]		50001140
	[105]		50001141
	[106]		50001142
	[107]		50001143
	[108]		50001144
	[109]		50001145
	[110]		50001146
	[111]		50001147
	[112]		50001148
	[113]		50001149
	[114]		5000114a
	[115]		5000114b
	[116]		5000114c
	[117]		5000114d
	[118]		5000114e
	[119]		5000114f
	[120]		50001150
	[121]		50001151
	[122]		50001152
	[123]		50001153
	[124]		50001154
	[125]		50001155
	[126]		50001156
	[127]		50001157
	[128]		50001158
	[129]		50001159
	[130]		5000115a
	[131]		5000115b
	[132]		5000115c
	[133]		5000115d
	[134]		5000115e
	[135]		5000115f
	[136]		50001160
	[137]		50001161
	[138]		50001162
	[139]		50001163
	[140]		50001164
	[141]		50001165
	[142]		50001166
	[143]		50001167
	[144]		50001168
	[145]		50001169
	[146]		5000116a
	[147]		5000116b
	[148]		5000116c
	[149]		5000116d
	[150]		5000116e
	[151]		5000116f
	[152]		50001170
	[153]		50001171
	[154]		50001172
	[155]		50001173
	[156]		50001174
	[157]		50001175
	[158]		50001176
	[159]		50001177
	[160]		50001178
	[161]		50001179
	[162]		5000117a
	[163]		5000117b
	[164]		5000117c
	[165]		5000117d
	[166]		5000117e
	[167]		5000117f
	[168]		50001180
	[169]		50001181
	[170]		50001182
	[171]		50001183
	[172]		50001184
	[173]		50001185
	[174]		50001186
	[175]		50001187
	[176]		50001188
	[177]		50001189
	[178]		5000118a
	[179]		5000118b
	[180]		5000118c
	[181]		5000118d
	[182]		5000118e
	[183]		5000118f
	[184]		50001190
	[185]		50001191
	[186]		50001192
	[187]		50001193
ARR 500010d8 (sz=24, trace=303912, nelems=2, elem type=java.lang.String[]@5000008e)
	[0]		500024a1
	[1]		500024a2
ARR 500010d9 (sz=24, trace=303913, nelems=2, elem type=java.lang.String[]@5000008e)
	[0]		5000249d
	[1]		5000249e
ARR 500010da (sz=24, trace=303914, nelems=2, elem type=java.lang.String[]@5000008e)
	[0]		50002499
	[1]		5000249a
ARR 500010db (sz=24, trace=303915, nelems=2, elem type=java.lang.String[]@5000008e)
	[0]		50002495
	[1]		50002496
ARR 500010dc (sz=24, trace=303916, nelems=2, elem type=java.lang.String[]@5000008e)
	[0]		50002491
	[1]		50002492
ARR 500010dd (sz=24, trace=303917, nelems=2, elem type=java.lang.String[]@5000008e)
	[0]		5000248d
	[1]		5000248e
ARR 500010de (sz=24, trace=303918, nelems=2, elem type=java.lang.String[]@5000008e)
	[0]		50002489
	[1]		5000248a
ARR 500010df (sz=24, trace=303919, nelems=2, elem type=java.lang.String[]@5000008e)
	[0]		50002485
	[1]		50002486
ARR 500010e0 (sz=24, trace=303920, nelems=2, elem type=java.lang.String[]@5000008e)
	[0]		50002481
	[1]		50002482
ARR 500010e1 (sz=24, trace=303921, nelems=2, elem type=java.lang.String[]@5000008e)
	[0]		5000247d
	[1]		5000247e
ARR 500010e2 (sz=24, trace=303922, nelems=2, elem type=java.lang.String[]@5000008e)
	[0]		50002479
	[1]		5000247a
ARR 500010e3 (sz=24, trace=303923, nelems=2, elem type=java.lang.String[]@5000008e)
	[0]		500015e6
	[1]		50002477
ARR 500010e4 (sz=24, trace=303924, nelems=2, elem type=java.lang.String[]@5000008e)
	[0]		50002473
	[1]		50002474
ARR 500010e5 (sz=24, trace=303925, nelems=2, elem type=java.lang.String[]@5000008e)
	[0]		5000246f
	[1]		50002470
ARR 500010e6 (sz=24, trace=303926, nelems=2, elem type=java.lang.String[]@5000008e)
	[0]		5000246b
	[1]		5000246c
ARR 500010e7 (sz=24, trace=303927, nelems=2, elem type=java.lang.String[]@5000008e)
	[0]		50002467
	[1]		50002468
ARR 500010e8 (sz=24, trace=303928, nelems=2, elem type=java.lang.String[]@5000008e)
	[0]		50002463
	[1]		50002464
ARR 500010e9 (sz=24, trace=303929, nelems=2, elem type=java.lang.String[]@5000008e)
	[0]		5000245f
	[1]		50002460
ARR 500010ea (sz=24, trace=303930, nelems=2, elem type=java.lang.String[]@5000008e)
	[0]		5000245b
	[1]		5000245c
ARR 500010eb (sz=24, trace=303931, nelems=2, elem type=java.lang.String[]@5000008e)
	[0]		50002457
	[1]		50002458
ARR 500010ec (sz=24, trace=303932, nelems=2, elem type=java.lang.String[]@5000008e)
	[0]		50002453
	[1]		50002454
ARR 500010ed (sz=24, trace=303933, nelems=2, elem type=java.lang.String[]@5000008e)
	[0]		5000244f
	[1]		50002450
ARR 500010ee (sz=24, trace=303934, nelems=2, elem type=java.lang.String[]@5000008e)
	[0]		5000244b
	[1]		5000244c
ARR 500010ef (sz=24, trace=303935, nelems=2, elem type=java.lang.String[]@5000008e)
	[0]		50002447
	[1]		50002448
ARR 500010f0 (sz=24, trace=303936, nelems=2, elem type=java.lang.String[]@5000008e)
	[0]		50002443
	[1]		50002444
ARR 500010f1 (sz=24, trace=303937, nelems=2, elem type=java.lang.String[]@5000008e)
	[0]		5000243f
	[1]		50002440
ARR 500010f2 (sz=24, trace=303938, nelems=2, elem type=java.lang.String[]@5000008e)
	[0]		5000243b
	[1]		5000243c
ARR 500010f3 (sz=24, trace=303939, nelems=2, elem type=java.lang.String[]@5000008e)
	[0]		50002437
	[1]		50002438
ARR 500010f4 (sz=24, trace=303940, nelems=2, elem type=java.lang.String[]@5000008e)
	[0]		50002433
	[1]		50002434
ARR 500010f5 (sz=24, trace=303941, nelems=2, elem type=java.lang.String[]@5000008e)
	[0]		5000242f
	[1]		50002430
ARR 500010f6 (sz=24, trace=303942, nelems=2, elem type=java.lang.String[]@5000008e)
	[0]		5000242b
	[1]		5000242c
ARR 500010f7 (sz=24, trace=303943, nelems=2, elem type=java.lang.String[]@5000008e)
	[0]		50002427
	[1]		50002428
ARR 500010f8 (sz=24, trace=303944, nelems=2, elem type=java.lang.String[]@5000008e)
	[0]		50001d5b
	[1]		50002425
ARR 500010f9 (sz=24, trace=303945, nelems=2, elem type=java.lang.String[]@5000008e)
	[0]		50002421
	[1]		50002422
ARR 500010fa (sz=24, trace=303946, nelems=2, elem type=java.lang.String[]@5000008e)
	[0]		5000241d
	[1]		5000241e
ARR 500010fb (sz=24, trace=303947, nelems=2, elem type=java.lang.String[]@5000008e)
	[0]		50002419
	[1]		5000241a
ARR 500010fc (sz=24, trace=303948, nelems=2, elem type=java.lang.String[]@5000008e)
	[0]		50002415
	[1]		50002416
ARR 500010fd (sz=24, trace=303949, nelems=2, elem type=java.lang.String[]@5000008e)
	[0]		50001d4d
	[1]		50002413
ARR 500010fe (sz=24, trace=303950, nelems=2, elem type=java.lang.String[]@5000008e)
	[0]		5000240f
	[1]		50002410
ARR 500010ff (sz=24, trace=303951, nelems=2, elem type=java.lang.String[]@5000008e)
	[0]		5000240b
	[1]		5000240c
ARR 50001100 (sz=24, trace=303952, nelems=2, elem type=java.lang.String[]@5000008e)
	[0]		50002407
	[1]		50002408
ARR 50001101 (sz=24, trace=303953, nelems=2, elem type=java.lang.String[]@5000008e)
	[0]		50002403
	[1]		50002404
ARR 50001102 (sz=24, trace=303954, nelems=2, elem type=java.lang.String[]@5000008e)
	[0]		500023ff
	[1]		50002400
ARR 50001103 (sz=24, trace=303955, nelems=2, elem type=java.lang.String[]@5000008e)
	[0]		500023fb
	[1]		500023fc
ARR 50001104 (sz=24, trace=303956, nelems=2, elem type=java.lang.String[]@5000008e)
	[0]		500023f7
	[1]		500023f8
ARR 50001105 (sz=24, trace=303957, nelems=2, elem type=java.lang.String[]@5000008e)
	[0]		500023f3
	[1]		500023f4
ARR 50001106 (sz=24, trace=303958, nelems=2, elem type=java.lang.String[]@5000008e)
	[0]		500023ef
	[1]		500023f0
ARR 50001107 (sz=24, trace=303959, nelems=2, elem type=java.lang.String[]@5000008e)
	[0]		50001d5c
	[1]		500023ed
ARR 50001108 (sz=24, trace=303960, nelems=2, elem type=java.lang.String[]@5000008e)
	[0]		500023e9
	[1]		500023ea
ARR 50001109 (sz=24, trace=303961, nelems=2, elem type=java.lang.String[]@5000008e)
	[0]		500023e5
	[1]		500023e6
ARR 5000110a (sz=24, trace=303962, nelems=2, elem type=java.lang.String[]@5000008e)
	[0]		500023e1
	[1]		500023e2
ARR 5000110b (sz=24, trace=303963, nelems=2, elem type=java.lang.String[]@5000008e)
	[0]		500023dd
	[1]		500023de
ARR 5000110c (sz=24, trace=303964, nelems=2, elem type=java.lang.String[]@5000008e)
	[0]		500023d9
	[1]		500023da
ARR 5000110d (sz=24, trace=303965, nelems=2, elem type=java.lang.String[]@5000008e)
	[0]		500023d5
	[1]		500023d6
ARR 5000110e (sz=24, trace=303966, nelems=2, elem type=java.lang.String[]@5000008e)
	[0]		500023d1
	[1]		500023d2
ARR 5000110f (sz=24, trace=303967, nelems=2, elem type=java.lang.String[]@5000008e)
	[0]		500023cd
	[1]		500023ce
ARR 50001110 (sz=24, trace=303968, nelems=2, elem type=java.lang.String[]@5000008e)
	[0]		50001d5d
	[1]		50002388
ARR 50001111 (sz=24, trace=303969, nelems=2, elem type=java.lang.String[]@5000008e)
	[0]		500023c9
	[1]		500023ca
ARR 50001112 (sz=24, trace=303970, nelems=2, elem type=java.lang.String[]@5000008e)
	[0]		500023c5
	[1]		500023c6
ARR 50001113 (sz=24, trace=303971, nelems=2, elem type=java.lang.String[]@5000008e)
	[0]		500023c1
	[1]		500023c2
ARR 50001114 (sz=24, trace=303972, nelems=2, elem type=java.lang.String[]@5000008e)
	[0]		500023bd
	[1]		500023be
ARR 50001115 (sz=24, trace=303973, nelems=2, elem type=java.lang.String[]@5000008e)
	[0]		500023b9
	[1]		500023ba
ARR 50001116 (sz=24, trace=303974, nelems=2, elem type=java.lang.String[]@5000008e)
	[0]		500023b5
	[1]		500023b6
ARR 50001117 (sz=24, trace=303975, nelems=2, elem type=java.lang.String[]@5000008e)
	[0]		500023b1
	[1]		500023b2
ARR 50001118 (sz=24, trace=303976, nelems=2, elem type=java.lang.String[]@5000008e)
	[0]		500023ad
	[1]		500023ae
ARR 50001119 (sz=24, trace=303977, nelems=2, elem type=java.lang.String[]@5000008e)
	[0]		50001d5e
	[1]		5000239a
ARR 5000111a (sz=24, trace=303978, nelems=2, elem type=java.lang.String[]@5000008e)
	[0]		500023a9
	[1]		500023aa
ARR 5000111b (sz=24, trace=303979, nelems=2, elem type=java.lang.String[]@5000008e)
	[0]		500023a5
	[1]		500023a6
ARR 5000111c (sz=24, trace=303980, nelems=2, elem type=java.lang.String[]@5000008e)
	[0]		500023a1
	[1]		500023a2
ARR 5000111d (sz=24, trace=303981, nelems=2, elem type=java.lang.String[]@5000008e)
	[0]		5000239d
	[1]		5000239e
ARR 5000111e (sz=24, trace=303982, nelems=2, elem type=java.lang.String[]@5000008e)
	[0]		50002399
	[1]		5000239a
ARR 5000111f (sz=24, trace=303983, nelems=2, elem type=java.lang.String[]@5000008e)
	[0]		50002395
	[1]		50002396
ARR 50001120 (sz=24, trace=303984, nelems=2, elem type=java.lang.String[]@5000008e)
	[0]		50002391
	[1]		50002392
ARR 50001121 (sz=24, trace=303985, nelems=2, elem type=java.lang.String[]@5000008e)
	[0]		50001d5f
	[1]		5000238f
ARR 50001122 (sz=24, trace=303986, nelems=2, elem type=java.lang.String[]@5000008e)
	[0]		5000238b
	[1]		5000238c
ARR 50001123 (sz=24, trace=303987, nelems=2, elem type=java.lang.String[]@5000008e)
	[0]		50002387
	[1]		50002388
ARR 50001124 (sz=24, trace=303988, nelems=2, elem type=java.lang.String[]@5000008e)
	[0]		50001d60
	[1]		50002385
ARR 50001125 (sz=24, trace=303989, nelems=2, elem type=java.lang.String[]@5000008e)
	[0]		50002383
	[1]		500021e7
ARR 50001126 (sz=24, trace=303990, nelems=2, elem type=java.lang.String[]@5000008e)
	[0]		5000237f
	[1]		50002380
ARR 50001127 (sz=24, trace=303991, nelems=2, elem type=java.lang.String[]@5000008e)
	[0]		5000237b
	[1]		5000237c
ARR 50001128 (sz=24, trace=303992, nelems=2, elem type=java.lang.String[]@5000008e)
	[0]		50002377
	[1]		50002378
ARR 50001129 (sz=24, trace=303993, nelems=2, elem type=java.lang.String[]@5000008e)
	[0]		50002373
	[1]		50002374
ARR 5000112a (sz=24, trace=303994, nelems=2, elem type=java.lang.String[]@5000008e)
	[0]		5000236f
	[1]		50002370
ARR 5000112b (sz=24, trace=303995, nelems=2, elem type=java.lang.String[]@5000008e)
	[0]		5000236b
	[1]		5000236c
ARR 5000112c (sz=24, trace=303996, nelems=2, elem type=java.lang.String[]@5000008e)
	[0]		50002367
	[1]		50002368
ARR 5000112d (sz=24, trace=303997, nelems=2, elem type=java.lang.String[]@5000008e)
	[0]		50002363
	[1]		50002364
ARR 5000112e (sz=24, trace=303998, nelems=2, elem type=java.lang.String[]@5000008e)
	[0]		5000235f
	[1]		50002360
ARR 5000112f (sz=24, trace=303999, nelems=2, elem type=java.lang.String[]@5000008e)
	[0]		50001d61
	[1]		5000235d
ARR 50001130 (sz=24, trace=304000, nelems=2, elem type=java.lang.String[]@5000008e)
	[0]		50002359
	[1]		5000235a
ARR 50001131 (sz=24, trace=304001, nelems=2, elem type=java.lang.String[]@5000008e)
	[0]		50002355
	[1]		50002356
ARR 50001132 (sz=24, trace=304002, nelems=2, elem type=java.lang.String[]@5000008e)
	[0]		50002351
	[1]		50002352
ARR 50001133 (sz=24, trace=304003, nelems=2, elem type=java.lang.String[]@5000008e)
	[0]		5000234d
	[1]		5000234e
ARR 50001134 (sz=24, trace=304004, nelems=2, elem type=java.lang.String[]@5000008e)
	[0]		50002349
	[1]		5000234a
ARR 50001135 (sz=24, trace=304005, nelems=2, elem type=java.lang.String[]@5000008e)
	[0]		50002345
	[1]		50002346
ARR 50001136 (sz=24, trace=304006, nelems=2, elem type=java.lang.String[]@5000008e)
	[0]		50002341
	[1]		50002342
ARR 50001137 (sz=24, trace=304007, nelems=2, elem type=java.lang.String[]@5000008e)
	[0]		5000233d
	[1]		5000233e
ARR 50001138 (sz=24, trace=304008, nelems=2, elem type=java.lang.String[]@5000008e)
	[0]		50002339
	[1]		5000233a
ARR 50001139 (sz=24, trace=304009, nelems=2, elem type=java.lang.String[]@5000008e)
	[0]		50002335
	[1]		50002336
ARR 5000113a (sz=24, trace=304010, nelems=2, elem type=java.lang.String[]@5000008e)
	[0]		50002331
	[1]		50002332
ARR 5000113b (sz=24, trace=304011, nelems=2, elem type=java.lang.String[]@5000008e)
	[0]		5000232d
	[1]		5000232e
ARR 5000113c (sz=24, trace=304012, nelems=2, elem type=java.lang.String[]@5000008e)
	[0]		500015e7
	[1]		5000232b
ARR 5000113d (sz=24, trace=304013, nelems=2, elem type=java.lang.String[]@5000008e)
	[0]		50002327
	[1]		50002328
ARR 5000113e (sz=24, trace=304014, nelems=2, elem type=java.lang.String[]@5000008e)
	[0]		50002323
	[1]		50002324
ARR 5000113f (sz=24, trace=304015, nelems=2, elem type=java.lang.String[]@5000008e)
	[0]		5000231f
	[1]		50002320
ARR 50001140 (sz=24, trace=304016, nelems=2, elem type=java.lang.String[]@5000008e)
	[0]		5000231b
	[1]		5000231c
ARR 50001141 (sz=24, trace=304017, nelems=2, elem type=java.lang.String[]@5000008e)
	[0]		50002317
	[1]		50002318
ARR 50001142 (sz=24, trace=304018, nelems=2, elem type=java.lang.String[]@5000008e)
	[0]		50002313
	[1]		50002314
ARR 50001143 (sz=24, trace=304019, nelems=2, elem type=java.lang.String[]@5000008e)
	[0]		5000230f
	[1]		50002310
ARR 50001144 (sz=24, trace=304020, nelems=2, elem type=java.lang.String[]@5000008e)
	[0]		5000230b
	[1]		5000230c
ARR 50001145 (sz=24, trace=304021, nelems=2, elem type=java.lang.String[]@5000008e)
	[0]		50002307
	[1]		50002308
ARR 50001146 (sz=24, trace=304022, nelems=2, elem type=java.lang.String[]@5000008e)
	[0]		50002303
	[1]		50002304
ARR 50001147 (sz=24, trace=304023, nelems=2, elem type=java.lang.String[]@5000008e)
	[0]		500022ff
	[1]		50002300
ARR 50001148 (sz=24, trace=304024, nelems=2, elem type=java.lang.String[]@5000008e)
	[0]		500022fb
	[1]		500022fc
ARR 50001149 (sz=24, trace=304025, nelems=2, elem type=java.lang.String[]@5000008e)
	[0]		500022f7
	[1]		500022f8
ARR 5000114a (sz=24, trace=304026, nelems=2, elem type=java.lang.String[]@5000008e)
	[0]		500022f5
	[1]		50001f12
ARR 5000114b (sz=24, trace=304027, nelems=2, elem type=java.lang.String[]@5000008e)
	[0]		500022f1
	[1]		500022f2
ARR 5000114c (sz=24, trace=304028, nelems=2, elem type=java.lang.String[]@5000008e)
	[0]		500022ed
	[1]		500022ee
ARR 5000114d (sz=24, trace=304029, nelems=2, elem type=java.lang.String[]@5000008e)
	[0]		500022e9
	[1]		500022ea
ARR 5000114e (sz=24, trace=304030, nelems=2, elem type=java.lang.String[]@5000008e)
	[0]		500022e5
	[1]		500022e6
ARR 5000114f (sz=24, trace=304031, nelems=2, elem type=java.lang.String[]@5000008e)
	[0]		500022e1
	[1]		500022e2
ARR 50001150 (sz=24, trace=304032, nelems=2, elem type=java.lang.String[]@5000008e)
	[0]		500022dd
	[1]		500022de
ARR 50001151 (sz=24, trace=304033, nelems=2, elem type=java.lang.String[]@5000008e)
	[0]		500022d9
	[1]		500022da
ARR 50001152 (sz=24, trace=304034, nelems=2, elem type=java.lang.String[]@5000008e)
	[0]		500022d5
	[1]		500022d6
ARR 50001153 (sz=24, trace=304035, nelems=2, elem type=java.lang.String[]@5000008e)
	[0]		500022d1
	[1]		500022d2
ARR 50001154 (sz=24, trace=304036, nelems=2, elem type=java.lang.String[]@5000008e)
	[0]		500022cd
	[1]		500022ce
ARR 50001155 (sz=24, trace=304037, nelems=2, elem type=java.lang.String[]@5000008e)
	[0]		500022c9
	[1]		500022ca
ARR 50001156 (sz=24, trace=304038, nelems=2, elem type=java.lang.String[]@5000008e)
	[0]		500022c5
	[1]		500022c6
ARR 50001157 (sz=24, trace=304039, nelems=2, elem type=java.lang.String[]@5000008e)
	[0]		500022c1
	[1]		500022c2
ARR 50001158 (sz=24, trace=304040, nelems=2, elem type=java.lang.String[]@5000008e)
	[0]		500022bd
	[1]		500022be
ARR 50001159 (sz=24, trace=304041, nelems=2, elem type=java.lang.String[]@5000008e)
	[0]		500022b9
	[1]		500022ba
ARR 5000115a (sz=24, trace=304042, nelems=2, elem type=java.lang.String[]@5000008e)
	[0]		500022b5
	[1]		500022b6
ARR 5000115b (sz=24, trace=304043, nelems=2, elem type=java.lang.String[]@5000008e)
	[0]		500022b1
	[1]		500022b2
ARR 5000115c (sz=24, trace=304044, nelems=2, elem type=java.lang.String[]@5000008e)
	[0]		500022ad
	[1]		500022ae
ARR 5000115d (sz=24, trace=304045, nelems=2, elem type=java.lang.String[]@5000008e)
	[0]		500022a9
	[1]		500022aa
ARR 5000115e (sz=24, trace=304046, nelems=2, elem type=java.lang.String[]@5000008e)
	[0]		500022a5
	[1]		500022a6
ARR 5000115f (sz=24, trace=304047, nelems=2, elem type=java.lang.String[]@5000008e)
	[0]		500022a1
	[1]		500022a2
ARR 50001160 (sz=24, trace=304048, nelems=2, elem type=java.lang.String[]@5000008e)
	[0]		5000229d
	[1]		5000229e
ARR 50001161 (sz=24, trace=304049, nelems=2, elem type=java.lang.String[]@5000008e)
	[0]		50002299
	[1]		5000229a
ARR 50001162 (sz=24, trace=304050, nelems=2, elem type=java.lang.String[]@5000008e)
	[0]		50002295
	[1]		50002296
ARR 50001163 (sz=24, trace=304051, nelems=2, elem type=java.lang.String[]@5000008e)
	[0]		50002291
	[1]		50002292
ARR 50001164 (sz=24, trace=304052, nelems=2, elem type=java.lang.String[]@5000008e)
	[0]		5000228d
	[1]		5000228e
ARR 50001165 (sz=24, trace=304053, nelems=2, elem type=java.lang.String[]@5000008e)
	[0]		50002289
	[1]		5000228a
ARR 50001166 (sz=24, trace=304054, nelems=2, elem type=java.lang.String[]@5000008e)
	[0]		50002285
	[1]		50002286
ARR 50001167 (sz=24, trace=304055, nelems=2, elem type=java.lang.String[]@5000008e)
	[0]		50002281
	[1]		50002282
ARR 50001168 (sz=24, trace=304056, nelems=2, elem type=java.lang.String[]@5000008e)
	[0]		5000227d
	[1]		5000227e
ARR 50001169 (sz=24, trace=304057, nelems=2, elem type=java.lang.String[]@5000008e)
	[0]		50002279
	[1]		5000227a
ARR 5000116a (sz=24, trace=304058, nelems=2, elem type=java.lang.String[]@5000008e)
	[0]		50002275
	[1]		50002276
ARR 5000116b (sz=24, trace=304059, nelems=2, elem type=java.lang.String[]@5000008e)
	[0]		50002271
	[1]		50002272
ARR 5000116c (sz=24, trace=304060, nelems=2, elem type=java.lang.String[]@5000008e)
	[0]		5000226d
	[1]		5000226e
ARR 5000116d (sz=24, trace=304061, nelems=2, elem type=java.lang.String[]@5000008e)
	[0]		50002269
	[1]		5000226a
ARR 5000116e (sz=24, trace=304062, nelems=2, elem type=java.lang.String[]@5000008e)
	[0]		50002265
	[1]		50002266
ARR 5000116f (sz=24, trace=304063, nelems=2, elem type=java.lang.String[]@5000008e)
	[0]		50002261
	[1]		50002262
ARR 50001170 (sz=24, trace=304064, nelems=2, elem type=java.lang.String[]@5000008e)
	[0]		5000225d
	[1]		5000225e
ARR 50001171 (sz=24, trace=304065, nelems=2, elem type=java.lang.String[]@5000008e)
	[0]		50002259
	[1]		5000225a
ARR 50001172 (sz=24, trace=304066, nelems=2, elem type=java.lang.String[]@5000008e)
	[0]		50002255
	[1]		50002256
ARR 50001173 (sz=24, trace=304067, nelems=2, elem type=java.lang.String[]@5000008e)
	[0]		50002251
	[1]		50002252
ARR 50001174 (sz=24, trace=304068, nelems=2, elem type=java.lang.String[]@5000008e)
	[0]		5000224d
	[1]		5000224e
ARR 50001175 (sz=24, trace=304069, nelems=2, elem type=java.lang.String[]@5000008e)
	[0]		50002249
	[1]		5000224a
ARR 50001176 (sz=24, trace=304070, nelems=2, elem type=java.lang.String[]@5000008e)
	[0]		50002245
	[1]		50002246
ARR 50001177 (sz=24, trace=304071, nelems=2, elem type=java.lang.String[]@5000008e)
	[0]		50002241
	[1]		50002242
ARR 50001178 (sz=24, trace=304072, nelems=2, elem type=java.lang.String[]@5000008e)
	[0]		5000223d
	[1]		5000223e
ARR 50001179 (sz=24, trace=304073, nelems=2, elem type=java.lang.String[]@5000008e)
	[0]		50002239
	[1]		5000223a
ARR 5000117a (sz=24, trace=304074, nelems=2, elem type=java.lang.String[]@5000008e)
	[0]		50002235
	[1]		50002236
ARR 5000117b (sz=24, trace=304075, nelems=2, elem type=java.lang.String[]@5000008e)
	[0]		50002231
	[1]		50002232
ARR 5000117c (sz=24, trace=304076, nelems=2, elem type=java.lang.String[]@5000008e)
	[0]		5000222d
	[1]		5000222e
ARR 5000117d (sz=24, trace=304077, nelems=2, elem type=java.lang.String[]@5000008e)
	[0]		50002229
	[1]		5000222a
ARR 5000117e (sz=24, trace=304078, nelems=2, elem type=java.lang.String[]@5000008e)
	[0]		50002225
	[1]		50002226
ARR 5000117f (sz=24, trace=304079, nelems=2, elem type=java.lang.String[]@5000008e)
	[0]		50002223
	[1]		50001e44
ARR 50001180 (sz=24, trace=304080, nelems=2, elem type=java.lang.String[]@5000008e)
	[0]		500015e8
	[1]		50002221
ARR 50001181 (sz=24, trace=304081, nelems=2, elem type=java.lang.String[]@5000008e)
	[0]		5000221d
	[1]		5000221e
ARR 50001182 (sz=24, trace=304082, nelems=2, elem type=java.lang.String[]@5000008e)
	[0]		50002219
	[1]		5000221a
ARR 50001183 (sz=24, trace=304083, nelems=2, elem type=java.lang.String[]@5000008e)
	[0]		50002215
	[1]		50002216
ARR 50001184 (sz=24, trace=304084, nelems=2, elem type=java.lang.String[]@5000008e)
	[0]		50002211
	[1]		50002212
ARR 50001185 (sz=24, trace=304085, nelems=2, elem type=java.lang.String[]@5000008e)
	[0]		5000220d
	[1]		5000220e
ARR 50001186 (sz=24, trace=304086, nelems=2, elem type=java.lang.String[]@5000008e)
	[0]		50002209
	[1]		5000220a
ARR 50001187 (sz=24, trace=304087, nelems=2, elem type=java.lang.String[]@5000008e)
	[0]		50002205
	[1]		50002206
ARR 50001188 (sz=24, trace=304088, nelems=2, elem type=java.lang.String[]@5000008e)
	[0]		50002201
	[1]		50002202
ARR 50001189 (sz=24, trace=304089, nelems=2, elem type=java.lang.String[]@5000008e)
	[0]		500021fd
	[1]		500021fe
ARR 5000118a (sz=24, trace=304090, nelems=2, elem type=java.lang.String[]@5000008e)
	[0]		500021f9
	[1]		500021fa
ARR 5000118b (sz=24, trace=304091, nelems=2, elem type=java.lang.String[]@5000008e)
	[0]		500021f5
	[1]		500021f6
ARR 5000118c (sz=24, trace=304092, nelems=2, elem type=java.lang.String[]@5000008e)
	[0]		500021f1
	[1]		500021f2
ARR 5000118d (sz=24, trace=304093, nelems=2, elem type=java.lang.String[]@5000008e)
	[0]		500021ed
	[1]		500021ee
ARR 5000118e (sz=24, trace=304094, nelems=2, elem type=java.lang.String[]@5000008e)
	[0]		500021e9
	[1]		500021ea
ARR 5000118f (sz=24, trace=304095, nelems=2, elem type=java.lang.String[]@5000008e)
	[0]		50001d66
	[1]		500021e7
ARR 50001190 (sz=24, trace=304096, nelems=2, elem type=java.lang.String[]@5000008e)
	[0]		500021e3
	[1]		500021e4
ARR 50001191 (sz=24, trace=304097, nelems=2, elem type=java.lang.String[]@5000008e)
	[0]		500021df
	[1]		500021e0
ARR 50001192 (sz=24, trace=304098, nelems=2, elem type=java.lang.String[]@5000008e)
	[0]		50001d67
	[1]		500021dd
ARR 50001193 (sz=24, trace=304099, nelems=2, elem type=java.lang.String[]@5000008e)
	[0]		500021d9
	[1]		500021da
ARR 50001194 (sz=32, trace=306388, nelems=0, elem type=java.lang.Object[]@50000013)
ARR 50001195 (sz=976, trace=304101, nelems=240, elem type=java.lang.String[][]@500010b4)
	[0]		50001196
	[1]		50001197
	[2]		50001198
	[3]		50001199
	[4]		5000119a
	[5]		5000119b
	[6]		5000119c
	[7]		5000119d
	[8]		5000119e
	[9]		5000119f
	[10]		500011a0
	[11]		500011a1
	[12]		500011a2
	[13]		500011a3
	[14]		500011a4
	[15]		500011a5
	[16]		500011a6
	[17]		500011a7
	[18]		500011a8
	[19]		500011a9
	[20]		500011aa
	[21]		500011ab
	[22]		500011ac
	[23]		500011ad
	[24]		500011ae
	[25]		500011af
	[26]		500011b0
	[27]		500011b1
	[28]		500011b2
	[29]		500011b3
	[30]		500011b4
	[31]		500011b5
	[32]		500011b6
	[33]		500011b7
	[34]		500011b8
	[35]		500011b9
	[36]		500011ba
	[37]		500011bb
	[38]		500011bc
	[39]		500011bd
	[40]		500011be
	[41]		500011bf
	[42]		500011c0
	[43]		500011c1
	[44]		500011c2
	[45]		500011c3
	[46]		500011c4
	[47]		500011c5
	[48]		500011c6
	[49]		500011c7
	[50]		500011c8
	[51]		500011c9
	[52]		500011ca
	[53]		500011cb
	[54]		500011cc
	[55]		500011cd
	[56]		500011ce
	[57]		500011cf
	[58]		500011d0
	[59]		500011d1
	[60]		500011d2
	[61]		500011d3
	[62]		500011d4
	[63]		500011d5
	[64]		500011d6
	[65]		500011d7
	[66]		500011d8
	[67]		500011d9
	[68]		500011da
	[69]		500011db
	[70]		500011dc
	[71]		500011dd
	[72]		500011de
	[73]		500011df
	[74]		500011e0
	[75]		500011e1
	[76]		500011e2
	[77]		500011e3
	[78]		500011e4
	[79]		500011e5
	[80]		500011e6
	[81]		500011e7
	[82]		500011e8
	[83]		500011e9
	[84]		500011ea
	[85]		500011eb
	[86]		500011ec
	[87]		500011ed
	[88]		500011ee
	[89]		500011ef
	[90]		500011f0
	[91]		500011f1
	[92]		500011f2
	[93]		500011f3
	[94]		500011f4
	[95]		500011f5
	[96]		500011f6
	[97]		500011f7
	[98]		500011f8
	[99]		500011f9
	[100]		500011fa
	[101]		500011fb
	[102]		500011fc
	[103]		500011fd
	[104]		500011fe
	[105]		500011ff
	[106]		50001200
	[107]		50001201
	[108]		50001202
	[109]		50001203
	[110]		50001204
	[111]		50001205
	[112]		50001206
	[113]		50001207
	[114]		50001208
	[115]		50001209
	[116]		5000120a
	[117]		5000120b
	[118]		5000120c
	[119]		5000120d
	[120]		5000120e
	[121]		5000120f
	[122]		50001210
	[123]		50001211
	[124]		50001212
	[125]		50001213
	[126]		50001214
	[127]		50001215
	[128]		50001216
	[129]		50001217
	[130]		50001218
	[131]		50001219
	[132]		5000121a
	[133]		5000121b
	[134]		5000121c
	[135]		5000121d
	[136]		5000121e
	[137]		5000121f
	[138]		50001220
	[139]		50001221
	[140]		50001222
	[141]		50001223
	[142]		50001224
	[143]		50001225
	[144]		50001226
	[145]		50001227
	[146]		50001228
	[147]		50001229
	[148]		5000122a
	[149]		5000122b
	[150]		5000122c
	[151]		5000122d
	[152]		5000122e
	[153]		5000122f
	[154]		50001230
	[155]		50001231
	[156]		50001232
	[157]		50001233
	[158]		50001234
	[159]		50001235
	[160]		50001236
	[161]		50001237
	[162]		50001238
	[163]		50001239
	[164]		5000123a
	[165]		5000123b
	[166]		5000123c
	[167]		5000123d
	[168]		5000123e
	[169]		5000123f
	[170]		50001240
	[171]		50001241
	[172]		50001242
	[173]		50001243
	[174]		50001244
	[175]		50001245
	[176]		50001246
	[177]		50001247
	[178]		50001248
	[179]		50001249
	[180]		5000124a
	[181]		5000124b
	[182]		5000124c
	[183]		5000124d
	[184]		5000124e
	[185]		5000124f
	[186]		50001250
	[187]		50001251
	[188]		50001252
	[189]		50001253
	[190]		50001254
	[191]		50001255
	[192]		50001256
	[193]		50001257
	[194]		50001258
	[195]		50001259
	[196]		5000125a
	[197]		5000125b
	[198]		5000125c
	[199]		5000125d
	[200]		5000125e
	[201]		5000125f
	[202]		50001260
	[203]		50001261
	[204]		50001262
	[205]		50001263
	[206]		50001264
	[207]		50001265
	[208]		50001266
	[209]		50001267
	[210]		50001268
	[211]		50001269
	[212]		5000126a
	[213]		5000126b
	[214]		5000126c
	[215]		5000126d
	[216]		5000126e
	[217]		5000126f
	[218]		50001270
	[219]		50001271
	[220]		50001272
	[221]		50001273
	[222]		50001274
	[223]		50001275
	[224]		50001276
	[225]		50001277
	[226]		50001278
	[227]		50001279
	[228]		5000127a
	[229]		5000127b
	[230]		5000127c
	[231]		5000127d
	[232]		5000127e
	[233]		5000127f
	[234]		50001280
	[235]		50001281
	[236]		50001282
	[237]		50001283
	[238]		50001284
	[239]		50001285
ARR 50001196 (sz=24, trace=304102, nelems=2, elem type=java.lang.String[]@5000008e)
	[0]		50002187
	[1]		50002188
ARR 50001197 (sz=24, trace=304103, nelems=2, elem type=java.lang.String[]@5000008e)
	[0]		50002183
	[1]		50002184
ARR 50001198 (sz=24, trace=304104, nelems=2, elem type=java.lang.String[]@5000008e)
	[0]		5000217f
	[1]		50002180
ARR 50001199 (sz=24, trace=304105, nelems=2, elem type=java.lang.String[]@5000008e)
	[0]		5000217b
	[1]		5000217c
ARR 5000119a (sz=24, trace=304106, nelems=2, elem type=java.lang.String[]@5000008e)
	[0]		50002177
	[1]		50002178
ARR 5000119b (sz=24, trace=304107, nelems=2, elem type=java.lang.String[]@5000008e)
	[0]		50002173
	[1]		50002174
ARR 5000119c (sz=24, trace=304108, nelems=2, elem type=java.lang.String[]@5000008e)
	[0]		50001dd9
	[1]		50002171
ARR 5000119d (sz=24, trace=304109, nelems=2, elem type=java.lang.String[]@5000008e)
	[0]		5000216d
	[1]		5000216e
ARR 5000119e (sz=24, trace=304110, nelems=2, elem type=java.lang.String[]@5000008e)
	[0]		50002169
	[1]		5000216a
ARR 5000119f (sz=24, trace=304111, nelems=2, elem type=java.lang.String[]@5000008e)
	[0]		50002165
	[1]		50002166
ARR 500011a0 (sz=24, trace=304112, nelems=2, elem type=java.lang.String[]@5000008e)
	[0]		50002161
	[1]		50002162
ARR 500011a1 (sz=24, trace=304113, nelems=2, elem type=java.lang.String[]@5000008e)
	[0]		5000215d
	[1]		5000215e
ARR 500011a2 (sz=24, trace=304114, nelems=2, elem type=java.lang.String[]@5000008e)
	[0]		50002159
	[1]		5000215a
ARR 500011a3 (sz=24, trace=304115, nelems=2, elem type=java.lang.String[]@5000008e)
	[0]		50002155
	[1]		50002156
ARR 500011a4 (sz=24, trace=304116, nelems=2, elem type=java.lang.String[]@5000008e)
	[0]		50002151
	[1]		50002152
ARR 500011a5 (sz=24, trace=304117, nelems=2, elem type=java.lang.String[]@5000008e)
	[0]		5000214d
	[1]		5000214e
ARR 500011a6 (sz=24, trace=304118, nelems=2, elem type=java.lang.String[]@5000008e)
	[0]		50002149
	[1]		5000214a
ARR 500011a7 (sz=24, trace=304119, nelems=2, elem type=java.lang.String[]@5000008e)
	[0]		50002145
	[1]		50002146
ARR 500011a8 (sz=24, trace=304120, nelems=2, elem type=java.lang.String[]@5000008e)
	[0]		50002141
	[1]		50002142
ARR 500011a9 (sz=24, trace=304121, nelems=2, elem type=java.lang.String[]@5000008e)
	[0]		5000213d
	[1]		5000213e
ARR 500011aa (sz=24, trace=304122, nelems=2, elem type=java.lang.String[]@5000008e)
	[0]		50002139
	[1]		5000213a
ARR 500011ab (sz=24, trace=304123, nelems=2, elem type=java.lang.String[]@5000008e)
	[0]		50002135
	[1]		50002136
ARR 500011ac (sz=24, trace=304124, nelems=2, elem type=java.lang.String[]@5000008e)
	[0]		50002131
	[1]		50002132
ARR 500011ad (sz=24, trace=304125, nelems=2, elem type=java.lang.String[]@5000008e)
	[0]		5000212d
	[1]		5000212e
ARR 500011ae (sz=24, trace=304126, nelems=2, elem type=java.lang.String[]@5000008e)
	[0]		50002129
	[1]		5000212a
ARR 500011af (sz=24, trace=304127, nelems=2, elem type=java.lang.String[]@5000008e)
	[0]		50002125
	[1]		50002126
ARR 500011b0 (sz=24, trace=304128, nelems=2, elem type=java.lang.String[]@5000008e)
	[0]		50002121
	[1]		50002122
ARR 500011b1 (sz=24, trace=304129, nelems=2, elem type=java.lang.String[]@5000008e)
	[0]		5000211d
	[1]		5000211e
ARR 500011b2 (sz=24, trace=304130, nelems=2, elem type=java.lang.String[]@5000008e)
	[0]		50002119
	[1]		5000211a
ARR 500011b3 (sz=24, trace=304131, nelems=2, elem type=java.lang.String[]@5000008e)
	[0]		50002115
	[1]		50002116
ARR 500011b4 (sz=24, trace=304132, nelems=2, elem type=java.lang.String[]@5000008e)
	[0]		50002111
	[1]		50002112
ARR 500011b5 (sz=24, trace=304133, nelems=2, elem type=java.lang.String[]@5000008e)
	[0]		5000210d
	[1]		5000210e
ARR 500011b6 (sz=24, trace=304134, nelems=2, elem type=java.lang.String[]@5000008e)
	[0]		50002109
	[1]		5000210a
ARR 500011b7 (sz=24, trace=304135, nelems=2, elem type=java.lang.String[]@5000008e)
	[0]		50002105
	[1]		50002106
ARR 500011b8 (sz=24, trace=304136, nelems=2, elem type=java.lang.String[]@5000008e)
	[0]		50002101
	[1]		50002102
ARR 500011b9 (sz=24, trace=304137, nelems=2, elem type=java.lang.String[]@5000008e)
	[0]		500020fd
	[1]		500020fe
ARR 500011ba (sz=24, trace=304138, nelems=2, elem type=java.lang.String[]@5000008e)
	[0]		50001d52
	[1]		500020fb
ARR 500011bb (sz=24, trace=304139, nelems=2, elem type=java.lang.String[]@5000008e)
	[0]		500020f7
	[1]		500020f8
ARR 500011bc (sz=24, trace=304140, nelems=2, elem type=java.lang.String[]@5000008e)
	[0]		500020f3
	[1]		500020f4
ARR 500011bd (sz=24, trace=304141, nelems=2, elem type=java.lang.String[]@5000008e)
	[0]		500020ef
	[1]		500020f0
ARR 500011be (sz=24, trace=304142, nelems=2, elem type=java.lang.String[]@5000008e)
	[0]		500020eb
	[1]		500020ec
ARR 500011bf (sz=24, trace=304143, nelems=2, elem type=java.lang.String[]@5000008e)
	[0]		500020e7
	[1]		500020e8
ARR 500011c0 (sz=24, trace=304144, nelems=2, elem type=java.lang.String[]@5000008e)
	[0]		500020e3
	[1]		500020e4
ARR 500011c1 (sz=24, trace=304145, nelems=2, elem type=java.lang.String[]@5000008e)
	[0]		500020df
	[1]		500020e0
ARR 500011c2 (sz=24, trace=304146, nelems=2, elem type=java.lang.String[]@5000008e)
	[0]		500020db
	[1]		500020dc
ARR 500011c3 (sz=24, trace=304147, nelems=2, elem type=java.lang.String[]@5000008e)
	[0]		500020d7
	[1]		500020d8
ARR 500011c4 (sz=24, trace=304148, nelems=2, elem type=java.lang.String[]@5000008e)
	[0]		50001d53
	[1]		500020d5
ARR 500011c5 (sz=24, trace=304149, nelems=2, elem type=java.lang.String[]@5000008e)
	[0]		500020d1
	[1]		500020d2
ARR 500011c6 (sz=24, trace=304150, nelems=2, elem type=java.lang.String[]@5000008e)
	[0]		500020cd
	[1]		500020ce
ARR 500011c7 (sz=24, trace=304151, nelems=2, elem type=java.lang.String[]@5000008e)
	[0]		500020c9
	[1]		500020ca
ARR 500011c8 (sz=24, trace=304152, nelems=2, elem type=java.lang.String[]@5000008e)
	[0]		500020c5
	[1]		500020c6
ARR 500011c9 (sz=24, trace=304153, nelems=2, elem type=java.lang.String[]@5000008e)
	[0]		500020c1
	[1]		500020c2
ARR 500011ca (sz=24, trace=304154, nelems=2, elem type=java.lang.String[]@5000008e)
	[0]		500020bd
	[1]		500020be
ARR 500011cb (sz=24, trace=304155, nelems=2, elem type=java.lang.String[]@5000008e)
	[0]		500020b9
	[1]		500020ba
ARR 500011cc (sz=24, trace=304156, nelems=2, elem type=java.lang.String[]@5000008e)
	[0]		500020b5
	[1]		500020b6
ARR 500011cd (sz=24, trace=304157, nelems=2, elem type=java.lang.String[]@5000008e)
	[0]		50001d54
	[1]		500020b3
ARR 500011ce (sz=24, trace=304158, nelems=2, elem type=java.lang.String[]@5000008e)
	[0]		500020af
	[1]		500020b0
ARR 500011cf (sz=24, trace=304159, nelems=2, elem type=java.lang.String[]@5000008e)
	[0]		500020ab
	[1]		500020ac
ARR 500011d0 (sz=24, trace=304160, nelems=2, elem type=java.lang.String[]@5000008e)
	[0]		500020a7
	[1]		500020a8
ARR 500011d1 (sz=24, trace=304161, nelems=2, elem type=java.lang.String[]@5000008e)
	[0]		500020a3
	[1]		500020a4
ARR 500011d2 (sz=24, trace=304162, nelems=2, elem type=java.lang.String[]@5000008e)
	[0]		5000209f
	[1]		500020a0
ARR 500011d3 (sz=24, trace=304163, nelems=2, elem type=java.lang.String[]@5000008e)
	[0]		5000209b
	[1]		5000209c
ARR 500011d4 (sz=24, trace=304164, nelems=2, elem type=java.lang.String[]@5000008e)
	[0]		50002097
	[1]		50002098
ARR 500011d5 (sz=24, trace=304165, nelems=2, elem type=java.lang.String[]@5000008e)
	[0]		50002093
	[1]		50002094
ARR 500011d6 (sz=24, trace=304166, nelems=2, elem type=java.lang.String[]@5000008e)
	[0]		5000208f
	[1]		50002090
ARR 500011d7 (sz=24, trace=304167, nelems=2, elem type=java.lang.String[]@5000008e)
	[0]		5000208b
	[1]		5000208c
ARR 500011d8 (sz=24, trace=304168, nelems=2, elem type=java.lang.String[]@5000008e)
	[0]		50002087
	[1]		50002088
ARR 500011d9 (sz=24, trace=304169, nelems=2, elem type=java.lang.String[]@5000008e)
	[0]		50002083
	[1]		50002084
ARR 500011da (sz=24, trace=304170, nelems=2, elem type=java.lang.String[]@5000008e)
	[0]		5000207f
	[1]		50002080
ARR 500011db (sz=24, trace=304171, nelems=2, elem type=java.lang.String[]@5000008e)
	[0]		5000207b
	[1]		5000207c
ARR 500011dc (sz=24, trace=304172, nelems=2, elem type=java.lang.String[]@5000008e)
	[0]		50002077
	[1]		50002078
ARR 500011dd (sz=24, trace=304173, nelems=2, elem type=java.lang.String[]@5000008e)
	[0]		50002073
	[1]		50002074
ARR 500011de (sz=24, trace=304174, nelems=2, elem type=java.lang.String[]@5000008e)
	[0]		5000206f
	[1]		50002070
ARR 500011df (sz=24, trace=304175, nelems=2, elem type=java.lang.String[]@5000008e)
	[0]		50001d55
	[1]		5000206d
ARR 500011e0 (sz=24, trace=304176, nelems=2, elem type=java.lang.String[]@5000008e)
	[0]		50002069
	[1]		5000206a
ARR 500011e1 (sz=24, trace=304177, nelems=2, elem type=java.lang.String[]@5000008e)
	[0]		50001d56
	[1]		50002067
ARR 500011e2 (sz=24, trace=304178, nelems=2, elem type=java.lang.String[]@5000008e)
	[0]		50002063
	[1]		50002064
ARR 500011e3 (sz=24, trace=304179, nelems=2, elem type=java.lang.String[]@5000008e)
	[0]		5000205f
	[1]		50002060
ARR 500011e4 (sz=24, trace=304180, nelems=2, elem type=java.lang.String[]@5000008e)
	[0]		5000205b
	[1]		5000205c
ARR 500011e5 (sz=24, trace=304181, nelems=2, elem type=java.lang.String[]@5000008e)
	[0]		50002057
	[1]		50002058
ARR 500011e6 (sz=24, trace=304182, nelems=2, elem type=java.lang.String[]@5000008e)
	[0]		50002053
	[1]		50002054
ARR 500011e7 (sz=24, trace=304183, nelems=2, elem type=java.lang.String[]@5000008e)
	[0]		5000204f
	[1]		50002050
ARR 500011e8 (sz=24, trace=304184, nelems=2, elem type=java.lang.String[]@5000008e)
	[0]		5000204b
	[1]		5000204c
ARR 500011e9 (sz=24, trace=304185, nelems=2, elem type=java.lang.String[]@5000008e)
	[0]		50002047
	[1]		50002048
ARR 500011ea (sz=24, trace=304186, nelems=2, elem type=java.lang.String[]@5000008e)
	[0]		50002043
	[1]		50002044
ARR 500011eb (sz=24, trace=304187, nelems=2, elem type=java.lang.String[]@5000008e)
	[0]		5000203f
	[1]		50002040
ARR 500011ec (sz=24, trace=304188, nelems=2, elem type=java.lang.String[]@5000008e)
	[0]		5000203b
	[1]		5000203c
ARR 500011ed (sz=24, trace=304189, nelems=2, elem type=java.lang.String[]@5000008e)
	[0]		50002037
	[1]		50002038
ARR 500011ee (sz=24, trace=304190, nelems=2, elem type=java.lang.String[]@5000008e)
	[0]		50002033
	[1]		50002034
ARR 500011ef (sz=24, trace=304191, nelems=2, elem type=java.lang.String[]@5000008e)
	[0]		5000202f
	[1]		50002030
ARR 500011f0 (sz=24, trace=304192, nelems=2, elem type=java.lang.String[]@5000008e)
	[0]		5000202b
	[1]		5000202c
ARR 500011f1 (sz=24, trace=304193, nelems=2, elem type=java.lang.String[]@5000008e)
	[0]		50002027
	[1]		50002028
ARR 500011f2 (sz=24, trace=304194, nelems=2, elem type=java.lang.String[]@5000008e)
	[0]		50002023
	[1]		50002024
ARR 500011f3 (sz=24, trace=304195, nelems=2, elem type=java.lang.String[]@5000008e)
	[0]		5000201f
	[1]		50002020
ARR 500011f4 (sz=24, trace=304196, nelems=2, elem type=java.lang.String[]@5000008e)
	[0]		5000201b
	[1]		5000201c
ARR 500011f5 (sz=24, trace=304197, nelems=2, elem type=java.lang.String[]@5000008e)
	[0]		50002017
	[1]		50002018
ARR 500011f6 (sz=24, trace=304198, nelems=2, elem type=java.lang.String[]@5000008e)
	[0]		50002013
	[1]		50002014
ARR 500011f7 (sz=24, trace=304199, nelems=2, elem type=java.lang.String[]@5000008e)
	[0]		5000200f
	[1]		50002010
ARR 500011f8 (sz=24, trace=304200, nelems=2, elem type=java.lang.String[]@5000008e)
	[0]		5000200b
	[1]		5000200c
ARR 500011f9 (sz=24, trace=304201, nelems=2, elem type=java.lang.String[]@5000008e)
	[0]		50002007
	[1]		50002008
ARR 500011fa (sz=24, trace=304202, nelems=2, elem type=java.lang.String[]@5000008e)
	[0]		50002003
	[1]		50002004
ARR 500011fb (sz=24, trace=304203, nelems=2, elem type=java.lang.String[]@5000008e)
	[0]		50001fff
	[1]		50002000
ARR 500011fc (sz=24, trace=304204, nelems=2, elem type=java.lang.String[]@5000008e)
	[0]		50001ffb
	[1]		50001ffc
ARR 500011fd (sz=24, trace=304205, nelems=2, elem type=java.lang.String[]@5000008e)
	[0]		50001ff7
	[1]		50001ff8
ARR 500011fe (sz=24, trace=304206, nelems=2, elem type=java.lang.String[]@5000008e)
	[0]		50001ff3
	[1]		50001ff4
ARR 500011ff (sz=24, trace=304207, nelems=2, elem type=java.lang.String[]@5000008e)
	[0]		50001fef
	[1]		50001ff0
ARR 50001200 (sz=24, trace=304208, nelems=2, elem type=java.lang.String[]@5000008e)
	[0]		50001d57
	[1]		50001fed
ARR 50001201 (sz=24, trace=304209, nelems=2, elem type=java.lang.String[]@5000008e)
	[0]		50001fe9
	[1]		50001fea
ARR 50001202 (sz=24, trace=304210, nelems=2, elem type=java.lang.String[]@5000008e)
	[0]		50001fe5
	[1]		50001fe6
ARR 50001203 (sz=24, trace=304211, nelems=2, elem type=java.lang.String[]@5000008e)
	[0]		50001d58
	[1]		50001fe3
ARR 50001204 (sz=24, trace=304212, nelems=2, elem type=java.lang.String[]@5000008e)
	[0]		50001fdf
	[1]		50001fe0
ARR 50001205 (sz=24, trace=304213, nelems=2, elem type=java.lang.String[]@5000008e)
	[0]		50001fdb
	[1]		50001fdc
ARR 50001206 (sz=24, trace=304214, nelems=2, elem type=java.lang.String[]@5000008e)
	[0]		50001fd7
	[1]		50001fd8
ARR 50001207 (sz=24, trace=304215, nelems=2, elem type=java.lang.String[]@5000008e)
	[0]		50001fd3
	[1]		50001fd4
ARR 50001208 (sz=24, trace=304216, nelems=2, elem type=java.lang.String[]@5000008e)
	[0]		50001fcf
	[1]		50001fd0
ARR 50001209 (sz=24, trace=304217, nelems=2, elem type=java.lang.String[]@5000008e)
	[0]		50001fcb
	[1]		50001fcc
ARR 5000120a (sz=24, trace=304218, nelems=2, elem type=java.lang.String[]@5000008e)
	[0]		50001fc7
	[1]		50001fc8
ARR 5000120b (sz=24, trace=304219, nelems=2, elem type=java.lang.String[]@5000008e)
	[0]		50001d59
	[1]		50001fc5
ARR 5000120c (sz=24, trace=304220, nelems=2, elem type=java.lang.String[]@5000008e)
	[0]		50001fc1
	[1]		50001fc2
ARR 5000120d (sz=24, trace=304221, nelems=2, elem type=java.lang.String[]@5000008e)
	[0]		50001fbd
	[1]		50001fbe
ARR 5000120e (sz=24, trace=304222, nelems=2, elem type=java.lang.String[]@5000008e)
	[0]		50001fb9
	[1]		50001fba
ARR 5000120f (sz=24, trace=304223, nelems=2, elem type=java.lang.String[]@5000008e)
	[0]		50001fb5
	[1]		50001fb6
ARR 50001210 (sz=24, trace=304224, nelems=2, elem type=java.lang.String[]@5000008e)
	[0]		50001fb1
	[1]		50001fb2
ARR 50001211 (sz=24, trace=304225, nelems=2, elem type=java.lang.String[]@5000008e)
	[0]		50001fad
	[1]		50001fae
ARR 50001212 (sz=24, trace=304226, nelems=2, elem type=java.lang.String[]@5000008e)
	[0]		50001fa9
	[1]		50001faa
ARR 50001213 (sz=24, trace=304227, nelems=2, elem type=java.lang.String[]@5000008e)
	[0]		50001fa5
	[1]		50001fa6
ARR 50001214 (sz=24, trace=304228, nelems=2, elem type=java.lang.String[]@5000008e)
	[0]		50001fa1
	[1]		50001fa2
ARR 50001215 (sz=24, trace=304229, nelems=2, elem type=java.lang.String[]@5000008e)
	[0]		50001f9d
	[1]		50001f9e
ARR 50001216 (sz=24, trace=304230, nelems=2, elem type=java.lang.String[]@5000008e)
	[0]		50001f99
	[1]		50001f9a
ARR 50001217 (sz=24, trace=304231, nelems=2, elem type=java.lang.String[]@5000008e)
	[0]		50001f95
	[1]		50001f96
ARR 50001218 (sz=24, trace=304232, nelems=2, elem type=java.lang.String[]@5000008e)
	[0]		50001f91
	[1]		50001f92
ARR 50001219 (sz=24, trace=304233, nelems=2, elem type=java.lang.String[]@5000008e)
	[0]		50001f8d
	[1]		50001f8e
ARR 5000121a (sz=24, trace=304234, nelems=2, elem type=java.lang.String[]@5000008e)
	[0]		50001f89
	[1]		50001f8a
ARR 5000121b (sz=24, trace=304235, nelems=2, elem type=java.lang.String[]@5000008e)
	[0]		50001f85
	[1]		50001f86
ARR 5000121c (sz=24, trace=304236, nelems=2, elem type=java.lang.String[]@5000008e)
	[0]		50001f81
	[1]		50001f82
ARR 5000121d (sz=24, trace=304237, nelems=2, elem type=java.lang.String[]@5000008e)
	[0]		50001f7d
	[1]		50001f7e
ARR 5000121e (sz=24, trace=304238, nelems=2, elem type=java.lang.String[]@5000008e)
	[0]		50001f79
	[1]		50001f7a
ARR 5000121f (sz=24, trace=304239, nelems=2, elem type=java.lang.String[]@5000008e)
	[0]		50001f75
	[1]		50001f76
ARR 50001220 (sz=24, trace=304240, nelems=2, elem type=java.lang.String[]@5000008e)
	[0]		50001f71
	[1]		50001f72
ARR 50001221 (sz=24, trace=304241, nelems=2, elem type=java.lang.String[]@5000008e)
	[0]		50001f6d
	[1]		50001f6e
ARR 50001222 (sz=24, trace=304242, nelems=2, elem type=java.lang.String[]@5000008e)
	[0]		50001f69
	[1]		50001f6a
ARR 50001223 (sz=24, trace=304243, nelems=2, elem type=java.lang.String[]@5000008e)
	[0]		50001f65
	[1]		50001f66
ARR 50001224 (sz=24, trace=304244, nelems=2, elem type=java.lang.String[]@5000008e)
	[0]		50001f61
	[1]		50001f62
ARR 50001225 (sz=24, trace=304245, nelems=2, elem type=java.lang.String[]@5000008e)
	[0]		50001f5d
	[1]		50001f5e
ARR 50001226 (sz=24, trace=304246, nelems=2, elem type=java.lang.String[]@5000008e)
	[0]		50001f59
	[1]		50001f5a
ARR 50001227 (sz=24, trace=304247, nelems=2, elem type=java.lang.String[]@5000008e)
	[0]		50001f55
	[1]		50001f56
ARR 50001228 (sz=24, trace=304248, nelems=2, elem type=java.lang.String[]@5000008e)
	[0]		50001f51
	[1]		50001f52
ARR 50001229 (sz=24, trace=304249, nelems=2, elem type=java.lang.String[]@5000008e)
	[0]		50001f4d
	[1]		50001f4e
ARR 5000122a (sz=24, trace=304250, nelems=2, elem type=java.lang.String[]@5000008e)
	[0]		50001f49
	[1]		50001f4a
ARR 5000122b (sz=24, trace=304251, nelems=2, elem type=java.lang.String[]@5000008e)
	[0]		50001f45
	[1]		50001f46
ARR 5000122c (sz=24, trace=304252, nelems=2, elem type=java.lang.String[]@5000008e)
	[0]		50001f41
	[1]		50001f42
ARR 5000122d (sz=24, trace=304253, nelems=2, elem type=java.lang.String[]@5000008e)
	[0]		50001f3d
	[1]		50001f3e
ARR 5000122e (sz=24, trace=304254, nelems=2, elem type=java.lang.String[]@5000008e)
	[0]		50001f39
	[1]		50001f3a
ARR 5000122f (sz=24, trace=304255, nelems=2, elem type=java.lang.String[]@5000008e)
	[0]		50001f35
	[1]		50001f36
ARR 50001230 (sz=24, trace=304256, nelems=2, elem type=java.lang.String[]@5000008e)
	[0]		50001f31
	[1]		50001f32
ARR 50001231 (sz=24, trace=304257, nelems=2, elem type=java.lang.String[]@5000008e)
	[0]		50001f2d
	[1]		50001f2e
ARR 50001232 (sz=24, trace=304258, nelems=2, elem type=java.lang.String[]@5000008e)
	[0]		50001f29
	[1]		50001f2a
ARR 50001233 (sz=24, trace=304259, nelems=2, elem type=java.lang.String[]@5000008e)
	[0]		50001f25
	[1]		50001f26
ARR 50001234 (sz=24, trace=304260, nelems=2, elem type=java.lang.String[]@5000008e)
	[0]		50001f21
	[1]		50001f22
ARR 50001235 (sz=24, trace=304261, nelems=2, elem type=java.lang.String[]@5000008e)
	[0]		50001f1d
	[1]		50001f1e
ARR 50001236 (sz=24, trace=304262, nelems=2, elem type=java.lang.String[]@5000008e)
	[0]		50001f19
	[1]		50001f1a
ARR 50001237 (sz=24, trace=304263, nelems=2, elem type=java.lang.String[]@5000008e)
	[0]		50001f15
	[1]		50001f16
ARR 50001238 (sz=24, trace=304264, nelems=2, elem type=java.lang.String[]@5000008e)
	[0]		50001f11
	[1]		50001f12
ARR 50001239 (sz=24, trace=304265, nelems=2, elem type=java.lang.String[]@5000008e)
	[0]		50001f0d
	[1]		50001f0e
ARR 5000123a (sz=24, trace=304266, nelems=2, elem type=java.lang.String[]@5000008e)
	[0]		50001f09
	[1]		50001f0a
ARR 5000123b (sz=24, trace=304267, nelems=2, elem type=java.lang.String[]@5000008e)
	[0]		50001f05
	[1]		50001f06
ARR 5000123c (sz=24, trace=304268, nelems=2, elem type=java.lang.String[]@5000008e)
	[0]		50001f01
	[1]		50001f02
ARR 5000123d (sz=24, trace=304269, nelems=2, elem type=java.lang.String[]@5000008e)
	[0]		50001efd
	[1]		50001efe
ARR 5000123e (sz=24, trace=304270, nelems=2, elem type=java.lang.String[]@5000008e)
	[0]		50001ef9
	[1]		50001efa
ARR 5000123f (sz=24, trace=304271, nelems=2, elem type=java.lang.String[]@5000008e)
	[0]		50001ef5
	[1]		50001ef6
ARR 50001240 (sz=24, trace=304272, nelems=2, elem type=java.lang.String[]@5000008e)
	[0]		50001ef1
	[1]		50001ef2
ARR 50001241 (sz=24, trace=304273, nelems=2, elem type=java.lang.String[]@5000008e)
	[0]		50001eed
	[1]		50001eee
ARR 50001242 (sz=24, trace=304274, nelems=2, elem type=java.lang.String[]@5000008e)
	[0]		50001ee9
	[1]		50001eea
ARR 50001243 (sz=24, trace=304275, nelems=2, elem type=java.lang.String[]@5000008e)
	[0]		50001dda
	[1]		50001ee7
ARR 50001244 (sz=24, trace=304276, nelems=2, elem type=java.lang.String[]@5000008e)
	[0]		50001ee3
	[1]		50001ee4
ARR 50001245 (sz=24, trace=304277, nelems=2, elem type=java.lang.String[]@5000008e)
	[0]		50001edf
	[1]		50001ee0
ARR 50001246 (sz=24, trace=304278, nelems=2, elem type=java.lang.String[]@5000008e)
	[0]		50001edb
	[1]		50001edc
ARR 50001247 (sz=24, trace=304279, nelems=2, elem type=java.lang.String[]@5000008e)
	[0]		50001ed7
	[1]		50001ed8
ARR 50001248 (sz=24, trace=304280, nelems=2, elem type=java.lang.String[]@5000008e)
	[0]		50001ed3
	[1]		50001ed4
ARR 50001249 (sz=24, trace=304281, nelems=2, elem type=java.lang.String[]@5000008e)
	[0]		50001ecf
	[1]		50001ed0
ARR 5000124a (sz=24, trace=304282, nelems=2, elem type=java.lang.String[]@5000008e)
	[0]		50001ecb
	[1]		50001ecc
ARR 5000124b (sz=24, trace=304283, nelems=2, elem type=java.lang.String[]@5000008e)
	[0]		50001ec7
	[1]		50001ec8
ARR 5000124c (sz=24, trace=304284, nelems=2, elem type=java.lang.String[]@5000008e)
	[0]		50001ec3
	[1]		50001ec4
ARR 5000124d (sz=24, trace=304285, nelems=2, elem type=java.lang.String[]@5000008e)
	[0]		50001ebf
	[1]		50001ec0
ARR 5000124e (sz=24, trace=304286, nelems=2, elem type=java.lang.String[]@5000008e)
	[0]		50001ebb
	[1]		50001ebc
ARR 5000124f (sz=24, trace=304287, nelems=2, elem type=java.lang.String[]@5000008e)
	[0]		50001eb7
	[1]		50001eb8
ARR 50001250 (sz=24, trace=304288, nelems=2, elem type=java.lang.String[]@5000008e)
	[0]		50001eb3
	[1]		50001eb4
ARR 50001251 (sz=24, trace=304289, nelems=2, elem type=java.lang.String[]@5000008e)
	[0]		50001eaf
	[1]		50001eb0
ARR 50001252 (sz=24, trace=304290, nelems=2, elem type=java.lang.String[]@5000008e)
	[0]		50001eab
	[1]		50001eac
ARR 50001253 (sz=24, trace=304291, nelems=2, elem type=java.lang.String[]@5000008e)
	[0]		50001ea7
	[1]		50001ea8
ARR 50001254 (sz=24, trace=304292, nelems=2, elem type=java.lang.String[]@5000008e)
	[0]		50001ea3
	[1]		50001ea4
ARR 50001255 (sz=24, trace=304293, nelems=2, elem type=java.lang.String[]@5000008e)
	[0]		50001e9f
	[1]		50001ea0
ARR 50001256 (sz=24, trace=304294, nelems=2, elem type=java.lang.String[]@5000008e)
	[0]		50001e9b
	[1]		50001e9c
ARR 50001257 (sz=24, trace=304295, nelems=2, elem type=java.lang.String[]@5000008e)
	[0]		50001e97
	[1]		50001e98
ARR 50001258 (sz=24, trace=304296, nelems=2, elem type=java.lang.String[]@5000008e)
	[0]		50001e93
	[1]		50001e94
ARR 50001259 (sz=24, trace=304297, nelems=2, elem type=java.lang.String[]@5000008e)
	[0]		50001e8f
	[1]		50001e90
ARR 5000125a (sz=24, trace=304298, nelems=2, elem type=java.lang.String[]@5000008e)
	[0]		50001e8b
	[1]		50001e8c
ARR 5000125b (sz=24, trace=304299, nelems=2, elem type=java.lang.String[]@5000008e)
	[0]		50001e87
	[1]		50001e88
ARR 5000125c (sz=24, trace=304300, nelems=2, elem type=java.lang.String[]@5000008e)
	[0]		50001e83
	[1]		50001e84
ARR 5000125d (sz=24, trace=304301, nelems=2, elem type=java.lang.String[]@5000008e)
	[0]		50001e7f
	[1]		50001e80
ARR 5000125e (sz=24, trace=304302, nelems=2, elem type=java.lang.String[]@5000008e)
	[0]		50001e7b
	[1]		50001e7c
ARR 5000125f (sz=24, trace=304303, nelems=2, elem type=java.lang.String[]@5000008e)
	[0]		50001e77
	[1]		50001e78
ARR 50001260 (sz=24, trace=304304, nelems=2, elem type=java.lang.String[]@5000008e)
	[0]		50001e73
	[1]		50001e74
ARR 50001261 (sz=24, trace=304305, nelems=2, elem type=java.lang.String[]@5000008e)
	[0]		50001e6f
	[1]		50001e70
ARR 50001262 (sz=24, trace=304306, nelems=2, elem type=java.lang.String[]@5000008e)
	[0]		50001e6b
	[1]		50001e6c
ARR 50001263 (sz=24, trace=304307, nelems=2, elem type=java.lang.String[]@5000008e)
	[0]		50001e67
	[1]		50001e68
ARR 50001264 (sz=24, trace=304308, nelems=2, elem type=java.lang.String[]@5000008e)
	[0]		50001e63
	[1]		50001e64
ARR 50001265 (sz=24, trace=304309, nelems=2, elem type=java.lang.String[]@5000008e)
	[0]		50001e5f
	[1]		50001e60
ARR 50001266 (sz=24, trace=304310, nelems=2, elem type=java.lang.String[]@5000008e)
	[0]		50001e5b
	[1]		50001e5c
ARR 50001267 (sz=24, trace=304311, nelems=2, elem type=java.lang.String[]@5000008e)
	[0]		50001e57
	[1]		50001e58
ARR 50001268 (sz=24, trace=304312, nelems=2, elem type=java.lang.String[]@5000008e)
	[0]		50001e53
	[1]		50001e54
ARR 50001269 (sz=24, trace=304313, nelems=2, elem type=java.lang.String[]@5000008e)
	[0]		50001e4f
	[1]		50001e50
ARR 5000126a (sz=24, trace=304314, nelems=2, elem type=java.lang.String[]@5000008e)
	[0]		50001e4b
	[1]		50001e4c
ARR 5000126b (sz=24, trace=304315, nelems=2, elem type=java.lang.String[]@5000008e)
	[0]		50001e47
	[1]		50001e48
ARR 5000126c (sz=24, trace=304316, nelems=2, elem type=java.lang.String[]@5000008e)
	[0]		50001e43
	[1]		50001e44
ARR 5000126d (sz=24, trace=304317, nelems=2, elem type=java.lang.String[]@5000008e)
	[0]		50001e3f
	[1]		50001e40
ARR 5000126e (sz=24, trace=304318, nelems=2, elem type=java.lang.String[]@5000008e)
	[0]		50001e3b
	[1]		50001e3c
ARR 5000126f (sz=24, trace=304319, nelems=2, elem type=java.lang.String[]@5000008e)
	[0]		50001e37
	[1]		50001e38
ARR 50001270 (sz=24, trace=304320, nelems=2, elem type=java.lang.String[]@5000008e)
	[0]		50001d5a
	[1]		50001e35
ARR 50001271 (sz=24, trace=304321, nelems=2, elem type=java.lang.String[]@5000008e)
	[0]		50001e31
	[1]		50001e32
ARR 50001272 (sz=24, trace=304322, nelems=2, elem type=java.lang.String[]@5000008e)
	[0]		50001e2d
	[1]		50001e2e
ARR 50001273 (sz=24, trace=304323, nelems=2, elem type=java.lang.String[]@5000008e)
	[0]		50001e29
	[1]		50001e2a
ARR 50001274 (sz=24, trace=304324, nelems=2, elem type=java.lang.String[]@5000008e)
	[0]		50001e25
	[1]		50001e26
ARR 50001275 (sz=24, trace=304325, nelems=2, elem type=java.lang.String[]@5000008e)
	[0]		50001d4c
	[1]		50001e23
ARR 50001276 (sz=24, trace=304326, nelems=2, elem type=java.lang.String[]@5000008e)
	[0]		50001e1f
	[1]		50001e20
ARR 50001277 (sz=24, trace=304327, nelems=2, elem type=java.lang.String[]@5000008e)
	[0]		50001e1b
	[1]		50001e1c
ARR 50001278 (sz=24, trace=304328, nelems=2, elem type=java.lang.String[]@5000008e)
	[0]		50001e17
	[1]		50001e18
ARR 50001279 (sz=24, trace=304329, nelems=2, elem type=java.lang.String[]@5000008e)
	[0]		50001e13
	[1]		50001e14
ARR 5000127a (sz=24, trace=304330, nelems=2, elem type=java.lang.String[]@5000008e)
	[0]		50001e0f
	[1]		50001e10
ARR 5000127b (sz=24, trace=304331, nelems=2, elem type=java.lang.String[]@5000008e)
	[0]		50001e0b
	[1]		50001e0c
ARR 5000127c (sz=24, trace=304332, nelems=2, elem type=java.lang.String[]@5000008e)
	[0]		50001e07
	[1]		50001e08
ARR 5000127d (sz=24, trace=304333, nelems=2, elem type=java.lang.String[]@5000008e)
	[0]		50001e03
	[1]		50001e04
ARR 5000127e (sz=24, trace=304334, nelems=2, elem type=java.lang.String[]@5000008e)
	[0]		50001dff
	[1]		50001e00
ARR 5000127f (sz=24, trace=304335, nelems=2, elem type=java.lang.String[]@5000008e)
	[0]		50001dfb
	[1]		50001dfc
ARR 50001280 (sz=24, trace=304336, nelems=2, elem type=java.lang.String[]@5000008e)
	[0]		50001df7
	[1]		50001df8
ARR 50001281 (sz=24, trace=304337, nelems=2, elem type=java.lang.String[]@5000008e)
	[0]		50001df3
	[1]		50001df4
ARR 50001282 (sz=24, trace=304338, nelems=2, elem type=java.lang.String[]@5000008e)
	[0]		50001def
	[1]		50001df0
ARR 50001283 (sz=24, trace=304339, nelems=2, elem type=java.lang.String[]@5000008e)
	[0]		50001deb
	[1]		50001dec
ARR 50001284 (sz=24, trace=304340, nelems=2, elem type=java.lang.String[]@5000008e)
	[0]		50001de7
	[1]		50001de8
ARR 50001285 (sz=24, trace=304341, nelems=2, elem type=java.lang.String[]@5000008e)
	[0]		50001de3
	[1]		50001de4
OBJ 50001286 (sz=32, trace=306284, class=com.sun.org.apache.xerces.internal.dom.AttrImpl@50000e41)
OBJ 50001287 (sz=56, trace=306255, class=com.sun.org.apache.xerces.internal.dom.ElementImpl@50000e3e)
OBJ 50001288 (sz=32, trace=306284, class=com.sun.org.apache.xerces.internal.dom.AttrImpl@50000e41)
OBJ 50001289 (sz=24, trace=306387, class=com.sun.org.apache.xerces.internal.dom.AttributeMap@50000e45)
ARR 5000128a (sz=24, trace=304346, nelems=3, elem type=java.lang.String[]@5000008e)
	[0]		500021a9
	[1]		500021aa
	[2]		500021ab
OBJ 5000128b (sz=24, trace=306321, class=java.util.Vector@50000077)
ARR 5000128c (sz=64, trace=304348, nelems=13, elem type=java.lang.String[]@5000008e)
	[0]		50001d9b
	[1]		50001d9c
	[2]		50001d9d
	[3]		50001d9e
	[4]		50001d9f
	[5]		50001da0
	[6]		50001da1
	[7]		50001da2
	[8]		50001da3
	[9]		50001da4
	[10]		50001da5
	[11]		50001da6
	[12]		5000171d
ARR 5000128d (sz=32, trace=306388, nelems=0, elem type=java.lang.Object[]@50000013)
ARR 5000128e (sz=64, trace=304350, nelems=13, elem type=java.lang.String[]@5000008e)
	[0]		50002191
	[1]		50002192
	[2]		50002193
	[3]		50002194
	[4]		50001d9f
	[5]		50002195
	[6]		50002196
	[7]		50002197
	[8]		50002198
	[9]		50002199
	[10]		5000219a
	[11]		5000219b
	[12]		5000171d
OBJ 5000128f (sz=32, trace=306284, class=com.sun.org.apache.xerces.internal.dom.AttrImpl@50000e41)
ARR 50001290 (sz=40, trace=304352, nelems=7, elem type=java.lang.String[]@5000008e)
	[0]		500021b1
	[1]		500021b2
	[2]		500021b3
	[3]		500021b4
	[4]		500021b5
	[5]		500021b6
	[6]		500021b7
OBJ 50001291 (sz=56, trace=306255, class=com.sun.org.apache.xerces.internal.dom.ElementImpl@50000e3e)
ARR 50001292 (sz=40, trace=304354, nelems=7, elem type=java.lang.String[]@5000008e)
	[0]		500021c1
	[1]		500021c2
	[2]		500021c3
	[3]		500021c4
	[4]		500021c5
	[5]		500021c6
	[6]		500021c7
OBJ 50001293 (sz=32, trace=306284, class=com.sun.org.apache.xerces.internal.dom.AttrImpl@50000e41)
ARR 50001294 (sz=24, trace=304356, nelems=2, elem type=java.lang.String[]@5000008e)
	[0]		50001dd9
	[1]		50001dda
OBJ 50001295 (sz=24, trace=306387, class=com.sun.org.apache.xerces.internal.dom.AttributeMap@50000e45)
ARR 50001296 (sz=24, trace=304358, nelems=2, elem type=java.lang.String[]@5000008e)
	[0]		5000218d
	[1]		50002187
OBJ 50001297 (sz=24, trace=306321, class=java.util.Vector@50000077)
ARR 50001298 (sz=24, trace=304360, nelems=3, elem type=java.lang.String[]@5000008e)
	[0]		50001d40
	[1]		50001dd5
	[2]		50001d3f
ARR 50001299 (sz=32, trace=306388, nelems=0, elem type=java.lang.Object[]@50000013)
ARR 5000129a (sz=56, trace=304362, nelems=11, elem type=java.lang.String[]@5000008e)
	[0]		50001730
	[1]		50001dc7
	[2]		50001bf1
	[3]		50001dc8
	[4]		50001dc9
	[5]		50001dca
	[6]		50001856
	[7]		50001dcb
	[8]		50001dcc
	[9]		50001dcd
	[10]		50001b7a
OBJ 5000129b (sz=32, trace=306284, class=com.sun.org.apache.xerces.internal.dom.AttrImpl@50000e41)
ARR 5000129c (sz=16, trace=304364, nelems=0, elem type=java.lang.String[][]@500010b4)
OBJ 5000129d (sz=56, trace=306255, class=com.sun.org.apache.xerces.internal.dom.ElementImpl@50000e3e)
ARR 5000129e (sz=48, trace=304366, nelems=9, elem type=java.lang.String[]@5000008e)
	[0]		50001db5
	[1]		50001db5
	[2]		50001db6
	[3]		50001db7
	[4]		50001db8
	[5]		50001db9
	[6]		50001dba
	[7]		50001dbb
	[8]		50001dbc
OBJ 5000129f (sz=32, trace=306284, class=com.sun.org.apache.xerces.internal.dom.AttrImpl@50000e41)
ARR 500012a0 (sz=24, trace=304368, nelems=2, elem type=java.lang.String[]@5000008e)
	[0]		500021d1
	[1]		500021d1
OBJ 500012a1 (sz=24, trace=306387, class=com.sun.org.apache.xerces.internal.dom.AttributeMap@50000e45)
OBJ 500012a2 (sz=40, trace=303846, class=java.util.HashMap@50000096)
	table		500012a3
ARR 500012a3 (sz=144, trace=303849, nelems=31, elem type=java.util.HashMap$Entry[]@5000004d)
	[3]		500012a6
	[4]		500012a4
	[8]		500012a7
	[12]		500012b4
	[13]		500012ad
	[15]		500012ac
	[16]		500012ab
	[17]		500012af
	[18]		500012a5
	[23]		500012a8
	[24]		500012b1
	[27]		500012b3
	[28]		500012b5
	[30]		500012b2
OBJ 500012a4 (sz=24, trace=303857, class=java.util.HashMap$Entry@5000004c)
	key		500021d7
	value		500010d7
OBJ 500012a5 (sz=24, trace=303857, class=java.util.HashMap$Entry@5000004c)
	key		50001de1
	value		50001195
OBJ 500012a6 (sz=24, trace=303857, class=java.util.HashMap$Entry@5000004c)
	key		500024a6
	value		500024a5
OBJ 500012a7 (sz=24, trace=303857, class=java.util.HashMap$Entry@5000004c)
	key		500021d4
	value		500021d3
OBJ 500012a8 (sz=24, trace=303857, class=java.util.HashMap$Entry@5000004c)
	key		50001dde
	value		50001ddd
OBJ 500012a9 (sz=24, trace=303857, class=java.util.HashMap$Entry@5000004c)
	key		500021a7
	value		5000128a
OBJ 500012aa (sz=24, trace=303857, class=java.util.HashMap$Entry@5000004c)
	key		50001d99
	value		5000128c
OBJ 500012ab (sz=24, trace=303857, class=java.util.HashMap$Entry@5000004c)
	key		5000218f
	value		5000128e
	next		500012a9
OBJ 500012ac (sz=24, trace=303857, class=java.util.HashMap$Entry@5000004c)
	key		500021af
	value		50001290
OBJ 500012ad (sz=24, trace=303857, class=java.util.HashMap$Entry@5000004c)
	key		500021bf
	value		50001292
OBJ 500012ae (sz=24, trace=303857, class=java.util.HashMap$Entry@5000004c)
	key		50001dd7
	value		50001294
OBJ 500012af (sz=24, trace=303857, class=java.util.HashMap$Entry@5000004c)
	key		5000218b
	value		50001296
OBJ 500012b0 (sz=24, trace=303857, class=java.util.HashMap$Entry@5000004c)
	key		50001d41
	value		50001298
	next		500012ae
OBJ 500012b1 (sz=24, trace=303857, class=java.util.HashMap$Entry@5000004c)
	key		50001dc5
	value		5000129a
	next		500012b0
OBJ 500012b2 (sz=24, trace=303857, class=java.util.HashMap$Entry@5000004c)
	key		50001d95
	value		5000129c
OBJ 500012b3 (sz=24, trace=303857, class=java.util.HashMap$Entry@5000004c)
	key		50001db3
	value		5000129e
OBJ 500012b4 (sz=24, trace=303857, class=java.util.HashMap$Entry@5000004c)
	key		500021cf
	value		500012a0
OBJ 500012b5 (sz=24, trace=303857, class=java.util.HashMap$Entry@5000004c)
	key		50001d97
	value		5000171d
	next		500012aa
OBJ 500012b7 (sz=40, trace=304380, class=java.util.HashMap@50000096)
	table		500012b8
ARR 500012b8 (sz=48, trace=304383, nelems=2, elem type=java.util.HashMap$Entry[]@5000004d)
	[1]		500012e1
OBJ 500012ba (sz=24, trace=306321, class=java.util.Vector@50000077)
ARR 500012bc (sz=144, trace=304392, nelems=0, elem type=long[])
ARR 500012bd (sz=80, trace=304393, nelems=16, elem type=java.lang.String[]@5000008e)
	[0]		500025fd
	[1]		50002608
	[2]		500024ab
	[3]		50002609
	[4]		50002601
	[5]		500025fa
	[6]		50002607
	[7]		50002602
	[8]		50002600
	[9]		500025fc
	[10]		500025fe
	[11]		500025fb
	[12]		5000260a
	[13]		500025ff
	[14]		50002603
	[15]		50002605
ARR 500012be (sz=80, trace=304394, nelems=16, elem type=java.lang.String[]@5000008e)
	[14]		50002604
	[15]		50002606
ARR 500012bf (sz=80, trace=304395, nelems=0, elem type=int[])
ARR 500012c0 (sz=80, trace=304396, nelems=0, elem type=int[])
ARR 500012c1 (sz=208, trace=304397, nelems=0, elem type=int[])
OBJ 500012c2 (sz=32, trace=301557, class=java.lang.ref.SoftReference@500000ad)
OBJ 500012c3 (sz=72, trace=301565, class=java.lang.reflect.Field@500000d6)
ARR 500012cb (sz=16, trace=304436, nelems=1, elem type=java.lang.String[]@5000008e)
	[0]		500024e0
OBJ 500012cc (sz=24, trace=304440, class=java.util.HashMap$Entry@5000004c)
	key		500012c8
	value		500012cb
OBJ 500012cd (sz=32, trace=304447, class=sun.reflect.UnsafeQualifiedStaticObjectFieldAccessorImpl@500012ca)
OBJ 500012ce (sz=72, trace=301565, class=java.lang.reflect.Field@500000d6)
OBJ 500012cf (sz=32, trace=304447, class=sun.reflect.UnsafeQualifiedStaticObjectFieldAccessorImpl@500012ca)
OBJ 500012d0 (sz=72, trace=301565, class=java.lang.reflect.Field@500000d6)
OBJ 500012d1 (sz=32, trace=304447, class=sun.reflect.UnsafeQualifiedStaticObjectFieldAccessorImpl@500012ca)
OBJ 500012d2 (sz=72, trace=301565, class=java.lang.reflect.Field@500000d6)
OBJ 500012d3 (sz=32, trace=304447, class=sun.reflect.UnsafeQualifiedStaticObjectFieldAccessorImpl@500012ca)
OBJ 500012d4 (sz=72, trace=301565, class=java.lang.reflect.Field@500000d6)
OBJ 500012d5 (sz=32, trace=304447, class=sun.reflect.UnsafeQualifiedStaticObjectFieldAccessorImpl@500012ca)
OBJ 500012d6 (sz=72, trace=301565, class=java.lang.reflect.Field@500000d6)
OBJ 500012d7 (sz=32, trace=304447, class=sun.reflect.UnsafeQualifiedStaticObjectFieldAccessorImpl@500012ca)
OBJ 500012d8 (sz=72, trace=301565, class=java.lang.reflect.Field@500000d6)
OBJ 500012d9 (sz=32, trace=304447, class=sun.reflect.UnsafeQualifiedStaticObjectFieldAccessorImpl@500012ca)
OBJ 500012da (sz=72, trace=301565, class=java.lang.reflect.Field@500000d6)
OBJ 500012db (sz=32, trace=304447, class=sun.reflect.UnsafeQualifiedStaticObjectFieldAccessorImpl@500012ca)
ARR 500012dc (sz=32, trace=306388, nelems=0, elem type=java.lang.Object[]@50000013)
OBJ 500012dd (sz=32, trace=306284, class=com.sun.org.apache.xerces.internal.dom.AttrImpl@50000e41)
OBJ 500012de (sz=24, trace=304484, class=java.lang.String@5000008d)
	value		500012df
ARR 500012df (sz=24, trace=304485, nelems=0, elem type=char[])
OBJ 500012e0 (sz=16, trace=304493, class=java.util.Currency@500012b6)
	currencyCode	500012de
OBJ 500012e1 (sz=24, trace=304499, class=java.util.HashMap$Entry@5000004c)
	key		500012de
	value		500012e0
OBJ 500012e2 (sz=56, trace=306255, class=com.sun.org.apache.xerces.internal.dom.ElementImpl@50000e3e)
OBJ 500012e3 (sz=32, trace=306284, class=com.sun.org.apache.xerces.internal.dom.AttrImpl@50000e41)
OBJ 500012e4 (sz=24, trace=306387, class=com.sun.org.apache.xerces.internal.dom.AttributeMap@50000e45)
OBJ 500012e5 (sz=24, trace=306321, class=java.util.Vector@50000077)
ARR 500012e6 (sz=32, trace=306388, nelems=0, elem type=java.lang.Object[]@50000013)
OBJ 500012e7 (sz=32, trace=306284, class=com.sun.org.apache.xerces.internal.dom.AttrImpl@50000e41)
OBJ 500012e8 (sz=56, trace=306255, class=com.sun.org.apache.xerces.internal.dom.ElementImpl@50000e3e)
OBJ 500012e9 (sz=32, trace=306284, class=com.sun.org.apache.xerces.internal.dom.AttrImpl@50000e41)
OBJ 500012ea (sz=24, trace=306387, class=com.sun.org.apache.xerces.internal.dom.AttributeMap@50000e45)
OBJ 500012eb (sz=24, trace=306321, class=java.util.Vector@50000077)
ARR 500012ec (sz=32, trace=306388, nelems=0, elem type=java.lang.Object[]@50000013)
OBJ 500012ed (sz=32, trace=306284, class=com.sun.org.apache.xerces.internal.dom.AttrImpl@50000e41)
OBJ 500012ee (sz=24, trace=304517, class=java.util.Hashtable$Entry@50000038)
	key		50001d49
	value		500010c1
ARR 500012f2 (sz=16, trace=304526, nelems=0, elem type=java.text.FieldPosition[]@500012f1)
OBJ 500012f3 (sz=40, trace=304527, class=java.util.Hashtable@5000000e)
	table		500012f4
ARR 500012f4 (sz=24, trace=304530, nelems=0, elem type=java.util.Hashtable$Entry[]@50000039)
OBJ 500012f5 (sz=136, trace=304534, class=java.text.DecimalFormat@500012ef)
ARR 500012f7 (sz=56, trace=304538, nelems=0, elem type=char[])
OBJ 500012f8 (sz=32, trace=304542, class=java.text.DigitList@500012f6)
ARR 500012f9 (sz=56, trace=304543, nelems=0, elem type=char[])
OBJ 500012fa (sz=56, trace=306255, class=com.sun.org.apache.xerces.internal.dom.ElementImpl@50000e3e)
OBJ 500012fb (sz=32, trace=306284, class=com.sun.org.apache.xerces.internal.dom.AttrImpl@50000e41)
OBJ 500012fc (sz=24, trace=306387, class=com.sun.org.apache.xerces.internal.dom.AttributeMap@50000e45)
OBJ 500012fd (sz=24, trace=306321, class=java.util.Vector@50000077)
OBJ 500012fe (sz=24, trace=304558, class=java.lang.String@5000008d)
ARR 500012ff (sz=16, trace=304559, nelems=0, elem type=char[])
OBJ 50001300 (sz=24, trace=304562, class=java.lang.String@5000008d)
ARR 50001301 (sz=16, trace=304563, nelems=0, elem type=char[])
ARR 50001302 (sz=32, trace=306388, nelems=0, elem type=java.lang.Object[]@50000013)
OBJ 50001303 (sz=32, trace=306284, class=com.sun.org.apache.xerces.internal.dom.AttrImpl@50000e41)
OBJ 50001304 (sz=56, trace=306255, class=com.sun.org.apache.xerces.internal.dom.ElementImpl@50000e3e)
OBJ 50001305 (sz=32, trace=306284, class=com.sun.org.apache.xerces.internal.dom.AttrImpl@50000e41)
OBJ 50001306 (sz=24, trace=304590, class=java.lang.String@5000008d)
ARR 50001307 (sz=16, trace=304591, nelems=0, elem type=char[])
OBJ 50001308 (sz=24, trace=304592, class=java.lang.String@5000008d)
ARR 50001309 (sz=16, trace=304593, nelems=0, elem type=char[])
OBJ 5000130a (sz=24, trace=306387, class=com.sun.org.apache.xerces.internal.dom.AttributeMap@50000e45)
OBJ 5000130b (sz=24, trace=306321, class=java.util.Vector@50000077)
OBJ 5000130c (sz=24, trace=304602, class=java.lang.String@5000008d)
ARR 5000130d (sz=16, trace=304603, nelems=0, elem type=char[])
OBJ 5000130e (sz=24, trace=304607, class=java.lang.String@5000008d)
ARR 5000130f (sz=16, trace=304608, nelems=0, elem type=char[])
OBJ 50001310 (sz=24, trace=304613, class=java.lang.String@5000008d)
ARR 50001311 (sz=16, trace=304614, nelems=0, elem type=char[])
OBJ 50001312 (sz=24, trace=304615, class=java.lang.String@5000008d)
ARR 50001313 (sz=16, trace=304616, nelems=0, elem type=char[])
ARR 50001314 (sz=32, trace=306388, nelems=0, elem type=java.lang.Object[]@50000013)
OBJ 50001315 (sz=32, trace=306284, class=com.sun.org.apache.xerces.internal.dom.AttrImpl@50000e41)
OBJ 50001316 (sz=56, trace=306255, class=com.sun.org.apache.xerces.internal.dom.ElementImpl@50000e3e)
OBJ 50001317 (sz=32, trace=306284, class=com.sun.org.apache.xerces.internal.dom.AttrImpl@50000e41)
OBJ 50001318 (sz=24, trace=306387, class=com.sun.org.apache.xerces.internal.dom.AttributeMap@50000e45)
OBJ 50001319 (sz=24, trace=306321, class=java.util.Vector@50000077)
ARR 5000131a (sz=32, trace=306388, nelems=0, elem type=java.lang.Object[]@50000013)
OBJ 5000131b (sz=32, trace=306284, class=com.sun.org.apache.xerces.internal.dom.AttrImpl@50000e41)
OBJ 5000131c (sz=56, trace=306255, class=com.sun.org.apache.xerces.internal.dom.ElementImpl@50000e3e)
OBJ 5000131d (sz=32, trace=306284, class=com.sun.org.apache.xerces.internal.dom.AttrImpl@50000e41)
OBJ 5000131e (sz=24, trace=306387, class=com.sun.org.apache.xerces.internal.dom.AttributeMap@50000e45)
OBJ 5000131f (sz=24, trace=306321, class=java.util.Vector@50000077)
ARR 50001320 (sz=32, trace=306388, nelems=0, elem type=java.lang.Object[]@50000013)
OBJ 50001321 (sz=32, trace=306284, class=com.sun.org.apache.xerces.internal.dom.AttrImpl@50000e41)
OBJ 50001322 (sz=56, trace=306255, class=com.sun.org.apache.xerces.internal.dom.ElementImpl@50000e3e)
OBJ 50001323 (sz=32, trace=306284, class=com.sun.org.apache.xerces.internal.dom.AttrImpl@50000e41)
OBJ 50001324 (sz=24, trace=306387, class=com.sun.org.apache.xerces.internal.dom.AttributeMap@50000e45)
OBJ 50001325 (sz=24, trace=306321, class=java.util.Vector@50000077)
ARR 50001326 (sz=32, trace=306388, nelems=0, elem type=java.lang.Object[]@50000013)
OBJ 50001327 (sz=32, trace=306284, class=com.sun.org.apache.xerces.internal.dom.AttrImpl@50000e41)
OBJ 50001328 (sz=56, trace=306255, class=com.sun.org.apache.xerces.internal.dom.ElementImpl@50000e3e)
OBJ 50001329 (sz=32, trace=306284, class=com.sun.org.apache.xerces.internal.dom.AttrImpl@50000e41)
OBJ 5000132a (sz=24, trace=306387, class=com.sun.org.apache.xerces.internal.dom.AttributeMap@50000e45)
OBJ 5000132b (sz=24, trace=306321, class=java.util.Vector@50000077)
ARR 5000132c (sz=32, trace=306388, nelems=0, elem type=java.lang.Object[]@50000013)
OBJ 5000132d (sz=32, trace=306284, class=com.sun.org.apache.xerces.internal.dom.AttrImpl@50000e41)
OBJ 5000132e (sz=56, trace=306255, class=com.sun.org.apache.xerces.internal.dom.ElementImpl@50000e3e)
OBJ 5000132f (sz=32, trace=306284, class=com.sun.org.apache.xerces.internal.dom.AttrImpl@50000e41)
OBJ 50001330 (sz=24, trace=306387, class=com.sun.org.apache.xerces.internal.dom.AttributeMap@50000e45)
OBJ 50001331 (sz=24, trace=306321, class=java.util.Vector@50000077)
ARR 50001332 (sz=32, trace=306388, nelems=0, elem type=java.lang.Object[]@50000013)
OBJ 50001333 (sz=32, trace=306284, class=com.sun.org.apache.xerces.internal.dom.AttrImpl@50000e41)
OBJ 50001334 (sz=56, trace=306255, class=com.sun.org.apache.xerces.internal.dom.ElementImpl@50000e3e)
OBJ 50001335 (sz=32, trace=306284, class=com.sun.org.apache.xerces.internal.dom.AttrImpl@50000e41)
OBJ 50001336 (sz=24, trace=306387, class=com.sun.org.apache.xerces.internal.dom.AttributeMap@50000e45)
OBJ 50001337 (sz=24, trace=306321, class=java.util.Vector@50000077)
ARR 50001338 (sz=32, trace=306388, nelems=0, elem type=java.lang.Object[]@50000013)
OBJ 50001339 (sz=32, trace=306284, class=com.sun.org.apache.xerces.internal.dom.AttrImpl@50000e41)
OBJ 5000133a (sz=56, trace=306255, class=com.sun.org.apache.xerces.internal.dom.ElementImpl@50000e3e)
OBJ 5000133b (sz=32, trace=306284, class=com.sun.org.apache.xerces.internal.dom.AttrImpl@50000e41)
OBJ 5000133c (sz=24, trace=306387, class=com.sun.org.apache.xerces.internal.dom.AttributeMap@50000e45)
OBJ 5000133d (sz=24, trace=306321, class=java.util.Vector@50000077)
ARR 5000133e (sz=32, trace=306388, nelems=0, elem type=java.lang.Object[]@50000013)
OBJ 5000133f (sz=32, trace=306284, class=com.sun.org.apache.xerces.internal.dom.AttrImpl@50000e41)
OBJ 50001340 (sz=56, trace=306255, class=com.sun.org.apache.xerces.internal.dom.ElementImpl@50000e3e)
OBJ 50001341 (sz=32, trace=306284, class=com.sun.org.apache.xerces.internal.dom.AttrImpl@50000e41)
OBJ 50001342 (sz=24, trace=306387, class=com.sun.org.apache.xerces.internal.dom.AttributeMap@50000e45)
OBJ 50001343 (sz=24, trace=306321, class=java.util.Vector@50000077)
ARR 50001344 (sz=32, trace=306388, nelems=0, elem type=java.lang.Object[]@50000013)
OBJ 50001345 (sz=32, trace=306284, class=com.sun.org.apache.xerces.internal.dom.AttrImpl@50000e41)
OBJ 50001346 (sz=56, trace=306255, class=com.sun.org.apache.xerces.internal.dom.ElementImpl@50000e3e)
OBJ 50001347 (sz=32, trace=306284, class=com.sun.org.apache.xerces.internal.dom.AttrImpl@50000e41)
OBJ 50001348 (sz=24, trace=306387, class=com.sun.org.apache.xerces.internal.dom.AttributeMap@50000e45)
OBJ 50001349 (sz=24, trace=306321, class=java.util.Vector@50000077)
ARR 5000134a (sz=32, trace=306388, nelems=0, elem type=java.lang.Object[]@50000013)
OBJ 5000134b (sz=32, trace=306284, class=com.sun.org.apache.xerces.internal.dom.AttrImpl@50000e41)
OBJ 5000134c (sz=56, trace=306255, class=com.sun.org.apache.xerces.internal.dom.ElementImpl@50000e3e)
OBJ 5000134d (sz=32, trace=306284, class=com.sun.org.apache.xerces.internal.dom.AttrImpl@50000e41)
OBJ 5000134e (sz=24, trace=306387, class=com.sun.org.apache.xerces.internal.dom.AttributeMap@50000e45)
OBJ 5000134f (sz=24, trace=306321, class=java.util.Vector@50000077)
ARR 50001350 (sz=32, trace=306388, nelems=0, elem type=java.lang.Object[]@50000013)
OBJ 50001351 (sz=32, trace=306284, class=com.sun.org.apache.xerces.internal.dom.AttrImpl@50000e41)
OBJ 50001352 (sz=56, trace=306255, class=com.sun.org.apache.xerces.internal.dom.ElementImpl@50000e3e)
OBJ 50001353 (sz=32, trace=306284, class=com.sun.org.apache.xerces.internal.dom.AttrImpl@50000e41)
OBJ 50001354 (sz=24, trace=306387, class=com.sun.org.apache.xerces.internal.dom.AttributeMap@50000e45)
OBJ 50001355 (sz=24, trace=306321, class=java.util.Vector@50000077)
ARR 50001356 (sz=32, trace=306388, nelems=0, elem type=java.lang.Object[]@50000013)
OBJ 50001357 (sz=32, trace=306284, class=com.sun.org.apache.xerces.internal.dom.AttrImpl@50000e41)
OBJ 50001358 (sz=56, trace=306255, class=com.sun.org.apache.xerces.internal.dom.ElementImpl@50000e3e)
OBJ 50001359 (sz=32, trace=306284, class=com.sun.org.apache.xerces.internal.dom.AttrImpl@50000e41)
OBJ 5000135a (sz=24, trace=306387, class=com.sun.org.apache.xerces.internal.dom.AttributeMap@50000e45)
OBJ 5000135b (sz=24, trace=306321, class=java.util.Vector@50000077)
ARR 5000135c (sz=32, trace=306388, nelems=0, elem type=java.lang.Object[]@50000013)
OBJ 5000135d (sz=32, trace=306284, class=com.sun.org.apache.xerces.internal.dom.AttrImpl@50000e41)
OBJ 5000135e (sz=56, trace=306255, class=com.sun.org.apache.xerces.internal.dom.ElementImpl@50000e3e)
OBJ 5000135f (sz=32, trace=306284, class=com.sun.org.apache.xerces.internal.dom.AttrImpl@50000e41)
OBJ 50001360 (sz=24, trace=306387, class=com.sun.org.apache.xerces.internal.dom.AttributeMap@50000e45)
OBJ 50001361 (sz=24, trace=306321, class=java.util.Vector@50000077)
ARR 50001362 (sz=32, trace=306388, nelems=0, elem type=java.lang.Object[]@50000013)
OBJ 50001363 (sz=32, trace=306284, class=com.sun.org.apache.xerces.internal.dom.AttrImpl@50000e41)
OBJ 50001364 (sz=56, trace=306255, class=com.sun.org.apache.xerces.internal.dom.ElementImpl@50000e3e)
OBJ 50001365 (sz=32, trace=306284, class=com.sun.org.apache.xerces.internal.dom.AttrImpl@50000e41)
OBJ 50001366 (sz=24, trace=306387, class=com.sun.org.apache.xerces.internal.dom.AttributeMap@50000e45)
OBJ 50001367 (sz=24, trace=306321, class=java.util.Vector@50000077)
ARR 50001368 (sz=32, trace=306388, nelems=0, elem type=java.lang.Object[]@50000013)
OBJ 50001369 (sz=32, trace=306284, class=com.sun.org.apache.xerces.internal.dom.AttrImpl@50000e41)
OBJ 5000136a (sz=56, trace=306255, class=com.sun.org.apache.xerces.internal.dom.ElementImpl@50000e3e)
OBJ 5000136b (sz=32, trace=306284, class=com.sun.org.apache.xerces.internal.dom.AttrImpl@50000e41)
OBJ 5000136c (sz=24, trace=306387, class=com.sun.org.apache.xerces.internal.dom.AttributeMap@50000e45)
OBJ 5000136d (sz=24, trace=306321, class=java.util.Vector@50000077)
ARR 5000136e (sz=32, trace=306388, nelems=0, elem type=java.lang.Object[]@50000013)
OBJ 5000136f (sz=32, trace=306284, class=com.sun.org.apache.xerces.internal.dom.AttrImpl@50000e41)
OBJ 50001370 (sz=56, trace=306255, class=com.sun.org.apache.xerces.internal.dom.ElementImpl@50000e3e)
OBJ 50001371 (sz=32, trace=306284, class=com.sun.org.apache.xerces.internal.dom.AttrImpl@50000e41)
OBJ 50001372 (sz=24, trace=306387, class=com.sun.org.apache.xerces.internal.dom.AttributeMap@50000e45)
OBJ 50001373 (sz=24, trace=306321, class=java.util.Vector@50000077)
ARR 50001374 (sz=32, trace=306388, nelems=0, elem type=java.lang.Object[]@50000013)
OBJ 50001375 (sz=32, trace=306284, class=com.sun.org.apache.xerces.internal.dom.AttrImpl@50000e41)
OBJ 50001376 (sz=56, trace=306255, class=com.sun.org.apache.xerces.internal.dom.ElementImpl@50000e3e)
OBJ 50001377 (sz=32, trace=306284, class=com.sun.org.apache.xerces.internal.dom.AttrImpl@50000e41)
OBJ 50001378 (sz=24, trace=306387, class=com.sun.org.apache.xerces.internal.dom.AttributeMap@50000e45)
OBJ 50001379 (sz=24, trace=306321, class=java.util.Vector@50000077)
ARR 5000137a (sz=32, trace=306388, nelems=0, elem type=java.lang.Object[]@50000013)
OBJ 5000137b (sz=32, trace=306284, class=com.sun.org.apache.xerces.internal.dom.AttrImpl@50000e41)
OBJ 5000137c (sz=56, trace=306255, class=com.sun.org.apache.xerces.internal.dom.ElementImpl@50000e3e)
OBJ 5000137d (sz=32, trace=306284, class=com.sun.org.apache.xerces.internal.dom.AttrImpl@50000e41)
OBJ 5000137e (sz=24, trace=306387, class=com.sun.org.apache.xerces.internal.dom.AttributeMap@50000e45)
OBJ 5000137f (sz=24, trace=306321, class=java.util.Vector@50000077)
ARR 50001380 (sz=32, trace=306388, nelems=0, elem type=java.lang.Object[]@50000013)
OBJ 50001381 (sz=32, trace=306284, class=com.sun.org.apache.xerces.internal.dom.AttrImpl@50000e41)
OBJ 50001382 (sz=56, trace=306255, class=com.sun.org.apache.xerces.internal.dom.ElementImpl@50000e3e)
OBJ 50001383 (sz=32, trace=306284, class=com.sun.org.apache.xerces.internal.dom.AttrImpl@50000e41)
OBJ 50001384 (sz=24, trace=306387, class=com.sun.org.apache.xerces.internal.dom.AttributeMap@50000e45)
OBJ 50001385 (sz=24, trace=306321, class=java.util.Vector@50000077)
ARR 50001386 (sz=32, trace=306388, nelems=0, elem type=java.lang.Object[]@50000013)
OBJ 50001387 (sz=32, trace=306284, class=com.sun.org.apache.xerces.internal.dom.AttrImpl@50000e41)
OBJ 50001388 (sz=56, trace=306255, class=com.sun.org.apache.xerces.internal.dom.ElementImpl@50000e3e)
OBJ 50001389 (sz=32, trace=306284, class=com.sun.org.apache.xerces.internal.dom.AttrImpl@50000e41)
OBJ 5000138a (sz=24, trace=306387, class=com.sun.org.apache.xerces.internal.dom.AttributeMap@50000e45)
OBJ 5000138b (sz=24, trace=306321, class=java.util.Vector@50000077)
ARR 5000138c (sz=32, trace=306388, nelems=0, elem type=java.lang.Object[]@50000013)
OBJ 5000138d (sz=32, trace=306284, class=com.sun.org.apache.xerces.internal.dom.AttrImpl@50000e41)
OBJ 5000138e (sz=56, trace=306255, class=com.sun.org.apache.xerces.internal.dom.ElementImpl@50000e3e)
OBJ 5000138f (sz=32, trace=306284, class=com.sun.org.apache.xerces.internal.dom.AttrImpl@50000e41)
OBJ 50001390 (sz=24, trace=306387, class=com.sun.org.apache.xerces.internal.dom.AttributeMap@50000e45)
OBJ 50001391 (sz=24, trace=306321, class=java.util.Vector@50000077)
ARR 50001392 (sz=32, trace=306388, nelems=0, elem type=java.lang.Object[]@50000013)
OBJ 50001393 (sz=32, trace=306284, class=com.sun.org.apache.xerces.internal.dom.AttrImpl@50000e41)
OBJ 50001394 (sz=56, trace=306255, class=com.sun.org.apache.xerces.internal.dom.ElementImpl@50000e3e)
OBJ 50001395 (sz=32, trace=306284, class=com.sun.org.apache.xerces.internal.dom.AttrImpl@50000e41)
OBJ 50001396 (sz=24, trace=306387, class=com.sun.org.apache.xerces.internal.dom.AttributeMap@50000e45)
OBJ 50001397 (sz=24, trace=306321, class=java.util.Vector@50000077)
ARR 50001398 (sz=32, trace=306388, nelems=0, elem type=java.lang.Object[]@50000013)
OBJ 50001399 (sz=32, trace=306284, class=com.sun.org.apache.xerces.internal.dom.AttrImpl@50000e41)
OBJ 5000139a (sz=56, trace=306255, class=com.sun.org.apache.xerces.internal.dom.ElementImpl@50000e3e)
OBJ 5000139b (sz=32, trace=306284, class=com.sun.org.apache.xerces.internal.dom.AttrImpl@50000e41)
OBJ 5000139c (sz=24, trace=306387, class=com.sun.org.apache.xerces.internal.dom.AttributeMap@50000e45)
OBJ 5000139d (sz=24, trace=306321, class=java.util.Vector@50000077)
ARR 5000139e (sz=32, trace=306388, nelems=0, elem type=java.lang.Object[]@50000013)
OBJ 5000139f (sz=32, trace=306284, class=com.sun.org.apache.xerces.internal.dom.AttrImpl@50000e41)
OBJ 500013a0 (sz=56, trace=306255, class=com.sun.org.apache.xerces.internal.dom.ElementImpl@50000e3e)
OBJ 500013a1 (sz=32, trace=306284, class=com.sun.org.apache.xerces.internal.dom.AttrImpl@50000e41)
OBJ 500013a2 (sz=24, trace=306387, class=com.sun.org.apache.xerces.internal.dom.AttributeMap@50000e45)
OBJ 500013a3 (sz=24, trace=306321, class=java.util.Vector@50000077)
ARR 500013a4 (sz=32, trace=306388, nelems=0, elem type=java.lang.Object[]@50000013)
OBJ 500013a5 (sz=32, trace=306284, class=com.sun.org.apache.xerces.internal.dom.AttrImpl@50000e41)
OBJ 500013a6 (sz=56, trace=306255, class=com.sun.org.apache.xerces.internal.dom.ElementImpl@50000e3e)
OBJ 500013a7 (sz=32, trace=306284, class=com.sun.org.apache.xerces.internal.dom.AttrImpl@50000e41)
OBJ 500013a8 (sz=24, trace=306387, class=com.sun.org.apache.xerces.internal.dom.AttributeMap@50000e45)
OBJ 500013a9 (sz=24, trace=306321, class=java.util.Vector@50000077)
ARR 500013aa (sz=32, trace=306388, nelems=0, elem type=java.lang.Object[]@50000013)
OBJ 500013ab (sz=32, trace=306284, class=com.sun.org.apache.xerces.internal.dom.AttrImpl@50000e41)
OBJ 500013ac (sz=56, trace=306255, class=com.sun.org.apache.xerces.internal.dom.ElementImpl@50000e3e)
OBJ 500013ad (sz=32, trace=306284, class=com.sun.org.apache.xerces.internal.dom.AttrImpl@50000e41)
OBJ 500013ae (sz=24, trace=306387, class=com.sun.org.apache.xerces.internal.dom.AttributeMap@50000e45)
OBJ 500013af (sz=24, trace=306321, class=java.util.Vector@50000077)
ARR 500013b0 (sz=32, trace=306388, nelems=0, elem type=java.lang.Object[]@50000013)
OBJ 500013b1 (sz=32, trace=306284, class=com.sun.org.apache.xerces.internal.dom.AttrImpl@50000e41)
OBJ 500013b2 (sz=56, trace=306255, class=com.sun.org.apache.xerces.internal.dom.ElementImpl@50000e3e)
OBJ 500013b3 (sz=32, trace=306284, class=com.sun.org.apache.xerces.internal.dom.AttrImpl@50000e41)
OBJ 500013b4 (sz=24, trace=306387, class=com.sun.org.apache.xerces.internal.dom.AttributeMap@50000e45)
OBJ 500013b5 (sz=24, trace=306321, class=java.util.Vector@50000077)
ARR 500013b6 (sz=32, trace=306388, nelems=0, elem type=java.lang.Object[]@50000013)
OBJ 500013b7 (sz=32, trace=306284, class=com.sun.org.apache.xerces.internal.dom.AttrImpl@50000e41)
OBJ 500013b8 (sz=56, trace=306255, class=com.sun.org.apache.xerces.internal.dom.ElementImpl@50000e3e)
OBJ 500013b9 (sz=32, trace=306284, class=com.sun.org.apache.xerces.internal.dom.AttrImpl@50000e41)
OBJ 500013ba (sz=24, trace=306387, class=com.sun.org.apache.xerces.internal.dom.AttributeMap@50000e45)
OBJ 500013bb (sz=24, trace=306321, class=java.util.Vector@50000077)
ARR 500013bc (sz=32, trace=306388, nelems=0, elem type=java.lang.Object[]@50000013)
OBJ 500013bd (sz=32, trace=306284, class=com.sun.org.apache.xerces.internal.dom.AttrImpl@50000e41)
OBJ 500013be (sz=56, trace=306255, class=com.sun.org.apache.xerces.internal.dom.ElementImpl@50000e3e)
OBJ 500013bf (sz=32, trace=306284, class=com.sun.org.apache.xerces.internal.dom.AttrImpl@50000e41)
OBJ 500013c0 (sz=24, trace=306387, class=com.sun.org.apache.xerces.internal.dom.AttributeMap@50000e45)
OBJ 500013c1 (sz=24, trace=306321, class=java.util.Vector@50000077)
ARR 500013c2 (sz=32, trace=306388, nelems=0, elem type=java.lang.Object[]@50000013)
OBJ 500013c3 (sz=32, trace=306284, class=com.sun.org.apache.xerces.internal.dom.AttrImpl@50000e41)
OBJ 500013c4 (sz=56, trace=306255, class=com.sun.org.apache.xerces.internal.dom.ElementImpl@50000e3e)
OBJ 500013c5 (sz=32, trace=306284, class=com.sun.org.apache.xerces.internal.dom.AttrImpl@50000e41)
OBJ 500013c6 (sz=24, trace=306387, class=com.sun.org.apache.xerces.internal.dom.AttributeMap@50000e45)
OBJ 500013c7 (sz=24, trace=306321, class=java.util.Vector@50000077)
ARR 500013c8 (sz=32, trace=306388, nelems=0, elem type=java.lang.Object[]@50000013)
OBJ 500013c9 (sz=32, trace=306284, class=com.sun.org.apache.xerces.internal.dom.AttrImpl@50000e41)
OBJ 500013ca (sz=56, trace=306255, class=com.sun.org.apache.xerces.internal.dom.ElementImpl@50000e3e)
OBJ 500013cb (sz=32, trace=306284, class=com.sun.org.apache.xerces.internal.dom.AttrImpl@50000e41)
OBJ 500013cc (sz=24, trace=306387, class=com.sun.org.apache.xerces.internal.dom.AttributeMap@50000e45)
OBJ 500013cd (sz=24, trace=306321, class=java.util.Vector@50000077)
ARR 500013ce (sz=32, trace=306388, nelems=0, elem type=java.lang.Object[]@50000013)
OBJ 500013cf (sz=32, trace=306284, class=com.sun.org.apache.xerces.internal.dom.AttrImpl@50000e41)
OBJ 500013d0 (sz=56, trace=306255, class=com.sun.org.apache.xerces.internal.dom.ElementImpl@50000e3e)
OBJ 500013d1 (sz=32, trace=306284, class=com.sun.org.apache.xerces.internal.dom.AttrImpl@50000e41)
OBJ 500013d2 (sz=24, trace=306387, class=com.sun.org.apache.xerces.internal.dom.AttributeMap@50000e45)
OBJ 500013d3 (sz=24, trace=306321, class=java.util.Vector@50000077)
ARR 500013d4 (sz=32, trace=306388, nelems=0, elem type=java.lang.Object[]@50000013)
OBJ 500013d5 (sz=32, trace=306284, class=com.sun.org.apache.xerces.internal.dom.AttrImpl@50000e41)
OBJ 500013d6 (sz=56, trace=306255, class=com.sun.org.apache.xerces.internal.dom.ElementImpl@50000e3e)
OBJ 500013d7 (sz=32, trace=306284, class=com.sun.org.apache.xerces.internal.dom.AttrImpl@50000e41)
OBJ 500013d8 (sz=24, trace=306387, class=com.sun.org.apache.xerces.internal.dom.AttributeMap@50000e45)
OBJ 500013d9 (sz=24, trace=306321, class=java.util.Vector@50000077)
ARR 500013da (sz=32, trace=306388, nelems=0, elem type=java.lang.Object[]@50000013)
OBJ 500013db (sz=32, trace=306284, class=com.sun.org.apache.xerces.internal.dom.AttrImpl@50000e41)
ARR 500013dc (sz=80, trace=307683, nelems=0, elem type=char[])
OBJ 500013dd (sz=56, trace=306255, class=com.sun.org.apache.xerces.internal.dom.ElementImpl@50000e3e)
OBJ 500013de (sz=32, trace=306284, class=com.sun.org.apache.xerces.internal.dom.AttrImpl@50000e41)
OBJ 500013df (sz=24, trace=306387, class=com.sun.org.apache.xerces.internal.dom.AttributeMap@50000e45)
OBJ 500013e0 (sz=24, trace=306321, class=java.util.Vector@50000077)
ARR 500013e1 (sz=32, trace=306388, nelems=0, elem type=java.lang.Object[]@50000013)
OBJ 500013e2 (sz=32, trace=306284, class=com.sun.org.apache.xerces.internal.dom.AttrImpl@50000e41)
OBJ 500013e3 (sz=56, trace=306255, class=com.sun.org.apache.xerces.internal.dom.ElementImpl@50000e3e)
OBJ 500013e8 (sz=32, trace=306284, class=com.sun.org.apache.xerces.internal.dom.AttrImpl@50000e41)
OBJ 500013e9 (sz=32, trace=301094, class=java.lang.ref.SoftReference@500000ad)
OBJ 500013ea (sz=64, trace=301103, class=java.lang.reflect.Constructor@50000079)
OBJ 500013eb (sz=24, trace=306387, class=com.sun.org.apache.xerces.internal.dom.AttributeMap@50000e45)
OBJ 500013ec (sz=24, trace=301136, class=sun.reflect.NativeConstructorAccessorImpl@50000091)
OBJ 500013ed (sz=16, trace=301140, class=sun.reflect.DelegatingConstructorAccessorImpl@500000bd)
OBJ 500013ee (sz=32, trace=304635, class=org.apache.tools.ant.taskdefs.optional.junit.XMLJUnitResultFormatter@500013e5)
OBJ 500013ef (sz=40, trace=304636, class=java.util.Hashtable@5000000e)
ARR 500013f0 (sz=56, trace=304639, nelems=0, elem type=java.util.Hashtable$Entry[]@50000039)
OBJ 500013f1 (sz=40, trace=304642, class=java.util.Hashtable@5000000e)
ARR 500013f2 (sz=56, trace=304643, nelems=0, elem type=java.util.Hashtable$Entry[]@50000039)
OBJ 500013f3 (sz=40, trace=304644, class=java.util.Hashtable@5000000e)
ARR 500013f4 (sz=56, trace=304645, nelems=0, elem type=java.util.Hashtable$Entry[]@50000039)
OBJ 500013f5 (sz=32, trace=300446, class=java.lang.ref.Finalizer@5000006b)
	referent	500013f6
	queue		500015b6
	next		5000053c
	prev		5000043b
OBJ 500013f6 (sz=24, trace=304651, class=java.io.FileOutputStream@500000a5)
	fd		500013f7
OBJ 500013f7 (sz=24, trace=304655, class=java.io.FileDescriptor@500000f0)
OBJ 500013f8 (sz=24, trace=307676, class=java.lang.String@5000008d)
ARR 500013f9 (sz=64, trace=307677, nelems=0, elem type=char[])
OBJ 500013fa (sz=24, trace=306321, class=java.util.Vector@50000077)
ARR 500013fb (sz=32, trace=306388, nelems=0, elem type=java.lang.Object[]@50000013)
OBJ 500013fc (sz=48, trace=300147, class=java.nio.HeapCharBuffer@50000102)
OBJ 500013fd (sz=16, trace=307667, class=java.lang.StringBuffer@50000088)
ARR 500013fe (sz=48, trace=307668, nelems=0, elem type=char[])
OBJ 500013ff (sz=32, trace=306284, class=com.sun.org.apache.xerces.internal.dom.AttrImpl@50000e41)
OBJ 50001400 (sz=56, trace=306255, class=com.sun.org.apache.xerces.internal.dom.ElementImpl@50000e3e)
OBJ 50001401 (sz=32, trace=306284, class=com.sun.org.apache.xerces.internal.dom.AttrImpl@50000e41)
OBJ 50001402 (sz=24, trace=306387, class=com.sun.org.apache.xerces.internal.dom.AttributeMap@50000e45)
OBJ 50001403 (sz=24, trace=306321, class=java.util.Vector@50000077)
ARR 50001404 (sz=32, trace=306388, nelems=0, elem type=java.lang.Object[]@50000013)
OBJ 50001405 (sz=32, trace=306284, class=com.sun.org.apache.xerces.internal.dom.AttrImpl@50000e41)
OBJ 50001406 (sz=56, trace=306255, class=com.sun.org.apache.xerces.internal.dom.ElementImpl@50000e3e)
OBJ 50001407 (sz=32, trace=306284, class=com.sun.org.apache.xerces.internal.dom.AttrImpl@50000e41)
OBJ 50001408 (sz=24, trace=306387, class=com.sun.org.apache.xerces.internal.dom.AttributeMap@50000e45)
OBJ 50001409 (sz=24, trace=306321, class=java.util.Vector@50000077)
ARR 5000140a (sz=32, trace=306388, nelems=0, elem type=java.lang.Object[]@50000013)
OBJ 5000140b (sz=32, trace=306284, class=com.sun.org.apache.xerces.internal.dom.AttrImpl@50000e41)
OBJ 5000140c (sz=56, trace=306255, class=com.sun.org.apache.xerces.internal.dom.ElementImpl@50000e3e)
OBJ 5000140d (sz=32, trace=306284, class=com.sun.org.apache.xerces.internal.dom.AttrImpl@50000e41)
OBJ 5000140e (sz=24, trace=306387, class=com.sun.org.apache.xerces.internal.dom.AttributeMap@50000e45)
OBJ 5000140f (sz=24, trace=306321, class=java.util.Vector@50000077)
ARR 50001410 (sz=32, trace=306388, nelems=0, elem type=java.lang.Object[]@50000013)
OBJ 50001411 (sz=32, trace=306284, class=com.sun.org.apache.xerces.internal.dom.AttrImpl@50000e41)
OBJ 50001412 (sz=56, trace=306255, class=com.sun.org.apache.xerces.internal.dom.ElementImpl@50000e3e)
OBJ 50001413 (sz=32, trace=306284, class=com.sun.org.apache.xerces.internal.dom.AttrImpl@50000e41)
OBJ 50001414 (sz=24, trace=306387, class=com.sun.org.apache.xerces.internal.dom.AttributeMap@50000e45)
OBJ 50001415 (sz=24, trace=306321, class=java.util.Vector@50000077)
ARR 50001416 (sz=32, trace=306388, nelems=0, elem type=java.lang.Object[]@50000013)
OBJ 50001417 (sz=32, trace=306284, class=com.sun.org.apache.xerces.internal.dom.AttrImpl@50000e41)
OBJ 50001418 (sz=56, trace=306255, class=com.sun.org.apache.xerces.internal.dom.ElementImpl@50000e3e)
OBJ 50001419 (sz=32, trace=306284, class=com.sun.org.apache.xerces.internal.dom.AttrImpl@50000e41)
OBJ 5000141a (sz=24, trace=306387, class=com.sun.org.apache.xerces.internal.dom.AttributeMap@50000e45)
OBJ 5000141b (sz=24, trace=306321, class=java.util.Vector@50000077)
ARR 5000141c (sz=32, trace=306388, nelems=0, elem type=java.lang.Object[]@50000013)
OBJ 5000141d (sz=32, trace=306284, class=com.sun.org.apache.xerces.internal.dom.AttrImpl@50000e41)
OBJ 5000141e (sz=56, trace=306255, class=com.sun.org.apache.xerces.internal.dom.ElementImpl@50000e3e)
OBJ 5000141f (sz=32, trace=306284, class=com.sun.org.apache.xerces.internal.dom.AttrImpl@50000e41)
OBJ 50001420 (sz=24, trace=306387, class=com.sun.org.apache.xerces.internal.dom.AttributeMap@50000e45)
OBJ 50001421 (sz=24, trace=306321, class=java.util.Vector@50000077)
ARR 50001422 (sz=32, trace=306388, nelems=0, elem type=java.lang.Object[]@50000013)
OBJ 50001423 (sz=32, trace=306284, class=com.sun.org.apache.xerces.internal.dom.AttrImpl@50000e41)
OBJ 50001424 (sz=56, trace=306255, class=com.sun.org.apache.xerces.internal.dom.ElementImpl@50000e3e)
OBJ 50001425 (sz=32, trace=306284, class=com.sun.org.apache.xerces.internal.dom.AttrImpl@50000e41)
OBJ 50001426 (sz=24, trace=306387, class=com.sun.org.apache.xerces.internal.dom.AttributeMap@50000e45)
OBJ 50001427 (sz=24, trace=306321, class=java.util.Vector@50000077)
ARR 50001428 (sz=32, trace=306388, nelems=0, elem type=java.lang.Object[]@50000013)
OBJ 50001429 (sz=32, trace=306284, class=com.sun.org.apache.xerces.internal.dom.AttrImpl@50000e41)
OBJ 5000142a (sz=56, trace=306255, class=com.sun.org.apache.xerces.internal.dom.ElementImpl@50000e3e)
OBJ 5000142b (sz=32, trace=306284, class=com.sun.org.apache.xerces.internal.dom.AttrImpl@50000e41)
OBJ 5000142c (sz=24, trace=306387, class=com.sun.org.apache.xerces.internal.dom.AttributeMap@50000e45)
OBJ 5000142d (sz=24, trace=306321, class=java.util.Vector@50000077)
ARR 5000142e (sz=32, trace=306388, nelems=0, elem type=java.lang.Object[]@50000013)
OBJ 5000142f (sz=32, trace=306284, class=com.sun.org.apache.xerces.internal.dom.AttrImpl@50000e41)
OBJ 50001430 (sz=56, trace=306255, class=com.sun.org.apache.xerces.internal.dom.ElementImpl@50000e3e)
OBJ 50001431 (sz=32, trace=306284, class=com.sun.org.apache.xerces.internal.dom.AttrImpl@50000e41)
OBJ 50001432 (sz=24, trace=306387, class=com.sun.org.apache.xerces.internal.dom.AttributeMap@50000e45)
OBJ 50001433 (sz=24, trace=306321, class=java.util.Vector@50000077)
ARR 50001434 (sz=32, trace=306388, nelems=0, elem type=java.lang.Object[]@50000013)
OBJ 50001435 (sz=32, trace=306284, class=com.sun.org.apache.xerces.internal.dom.AttrImpl@50000e41)
OBJ 50001436 (sz=56, trace=306255, class=com.sun.org.apache.xerces.internal.dom.ElementImpl@50000e3e)
OBJ 50001437 (sz=32, trace=306284, class=com.sun.org.apache.xerces.internal.dom.AttrImpl@50000e41)
OBJ 50001438 (sz=24, trace=306387, class=com.sun.org.apache.xerces.internal.dom.AttributeMap@50000e45)
OBJ 50001439 (sz=24, trace=306321, class=java.util.Vector@50000077)
ARR 5000143a (sz=32, trace=306388, nelems=0, elem type=java.lang.Object[]@50000013)
OBJ 5000143b (sz=32, trace=306284, class=com.sun.org.apache.xerces.internal.dom.AttrImpl@50000e41)
OBJ 5000143c (sz=56, trace=306255, class=com.sun.org.apache.xerces.internal.dom.ElementImpl@50000e3e)
OBJ 5000143d (sz=32, trace=306284, class=com.sun.org.apache.xerces.internal.dom.AttrImpl@50000e41)
OBJ 5000143e (sz=24, trace=306387, class=com.sun.org.apache.xerces.internal.dom.AttributeMap@50000e45)
OBJ 5000143f (sz=24, trace=306321, class=java.util.Vector@50000077)
ARR 50001440 (sz=32, trace=306388, nelems=0, elem type=java.lang.Object[]@50000013)
OBJ 50001441 (sz=32, trace=306284, class=com.sun.org.apache.xerces.internal.dom.AttrImpl@50000e41)
OBJ 50001442 (sz=56, trace=306255, class=com.sun.org.apache.xerces.internal.dom.ElementImpl@50000e3e)
OBJ 50001443 (sz=32, trace=306284, class=com.sun.org.apache.xerces.internal.dom.AttrImpl@50000e41)
OBJ 50001444 (sz=24, trace=306387, class=com.sun.org.apache.xerces.internal.dom.AttributeMap@50000e45)
OBJ 50001445 (sz=24, trace=306321, class=java.util.Vector@50000077)
ARR 50001446 (sz=32, trace=306388, nelems=0, elem type=java.lang.Object[]@50000013)
OBJ 50001447 (sz=32, trace=306284, class=com.sun.org.apache.xerces.internal.dom.AttrImpl@50000e41)
OBJ 50001448 (sz=56, trace=306255, class=com.sun.org.apache.xerces.internal.dom.ElementImpl@50000e3e)
OBJ 50001449 (sz=32, trace=306284, class=com.sun.org.apache.xerces.internal.dom.AttrImpl@50000e41)
OBJ 5000144a (sz=24, trace=306387, class=com.sun.org.apache.xerces.internal.dom.AttributeMap@50000e45)
OBJ 5000144b (sz=24, trace=306321, class=java.util.Vector@50000077)
ARR 5000144c (sz=32, trace=306388, nelems=0, elem type=java.lang.Object[]@50000013)
OBJ 5000144d (sz=32, trace=306284, class=com.sun.org.apache.xerces.internal.dom.AttrImpl@50000e41)
OBJ 5000144e (sz=56, trace=306255, class=com.sun.org.apache.xerces.internal.dom.ElementImpl@50000e3e)
OBJ 5000144f (sz=32, trace=306284, class=com.sun.org.apache.xerces.internal.dom.AttrImpl@50000e41)
OBJ 50001450 (sz=24, trace=306387, class=com.sun.org.apache.xerces.internal.dom.AttributeMap@50000e45)
OBJ 50001451 (sz=24, trace=306321, class=java.util.Vector@50000077)
ARR 50001452 (sz=32, trace=306388, nelems=0, elem type=java.lang.Object[]@50000013)
OBJ 50001453 (sz=32, trace=306284, class=com.sun.org.apache.xerces.internal.dom.AttrImpl@50000e41)
OBJ 50001454 (sz=56, trace=306255, class=com.sun.org.apache.xerces.internal.dom.ElementImpl@50000e3e)
OBJ 50001455 (sz=32, trace=306284, class=com.sun.org.apache.xerces.internal.dom.AttrImpl@50000e41)
OBJ 50001456 (sz=24, trace=306387, class=com.sun.org.apache.xerces.internal.dom.AttributeMap@50000e45)
OBJ 50001457 (sz=24, trace=306321, class=java.util.Vector@50000077)
ARR 50001458 (sz=32, trace=306388, nelems=0, elem type=java.lang.Object[]@50000013)
OBJ 50001459 (sz=32, trace=306284, class=com.sun.org.apache.xerces.internal.dom.AttrImpl@50000e41)
OBJ 5000145a (sz=56, trace=306255, class=com.sun.org.apache.xerces.internal.dom.ElementImpl@50000e3e)
OBJ 5000145b (sz=32, trace=306284, class=com.sun.org.apache.xerces.internal.dom.AttrImpl@50000e41)
OBJ 5000145c (sz=24, trace=306387, class=com.sun.org.apache.xerces.internal.dom.AttributeMap@50000e45)
OBJ 5000145d (sz=24, trace=306321, class=java.util.Vector@50000077)
ARR 5000145e (sz=32, trace=306388, nelems=0, elem type=java.lang.Object[]@50000013)
OBJ 5000145f (sz=32, trace=306284, class=com.sun.org.apache.xerces.internal.dom.AttrImpl@50000e41)
OBJ 50001460 (sz=56, trace=306255, class=com.sun.org.apache.xerces.internal.dom.ElementImpl@50000e3e)
OBJ 50001461 (sz=32, trace=306284, class=com.sun.org.apache.xerces.internal.dom.AttrImpl@50000e41)
OBJ 50001462 (sz=24, trace=306387, class=com.sun.org.apache.xerces.internal.dom.AttributeMap@50000e45)
OBJ 50001463 (sz=24, trace=306321, class=java.util.Vector@50000077)
ARR 50001464 (sz=32, trace=306388, nelems=0, elem type=java.lang.Object[]@50000013)
OBJ 50001465 (sz=32, trace=306284, class=com.sun.org.apache.xerces.internal.dom.AttrImpl@50000e41)
OBJ 50001466 (sz=56, trace=306255, class=com.sun.org.apache.xerces.internal.dom.ElementImpl@50000e3e)
OBJ 50001467 (sz=32, trace=306284, class=com.sun.org.apache.xerces.internal.dom.AttrImpl@50000e41)
OBJ 50001468 (sz=24, trace=306387, class=com.sun.org.apache.xerces.internal.dom.AttributeMap@50000e45)
OBJ 50001469 (sz=24, trace=306321, class=java.util.Vector@50000077)
ARR 5000146a (sz=32, trace=306388, nelems=0, elem type=java.lang.Object[]@50000013)
OBJ 5000146b (sz=32, trace=306284, class=com.sun.org.apache.xerces.internal.dom.AttrImpl@50000e41)
OBJ 5000146c (sz=56, trace=306255, class=com.sun.org.apache.xerces.internal.dom.ElementImpl@50000e3e)
OBJ 5000146d (sz=32, trace=306284, class=com.sun.org.apache.xerces.internal.dom.AttrImpl@50000e41)
OBJ 5000146e (sz=24, trace=306387, class=com.sun.org.apache.xerces.internal.dom.AttributeMap@50000e45)
OBJ 5000146f (sz=24, trace=306321, class=java.util.Vector@50000077)
ARR 50001470 (sz=32, trace=306388, nelems=0, elem type=java.lang.Object[]@50000013)
OBJ 50001471 (sz=32, trace=306284, class=com.sun.org.apache.xerces.internal.dom.AttrImpl@50000e41)
OBJ 50001472 (sz=56, trace=306255, class=com.sun.org.apache.xerces.internal.dom.ElementImpl@50000e3e)
OBJ 50001473 (sz=32, trace=306284, class=com.sun.org.apache.xerces.internal.dom.AttrImpl@50000e41)
OBJ 50001474 (sz=24, trace=306387, class=com.sun.org.apache.xerces.internal.dom.AttributeMap@50000e45)
OBJ 50001475 (sz=24, trace=306321, class=java.util.Vector@50000077)
ARR 50001476 (sz=32, trace=306388, nelems=0, elem type=java.lang.Object[]@50000013)
OBJ 50001477 (sz=32, trace=306284, class=com.sun.org.apache.xerces.internal.dom.AttrImpl@50000e41)
OBJ 50001478 (sz=56, trace=306255, class=com.sun.org.apache.xerces.internal.dom.ElementImpl@50000e3e)
OBJ 50001479 (sz=32, trace=306284, class=com.sun.org.apache.xerces.internal.dom.AttrImpl@50000e41)
OBJ 5000147a (sz=24, trace=306387, class=com.sun.org.apache.xerces.internal.dom.AttributeMap@50000e45)
OBJ 5000147b (sz=24, trace=306321, class=java.util.Vector@50000077)
ARR 5000147c (sz=32, trace=306388, nelems=0, elem type=java.lang.Object[]@50000013)
OBJ 5000147d (sz=32, trace=306284, class=com.sun.org.apache.xerces.internal.dom.AttrImpl@50000e41)
OBJ 5000147e (sz=56, trace=306255, class=com.sun.org.apache.xerces.internal.dom.ElementImpl@50000e3e)
OBJ 5000147f (sz=32, trace=306284, class=com.sun.org.apache.xerces.internal.dom.AttrImpl@50000e41)
OBJ 50001480 (sz=24, trace=306387, class=com.sun.org.apache.xerces.internal.dom.AttributeMap@50000e45)
OBJ 50001481 (sz=24, trace=306321, class=java.util.Vector@50000077)
ARR 50001482 (sz=32, trace=306388, nelems=0, elem type=java.lang.Object[]@50000013)
OBJ 50001483 (sz=32, trace=306284, class=com.sun.org.apache.xerces.internal.dom.AttrImpl@50000e41)
OBJ 50001484 (sz=56, trace=306255, class=com.sun.org.apache.xerces.internal.dom.ElementImpl@50000e3e)
OBJ 50001485 (sz=32, trace=306284, class=com.sun.org.apache.xerces.internal.dom.AttrImpl@50000e41)
OBJ 50001486 (sz=24, trace=306387, class=com.sun.org.apache.xerces.internal.dom.AttributeMap@50000e45)
OBJ 50001487 (sz=24, trace=306321, class=java.util.Vector@50000077)
ARR 50001488 (sz=32, trace=306388, nelems=0, elem type=java.lang.Object[]@50000013)
OBJ 50001489 (sz=32, trace=306284, class=com.sun.org.apache.xerces.internal.dom.AttrImpl@50000e41)
OBJ 5000148a (sz=56, trace=306255, class=com.sun.org.apache.xerces.internal.dom.ElementImpl@50000e3e)
OBJ 5000148b (sz=32, trace=306284, class=com.sun.org.apache.xerces.internal.dom.AttrImpl@50000e41)
OBJ 5000148c (sz=24, trace=306387, class=com.sun.org.apache.xerces.internal.dom.AttributeMap@50000e45)
OBJ 5000148d (sz=24, trace=306321, class=java.util.Vector@50000077)
ARR 5000148e (sz=32, trace=306388, nelems=0, elem type=java.lang.Object[]@50000013)
OBJ 5000148f (sz=32, trace=306284, class=com.sun.org.apache.xerces.internal.dom.AttrImpl@50000e41)
OBJ 50001490 (sz=56, trace=306255, class=com.sun.org.apache.xerces.internal.dom.ElementImpl@50000e3e)
OBJ 50001491 (sz=32, trace=306284, class=com.sun.org.apache.xerces.internal.dom.AttrImpl@50000e41)
OBJ 50001492 (sz=24, trace=306387, class=com.sun.org.apache.xerces.internal.dom.AttributeMap@50000e45)
OBJ 50001493 (sz=24, trace=306321, class=java.util.Vector@50000077)
ARR 50001494 (sz=32, trace=306388, nelems=0, elem type=java.lang.Object[]@50000013)
OBJ 50001495 (sz=32, trace=306284, class=com.sun.org.apache.xerces.internal.dom.AttrImpl@50000e41)
OBJ 50001496 (sz=56, trace=306255, class=com.sun.org.apache.xerces.internal.dom.ElementImpl@50000e3e)
OBJ 50001497 (sz=32, trace=306284, class=com.sun.org.apache.xerces.internal.dom.AttrImpl@50000e41)
OBJ 50001498 (sz=24, trace=306387, class=com.sun.org.apache.xerces.internal.dom.AttributeMap@50000e45)
OBJ 50001499 (sz=24, trace=306321, class=java.util.Vector@50000077)
ARR 5000149a (sz=32, trace=306388, nelems=0, elem type=java.lang.Object[]@50000013)
OBJ 5000149b (sz=32, trace=306284, class=com.sun.org.apache.xerces.internal.dom.AttrImpl@50000e41)
OBJ 5000149c (sz=24, trace=307676, class=java.lang.String@5000008d)
ARR 5000149d (sz=40, trace=307677, nelems=0, elem type=char[])
OBJ 5000149e (sz=16, trace=307667, class=java.lang.StringBuffer@50000088)
ARR 5000149f (sz=48, trace=307668, nelems=0, elem type=char[])
ARR 500014a0 (sz=80, trace=307683, nelems=0, elem type=char[])
ARR 500014a1 (sz=152, trace=307683, nelems=0, elem type=char[])
OBJ 500014a2 (sz=24, trace=307676, class=java.lang.String@5000008d)
ARR 500014a3 (sz=112, trace=307677, nelems=0, elem type=char[])
OBJ 500014a4 (sz=48, trace=300147, class=java.nio.HeapCharBuffer@50000102)
OBJ 500014a5 (sz=16, trace=307667, class=java.lang.StringBuffer@50000088)
ARR 500014a6 (sz=48, trace=307668, nelems=0, elem type=char[])
OBJ 500014a7 (sz=24, trace=307676, class=java.lang.String@5000008d)
ARR 500014a8 (sz=32, trace=307677, nelems=0, elem type=char[])
OBJ 500014a9 (sz=16, trace=307667, class=java.lang.StringBuffer@50000088)
ARR 500014aa (sz=48, trace=307668, nelems=0, elem type=char[])
ARR 500014ab (sz=80, trace=307683, nelems=0, elem type=char[])
ARR 500014ac (sz=152, trace=307683, nelems=0, elem type=char[])
ARR 500014ad (sz=296, trace=307683, nelems=0, elem type=char[])
ARR 500014ae (sz=584, trace=307683, nelems=0, elem type=char[])
ARR 500014af (sz=1160, trace=307683, nelems=0, elem type=char[])
ARR 500014b0 (sz=2312, trace=307683, nelems=0, elem type=char[])
OBJ 500014b1 (sz=24, trace=307676, class=java.lang.String@5000008d)
ARR 500014b2 (sz=1904, trace=307677, nelems=0, elem type=char[])
OBJ 500014b3 (sz=48, trace=300147, class=java.nio.HeapCharBuffer@50000102)
OBJ 500014b4 (sz=16, trace=307667, class=java.lang.StringBuffer@50000088)
ARR 500014b5 (sz=48, trace=307668, nelems=0, elem type=char[])
OBJ 500014b6 (sz=24, trace=307676, class=java.lang.String@5000008d)
ARR 500014b7 (sz=32, trace=307677, nelems=0, elem type=char[])
OBJ 500014b8 (sz=16, trace=307667, class=java.lang.StringBuffer@50000088)
ARR 500014b9 (sz=48, trace=307668, nelems=0, elem type=char[])
ARR 500014ba (sz=80, trace=307683, nelems=0, elem type=char[])
ARR 500014bb (sz=152, trace=307683, nelems=0, elem type=char[])
OBJ 500014bc (sz=24, trace=307676, class=java.lang.String@5000008d)
ARR 500014bd (sz=104, trace=307677, nelems=0, elem type=char[])
OBJ 500014be (sz=48, trace=300147, class=java.nio.HeapCharBuffer@50000102)
OBJ 500014bf (sz=16, trace=307667, class=java.lang.StringBuffer@50000088)
ARR 500014c0 (sz=48, trace=307668, nelems=0, elem type=char[])
OBJ 500014c1 (sz=24, trace=307676, class=java.lang.String@5000008d)
ARR 500014c2 (sz=48, trace=307677, nelems=0, elem type=char[])
OBJ 500014c3 (sz=16, trace=307667, class=java.lang.StringBuffer@50000088)
ARR 500014c4 (sz=48, trace=307668, nelems=0, elem type=char[])
OBJ 500014c5 (sz=24, trace=307676, class=java.lang.String@5000008d)
ARR 500014c6 (sz=24, trace=307677, nelems=0, elem type=char[])
OBJ 500014c7 (sz=48, trace=300147, class=java.nio.HeapCharBuffer@50000102)
OBJ 500014c8 (sz=16, trace=307667, class=java.lang.StringBuffer@50000088)
ARR 500014c9 (sz=48, trace=307668, nelems=0, elem type=char[])
OBJ 500014ca (sz=24, trace=307676, class=java.lang.String@5000008d)
ARR 500014cb (sz=40, trace=307677, nelems=0, elem type=char[])
OBJ 500014cc (sz=16, trace=307667, class=java.lang.StringBuffer@50000088)
ARR 500014cd (sz=48, trace=307668, nelems=0, elem type=char[])
OBJ 500014ce (sz=24, trace=307676, class=java.lang.String@5000008d)
ARR 500014cf (sz=32, trace=307677, nelems=0, elem type=char[])
OBJ 500014d0 (sz=48, trace=300147, class=java.nio.HeapCharBuffer@50000102)
OBJ 500014d1 (sz=16, trace=307667, class=java.lang.StringBuffer@50000088)
ARR 500014d2 (sz=48, trace=307668, nelems=0, elem type=char[])
ARR 500014d3 (sz=80, trace=307683, nelems=0, elem type=char[])
OBJ 500014d4 (sz=24, trace=307676, class=java.lang.String@5000008d)
ARR 500014d5 (sz=56, trace=307677, nelems=0, elem type=char[])
OBJ 500014d6 (sz=16, trace=307667, class=java.lang.StringBuffer@50000088)
ARR 500014d7 (sz=48, trace=307668, nelems=0, elem type=char[])
ARR 500014d8 (sz=80, trace=307683, nelems=0, elem type=char[])
ARR 500014d9 (sz=152, trace=307683, nelems=0, elem type=char[])
OBJ 500014da (sz=24, trace=307676, class=java.lang.String@5000008d)
ARR 500014db (sz=88, trace=307677, nelems=0, elem type=char[])
OBJ 500014dc (sz=48, trace=300147, class=java.nio.HeapCharBuffer@50000102)
OBJ 500014dd (sz=16, trace=307667, class=java.lang.StringBuffer@50000088)
ARR 500014de (sz=48, trace=307668, nelems=0, elem type=char[])
OBJ 500014df (sz=24, trace=307676, class=java.lang.String@5000008d)
ARR 500014e0 (sz=48, trace=307677, nelems=0, elem type=char[])
OBJ 500014e1 (sz=16, trace=307667, class=java.lang.StringBuffer@50000088)
ARR 500014e3 (sz=48, trace=307668, nelems=0, elem type=char[])
OBJ 500014e4 (sz=24, trace=307676, class=java.lang.String@5000008d)
ARR 500014e5 (sz=16, trace=307677, nelems=0, elem type=char[])
OBJ 500014e6 (sz=16, trace=306555, class=java.lang.Long@5000003e)
OBJ 500014e7 (sz=24, trace=306558, class=java.util.Hashtable$Entry@50000038)
OBJ 500014e8 (sz=16, trace=306562, class=java.lang.Long@5000003e)
OBJ 500014e9 (sz=24, trace=306565, class=java.util.Hashtable$Entry@50000038)
OBJ 500014ea (sz=24, trace=306575, class=java.util.Hashtable$Entry@50000038)
OBJ 500014eb (sz=48, trace=300147, class=java.nio.HeapCharBuffer@50000102)
OBJ 500014ec (sz=16, trace=307667, class=java.lang.StringBuffer@50000088)
ARR 500014ed (sz=48, trace=307668, nelems=0, elem type=char[])
OBJ 500014ee (sz=24, trace=307676, class=java.lang.String@5000008d)
ARR 500014ef (sz=40, trace=307677, nelems=0, elem type=char[])
OBJ 500014f0 (sz=16, trace=307667, class=java.lang.StringBuffer@50000088)
ARR 500014f1 (sz=48, trace=307668, nelems=0, elem type=char[])
OBJ 500014f2 (sz=24, trace=307676, class=java.lang.String@5000008d)
ARR 500014f3 (sz=24, trace=307677, nelems=0, elem type=char[])
OBJ 500014f4 (sz=48, trace=300147, class=java.nio.HeapCharBuffer@50000102)
OBJ 500014f5 (sz=16, trace=307667, class=java.lang.StringBuffer@50000088)
ARR 500014f6 (sz=48, trace=307668, nelems=0, elem type=char[])
OBJ 500014f7 (sz=24, trace=307676, class=java.lang.String@5000008d)
ARR 500014f8 (sz=40, trace=307677, nelems=0, elem type=char[])
OBJ 500014f9 (sz=16, trace=307667, class=java.lang.StringBuffer@50000088)
ARR 500014fa (sz=48, trace=307668, nelems=0, elem type=char[])
OBJ 500014fb (sz=24, trace=307676, class=java.lang.String@5000008d)
ARR 500014fc (sz=24, trace=307677, nelems=0, elem type=char[])
OBJ 500014fd (sz=48, trace=300147, class=java.nio.HeapCharBuffer@50000102)
OBJ 500014fe (sz=16, trace=307667, class=java.lang.StringBuffer@50000088)
ARR 500014ff (sz=48, trace=307668, nelems=0, elem type=char[])
ARR 50001500 (sz=80, trace=307683, nelems=0, elem type=char[])
OBJ 50001501 (sz=24, trace=307676, class=java.lang.String@5000008d)
ARR 50001502 (sz=64, trace=307677, nelems=0, elem type=char[])
OBJ 50001503 (sz=16, trace=307667, class=java.lang.StringBuffer@50000088)
ARR 50001504 (sz=48, trace=307668, nelems=0, elem type=char[])
OBJ 50001505 (sz=24, trace=307676, class=java.lang.String@5000008d)
ARR 50001506 (sz=24, trace=307677, nelems=0, elem type=char[])
OBJ 50001507 (sz=48, trace=300147, class=java.nio.HeapCharBuffer@50000102)
OBJ 50001508 (sz=16, trace=307667, class=java.lang.StringBuffer@50000088)
ARR 50001509 (sz=48, trace=307668, nelems=0, elem type=char[])
OBJ 5000150a (sz=24, trace=307676, class=java.lang.String@5000008d)
ARR 5000150b (sz=48, trace=307677, nelems=0, elem type=char[])
OBJ 5000150c (sz=16, trace=307667, class=java.lang.StringBuffer@50000088)
ARR 5000150d (sz=48, trace=307668, nelems=0, elem type=char[])
OBJ 5000150e (sz=24, trace=307676, class=java.lang.String@5000008d)
ARR 5000150f (sz=40, trace=307677, nelems=0, elem type=char[])
OBJ 50001510 (sz=48, trace=300147, class=java.nio.HeapCharBuffer@50000102)
OBJ 50001511 (sz=16, trace=307667, class=java.lang.StringBuffer@50000088)
ARR 50001512 (sz=48, trace=307668, nelems=0, elem type=char[])
OBJ 50001513 (sz=24, trace=307676, class=java.lang.String@5000008d)
ARR 50001514 (sz=32, trace=307677, nelems=0, elem type=char[])
OBJ 50001515 (sz=16, trace=307667, class=java.lang.StringBuffer@50000088)
ARR 50001516 (sz=48, trace=307668, nelems=0, elem type=char[])
ARR 50001517 (sz=80, trace=307683, nelems=0, elem type=char[])
ARR 50001518 (sz=152, trace=307683, nelems=0, elem type=char[])
OBJ 50001519 (sz=24, trace=307676, class=java.lang.String@5000008d)
ARR 5000151a (sz=128, trace=307677, nelems=0, elem type=char[])
OBJ 5000151b (sz=48, trace=300147, class=java.nio.HeapCharBuffer@50000102)
OBJ 5000151c (sz=16, trace=307667, class=java.lang.StringBuffer@50000088)
ARR 5000151d (sz=48, trace=307668, nelems=0, elem type=char[])
ARR 5000151e (sz=80, trace=307683, nelems=0, elem type=char[])
OBJ 5000151f (sz=24, trace=307676, class=java.lang.String@5000008d)
ARR 50001520 (sz=56, trace=307677, nelems=0, elem type=char[])
OBJ 50001521 (sz=16, trace=307667, class=java.lang.StringBuffer@50000088)
ARR 50001522 (sz=48, trace=307668, nelems=0, elem type=char[])
ARR 50001523 (sz=80, trace=307683, nelems=0, elem type=char[])
ARR 50001524 (sz=152, trace=307683, nelems=0, elem type=char[])
ARR 50001525 (sz=296, trace=307683, nelems=0, elem type=char[])
OBJ 50001526 (sz=24, trace=307676, class=java.lang.String@5000008d)
ARR 50001527 (sz=208, trace=307677, nelems=0, elem type=char[])
OBJ 50001528 (sz=48, trace=300147, class=java.nio.HeapCharBuffer@50000102)
OBJ 50001529 (sz=16, trace=307667, class=java.lang.StringBuffer@50000088)
ARR 5000152a (sz=48, trace=307668, nelems=0, elem type=char[])
OBJ 5000152b (sz=24, trace=307676, class=java.lang.String@5000008d)
ARR 5000152c (sz=40, trace=307677, nelems=0, elem type=char[])
OBJ 5000152d (sz=16, trace=307667, class=java.lang.StringBuffer@50000088)
ARR 5000152e (sz=48, trace=307668, nelems=0, elem type=char[])
ARR 5000152f (sz=80, trace=307683, nelems=0, elem type=char[])
ARR 50001530 (sz=152, trace=307683, nelems=0, elem type=char[])
OBJ 50001531 (sz=24, trace=307676, class=java.lang.String@5000008d)
ARR 50001532 (sz=136, trace=307677, nelems=0, elem type=char[])
OBJ 50001533 (sz=48, trace=300147, class=java.nio.HeapCharBuffer@50000102)
OBJ 50001534 (sz=16, trace=307667, class=java.lang.StringBuffer@50000088)
ARR 50001535 (sz=48, trace=307668, nelems=0, elem type=char[])
ARR 50001536 (sz=80, trace=307683, nelems=0, elem type=char[])
OBJ 50001537 (sz=24, trace=307676, class=java.lang.String@5000008d)
ARR 50001538 (sz=56, trace=307677, nelems=0, elem type=char[])
OBJ 50001539 (sz=16, trace=307667, class=java.lang.StringBuffer@50000088)
ARR 5000153b (sz=48, trace=307668, nelems=0, elem type=char[])
OBJ 5000153c (sz=24, trace=306584, class=junit.framework.AssertionFailedError@50000bc6)
OBJ 5000153d (sz=24, trace=307676, class=java.lang.String@5000008d)
ARR 5000153e (sz=16, trace=307677, nelems=0, elem type=char[])
OBJ 5000153f (sz=48, trace=300147, class=java.nio.HeapCharBuffer@50000102)
OBJ 50001540 (sz=16, trace=307667, class=java.lang.StringBuffer@50000088)
ARR 50001541 (sz=48, trace=307668, nelems=0, elem type=char[])
ARR 50001542 (sz=80, trace=307683, nelems=0, elem type=char[])
OBJ 50001543 (sz=24, trace=307676, class=java.lang.String@5000008d)
ARR 50001544 (sz=48, trace=307677, nelems=0, elem type=char[])
OBJ 50001545 (sz=16, trace=307667, class=java.lang.StringBuffer@50000088)
ARR 50001546 (sz=48, trace=307668, nelems=0, elem type=char[])
OBJ 50001547 (sz=24, trace=307676, class=java.lang.String@5000008d)
ARR 50001548 (sz=48, trace=307677, nelems=0, elem type=char[])
OBJ 50001549 (sz=48, trace=300147, class=java.nio.HeapCharBuffer@50000102)
OBJ 5000154a (sz=48, trace=300147, class=java.nio.HeapCharBuffer@50000102)
OBJ 5000154b (sz=16, trace=307667, class=java.lang.StringBuffer@50000088)
ARR 5000154c (sz=48, trace=307668, nelems=0, elem type=char[])
ARR 5000154d (sz=80, trace=307683, nelems=0, elem type=char[])
OBJ 5000154e (sz=24, trace=307676, class=java.lang.String@5000008d)
ARR 5000154f (sz=72, trace=307677, nelems=0, elem type=char[])
OBJ 50001550 (sz=16, trace=307667, class=java.lang.StringBuffer@50000088)
ARR 50001551 (sz=48, trace=307668, nelems=0, elem type=char[])
OBJ 50001552 (sz=24, trace=307676, class=java.lang.String@5000008d)
ARR 50001553 (sz=32, trace=307677, nelems=0, elem type=char[])
OBJ 50001554 (sz=16, trace=307667, class=java.lang.StringBuffer@50000088)
ARR 50001555 (sz=48, trace=307668, nelems=0, elem type=char[])
OBJ 50001556 (sz=24, trace=307676, class=java.lang.String@5000008d)
ARR 50001557 (sz=24, trace=307677, nelems=0, elem type=char[])
OBJ 50001558 (sz=16, trace=307667, class=java.lang.StringBuffer@50000088)
ARR 50001559 (sz=48, trace=307668, nelems=0, elem type=char[])
ARR 5000155a (sz=80, trace=307683, nelems=0, elem type=char[])
ARR 5000155b (sz=152, trace=307683, nelems=0, elem type=char[])
OBJ 5000155c (sz=24, trace=307676, class=java.lang.String@5000008d)
ARR 5000155d (sz=144, trace=307677, nelems=0, elem type=char[])
OBJ 5000155e (sz=16, trace=307667, class=java.lang.StringBuffer@50000088)
ARR 5000155f (sz=48, trace=307668, nelems=0, elem type=char[])
ARR 50001560 (sz=80, trace=307683, nelems=0, elem type=char[])
ARR 50001561 (sz=152, trace=307683, nelems=0, elem type=char[])
OBJ 50001562 (sz=24, trace=307676, class=java.lang.String@5000008d)
ARR 50001563 (sz=88, trace=307677, nelems=0, elem type=char[])
OBJ 50001564 (sz=16, trace=307799, class=java.lang.StringBuffer@50000088)
ARR 50001565 (sz=48, trace=307800, nelems=0, elem type=char[])
ARR 50001566 (sz=80, trace=307683, nelems=0, elem type=char[])
ARR 50001567 (sz=152, trace=307683, nelems=0, elem type=char[])
ARR 50001568 (sz=296, trace=307683, nelems=0, elem type=char[])
OBJ 50001569 (sz=24, trace=307676, class=java.lang.String@5000008d)
ARR 5000156a (sz=224, trace=307677, nelems=0, elem type=char[])
OBJ 5000156b (sz=48, trace=300147, class=java.nio.HeapCharBuffer@50000102)
OBJ 5000156c (sz=48, trace=300147, class=java.nio.HeapCharBuffer@50000102)
OBJ 5000156d (sz=24, trace=307709, class=com.sun.org.apache.xerces.internal.dom.AttributeMap@50000e45)
OBJ 5000156e (sz=16, trace=307809, class=java.lang.StringBuffer@50000088)
ARR 5000156f (sz=48, trace=307810, nelems=0, elem type=char[])
OBJ 50001570 (sz=24, trace=307676, class=java.lang.String@5000008d)
ARR 50001571 (sz=16, trace=307677, nelems=0, elem type=char[])
OBJ 50001572 (sz=48, trace=300147, class=java.nio.HeapCharBuffer@50000102)
OBJ 50001573 (sz=24, trace=307709, class=com.sun.org.apache.xerces.internal.dom.AttributeMap@50000e45)
OBJ 50001574 (sz=16, trace=307809, class=java.lang.StringBuffer@50000088)
ARR 50001575 (sz=48, trace=307810, nelems=0, elem type=char[])
OBJ 50001576 (sz=24, trace=307676, class=java.lang.String@5000008d)
ARR 50001577 (sz=16, trace=307677, nelems=0, elem type=char[])
OBJ 50001578 (sz=48, trace=300147, class=java.nio.HeapCharBuffer@50000102)
OBJ 50001579 (sz=48, trace=300147, class=java.nio.HeapCharBuffer@50000102)
ARR 5000157a (sz=16, trace=307284, nelems=0, elem type=char[])
OBJ 5000157b (sz=48, trace=306452, class=java.nio.HeapCharBuffer@50000102)
OBJ 5000157c (sz=16, trace=307847, class=java.lang.StringBuffer@50000088)
ARR 5000157d (sz=72, trace=307848, nelems=0, elem type=char[])
ARR 5000157e (sz=128, trace=307855, nelems=0, elem type=char[])
ARR 5000157f (sz=248, trace=307860, nelems=0, elem type=char[])
OBJ 50001580 (sz=16, trace=307869, class=java.lang.StringBuffer@50000088)
ARR 50001581 (sz=48, trace=307870, nelems=0, elem type=char[])
OBJ 50001582 (sz=40, trace=307093, class=sun.misc.FloatingDecimal@50000700)
ARR 50001583 (sz=48, trace=307094, nelems=0, elem type=char[])
ARR 50001584 (sz=1768, trace=300605, nelems=0, elem type=byte[])
OBJ 50001585 (sz=24, trace=307100, class=java.lang.String@5000008d)
ARR 50001586 (sz=24, trace=307101, nelems=0, elem type=char[])
OBJ 50001587 (sz=24, trace=307878, class=java.lang.String@5000008d)
ARR 50001588 (sz=24, trace=307879, nelems=0, elem type=char[])
ARR 50001589 (sz=480, trace=307883, nelems=0, elem type=char[])
OBJ 5000158a (sz=24, trace=307885, class=java.lang.String@5000008d)
ARR 5000158b (sz=264, trace=307886, nelems=0, elem type=char[])
OBJ 5000158d (sz=16, trace=306596, class=junit.framework.TestFailure@5000158c)
ARR 5000158e (sz=136, trace=307460, nelems=0, elem type=byte[])
OBJ 5000158f (sz=48, trace=300139, class=java.nio.HeapByteBuffer@50000015)
OBJ 50001590 (sz=56, trace=306255, class=com.sun.org.apache.xerces.internal.dom.ElementImpl@50000e3e)
OBJ 50001591 (sz=48, trace=300147, class=java.nio.HeapCharBuffer@50000102)
OBJ 50001592 (sz=24, trace=307904, class=java.lang.String@5000008d)
ARR 50001593 (sz=448, trace=307905, nelems=0, elem type=char[])
ARR 50001594 (sz=232, trace=307460, nelems=0, elem type=byte[])
OBJ 50001595 (sz=48, trace=300139, class=java.nio.HeapByteBuffer@50000015)
OBJ 50001596 (sz=48, trace=300147, class=java.nio.HeapCharBuffer@50000102)
OBJ 50001599 (sz=8, trace=307925, class=java.lang.Shutdown$Lock@50001598)
OBJ 5000159a (sz=8, trace=307928, class=java.lang.Shutdown$Lock@50001598)
OBJ 5000159b (sz=72, trace=300000, class=sun.misc.Launcher$AppClassLoader@5000000a)
	parent		500016fe
	package2certs	500016fd
	nocerts		50000a97
	classes		500016fc
	domains		500016fb
	packages	500016fa
	nativeLibraries	500016f9
	pdcache		500016f8
	ucp		500016f7
	acc		500016f6
OBJ 5000159c (sz=88, trace=300000, class=java.lang.Class@50000055)
OBJ 5000159d (sz=88, trace=300000, class=java.lang.Class@50000055)
OBJ 5000159e (sz=88, trace=300000, class=java.lang.Class@50000055)
OBJ 5000159f (sz=88, trace=300000, class=java.lang.Class@50000055)
OBJ 500015a0 (sz=88, trace=300000, class=java.lang.Class@50000055)
OBJ 500015a1 (sz=88, trace=300000, class=java.lang.Class@50000055)
OBJ 500015a2 (sz=88, trace=300000, class=java.lang.Class@50000055)
OBJ 500015a3 (sz=88, trace=300000, class=java.lang.Class@50000055)
OBJ 500015a4 (sz=88, trace=300000, class=java.lang.Class@50000055)
OBJ 500015a5 (sz=8, trace=300000, class=java.lang.ref.Reference$Lock@500000da)
OBJ 500015a6 (sz=8, trace=300000, class=java.lang.ref.ReferenceQueue$Lock@500000fd)
OBJ 500015a7 (sz=96, trace=300000, class=java.lang.ref.Finalizer$FinalizerThread@50000021)
	name		50001d2f
	group		500015b5
	inheritedAccessControlContext	500016f0
	blockerLock	50001d2e
OBJ 500015a8 (sz=96, trace=300000, class=java.lang.ref.Reference$ReferenceHandler@500000b0)
	name		500016f1
	group		500015b5
	inheritedAccessControlContext	500016f0
	blockerLock	500016ef
OBJ 500015a9 (sz=96, trace=300000, class=java.lang.Thread@50000106)
	name		50001d36
	group		500015b4
	contextClassLoader	5000159b
	inheritedAccessControlContext	500016f0
	threadLocals	50000124
	blockerLock	50001d35
OBJ 500015aa (sz=288, trace=300000, class=java.lang.Class@50000055)
ARR 500015ab (sz=16, trace=300000, nelems=0, elem type=byte[])
ARR 500015ac (sz=16, trace=300000, nelems=0, elem type=short[])
ARR 500015ad (sz=16, trace=300000, nelems=0, elem type=int[])
ARR 500015ae (sz=16, trace=300000, nelems=0, elem type=java.lang.Class[]@50000056)
OBJ 500015af (sz=24, trace=300000, class=java.lang.OutOfMemoryError@50000020)
	detailMessage	50001d3d
OBJ 500015b0 (sz=24, trace=300000, class=java.lang.OutOfMemoryError@50000020)
	detailMessage	50001d3b
OBJ 500015b1 (sz=24, trace=300000, class=java.lang.OutOfMemoryError@50000020)
	detailMessage	50001d39
OBJ 500015b2 (sz=24, trace=300000, class=java.lang.NullPointerException@50000043)
OBJ 500015b3 (sz=24, trace=300000, class=java.lang.ArithmeticException@50000035)
	detailMessage	50001d37
OBJ 500015b4 (sz=48, trace=300000, class=java.lang.ThreadGroup@50000068)
	parent		500015b5
	name		50001d33
	threads		50001d32
OBJ 500015b5 (sz=48, trace=300000, class=java.lang.ThreadGroup@50000068)
	name		500016f4
	threads		500016f3
	groups		500016f2
OBJ 500015b6 (sz=24, trace=300000, class=java.lang.ref.ReferenceQueue@5000005b)
	lock		500015a6
OBJ 500015b7 (sz=8, trace=300000, class=java.lang.Runtime@500000fe)
ARR 500015b8 (sz=48, trace=300000, nelems=9, elem type=java.lang.String[]@5000008e)
	[0]		50000261
	[1]		50000270
	[2]		50000275
	[3]		5000027a
	[4]		5000027e
	[5]		50000286
	[6]		5000028a
	[7]		5000028e
	[8]		50000292
OBJ 500015b9 (sz=48, trace=300000, class=java.util.Properties@50000081)
	table		500015bb
OBJ 500015ba (sz=24, trace=300000, class=java.util.Hashtable$Entry@50000038)
	key		500016e7
	value		500016e6
ARR 500015bb (sz=392, trace=300000, nelems=92, elem type=java.util.Hashtable$Entry[]@50000039)
	[0]		500015ba
	[2]		500015bc
	[9]		500015bd
	[11]		500015be
	[13]		500015bf
	[16]		500015c0
	[17]		500015c1
	[18]		500015c2
	[19]		500015c3
	[21]		500015c4
	[22]		500015c5
	[24]		500015c6
	[26]		500015c7
	[27]		500015c8
	[33]		500015c9
	[38]		500015ca
	[39]		500015cb
	[40]		500015cc
	[41]		500015cd
	[44]		500015ce
	[47]		500015cf
	[49]		500015d0
	[54]		500015d1
	[57]		500015d2
	[58]		500015d3
	[61]		500015d4
	[63]		500015d5
	[64]		500015d6
	[65]		500015d7
	[67]		500015d8
	[70]		500015d9
	[72]		500015da
	[74]		500015db
	[76]		500015dc
	[79]		500015dd
	[80]		500015de
	[81]		500015df
	[82]		500015e0
	[88]		500015e1
	[91]		500015e2
OBJ 500015bc (sz=24, trace=300000, class=java.util.Hashtable$Entry@50000038)
	key		500016e3
	value		500016e2
OBJ 500015bd (sz=24, trace=300000, class=java.util.Hashtable$Entry@50000038)
	key		500016db
	value		500016da
	next		500016d9
OBJ 500015be (sz=24, trace=300000, class=java.util.Hashtable$Entry@50000038)
	key		500016d6
	value		500016d5
OBJ 500015bf (sz=24, trace=300000, class=java.util.Hashtable$Entry@50000038)
	key		500016d2
	value		500016d1
OBJ 500015c0 (sz=24, trace=300000, class=java.util.Hashtable$Entry@50000038)
	key		500016ce
	value		500016cd
OBJ 500015c1 (sz=24, trace=300000, class=java.util.Hashtable$Entry@50000038)
	key		500016ca
	value		500016c9
OBJ 500015c2 (sz=24, trace=300000, class=java.util.Hashtable$Entry@50000038)
	key		500016c6
	value		500016c5
OBJ 500015c3 (sz=24, trace=300000, class=java.util.Hashtable$Entry@50000038)
	key		500016c2
	value		500016c1
OBJ 500015c4 (sz=24, trace=300000, class=java.util.Hashtable$Entry@50000038)
	key		500016be
	value		500016bd
OBJ 500015c5 (sz=24, trace=300000, class=java.util.Hashtable$Entry@50000038)
	key		500016ba
	value		500016b9
OBJ 500015c6 (sz=24, trace=300000, class=java.util.Hashtable$Entry@50000038)
	key		500016b2
	value		500016b1
	next		500016b0
OBJ 500015c7 (sz=24, trace=300000, class=java.util.Hashtable$Entry@50000038)
	key		500016a9
	value		500016a8
	next		500016a7
OBJ 500015c8 (sz=24, trace=300000, class=java.util.Hashtable$Entry@50000038)
	key		500016a4
	value		500016a3
OBJ 500015c9 (sz=24, trace=300000, class=java.util.Hashtable$Entry@50000038)
	key		5000169c
	value		5000169b
	next		5000169a
OBJ 500015ca (sz=24, trace=300000, class=java.util.Hashtable$Entry@50000038)
	key		50001693
	value		50001692
	next		50001691
OBJ 500015cb (sz=24, trace=300000, class=java.util.Hashtable$Entry@50000038)
	key		5000168e
	value		5000168d
OBJ 500015cc (sz=24, trace=300000, class=java.util.Hashtable$Entry@50000038)
	key		50001689
	value		50001688
OBJ 500015cd (sz=24, trace=300000, class=java.util.Hashtable$Entry@50000038)
	key		50001685
	value		50001684
OBJ 500015ce (sz=24, trace=300000, class=java.util.Hashtable$Entry@50000038)
	key		50001681
	value		50001680
OBJ 500015cf (sz=24, trace=300000, class=java.util.Hashtable$Entry@50000038)
	key		5000167c
	value		5000167b
OBJ 500015d0 (sz=24, trace=300000, class=java.util.Hashtable$Entry@50000038)
	key		50001674
	value		50001673
	next		50001672
OBJ 500015d1 (sz=24, trace=300000, class=java.util.Hashtable$Entry@50000038)
	key		5000166f
	value		5000166e
OBJ 500015d2 (sz=24, trace=300000, class=java.util.Hashtable$Entry@50000038)
	key		5000166b
	value		5000166a
OBJ 500015d3 (sz=24, trace=300000, class=java.util.Hashtable$Entry@50000038)
	key		50001667
	value		50001666
OBJ 500015d4 (sz=24, trace=300000, class=java.util.Hashtable$Entry@50000038)
	key		50001663
	value		50001662
OBJ 500015d5 (sz=24, trace=300000, class=java.util.Hashtable$Entry@50000038)
	key		5000165f
	value		5000165e
OBJ 500015d6 (sz=24, trace=300000, class=java.util.Hashtable$Entry@50000038)
	key		5000165b
	value		5000165a
OBJ 500015d7 (sz=24, trace=300000, class=java.util.Hashtable$Entry@50000038)
	key		50001657
	value		50001656
OBJ 500015d8 (sz=24, trace=300000, class=java.util.Hashtable$Entry@50000038)
	key		5000164f
	value		5000164e
	next		5000164d
OBJ 500015d9 (sz=24, trace=300000, class=java.util.Hashtable$Entry@50000038)
	key		50001646
	value		50001645
	next		50001644
OBJ 500015da (sz=24, trace=300000, class=java.util.Hashtable$Entry@50000038)
	key		5000163d
	value		5000163c
	next		5000163b
OBJ 500015db (sz=24, trace=300000, class=java.util.Hashtable$Entry@50000038)
	key		50001638
	value		50001637
OBJ 500015dc (sz=24, trace=300000, class=java.util.Hashtable$Entry@50000038)
	key		50001630
	value		5000162f
	next		5000162e
OBJ 500015dd (sz=24, trace=300000, class=java.util.Hashtable$Entry@50000038)
	key		50001627
	value		50001626
	next		50001625
OBJ 500015de (sz=24, trace=300000, class=java.util.Hashtable$Entry@50000038)
	key		5000161e
	value		5000161d
	next		5000161c
OBJ 500015df (sz=24, trace=300000, class=java.util.Hashtable$Entry@50000038)
	key		50001619
	value		50001618
OBJ 500015e0 (sz=24, trace=300000, class=java.util.Hashtable$Entry@50000038)
	key		50001609
	value		50001608
	next		50001607
OBJ 500015e1 (sz=24, trace=300000, class=java.util.Hashtable$Entry@50000038)
	key		500015f4
	value		500015f3
	next		500015f2
OBJ 500015e2 (sz=24, trace=300000, class=java.util.Hashtable$Entry@50000038)
	key		500015e4
	value		500015e3
OBJ 500015e3 (sz=24, trace=300000, class=java.lang.String@5000008d)
	value		500015f0
OBJ 500015e4 (sz=24, trace=300000, class=java.lang.String@5000008d)
	value		500015e5
ARR 500015e5 (sz=48, trace=300000, nelems=0, elem type=char[])
OBJ 500015e6 (sz=24, trace=300000, class=java.lang.String@5000008d)
	value		500015ef
OBJ 500015e7 (sz=24, trace=300000, class=java.lang.String@5000008d)
	value		500015ee
OBJ 500015e8 (sz=24, trace=300000, class=java.lang.String@5000008d)
	value		500015ed
OBJ 500015e9 (sz=8, trace=300000, class=java.lang.String$CaseInsensitiveComparator@500000a4)
ARR 500015ea (sz=16, trace=300000, nelems=0, elem type=java.io.ObjectStreamField[]@50000058)
OBJ 500015eb (sz=24, trace=300000, class=java.lang.String@5000008d)
	value		500015ec
ARR 500015ec (sz=16, trace=300000, nelems=0, elem type=char[])
ARR 500015ed (sz=16, trace=300000, nelems=0, elem type=char[])
ARR 500015ee (sz=16, trace=300000, nelems=0, elem type=char[])
ARR 500015ef (sz=16, trace=300000, nelems=0, elem type=char[])
ARR 500015f0 (sz=112, trace=300000, nelems=0, elem type=char[])
ARR 500015f1 (sz=2160, trace=300605, nelems=0, elem type=byte[])
OBJ 500015f2 (sz=24, trace=300000, class=java.util.Hashtable$Entry@50000038)
	key		500015f8
	value		500015f7
OBJ 500015f3 (sz=24, trace=300000, class=java.lang.String@5000008d)
	value		500015f6
OBJ 500015f4 (sz=24, trace=300000, class=java.lang.String@5000008d)
	value		500015f5
ARR 500015f5 (sz=56, trace=300000, nelems=0, elem type=char[])
ARR 500015f6 (sz=56, trace=300000, nelems=0, elem type=char[])
OBJ 500015f7 (sz=24, trace=300000, class=java.lang.String@5000008d)
	value		500015fc
OBJ 500015f8 (sz=24, trace=300000, class=java.lang.String@5000008d)
	value		500015fa
ARR 500015fa (sz=48, trace=300000, nelems=0, elem type=char[])
OBJ 500015fb (sz=80, trace=303412, class=java.lang.reflect.Method@5000008a)
	clazz		50000dda
	name		50001c33
	returnType	5000008d
	parameterTypes	50001c36
	exceptionTypes	500015ae
	methodAccessor	50001600
	root		50001c35
ARR 500015fc (sz=40, trace=300000, nelems=0, elem type=char[])
OBJ 500015fe (sz=24, trace=306660, class=sun.reflect.NativeMethodAccessorImpl@500015fd)
	method		500015fb
	parent		50001600
OBJ 50001600 (sz=16, trace=306665, class=sun.reflect.DelegatingMethodAccessorImpl@500015ff)
	delegate	500015fe
OBJ 50001601 (sz=32, trace=306284, class=com.sun.org.apache.xerces.internal.dom.AttrImpl@50000e41)
OBJ 50001602 (sz=24, trace=306694, class=com.sun.org.apache.xerces.internal.dom.AttributeMap@50000e45)
OBJ 50001603 (sz=24, trace=306321, class=java.util.Vector@50000077)
ARR 50001604 (sz=32, trace=306707, nelems=0, elem type=java.lang.Object[]@50000013)
OBJ 50001605 (sz=32, trace=306284, class=com.sun.org.apache.xerces.internal.dom.AttrImpl@50000e41)
OBJ 50001606 (sz=24, trace=306720, class=java.util.Hashtable$Entry@50000038)
OBJ 50001607 (sz=24, trace=300000, class=java.util.Hashtable$Entry@50000038)
	key		50001615
	value		5000160c
OBJ 50001608 (sz=24, trace=300000, class=java.lang.String@5000008d)
	value		5000160b
OBJ 50001609 (sz=24, trace=300000, class=java.lang.String@5000008d)
	value		5000160a
ARR 5000160a (sz=40, trace=300000, nelems=0, elem type=char[])
ARR 5000160b (sz=56, trace=300000, nelems=0, elem type=char[])
OBJ 5000160c (sz=24, trace=300000, class=java.lang.String@5000008d)
	value		50001617
OBJ 5000160d (sz=32, trace=306284, class=com.sun.org.apache.xerces.internal.dom.AttrImpl@50000e41)
OBJ 5000160e (sz=24, trace=306755, class=java.util.Hashtable$Entry@50000038)
OBJ 5000160f (sz=56, trace=306255, class=com.sun.org.apache.xerces.internal.dom.ElementImpl@50000e3e)
OBJ 50001610 (sz=32, trace=306284, class=com.sun.org.apache.xerces.internal.dom.AttrImpl@50000e41)
OBJ 50001611 (sz=24, trace=306784, class=com.sun.org.apache.xerces.internal.dom.AttributeMap@50000e45)
OBJ 50001612 (sz=24, trace=306321, class=java.util.Vector@50000077)
ARR 50001613 (sz=32, trace=306797, nelems=0, elem type=java.lang.Object[]@50000013)
OBJ 50001614 (sz=32, trace=306284, class=com.sun.org.apache.xerces.internal.dom.AttrImpl@50000e41)
OBJ 50001615 (sz=24, trace=300000, class=java.lang.String@5000008d)
	value		50001616
ARR 50001616 (sz=48, trace=300000, nelems=0, elem type=char[])
ARR 50001617 (sz=56, trace=300000, nelems=0, elem type=char[])
OBJ 50001618 (sz=24, trace=300000, class=java.lang.String@5000008d)
	value		5000161b
OBJ 50001619 (sz=24, trace=300000, class=java.lang.String@5000008d)
	value		5000161a
ARR 5000161a (sz=40, trace=300000, nelems=0, elem type=char[])
ARR 5000161b (sz=16, trace=300000, nelems=0, elem type=char[])
OBJ 5000161c (sz=24, trace=300000, class=java.util.Hashtable$Entry@50000038)
	key		50001622
	value		50001621
OBJ 5000161d (sz=24, trace=300000, class=java.lang.String@5000008d)
	value		50001620
OBJ 5000161e (sz=24, trace=300000, class=java.lang.String@5000008d)
	value		5000161f
ARR 5000161f (sz=40, trace=300000, nelems=0, elem type=char[])
ARR 50001620 (sz=64, trace=300000, nelems=0, elem type=char[])
OBJ 50001621 (sz=24, trace=300000, class=java.lang.String@5000008d)
	value		50001624
OBJ 50001622 (sz=24, trace=300000, class=java.lang.String@5000008d)
	value		50001623
ARR 50001623 (sz=48, trace=300000, nelems=0, elem type=char[])
ARR 50001624 (sz=24, trace=300000, nelems=0, elem type=char[])
OBJ 50001625 (sz=24, trace=300000, class=java.util.Hashtable$Entry@50000038)
	key		5000162b
	value		5000162a
OBJ 50001626 (sz=24, trace=300000, class=java.lang.String@5000008d)
	value		50001629
OBJ 50001627 (sz=24, trace=300000, class=java.lang.String@5000008d)
	value		50001628
ARR 50001628 (sz=40, trace=300000, nelems=0, elem type=char[])
ARR 50001629 (sz=16, trace=300000, nelems=0, elem type=char[])
OBJ 5000162a (sz=24, trace=300000, class=java.lang.String@5000008d)
	value		5000162d
OBJ 5000162b (sz=24, trace=300000, class=java.lang.String@5000008d)
	value		5000162c
ARR 5000162c (sz=48, trace=300000, nelems=0, elem type=char[])
ARR 5000162d (sz=40, trace=300000, nelems=0, elem type=char[])
OBJ 5000162e (sz=24, trace=300000, class=java.util.Hashtable$Entry@50000038)
	key		50001634
	value		50001633
OBJ 5000162f (sz=24, trace=300000, class=java.lang.String@5000008d)
	value		50001632
OBJ 50001630 (sz=24, trace=300000, class=java.lang.String@5000008d)
	value		50001631
ARR 50001631 (sz=64, trace=300000, nelems=0, elem type=char[])
ARR 50001632 (sz=80, trace=300000, nelems=0, elem type=char[])
OBJ 50001633 (sz=24, trace=300000, class=java.lang.String@5000008d)
	value		50001636
OBJ 50001634 (sz=24, trace=300000, class=java.lang.String@5000008d)
	value		50001635
ARR 50001635 (sz=32, trace=300000, nelems=0, elem type=char[])
ARR 50001636 (sz=104, trace=300000, nelems=0, elem type=char[])
OBJ 50001637 (sz=24, trace=300000, class=java.lang.String@5000008d)
	value		5000163a
OBJ 50001638 (sz=24, trace=300000, class=java.lang.String@5000008d)
	value		50001639
ARR 50001639 (sz=56, trace=300000, nelems=0, elem type=char[])
ARR 5000163a (sz=40, trace=300000, nelems=0, elem type=char[])
OBJ 5000163b (sz=24, trace=300000, class=java.util.Hashtable$Entry@50000038)
	key		50001641
	value		50001640
OBJ 5000163c (sz=24, trace=300000, class=java.lang.String@5000008d)
	value		5000163f
OBJ 5000163d (sz=24, trace=300000, class=java.lang.String@5000008d)
	value		5000163e
ARR 5000163e (sz=32, trace=300000, nelems=0, elem type=char[])
ARR 5000163f (sz=104, trace=300000, nelems=0, elem type=char[])
OBJ 50001640 (sz=24, trace=300000, class=java.lang.String@5000008d)
	value		50001643
OBJ 50001641 (sz=24, trace=300000, class=java.lang.String@5000008d)
	value		50001642
ARR 50001642 (sz=56, trace=300000, nelems=0, elem type=char[])
ARR 50001643 (sz=80, trace=300000, nelems=0, elem type=char[])
OBJ 50001644 (sz=24, trace=300000, class=java.util.Hashtable$Entry@50000038)
	key		5000164a
	value		50001649
OBJ 50001645 (sz=24, trace=300000, class=java.lang.String@5000008d)
	value		50001648
OBJ 50001646 (sz=24, trace=300000, class=java.lang.String@5000008d)
	value		50001647
ARR 50001647 (sz=48, trace=300000, nelems=0, elem type=char[])
ARR 50001648 (sz=56, trace=300000, nelems=0, elem type=char[])
OBJ 50001649 (sz=24, trace=300000, class=java.lang.String@5000008d)
	value		5000164c
OBJ 5000164a (sz=24, trace=300000, class=java.lang.String@5000008d)
	value		5000164b
ARR 5000164b (sz=32, trace=300000, nelems=0, elem type=char[])
ARR 5000164c (sz=24, trace=300000, nelems=0, elem type=char[])
OBJ 5000164d (sz=24, trace=300000, class=java.util.Hashtable$Entry@50000038)
	key		50001653
	value		50001652
OBJ 5000164e (sz=24, trace=300000, class=java.lang.String@5000008d)
	value		50001651
OBJ 5000164f (sz=24, trace=300000, class=java.lang.String@5000008d)
	value		50001650
ARR 50001650 (sz=40, trace=300000, nelems=0, elem type=char[])
ARR 50001651 (sz=88, trace=300000, nelems=0, elem type=char[])
OBJ 50001652 (sz=24, trace=300000, class=java.lang.String@5000008d)
	value		50001655
OBJ 50001653 (sz=24, trace=300000, class=java.lang.String@5000008d)
	value		50001654
ARR 50001654 (sz=40, trace=300000, nelems=0, elem type=char[])
ARR 50001655 (sz=16, trace=300000, nelems=0, elem type=char[])
OBJ 50001656 (sz=24, trace=300000, class=java.lang.String@5000008d)
	value		50001659
OBJ 50001657 (sz=24, trace=300000, class=java.lang.String@5000008d)
	value		50001658
ARR 50001658 (sz=72, trace=300000, nelems=0, elem type=char[])
ARR 50001659 (sz=56, trace=300000, nelems=0, elem type=char[])
OBJ 5000165a (sz=24, trace=300000, class=java.lang.String@5000008d)
	value		5000165d
OBJ 5000165b (sz=24, trace=300000, class=java.lang.String@5000008d)
	value		5000165c
ARR 5000165c (sz=40, trace=300000, nelems=0, elem type=char[])
ARR 5000165d (sz=16, trace=300000, nelems=0, elem type=char[])
OBJ 5000165e (sz=24, trace=300000, class=java.lang.String@5000008d)
	value		50001661
OBJ 5000165f (sz=24, trace=300000, class=java.lang.String@5000008d)
	value		50001660
ARR 50001660 (sz=32, trace=300000, nelems=0, elem type=char[])
ARR 50001661 (sz=32, trace=300000, nelems=0, elem type=char[])
OBJ 50001662 (sz=24, trace=300000, class=java.lang.String@5000008d)
	value		50001665
OBJ 50001663 (sz=24, trace=300000, class=java.lang.String@5000008d)
	value		50001664
ARR 50001664 (sz=80, trace=300000, nelems=0, elem type=char[])
ARR 50001665 (sz=248, trace=300000, nelems=0, elem type=char[])
OBJ 50001666 (sz=24, trace=300000, class=java.lang.String@5000008d)
	value		50001669
OBJ 50001667 (sz=24, trace=300000, class=java.lang.String@5000008d)
	value		50001668
ARR 50001668 (sz=32, trace=300000, nelems=0, elem type=char[])
ARR 50001669 (sz=120, trace=300000, nelems=0, elem type=char[])
OBJ 5000166a (sz=24, trace=300000, class=java.lang.String@5000008d)
	value		5000166d
OBJ 5000166b (sz=24, trace=300000, class=java.lang.String@5000008d)
	value		5000166c
ARR 5000166c (sz=48, trace=300000, nelems=0, elem type=char[])
ARR 5000166d (sz=24, trace=300000, nelems=0, elem type=char[])
OBJ 5000166e (sz=24, trace=300000, class=java.lang.String@5000008d)
	value		50001671
OBJ 5000166f (sz=24, trace=300000, class=java.lang.String@5000008d)
	value		50001670
ARR 50001670 (sz=48, trace=300000, nelems=0, elem type=char[])
ARR 50001671 (sz=2016, trace=300000, nelems=0, elem type=char[])
OBJ 50001672 (sz=24, trace=300000, class=java.util.Hashtable$Entry@50000038)
	key		50001678
	value		50001677
OBJ 50001673 (sz=24, trace=300000, class=java.lang.String@5000008d)
	value		50001676
OBJ 50001674 (sz=24, trace=300000, class=java.lang.String@5000008d)
	value		50001675
ARR 50001675 (sz=64, trace=300000, nelems=0, elem type=char[])
ARR 50001676 (sz=80, trace=300000, nelems=0, elem type=char[])
OBJ 50001677 (sz=24, trace=300000, class=java.lang.String@5000008d)
	value		5000167a
OBJ 50001678 (sz=24, trace=300000, class=java.lang.String@5000008d)
	value		50001679
ARR 50001679 (sz=48, trace=300000, nelems=0, elem type=char[])
ARR 5000167a (sz=24, trace=300000, nelems=0, elem type=char[])
OBJ 5000167b (sz=24, trace=300000, class=java.lang.String@5000008d)
	value		5000167f
OBJ 5000167c (sz=24, trace=300000, class=java.lang.String@5000008d)
	value		5000167e
ARR 5000167e (sz=64, trace=300000, nelems=0, elem type=char[])
ARR 5000167f (sz=64, trace=300000, nelems=0, elem type=char[])
OBJ 50001680 (sz=24, trace=300000, class=java.lang.String@5000008d)
	value		50001683
OBJ 50001681 (sz=24, trace=300000, class=java.lang.String@5000008d)
	value		50001682
ARR 50001682 (sz=32, trace=300000, nelems=0, elem type=char[])
ARR 50001683 (sz=24, trace=300000, nelems=0, elem type=char[])
OBJ 50001684 (sz=24, trace=300000, class=java.lang.String@5000008d)
	value		50001687
OBJ 50001685 (sz=24, trace=300000, class=java.lang.String@5000008d)
	value		50001686
ARR 50001686 (sz=32, trace=300000, nelems=0, elem type=char[])
ARR 50001687 (sz=80, trace=300000, nelems=0, elem type=char[])
OBJ 50001688 (sz=24, trace=300000, class=java.lang.String@5000008d)
	value		5000168b
OBJ 50001689 (sz=24, trace=300000, class=java.lang.String@5000008d)
	value		5000168a
ARR 5000168a (sz=40, trace=300000, nelems=0, elem type=char[])
ARR 5000168b (sz=16, trace=300000, nelems=0, elem type=char[])
ARR 5000168c (sz=64, trace=306888, nelems=0, elem type=java.lang.StackTraceElement[]@500000e1)
OBJ 5000168d (sz=24, trace=300000, class=java.lang.String@5000008d)
	value		50001690
OBJ 5000168e (sz=24, trace=300000, class=java.lang.String@5000008d)
	value		5000168f
ARR 5000168f (sz=56, trace=300000, nelems=0, elem type=char[])
ARR 50001690 (sz=72, trace=300000, nelems=0, elem type=char[])
OBJ 50001691 (sz=24, trace=300000, class=java.util.Hashtable$Entry@50000038)
	key		50001697
	value		50001696
OBJ 50001692 (sz=24, trace=300000, class=java.lang.String@5000008d)
	value		50001695
OBJ 50001693 (sz=24, trace=300000, class=java.lang.String@5000008d)
	value		50001694
ARR 50001694 (sz=40, trace=300000, nelems=0, elem type=char[])
ARR 50001695 (sz=24, trace=300000, nelems=0, elem type=char[])
OBJ 50001696 (sz=24, trace=300000, class=java.lang.String@5000008d)
	value		50001699
OBJ 50001697 (sz=24, trace=300000, class=java.lang.String@5000008d)
	value		50001698
ARR 50001698 (sz=64, trace=300000, nelems=0, elem type=char[])
ARR 50001699 (sz=24, trace=300000, nelems=0, elem type=char[])
OBJ 5000169a (sz=24, trace=300000, class=java.util.Hashtable$Entry@50000038)
	key		500016a0
	value		5000169f
OBJ 5000169b (sz=24, trace=300000, class=java.lang.String@5000008d)
	value		5000169e
OBJ 5000169c (sz=24, trace=300000, class=java.lang.String@5000008d)
	value		5000169d
ARR 5000169d (sz=48, trace=300000, nelems=0, elem type=char[])
ARR 5000169e (sz=1984, trace=300000, nelems=0, elem type=char[])
OBJ 5000169f (sz=24, trace=300000, class=java.lang.String@5000008d)
	value		500016a2
OBJ 500016a0 (sz=24, trace=300000, class=java.lang.String@5000008d)
	value		500016a1
ARR 500016a1 (sz=32, trace=300000, nelems=0, elem type=char[])
ARR 500016a2 (sz=32, trace=300000, nelems=0, elem type=char[])
OBJ 500016a3 (sz=24, trace=300000, class=java.lang.String@5000008d)
	value		500016a6
OBJ 500016a4 (sz=24, trace=300000, class=java.lang.String@5000008d)
	value		500016a5
ARR 500016a5 (sz=72, trace=300000, nelems=0, elem type=char[])
ARR 500016a6 (sz=24, trace=300000, nelems=0, elem type=char[])
OBJ 500016a7 (sz=24, trace=300000, class=java.util.Hashtable$Entry@50000038)
	key		500016ad
	value		500016ac
OBJ 500016a8 (sz=24, trace=300000, class=java.lang.String@5000008d)
	value		500016ab
OBJ 500016a9 (sz=24, trace=300000, class=java.lang.String@5000008d)
	value		500016aa
ARR 500016aa (sz=32, trace=300000, nelems=0, elem type=char[])
ARR 500016ab (sz=48, trace=300000, nelems=0, elem type=char[])
OBJ 500016ac (sz=24, trace=300000, class=java.lang.String@5000008d)
	value		500016af
OBJ 500016ad (sz=24, trace=300000, class=java.lang.String@5000008d)
	value		500016ae
ARR 500016ae (sz=56, trace=300000, nelems=0, elem type=char[])
ARR 500016af (sz=16, trace=300000, nelems=0, elem type=char[])
OBJ 500016b0 (sz=24, trace=300000, class=java.util.Hashtable$Entry@50000038)
	key		500016b6
	value		500016b5
OBJ 500016b1 (sz=24, trace=300000, class=java.lang.String@5000008d)
	value		500016b4
OBJ 500016b2 (sz=24, trace=300000, class=java.lang.String@5000008d)
	value		500016b3
ARR 500016b3 (sz=40, trace=300000, nelems=0, elem type=char[])
ARR 500016b4 (sz=16, trace=300000, nelems=0, elem type=char[])
OBJ 500016b5 (sz=24, trace=300000, class=java.lang.String@5000008d)
	value		500016b8
OBJ 500016b6 (sz=24, trace=300000, class=java.lang.String@5000008d)
	value		500016b7
ARR 500016b7 (sz=64, trace=300000, nelems=0, elem type=char[])
ARR 500016b8 (sz=56, trace=300000, nelems=0, elem type=char[])
OBJ 500016b9 (sz=24, trace=300000, class=java.lang.String@5000008d)
	value		500016bc
OBJ 500016ba (sz=24, trace=300000, class=java.lang.String@5000008d)
	value		500016bb
ARR 500016bb (sz=40, trace=300000, nelems=0, elem type=char[])
ARR 500016bc (sz=64, trace=300000, nelems=0, elem type=char[])
OBJ 500016bd (sz=24, trace=300000, class=java.lang.String@5000008d)
	value		500016c0
OBJ 500016be (sz=24, trace=300000, class=java.lang.String@5000008d)
	value		500016bf
ARR 500016bf (sz=40, trace=300000, nelems=0, elem type=char[])
ARR 500016c0 (sz=32, trace=300000, nelems=0, elem type=char[])
OBJ 500016c1 (sz=24, trace=300000, class=java.lang.String@5000008d)
	value		500016c4
OBJ 500016c2 (sz=24, trace=300000, class=java.lang.String@5000008d)
	value		500016c3
ARR 500016c3 (sz=40, trace=300000, nelems=0, elem type=char[])
ARR 500016c4 (sz=32, trace=300000, nelems=0, elem type=char[])
OBJ 500016c5 (sz=24, trace=300000, class=java.lang.String@5000008d)
	value		500016c8
OBJ 500016c6 (sz=24, trace=300000, class=java.lang.String@5000008d)
	value		500016c7
ARR 500016c7 (sz=40, trace=300000, nelems=0, elem type=char[])
ARR 500016c8 (sz=64, trace=300000, nelems=0, elem type=char[])
OBJ 500016c9 (sz=24, trace=300000, class=java.lang.String@5000008d)
	value		500016cc
OBJ 500016ca (sz=24, trace=300000, class=java.lang.String@5000008d)
	value		500016cb
ARR 500016cb (sz=56, trace=300000, nelems=0, elem type=char[])
ARR 500016cc (sz=464, trace=300000, nelems=0, elem type=char[])
OBJ 500016cd (sz=24, trace=300000, class=java.lang.String@5000008d)
	value		500016d0
OBJ 500016ce (sz=24, trace=300000, class=java.lang.String@5000008d)
	value		500016cf
ARR 500016cf (sz=40, trace=300000, nelems=0, elem type=char[])
ARR 500016d0 (sz=56, trace=300000, nelems=0, elem type=char[])
OBJ 500016d1 (sz=24, trace=300000, class=java.lang.String@5000008d)
	value		500016d4
OBJ 500016d2 (sz=24, trace=300000, class=java.lang.String@5000008d)
	value		500016d3
ARR 500016d3 (sz=40, trace=300000, nelems=0, elem type=char[])
ARR 500016d4 (sz=16, trace=300000, nelems=0, elem type=char[])
OBJ 500016d5 (sz=24, trace=300000, class=java.lang.String@5000008d)
	value		500016d8
OBJ 500016d6 (sz=24, trace=300000, class=java.lang.String@5000008d)
	value		500016d7
ARR 500016d7 (sz=56, trace=300000, nelems=0, elem type=char[])
ARR 500016d8 (sz=96, trace=300000, nelems=0, elem type=char[])
OBJ 500016d9 (sz=24, trace=300000, class=java.util.Hashtable$Entry@50000038)
	key		500016df
	value		500016de
OBJ 500016da (sz=24, trace=300000, class=java.lang.String@5000008d)
	value		500016dd
OBJ 500016db (sz=24, trace=300000, class=java.lang.String@5000008d)
	value		500016dc
ARR 500016dc (sz=64, trace=300000, nelems=0, elem type=char[])
ARR 500016dd (sz=40, trace=300000, nelems=0, elem type=char[])
OBJ 500016de (sz=24, trace=300000, class=java.lang.String@5000008d)
	value		500016e1
OBJ 500016df (sz=24, trace=300000, class=java.lang.String@5000008d)
	value		500016e0
ARR 500016e0 (sz=40, trace=300000, nelems=0, elem type=char[])
ARR 500016e1 (sz=24, trace=300000, nelems=0, elem type=char[])
OBJ 500016e2 (sz=24, trace=300000, class=java.lang.String@5000008d)
	value		500016e5
OBJ 500016e3 (sz=24, trace=300000, class=java.lang.String@5000008d)
	value		500016e4
ARR 500016e4 (sz=40, trace=300000, nelems=0, elem type=char[])
ARR 500016e5 (sz=32, trace=300000, nelems=0, elem type=char[])
OBJ 500016e6 (sz=24, trace=300000, class=java.lang.String@5000008d)
	value		500016e9
OBJ 500016e7 (sz=24, trace=300000, class=java.lang.String@5000008d)
	value		500016e8
ARR 500016e8 (sz=48, trace=300000, nelems=0, elem type=char[])
ARR 500016e9 (sz=136, trace=300000, nelems=0, elem type=char[])
OBJ 500016ea (sz=24, trace=300000, class=java.lang.String@5000008d)
	value		500016ec
ARR 500016eb (sz=48, trace=300000, nelems=0, elem type=char[])
ARR 500016ec (sz=64, trace=300000, nelems=0, elem type=char[])
OBJ 500016ed (sz=8, trace=300000, class=java.util.Hashtable$EmptyIterator@500000e9)
OBJ 500016ee (sz=8, trace=300000, class=java.util.Hashtable$EmptyEnumerator@500000cb)
OBJ 500016ef (sz=8, trace=300000, class=java.lang.Object@50000012)
OBJ 500016f0 (sz=24, trace=300000, class=java.security.AccessControlContext@5000009c)
ARR 500016f1 (sz=48, trace=300000, nelems=0, elem type=char[])
ARR 500016f2 (sz=32, trace=300000, nelems=1, elem type=java.lang.ThreadGroup[]@50000069)
	[0]		500015b4
ARR 500016f3 (sz=32, trace=300000, nelems=3, elem type=java.lang.Thread[]@50000107)
	[0]		500015a8
	[1]		500015a7
	[2]		50000114
OBJ 500016f4 (sz=24, trace=300000, class=java.lang.String@5000008d)
	value		500016f5
ARR 500016f5 (sz=24, trace=300000, nelems=0, elem type=char[])
OBJ 500016f6 (sz=24, trace=300000, class=java.security.AccessControlContext@5000009c)
OBJ 500016f7 (sz=32, trace=300000, class=sun.misc.URLClassPath@500000b7)
	path		50001cd3
	urls		50001cd2
	loaders		50001cd1
	lmap		50001cd0
	jarHandler	50001ccf
OBJ 500016f8 (sz=40, trace=300000, class=java.util.HashMap@50000096)
	table		50001cce
OBJ 500016f9 (sz=24, trace=300000, class=java.util.Vector@50000077)
	elementData	50001ccd
OBJ 500016fa (sz=40, trace=300000, class=java.util.HashMap@50000096)
	table		50001ccc
OBJ 500016fb (sz=16, trace=300000, class=java.util.HashSet@50000100)
	map		50001cca
OBJ 500016fc (sz=24, trace=300000, class=java.util.Vector@50000077)
	elementData	5000102c
OBJ 500016fd (sz=40, trace=300000, class=java.util.Hashtable@5000000e)
	table		50001bda
OBJ 500016fe (sz=72, trace=300000, class=sun.misc.Launcher$ExtClassLoader@500000e7)
	package2certs	50001707
	classes		50001706
	domains		50001705
	packages	50001704
	nativeLibraries	50001703
	pdcache		50001702
	ucp		50001701
	acc		50001700
	dirs		500016ff
ARR 500016ff (sz=16, trace=300000, nelems=1, elem type=java.io.File[]@50000052)
	[0]		5000176d
OBJ 50001700 (sz=24, trace=300000, class=java.security.AccessControlContext@5000009c)
OBJ 50001701 (sz=32, trace=300000, class=sun.misc.URLClassPath@500000b7)
	path		50001715
	urls		50001714
	loaders		50001713
	lmap		50001712
	jarHandler	50001711
OBJ 50001702 (sz=40, trace=300000, class=java.util.HashMap@50000096)
	table		50001710
OBJ 50001703 (sz=24, trace=300000, class=java.util.Vector@50000077)
	elementData	5000170f
OBJ 50001704 (sz=40, trace=300000, class=java.util.HashMap@50000096)
	table		5000170e
OBJ 50001705 (sz=16, trace=300000, class=java.util.HashSet@50000100)
	map		5000170a
OBJ 50001706 (sz=24, trace=300000, class=java.util.Vector@50000077)
	elementData	50001709
OBJ 50001707 (sz=40, trace=300000, class=java.util.Hashtable@5000000e)
	table		50001708
ARR 50001708 (sz=56, trace=300000, nelems=0, elem type=java.util.Hashtable$Entry[]@50000039)
ARR 50001709 (sz=56, trace=300000, nelems=0, elem type=java.lang.Object[]@50000013)
OBJ 5000170a (sz=40, trace=300000, class=java.util.HashMap@50000096)
	table		5000170b
ARR 5000170b (sz=80, trace=300000, nelems=0, elem type=java.util.HashMap$Entry[]@5000004d)
OBJ 5000170c (sz=8, trace=300000, class=java.lang.Object@50000012)
OBJ 5000170d (sz=8, trace=300000, class=java.lang.Object@50000012)
ARR 5000170e (sz=80, trace=300000, nelems=0, elem type=java.util.HashMap$Entry[]@5000004d)
ARR 5000170f (sz=56, trace=300000, nelems=0, elem type=java.lang.Object[]@50000013)
ARR 50001710 (sz=80, trace=300000, nelems=0, elem type=java.util.HashMap$Entry[]@5000004d)
OBJ 50001711 (sz=8, trace=300000, class=sun.net.www.protocol.jar.Handler@5000002d)
OBJ 50001712 (sz=40, trace=300000, class=java.util.HashMap@50000096)
	table		50001768
OBJ 50001713 (sz=24, trace=300000, class=java.util.ArrayList@5000009d)
	elementData	50001749
OBJ 50001714 (sz=24, trace=300000, class=java.util.Stack@500000f6)
	elementData	50001748
OBJ 50001715 (sz=24, trace=300000, class=java.util.ArrayList@5000009d)
	elementData	50001716
ARR 50001716 (sz=56, trace=300000, nelems=4, elem type=java.lang.Object[]@50000013)
	[0]		50001717
	[1]		50001718
	[2]		50001719
	[3]		5000171a
OBJ 50001717 (sz=56, trace=300000, class=java.net.URL@5000004f)
	protocol	5000171e
	host		5000171d
	file		50001746
	authority	5000171d
	path		50001746
	handler		5000171b
OBJ 50001718 (sz=56, trace=300000, class=java.net.URL@5000004f)
	protocol	5000171e
	host		5000171d
	file		50001744
	authority	5000171d
	path		50001744
	handler		5000171b
OBJ 50001719 (sz=56, trace=300000, class=java.net.URL@5000004f)
	protocol	5000171e
	host		5000171d
	file		50001742
	authority	5000171d
	path		50001742
	handler		5000171b
OBJ 5000171a (sz=56, trace=300000, class=java.net.URL@5000004f)
	protocol	5000171e
	host		5000171d
	file		5000171c
	authority	5000171d
	path		5000171c
	handler		5000171b
OBJ 5000171b (sz=8, trace=300000, class=sun.net.www.protocol.file.Handler@500000ea)
OBJ 5000171c (sz=24, trace=300000, class=java.lang.String@5000008d)
	value		50001721
OBJ 5000171d (sz=24, trace=300000, class=java.lang.String@5000008d)
	value		50001720
OBJ 5000171e (sz=24, trace=300000, class=java.lang.String@5000008d)
	value		5000171f
ARR 5000171f (sz=24, trace=300000, nelems=0, elem type=char[])
ARR 50001720 (sz=16, trace=300000, nelems=0, elem type=char[])
ARR 50001721 (sz=96, trace=300000, nelems=0, elem type=char[])
OBJ 50001722 (sz=24, trace=300000, class=java.lang.String@5000008d)
	value		50001723
ARR 50001723 (sz=32, trace=300000, nelems=0, elem type=char[])
OBJ 50001724 (sz=24, trace=300000, class=java.lang.String@5000008d)
	value		5000172f
OBJ 50001725 (sz=24, trace=300000, class=java.lang.String@5000008d)
	value		5000172e
OBJ 50001726 (sz=24, trace=300000, class=java.lang.String@5000008d)
	value		5000172d
OBJ 50001727 (sz=24, trace=300000, class=java.lang.String@5000008d)
	value		5000172c
OBJ 50001728 (sz=24, trace=300000, class=java.lang.String@5000008d)
	value		5000172b
OBJ 50001729 (sz=24, trace=300000, class=java.lang.String@5000008d)
	value		5000172a
ARR 5000172a (sz=16, trace=300000, nelems=0, elem type=char[])
ARR 5000172b (sz=24, trace=300000, nelems=0, elem type=char[])
ARR 5000172c (sz=24, trace=300000, nelems=0, elem type=char[])
ARR 5000172d (sz=24, trace=300000, nelems=0, elem type=char[])
ARR 5000172e (sz=16, trace=300000, nelems=0, elem type=char[])
ARR 5000172f (sz=16, trace=300000, nelems=0, elem type=char[])
OBJ 50001730 (sz=24, trace=300000, class=java.lang.String@5000008d)
	value		50001741
OBJ 50001731 (sz=24, trace=300000, class=java.lang.String@5000008d)
	value		50001740
OBJ 50001732 (sz=24, trace=300000, class=java.lang.String@5000008d)
	value		5000173f
OBJ 50001733 (sz=24, trace=300000, class=java.lang.String@5000008d)
	value		50001739
OBJ 50001734 (sz=24, trace=300000, class=java.lang.String@5000008d)
	value		5000173e
OBJ 50001735 (sz=24, trace=300000, class=java.lang.String@5000008d)
	value		5000173d
OBJ 50001736 (sz=24, trace=300000, class=java.lang.String@5000008d)
	value		5000173c
OBJ 50001737 (sz=8, trace=300000, class=java.lang.Object@50000012)
OBJ 50001738 (sz=40, trace=300000, class=java.util.Hashtable@5000000e)
	table		5000173a
ARR 50001739 (sz=64, trace=300000, nelems=0, elem type=char[])
ARR 5000173a (sz=56, trace=300000, nelems=7, elem type=java.util.Hashtable$Entry[]@50000039)
	[6]		5000173b
OBJ 5000173b (sz=24, trace=300000, class=java.util.Hashtable$Entry@50000038)
	key		5000171e
	value		5000171b
ARR 5000173c (sz=16, trace=300000, nelems=0, elem type=char[])
ARR 5000173d (sz=24, trace=300000, nelems=0, elem type=char[])
ARR 5000173e (sz=56, trace=300000, nelems=0, elem type=char[])
ARR 5000173f (sz=16, trace=300000, nelems=0, elem type=char[])
ARR 50001740 (sz=32, trace=300000, nelems=0, elem type=char[])
ARR 50001741 (sz=16, trace=300000, nelems=0, elem type=char[])
OBJ 50001742 (sz=24, trace=300000, class=java.lang.String@5000008d)
	value		50001743
ARR 50001743 (sz=112, trace=300000, nelems=0, elem type=char[])
OBJ 50001744 (sz=24, trace=300000, class=java.lang.String@5000008d)
	value		50001745
ARR 50001745 (sz=96, trace=300000, nelems=0, elem type=char[])
OBJ 50001746 (sz=24, trace=300000, class=java.lang.String@5000008d)
	value		50001747
ARR 50001747 (sz=88, trace=300000, nelems=0, elem type=char[])
ARR 50001748 (sz=56, trace=300000, nelems=0, elem type=java.lang.Object[]@50000013)
ARR 50001749 (sz=56, trace=300000, nelems=4, elem type=java.lang.Object[]@50000013)
	[0]		50000149
	[1]		50000184
	[2]		500001aa
	[3]		500001d0
OBJ 5000174a (sz=24, trace=300000, class=java.lang.String@5000008d)
	value		5000174b
ARR 5000174b (sz=24, trace=300000, nelems=0, elem type=char[])
OBJ 5000174c (sz=24, trace=300000, class=java.lang.String@5000008d)
	value		5000174f
OBJ 5000174d (sz=24, trace=300000, class=java.lang.String@5000008d)
	value		5000174e
ARR 5000174e (sz=16, trace=300000, nelems=0, elem type=char[])
ARR 5000174f (sz=24, trace=300000, nelems=0, elem type=char[])
OBJ 50001750 (sz=24, trace=300000, class=java.lang.String@5000008d)
	value		50001751
ARR 50001751 (sz=24, trace=300000, nelems=0, elem type=char[])
OBJ 50001752 (sz=24, trace=300000, class=java.lang.String@5000008d)
	value		50001753
ARR 50001753 (sz=56, trace=300000, nelems=0, elem type=char[])
OBJ 50001754 (sz=24, trace=300000, class=java.lang.String@5000008d)
	value		50001767
OBJ 50001755 (sz=24, trace=300000, class=java.lang.String@5000008d)
	value		50001766
OBJ 50001756 (sz=24, trace=300000, class=java.lang.String@5000008d)
	value		50001765
OBJ 50001757 (sz=24, trace=300000, class=java.lang.String@5000008d)
	value		50001764
OBJ 50001758 (sz=24, trace=300000, class=java.lang.String@5000008d)
	value		50001763
OBJ 50001759 (sz=24, trace=300000, class=java.lang.String@5000008d)
	value		50001762
OBJ 5000175a (sz=24, trace=300000, class=java.lang.String@5000008d)
	value		50001761
OBJ 5000175b (sz=24, trace=300000, class=java.lang.String@5000008d)
	value		50001760
OBJ 5000175c (sz=24, trace=300000, class=java.lang.String@5000008d)
	value		5000175f
OBJ 5000175d (sz=24, trace=300000, class=java.lang.String@5000008d)
	value		5000175e
ARR 5000175e (sz=40, trace=300000, nelems=0, elem type=char[])
ARR 5000175f (sz=56, trace=300000, nelems=0, elem type=char[])
ARR 50001760 (sz=24, trace=300000, nelems=0, elem type=char[])
ARR 50001761 (sz=40, trace=300000, nelems=0, elem type=char[])
ARR 50001762 (sz=40, trace=300000, nelems=0, elem type=char[])
ARR 50001763 (sz=32, trace=300000, nelems=0, elem type=char[])
ARR 50001764 (sz=32, trace=300000, nelems=0, elem type=char[])
ARR 50001765 (sz=32, trace=300000, nelems=0, elem type=char[])
ARR 50001766 (sz=32, trace=300000, nelems=0, elem type=char[])
ARR 50001767 (sz=40, trace=300000, nelems=0, elem type=char[])
ARR 50001768 (sz=80, trace=300000, nelems=13, elem type=java.util.HashMap$Entry[]@5000004d)
	[5]		5000020f
	[9]		500001c2
	[10]		50000176
	[12]		5000019c
OBJ 50001769 (sz=24, trace=300000, class=java.lang.String@5000008d)
	value		5000176c
OBJ 5000176a (sz=24, trace=300000, class=java.lang.String@5000008d)
	value		5000176b
ARR 5000176b (sz=48, trace=300000, nelems=0, elem type=char[])
ARR 5000176c (sz=40, trace=300000, nelems=0, elem type=char[])
OBJ 5000176d (sz=16, trace=300000, class=java.io.File@50000051)
	path		500016c5
OBJ 5000176e (sz=8, trace=300000, class=java.lang.Object@50000012)
OBJ 5000176f (sz=24, trace=300000, class=java.lang.String@5000008d)
	value		50001853
OBJ 50001770 (sz=24, trace=300000, class=java.lang.String@5000008d)
	value		50001852
OBJ 50001771 (sz=24, trace=300000, class=java.io.WinNTFileSystem@500000c5)
	cache		50001773
	prefixCache	50001772
OBJ 50001772 (sz=40, trace=300000, class=java.io.ExpiringCache@50000095)
	map		5000182e
OBJ 50001773 (sz=40, trace=300000, class=java.io.ExpiringCache@50000095)
	map		50001774
OBJ 50001774 (sz=56, trace=300000, class=java.io.ExpiringCache$1@500000d2)
	table		50000365
	header		50001775
	this$0		50001773
OBJ 50001775 (sz=32, trace=300000, class=java.util.LinkedHashMap$Entry@50000067)
	before		500003ec
	after		500017d0
OBJ 50001776 (sz=32, trace=300000, class=java.util.LinkedHashMap$Entry@50000067)
	key		500017d2
	value		500017d1
	before		500017d0
	after		50001780
OBJ 50001777 (sz=24, trace=307014, class=java.lang.String@5000008d)
ARR 50001778 (sz=224, trace=307015, nelems=0, elem type=char[])
OBJ 5000177e (sz=8, trace=307023, class=com.sun.org.apache.xerces.internal.dom.CharacterDataImpl$1@5000177d)
OBJ 5000177f (sz=32, trace=307026, class=com.sun.org.apache.xerces.internal.dom.TextImpl@5000177c)
OBJ 50001780 (sz=32, trace=300000, class=java.util.LinkedHashMap$Entry@50000067)
	key		500017cc
	value		500017cb
	before		50001776
	after		50001787
OBJ 50001781 (sz=32, trace=300000, class=java.util.LinkedHashMap$Entry@50000067)
	key		50001822
	value		50001821
	before		500017ef
	after		50001783
OBJ 50001782 (sz=32, trace=300000, class=java.util.LinkedHashMap$Entry@50000067)
	key		500017fe
	value		500017fd
	before		50001793
	after		50001788
OBJ 50001783 (sz=32, trace=300000, class=java.util.LinkedHashMap$Entry@50000067)
	key		50001826
	value		50001825
	before		50001781
	after		50001786
OBJ 50001784 (sz=32, trace=300000, class=java.util.LinkedHashMap$Entry@50000067)
	key		50001818
	value		50001817
	before		5000178a
	after		50001785
OBJ 50001785 (sz=32, trace=300000, class=java.util.LinkedHashMap$Entry@50000067)
	key		5000181d
	value		5000181c
	next		50001802
	before		50001784
	after		500017ef
OBJ 50001786 (sz=32, trace=300000, class=java.util.LinkedHashMap$Entry@50000067)
	key		5000182a
	value		50001829
	before		50001783
	after		50001791
OBJ 50001787 (sz=32, trace=300000, class=java.util.LinkedHashMap$Entry@50000067)
	key		500017c7
	value		500017c6
	before		50001780
	after		500017bc
OBJ 50001788 (sz=32, trace=300000, class=java.util.LinkedHashMap$Entry@50000067)
	key		50001804
	value		50001803
	before		50001782
	after		50001802
OBJ 50001789 (sz=32, trace=300000, class=java.util.LinkedHashMap$Entry@50000067)
	key		500017be
	value		500017bd
	next		500017bc
	before		500017bc
	after		50001792
OBJ 5000178a (sz=32, trace=300000, class=java.util.LinkedHashMap$Entry@50000067)
	key		50001813
	value		50001812
	before		50001790
	after		50001784
OBJ 5000178c (sz=32, trace=307077, class=java.text.DontCareFieldPosition@5000178b)
	noDelegate	5000178f
OBJ 5000178f (sz=16, trace=307080, class=java.text.DontCareFieldPosition$1@5000178e)
	this$0		5000178c
OBJ 50001790 (sz=32, trace=300000, class=java.util.LinkedHashMap$Entry@50000067)
	key		5000180e
	value		5000180d
	before		50001802
	after		5000178a
OBJ 50001791 (sz=32, trace=300000, class=java.util.LinkedHashMap$Entry@50000067)
	key		500017f1
	value		500017f0
	next		500017ef
	before		50001786
	after		500017e7
OBJ 50001792 (sz=32, trace=300000, class=java.util.LinkedHashMap$Entry@50000067)
	key		500017b9
	value		500017b8
	before		50001789
	after		50001793
OBJ 50001793 (sz=32, trace=300000, class=java.util.LinkedHashMap$Entry@50000067)
	key		500017fa
	value		500017f9
	before		50001792
	after		50001782
ARR 50001794 (sz=24, trace=307106, nelems=0, elem type=char[])
OBJ 50001798 (sz=40, trace=307120, class=java.util.HashMap@50000096)
	table		50001799
ARR 50001799 (sz=48, trace=307123, nelems=6, elem type=java.util.HashMap$Entry[]@5000004d)
	[1]		5000179d
	[2]		5000179b
	[5]		5000179f
OBJ 5000179a (sz=16, trace=307127, class=java.text.AttributedCharacterIterator$Attribute@50001795)
	name		500025e3
OBJ 5000179b (sz=24, trace=307132, class=java.util.HashMap$Entry@5000004c)
	key		500025e3
	value		5000179a
OBJ 5000179c (sz=16, trace=307137, class=java.text.AttributedCharacterIterator$Attribute@50001795)
	name		500025e4
OBJ 5000179d (sz=24, trace=307132, class=java.util.HashMap$Entry@5000004c)
	key		500025e4
	value		5000179c
OBJ 5000179e (sz=16, trace=307138, class=java.text.AttributedCharacterIterator$Attribute@50001795)
	name		500025e2
OBJ 5000179f (sz=24, trace=307132, class=java.util.HashMap$Entry@5000004c)
	key		500025e2
	value		5000179e
OBJ 500017a0 (sz=40, trace=307140, class=java.util.HashMap@50000096)
	table		500017a1
ARR 500017a1 (sz=80, trace=307143, nelems=16, elem type=java.util.HashMap$Entry[]@5000004d)
	[0]		500017b3
	[2]		500017a5
	[7]		500017b5
	[8]		500017b1
	[9]		500017a3
	[10]		500017b7
	[13]		500017a7
	[15]		500017ad
OBJ 500017a2 (sz=16, trace=307147, class=java.text.NumberFormat$Field@50001797)
	name		500025d3
OBJ 500017a3 (sz=24, trace=307154, class=java.util.HashMap$Entry@5000004c)
	key		500025d3
	value		500017a2
OBJ 500017a4 (sz=16, trace=307159, class=java.text.NumberFormat$Field@50001797)
	name		500025d1
OBJ 500017a5 (sz=24, trace=307154, class=java.util.HashMap$Entry@5000004c)
	key		500025d1
	value		500017a4
OBJ 500017a6 (sz=16, trace=307160, class=java.text.NumberFormat$Field@50001797)
	name		500025ce
OBJ 500017a7 (sz=24, trace=307154, class=java.util.HashMap$Entry@5000004c)
	key		500025ce
	value		500017a6
OBJ 500017a8 (sz=16, trace=307161, class=java.text.NumberFormat$Field@50001797)
	name		500025cd
OBJ 500017a9 (sz=24, trace=307154, class=java.util.HashMap$Entry@5000004c)
	key		500025cd
	value		500017a8
OBJ 500017aa (sz=16, trace=307162, class=java.text.NumberFormat$Field@50001797)
	name		500025d6
OBJ 500017ab (sz=24, trace=307154, class=java.util.HashMap$Entry@5000004c)
	key		500025d6
	value		500017aa
	next		500017a9
OBJ 500017ac (sz=16, trace=307163, class=java.text.NumberFormat$Field@50001797)
	name		500025d2
OBJ 500017ad (sz=24, trace=307154, class=java.util.HashMap$Entry@5000004c)
	key		500025d2
	value		500017ac
OBJ 500017ae (sz=16, trace=307164, class=java.text.NumberFormat$Field@50001797)
	name		500025d0
OBJ 500017af (sz=24, trace=307154, class=java.util.HashMap$Entry@5000004c)
	key		500025d0
	value		500017ae
	next		500017ab
OBJ 500017b0 (sz=16, trace=307165, class=java.text.NumberFormat$Field@50001797)
	name		500025d5
OBJ 500017b1 (sz=24, trace=307154, class=java.util.HashMap$Entry@5000004c)
	key		500025d5
	value		500017b0
OBJ 500017b2 (sz=16, trace=307166, class=java.text.NumberFormat$Field@50001797)
	name		500025d4
OBJ 500017b3 (sz=24, trace=307154, class=java.util.HashMap$Entry@5000004c)
	key		500025d4
	value		500017b2
	next		500017af
OBJ 500017b4 (sz=16, trace=307167, class=java.text.NumberFormat$Field@50001797)
	name		500025cc
OBJ 500017b5 (sz=24, trace=307154, class=java.util.HashMap$Entry@5000004c)
	key		500025cc
	value		500017b4
OBJ 500017b6 (sz=16, trace=307168, class=java.text.NumberFormat$Field@50001797)
	name		500025cf
OBJ 500017b7 (sz=24, trace=307154, class=java.util.HashMap$Entry@5000004c)
	key		500025cf
	value		500017b6
OBJ 500017b8 (sz=24, trace=300000, class=java.io.ExpiringCache$Entry@50000037)
	val		500017ba
OBJ 500017b9 (sz=24, trace=300000, class=java.lang.String@5000008d)
	value		5000169e
OBJ 500017ba (sz=24, trace=300000, class=java.lang.String@5000008d)
	value		500017bb
ARR 500017bb (sz=128, trace=300000, nelems=0, elem type=char[])
OBJ 500017bc (sz=32, trace=300000, class=java.util.LinkedHashMap$Entry@50000067)
	key		500017c2
	value		500017c1
	before		50001787
	after		50001789
OBJ 500017bd (sz=24, trace=300000, class=java.io.ExpiringCache$Entry@50000037)
	val		500017bf
OBJ 500017be (sz=24, trace=300000, class=java.lang.String@5000008d)
	value		5000169e
OBJ 500017bf (sz=24, trace=300000, class=java.lang.String@5000008d)
	value		500017c0
ARR 500017c0 (sz=160, trace=300000, nelems=0, elem type=char[])
OBJ 500017c1 (sz=24, trace=300000, class=java.io.ExpiringCache$Entry@50000037)
	val		500017c4
OBJ 500017c2 (sz=24, trace=300000, class=java.lang.String@5000008d)
	value		500017c3
ARR 500017c3 (sz=96, trace=300000, nelems=0, elem type=char[])
OBJ 500017c4 (sz=24, trace=300000, class=java.lang.String@5000008d)
	value		500017c5
ARR 500017c5 (sz=96, trace=300000, nelems=0, elem type=char[])
OBJ 500017c6 (sz=24, trace=300000, class=java.io.ExpiringCache$Entry@50000037)
	val		500017c9
OBJ 500017c7 (sz=24, trace=300000, class=java.lang.String@5000008d)
	value		500017c8
ARR 500017c8 (sz=104, trace=300000, nelems=0, elem type=char[])
OBJ 500017c9 (sz=24, trace=300000, class=java.lang.String@5000008d)
	value		500017ca
ARR 500017ca (sz=104, trace=300000, nelems=0, elem type=char[])
OBJ 500017cb (sz=24, trace=300000, class=java.io.ExpiringCache$Entry@50000037)
	val		500017ce
OBJ 500017cc (sz=24, trace=300000, class=java.lang.String@5000008d)
	value		500017cd
ARR 500017cd (sz=96, trace=300000, nelems=0, elem type=char[])
OBJ 500017ce (sz=24, trace=300000, class=java.lang.String@5000008d)
	value		500017cf
ARR 500017cf (sz=96, trace=300000, nelems=0, elem type=char[])
OBJ 500017d0 (sz=32, trace=300000, class=java.util.LinkedHashMap$Entry@50000067)
	key		500017d7
	value		500017d6
	before		50001775
	after		50001776
OBJ 500017d1 (sz=24, trace=300000, class=java.io.ExpiringCache$Entry@50000037)
	val		500017d4
OBJ 500017d2 (sz=24, trace=300000, class=java.lang.String@5000008d)
	value		500017d3
ARR 500017d3 (sz=88, trace=300000, nelems=0, elem type=char[])
OBJ 500017d4 (sz=24, trace=300000, class=java.lang.String@5000008d)
	value		500017d5
ARR 500017d5 (sz=88, trace=300000, nelems=0, elem type=char[])
OBJ 500017d6 (sz=24, trace=300000, class=java.io.ExpiringCache$Entry@50000037)
	val		500017d9
OBJ 500017d7 (sz=24, trace=300000, class=java.lang.String@5000008d)
	value		500017d8
ARR 500017d8 (sz=72, trace=300000, nelems=0, elem type=char[])
OBJ 500017d9 (sz=24, trace=300000, class=java.lang.String@5000008d)
	value		500017da
ARR 500017da (sz=72, trace=300000, nelems=0, elem type=char[])
OBJ 500017db (sz=24, trace=300000, class=java.lang.String@5000008d)
	value		500017dc
ARR 500017dc (sz=64, trace=300000, nelems=0, elem type=char[])
OBJ 500017dd (sz=24, trace=300000, class=java.lang.String@5000008d)
	value		500017de
ARR 500017de (sz=88, trace=300000, nelems=0, elem type=char[])
OBJ 500017df (sz=24, trace=300000, class=java.lang.String@5000008d)
	value		500017e0
ARR 500017e0 (sz=72, trace=300000, nelems=0, elem type=char[])
OBJ 500017e1 (sz=24, trace=300000, class=java.lang.String@5000008d)
	value		500017e2
ARR 500017e2 (sz=80, trace=300000, nelems=0, elem type=char[])
OBJ 500017e3 (sz=24, trace=300000, class=java.lang.String@5000008d)
	value		500017e4
ARR 500017e4 (sz=88, trace=300000, nelems=0, elem type=char[])
OBJ 500017e5 (sz=24, trace=300000, class=java.lang.String@5000008d)
	value		500017e6
ARR 500017e6 (sz=80, trace=300000, nelems=0, elem type=char[])
OBJ 500017e7 (sz=32, trace=300000, class=java.util.LinkedHashMap$Entry@50000067)
	key		500017eb
	value		500017ea
	before		50001791
	after		50000313
OBJ 500017e8 (sz=24, trace=300000, class=java.lang.String@5000008d)
	value		500017e9
ARR 500017e9 (sz=72, trace=300000, nelems=0, elem type=char[])
OBJ 500017ea (sz=24, trace=300000, class=java.io.ExpiringCache$Entry@50000037)
	val		500017ed
OBJ 500017eb (sz=24, trace=300000, class=java.lang.String@5000008d)
	value		500017ec
ARR 500017ec (sz=88, trace=300000, nelems=0, elem type=char[])
OBJ 500017ed (sz=24, trace=300000, class=java.lang.String@5000008d)
	value		500017ee
ARR 500017ee (sz=88, trace=300000, nelems=0, elem type=char[])
OBJ 500017ef (sz=32, trace=300000, class=java.util.LinkedHashMap$Entry@50000067)
	key		500017f6
	value		500017f5
	next		50001793
	before		50001785
	after		50001781
OBJ 500017f0 (sz=24, trace=300000, class=java.io.ExpiringCache$Entry@50000037)
	val		500017f3
OBJ 500017f1 (sz=24, trace=300000, class=java.lang.String@5000008d)
	value		500017f2
ARR 500017f2 (sz=80, trace=300000, nelems=0, elem type=char[])
OBJ 500017f3 (sz=24, trace=300000, class=java.lang.String@5000008d)
	value		500017f4
ARR 500017f4 (sz=80, trace=300000, nelems=0, elem type=char[])
OBJ 500017f5 (sz=24, trace=300000, class=java.io.ExpiringCache$Entry@50000037)
	val		500017f7
OBJ 500017f6 (sz=24, trace=300000, class=java.lang.String@5000008d)
	value		5000169e
OBJ 500017f7 (sz=24, trace=300000, class=java.lang.String@5000008d)
	value		500017f8
ARR 500017f8 (sz=144, trace=300000, nelems=0, elem type=char[])
OBJ 500017f9 (sz=24, trace=300000, class=java.io.ExpiringCache$Entry@50000037)
	val		500017fb
OBJ 500017fa (sz=24, trace=300000, class=java.lang.String@5000008d)
	value		5000169e
OBJ 500017fb (sz=24, trace=300000, class=java.lang.String@5000008d)
	value		500017fc
ARR 500017fc (sz=160, trace=300000, nelems=0, elem type=char[])
OBJ 500017fd (sz=24, trace=300000, class=java.io.ExpiringCache$Entry@50000037)
	val		50001800
OBJ 500017fe (sz=24, trace=300000, class=java.lang.String@5000008d)
	value		500017ff
ARR 500017ff (sz=160, trace=300000, nelems=0, elem type=char[])
OBJ 50001800 (sz=24, trace=300000, class=java.lang.String@5000008d)
	value		50001801
ARR 50001801 (sz=160, trace=300000, nelems=0, elem type=char[])
OBJ 50001802 (sz=32, trace=300000, class=java.util.LinkedHashMap$Entry@50000067)
	key		50001809
	value		50001808
	before		50001788
	after		50001790
OBJ 50001803 (sz=24, trace=300000, class=java.io.ExpiringCache$Entry@50000037)
	val		50001806
OBJ 50001804 (sz=24, trace=300000, class=java.lang.String@5000008d)
	value		50001805
ARR 50001805 (sz=176, trace=300000, nelems=0, elem type=char[])
OBJ 50001806 (sz=24, trace=300000, class=java.lang.String@5000008d)
	value		50001807
ARR 50001807 (sz=176, trace=300000, nelems=0, elem type=char[])
OBJ 50001808 (sz=24, trace=300000, class=java.io.ExpiringCache$Entry@50000037)
	val		5000180b
OBJ 50001809 (sz=24, trace=300000, class=java.lang.String@5000008d)
	value		5000180a
ARR 5000180a (sz=184, trace=300000, nelems=0, elem type=char[])
OBJ 5000180b (sz=24, trace=300000, class=java.lang.String@5000008d)
	value		5000180c
ARR 5000180c (sz=184, trace=300000, nelems=0, elem type=char[])
OBJ 5000180d (sz=24, trace=300000, class=java.io.ExpiringCache$Entry@50000037)
	val		50001810
OBJ 5000180e (sz=24, trace=300000, class=java.lang.String@5000008d)
	value		5000180f
ARR 5000180f (sz=176, trace=300000, nelems=0, elem type=char[])
OBJ 50001810 (sz=24, trace=300000, class=java.lang.String@5000008d)
	value		50001811
ARR 50001811 (sz=176, trace=300000, nelems=0, elem type=char[])
OBJ 50001812 (sz=24, trace=300000, class=java.io.ExpiringCache$Entry@50000037)
	val		50001815
OBJ 50001813 (sz=24, trace=300000, class=java.lang.String@5000008d)
	value		50001814
ARR 50001814 (sz=152, trace=300000, nelems=0, elem type=char[])
OBJ 50001815 (sz=24, trace=300000, class=java.lang.String@5000008d)
	value		50001816
ARR 50001816 (sz=152, trace=300000, nelems=0, elem type=char[])
OBJ 50001817 (sz=24, trace=300000, class=java.io.ExpiringCache$Entry@50000037)
	val		5000181a
OBJ 50001818 (sz=24, trace=300000, class=java.lang.String@5000008d)
	value		50001819
ARR 50001819 (sz=168, trace=300000, nelems=0, elem type=char[])
OBJ 5000181a (sz=24, trace=300000, class=java.lang.String@5000008d)
	value		5000181b
ARR 5000181b (sz=168, trace=300000, nelems=0, elem type=char[])
OBJ 5000181c (sz=24, trace=300000, class=java.io.ExpiringCache$Entry@50000037)
	val		5000181f
OBJ 5000181d (sz=24, trace=300000, class=java.lang.String@5000008d)
	value		5000181e
ARR 5000181e (sz=160, trace=300000, nelems=0, elem type=char[])
OBJ 5000181f (sz=24, trace=300000, class=java.lang.String@5000008d)
	value		50001820
ARR 50001820 (sz=160, trace=300000, nelems=0, elem type=char[])
OBJ 50001821 (sz=24, trace=300000, class=java.io.ExpiringCache$Entry@50000037)
	val		50001823
OBJ 50001822 (sz=24, trace=300000, class=java.lang.String@5000008d)
	value		5000169e
OBJ 50001823 (sz=24, trace=300000, class=java.lang.String@5000008d)
	value		50001824
ARR 50001824 (sz=64, trace=300000, nelems=0, elem type=char[])
OBJ 50001825 (sz=24, trace=300000, class=java.io.ExpiringCache$Entry@50000037)
	val		50001827
OBJ 50001826 (sz=24, trace=300000, class=java.lang.String@5000008d)
	value		5000169e
OBJ 50001827 (sz=24, trace=300000, class=java.lang.String@5000008d)
	value		50001828
ARR 50001828 (sz=80, trace=300000, nelems=0, elem type=char[])
OBJ 50001829 (sz=24, trace=300000, class=java.io.ExpiringCache$Entry@50000037)
	val		5000182c
OBJ 5000182a (sz=24, trace=300000, class=java.lang.String@5000008d)
	value		5000182b
ARR 5000182b (sz=96, trace=300000, nelems=0, elem type=char[])
OBJ 5000182c (sz=24, trace=300000, class=java.lang.String@5000008d)
	value		5000182d
ARR 5000182d (sz=96, trace=300000, nelems=0, elem type=char[])
OBJ 5000182e (sz=56, trace=300000, class=java.io.ExpiringCache$1@500000d2)
	table		50001830
	header		5000182f
	this$0		50001772
OBJ 5000182f (sz=32, trace=300000, class=java.util.LinkedHashMap$Entry@50000067)
	before		50000318
	after		50001831
ARR 50001830 (sz=80, trace=300000, nelems=13, elem type=java.util.HashMap$Entry[]@5000004d)
	[0]		50001831
	[2]		50001832
	[4]		50001833
	[7]		50001834
	[8]		50000318
	[12]		50001835
OBJ 50001831 (sz=32, trace=300000, class=java.util.LinkedHashMap$Entry@50000067)
	key		5000183e
	value		5000183d
	before		5000182f
	after		50001836
OBJ 50001832 (sz=32, trace=300000, class=java.util.LinkedHashMap$Entry@50000067)
	key		50001847
	value		50001846
	next		50001836
	before		50001835
	after		50001833
OBJ 50001833 (sz=32, trace=300000, class=java.util.LinkedHashMap$Entry@50000067)
	key		50001844
	value		50001843
	before		50001832
	after		50001834
OBJ 50001834 (sz=32, trace=300000, class=java.util.LinkedHashMap$Entry@50000067)
	key		50001841
	value		50001840
	before		50001833
	after		50000318
OBJ 50001835 (sz=32, trace=300000, class=java.util.LinkedHashMap$Entry@50000067)
	key		50001838
	value		50001837
	before		50001836
	after		50001832
OBJ 50001836 (sz=32, trace=300000, class=java.util.LinkedHashMap$Entry@50000067)
	key		5000183b
	value		5000183a
	before		50001831
	after		50001835
OBJ 50001837 (sz=24, trace=300000, class=java.io.ExpiringCache$Entry@50000037)
	val		50001839
OBJ 50001838 (sz=24, trace=300000, class=java.lang.String@5000008d)
	value		5000169e
OBJ 50001839 (sz=24, trace=300000, class=java.lang.String@5000008d)
	value		500017bb
OBJ 5000183a (sz=24, trace=300000, class=java.io.ExpiringCache$Entry@50000037)
	val		5000183c
OBJ 5000183b (sz=24, trace=300000, class=java.lang.String@5000008d)
	value		500017d3
OBJ 5000183c (sz=24, trace=300000, class=java.lang.String@5000008d)
	value		500017d5
OBJ 5000183d (sz=24, trace=300000, class=java.io.ExpiringCache$Entry@50000037)
	val		5000183f
OBJ 5000183e (sz=24, trace=300000, class=java.lang.String@5000008d)
	value		500017d8
OBJ 5000183f (sz=24, trace=300000, class=java.lang.String@5000008d)
	value		500017da
OBJ 50001840 (sz=24, trace=300000, class=java.io.ExpiringCache$Entry@50000037)
	val		50001842
OBJ 50001841 (sz=24, trace=300000, class=java.lang.String@5000008d)
	value		5000169e
OBJ 50001842 (sz=24, trace=300000, class=java.lang.String@5000008d)
	value		50001828
OBJ 50001843 (sz=24, trace=300000, class=java.io.ExpiringCache$Entry@50000037)
	val		50001845
OBJ 50001844 (sz=24, trace=300000, class=java.lang.String@5000008d)
	value		5000169e
OBJ 50001845 (sz=24, trace=300000, class=java.lang.String@5000008d)
	value		50001824
OBJ 50001846 (sz=24, trace=300000, class=java.io.ExpiringCache$Entry@50000037)
	val		50001848
OBJ 50001847 (sz=24, trace=300000, class=java.lang.String@5000008d)
	value		5000169e
OBJ 50001848 (sz=24, trace=300000, class=java.lang.String@5000008d)
	value		500017fc
OBJ 50001849 (sz=24, trace=300000, class=java.lang.String@5000008d)
	value		5000184d
OBJ 5000184a (sz=24, trace=300000, class=java.lang.String@5000008d)
	value		5000184c
ARR 5000184b (sz=120, trace=300000, nelems=0, elem type=java.lang.String[]@5000008e)
ARR 5000184c (sz=40, trace=300000, nelems=0, elem type=char[])
ARR 5000184d (sz=40, trace=300000, nelems=0, elem type=char[])
OBJ 5000184e (sz=24, trace=300000, class=java.lang.String@5000008d)
	value		50001851
OBJ 5000184f (sz=24, trace=300000, class=java.lang.String@5000008d)
	value		50001850
ARR 50001850 (sz=64, trace=300000, nelems=0, elem type=char[])
ARR 50001851 (sz=56, trace=300000, nelems=0, elem type=char[])
ARR 50001852 (sz=16, trace=300000, nelems=0, elem type=char[])
ARR 50001853 (sz=16, trace=300000, nelems=0, elem type=char[])
OBJ 50001854 (sz=24, trace=300000, class=java.lang.String@5000008d)
	value		50001855
ARR 50001855 (sz=40, trace=300000, nelems=0, elem type=char[])
OBJ 50001856 (sz=24, trace=300000, class=java.lang.String@5000008d)
	value		5000185b
OBJ 50001857 (sz=24, trace=300000, class=java.lang.String@5000008d)
	value		5000185a
OBJ 50001858 (sz=24, trace=300000, class=java.lang.String@5000008d)
	value		50001859
ARR 50001859 (sz=24, trace=300000, nelems=0, elem type=char[])
ARR 5000185a (sz=24, trace=300000, nelems=0, elem type=char[])
ARR 5000185b (sz=16, trace=300000, nelems=0, elem type=char[])
OBJ 5000185c (sz=24, trace=300000, class=java.lang.String@5000008d)
	value		5000185d
ARR 5000185d (sz=24, trace=300000, nelems=0, elem type=char[])
OBJ 5000185e (sz=24, trace=300000, class=java.lang.String@5000008d)
	value		50001bd9
OBJ 5000185f (sz=24, trace=300000, class=java.lang.String@5000008d)
	value		50001bd8
OBJ 50001860 (sz=24, trace=300000, class=java.lang.String@5000008d)
	value		50001bd7
ARR 50001861 (sz=16, trace=300000, nelems=1, elem type=java.lang.String[]@5000008e)
	[0]		500015f3
ARR 50001862 (sz=176, trace=300000, nelems=41, elem type=java.lang.String[]@5000008e)
	[0]		50001bae
	[1]		50001baf
	[2]		50001bb0
	[3]		50001bb1
	[4]		50001bb2
	[5]		50001bb3
	[6]		50001bb4
	[7]		50001bb5
	[8]		50001bb6
	[9]		50001bb7
	[10]		50001bb8
	[11]		50001bb9
	[12]		50001bba
	[13]		50001bbb
	[14]		50001bbc
	[15]		50001bbd
	[16]		50001bbe
	[17]		50001bbf
	[18]		50001bc0
	[19]		50001bc1
	[20]		50001bc2
	[21]		50001bc3
	[22]		50001bc4
	[23]		50001bc5
	[24]		50001bc6
	[25]		50001bc7
	[26]		50001bc8
	[27]		50001bc9
	[28]		50001bca
	[29]		50001bcb
	[30]		50001bcc
	[31]		50001bcd
	[32]		50001bce
	[33]		50001bcf
	[34]		50001bd0
	[35]		50001bd1
	[36]		50001bd2
	[37]		50001bd3
	[38]		50001bd4
	[39]		50001bd5
	[40]		50001bd6
OBJ 50001863 (sz=24, trace=300000, class=java.util.Stack@500000f6)
	elementData	50001bad
OBJ 50001864 (sz=24, trace=300000, class=java.util.Vector@50000077)
	elementData	50001867
OBJ 50001865 (sz=24, trace=300000, class=java.util.Vector@50000077)
	elementData	50001866
ARR 50001866 (sz=56, trace=300000, nelems=1, elem type=java.lang.Object[]@50000013)
	[0]		500017d9
ARR 50001867 (sz=56, trace=300000, nelems=1, elem type=java.lang.Object[]@50000013)
	[0]		50001868
OBJ 50001868 (sz=32, trace=300000, class=java.lang.ClassLoader$NativeLibrary@500000c6)
	fromClass	5000002c
	name		500017d9
OBJ 50001869 (sz=32, trace=300000, class=java.io.PrintStream@50000053)
	out		50001ba1
	textOut		50001ba0
	charOut		50001b9f
OBJ 5000186a (sz=32, trace=300000, class=java.io.PrintStream@50000053)
	out		50001877
	textOut		50001876
	charOut		50001875
OBJ 5000186b (sz=32, trace=300000, class=java.io.BufferedInputStream@50000032)
	in		5000186d
	buf		5000186c
ARR 5000186c (sz=8208, trace=300000, nelems=0, elem type=byte[])
OBJ 5000186d (sz=16, trace=300000, class=java.io.FileInputStream@500000cd)
	fd		5000186e
OBJ 5000186e (sz=24, trace=300000, class=java.io.FileDescriptor@500000f0)
OBJ 5000186f (sz=24, trace=300000, class=java.io.FileDescriptor@500000f0)
OBJ 50001870 (sz=24, trace=300000, class=java.io.FileDescriptor@500000f0)
OBJ 50001871 (sz=24, trace=300000, class=java.lang.String@5000008d)
	value		50001874
OBJ 50001872 (sz=24, trace=300000, class=java.util.concurrent.atomic.AtomicReferenceFieldUpdater$AtomicReferenceFieldUpdaterImpl@500000c7)
	tclass		50000032
	vclass		5000010d
OBJ 50001873 (sz=8, trace=300000, class=sun.misc.Unsafe@50000086)
ARR 50001874 (sz=24, trace=300000, nelems=0, elem type=char[])
OBJ 50001875 (sz=24, trace=300000, class=java.io.OutputStreamWriter@5000009a)
	lock		5000186a
	se		5000187b
OBJ 50001876 (sz=40, trace=300000, class=java.io.BufferedWriter@500000a7)
	lock		50001875
	out		50001875
	cb		5000187a
	lineSeparator	50001652
OBJ 50001877 (sz=24, trace=300000, class=java.io.BufferedOutputStream@500000ee)
	out		50001879
	buf		50001878
ARR 50001878 (sz=144, trace=300000, nelems=0, elem type=byte[])
OBJ 50001879 (sz=24, trace=300000, class=java.io.FileOutputStream@500000a5)
	fd		50001870
ARR 5000187a (sz=16400, trace=300000, nelems=0, elem type=char[])
OBJ 5000187b (sz=56, trace=300000, class=sun.nio.cs.StreamEncoder$CharsetSE@50000062)
	lock		50001875
	cs		5000187e
	encoder		5000187d
	bb		5000187c
	out		5000186a
OBJ 5000187c (sz=48, trace=300000, class=java.nio.HeapByteBuffer@50000015)
	hb		50001b9a
OBJ 5000187d (sz=64, trace=300000, class=sun.nio.cs.MS1252$Encoder@50000103)
	charset		5000187e
	replacement	50001b6e
	malformedInputAction	50001b6d
	unmappableCharacterAction	50001b6d
	cachedDecoder	50001b6c
	index1		50001b6b
	index2		50001b6a
	sgp		50001b69
OBJ 5000187e (sz=24, trace=300000, class=sun.nio.cs.MS1252@50000004)
	name		50001880
	aliases		5000187f
ARR 5000187f (sz=24, trace=300000, nelems=2, elem type=java.lang.String[]@5000008e)
	[0]		50001882
	[1]		50001883
OBJ 50001880 (sz=24, trace=300000, class=java.lang.String@5000008d)
	value		50001881
ARR 50001881 (sz=40, trace=300000, nelems=0, elem type=char[])
OBJ 50001882 (sz=24, trace=300000, class=java.lang.String@5000008d)
	value		50001885
OBJ 50001883 (sz=24, trace=300000, class=java.lang.String@5000008d)
	value		50001884
ARR 50001884 (sz=24, trace=300000, nelems=0, elem type=char[])
ARR 50001885 (sz=24, trace=300000, nelems=0, elem type=char[])
OBJ 50001886 (sz=24, trace=300000, class=java.lang.String@5000008d)
	value		50001887
ARR 50001887 (sz=24, trace=300000, nelems=0, elem type=char[])
OBJ 50001888 (sz=24, trace=300000, class=java.lang.String@5000008d)
	value		50001b68
OBJ 50001889 (sz=24, trace=300000, class=java.lang.String@5000008d)
	value		50001b67
OBJ 5000188a (sz=8, trace=300000, class=java.lang.Object@50000012)
OBJ 5000188b (sz=16, trace=300000, class=java.lang.ThreadLocal@50000085)
ARR 5000188c (sz=24, trace=300000, nelems=2, elem type=java.lang.Object[]@50000013)
	[0]		50001692
	[1]		5000187e
OBJ 5000188d (sz=24, trace=300000, class=sun.nio.cs.StandardCharsets@500000eb)
	classMap	50001891
	aliasMap	50001890
	cache		5000188f
	packagePrefix	5000188e
OBJ 5000188e (sz=24, trace=300000, class=java.lang.String@5000008d)
	value		50001aec
OBJ 5000188f (sz=40, trace=300000, class=sun.nio.cs.StandardCharsets$Cache@5000005e)
	ht		50001ad2
OBJ 50001890 (sz=40, trace=300000, class=sun.nio.cs.StandardCharsets$Aliases@5000001a)
	ht		50001924
OBJ 50001891 (sz=40, trace=300000, class=sun.nio.cs.StandardCharsets$Classes@500000f8)
	ht		50001892
ARR 50001892 (sz=80, trace=300000, nelems=15, elem type=java.lang.Object[]@50000013)
	[0]		50001893
	[1]		50001894
	[2]		50001895
	[3]		50001896
	[4]		50001897
	[5]		50001898
	[6]		50001899
	[7]		5000189a
	[8]		5000189b
	[9]		5000189c
	[10]		5000189d
	[11]		5000189e
	[13]		5000189f
	[14]		500018a0
ARR 50001893 (sz=24, trace=300000, nelems=2, elem type=java.lang.Object[]@50000013)
	[0]		50001920
	[1]		50001921
ARR 50001894 (sz=24, trace=300000, nelems=2, elem type=java.lang.Object[]@50000013)
	[0]		5000191c
	[1]		5000191d
ARR 50001895 (sz=24, trace=300000, nelems=3, elem type=java.lang.Object[]@50000013)
	[0]		5000190d
	[1]		5000190e
	[2]		5000190f
ARR 50001896 (sz=24, trace=300000, nelems=3, elem type=java.lang.Object[]@50000013)
	[0]		500018f6
	[1]		500018fa
	[2]		500018fb
ARR 50001897 (sz=24, trace=300000, nelems=3, elem type=java.lang.Object[]@50000013)
	[0]		500018e8
	[1]		500018e9
	[2]		500018ea
ARR 50001898 (sz=24, trace=300000, nelems=2, elem type=java.lang.Object[]@50000013)
	[0]		500018dc
	[1]		500018dd
ARR 50001899 (sz=24, trace=300000, nelems=3, elem type=java.lang.Object[]@50000013)
	[0]		500018d2
	[1]		500018d3
	[2]		500018d4
ARR 5000189a (sz=24, trace=300000, nelems=2, elem type=java.lang.Object[]@50000013)
	[0]		500018c4
	[1]		500018c5
ARR 5000189b (sz=24, trace=300000, nelems=3, elem type=java.lang.Object[]@50000013)
	[0]		50001880
	[1]		500018b5
	[2]		500018b6
ARR 5000189c (sz=24, trace=300000, nelems=2, elem type=java.lang.Object[]@50000013)
	[0]		500018b1
	[1]		500018b2
ARR 5000189d (sz=24, trace=300000, nelems=2, elem type=java.lang.Object[]@50000013)
	[0]		500018ad
	[1]		500018ae
ARR 5000189e (sz=24, trace=300000, nelems=2, elem type=java.lang.Object[]@50000013)
	[0]		500018a9
	[1]		500018aa
ARR 5000189f (sz=24, trace=300000, nelems=2, elem type=java.lang.Object[]@50000013)
	[0]		500018a5
	[1]		500018a6
ARR 500018a0 (sz=24, trace=300000, nelems=2, elem type=java.lang.Object[]@50000013)
	[0]		500018a1
	[1]		500018a2
OBJ 500018a1 (sz=24, trace=300000, class=java.lang.String@5000008d)
	value		500018a4
OBJ 500018a2 (sz=24, trace=300000, class=java.lang.String@5000008d)
	value		500018a3
ARR 500018a3 (sz=32, trace=300000, nelems=0, elem type=char[])
ARR 500018a4 (sz=32, trace=300000, nelems=0, elem type=char[])
OBJ 500018a5 (sz=24, trace=300000, class=java.lang.String@5000008d)
	value		500018a8
OBJ 500018a6 (sz=24, trace=300000, class=java.lang.String@5000008d)
	value		500018a7
ARR 500018a7 (sz=24, trace=300000, nelems=0, elem type=char[])
ARR 500018a8 (sz=40, trace=300000, nelems=0, elem type=char[])
OBJ 500018a9 (sz=24, trace=300000, class=java.lang.String@5000008d)
	value		500018ac
OBJ 500018aa (sz=24, trace=300000, class=java.lang.String@5000008d)
	value		500018ab
ARR 500018ab (sz=24, trace=300000, nelems=0, elem type=char[])
ARR 500018ac (sz=24, trace=300000, nelems=0, elem type=char[])
OBJ 500018ad (sz=24, trace=300000, class=java.lang.String@5000008d)
	value		500018b0
OBJ 500018ae (sz=24, trace=300000, class=java.lang.String@5000008d)
	value		500018af
ARR 500018af (sz=24, trace=300000, nelems=0, elem type=char[])
ARR 500018b0 (sz=40, trace=300000, nelems=0, elem type=char[])
OBJ 500018b1 (sz=24, trace=300000, class=java.lang.String@5000008d)
	value		500018b4
OBJ 500018b2 (sz=24, trace=300000, class=java.lang.String@5000008d)
	value		500018b3
ARR 500018b3 (sz=24, trace=300000, nelems=0, elem type=char[])
ARR 500018b4 (sz=40, trace=300000, nelems=0, elem type=char[])
OBJ 500018b5 (sz=24, trace=300000, class=java.lang.String@5000008d)
	value		500018c3
ARR 500018b6 (sz=24, trace=300000, nelems=3, elem type=java.lang.Object[]@50000013)
	[0]		500018b7
	[1]		500018b9
	[2]		500018ba
OBJ 500018b7 (sz=24, trace=300000, class=java.lang.String@5000008d)
	value		500018c2
ARR 500018b8 (sz=584, trace=306867, nelems=0, elem type=char[])
OBJ 500018b9 (sz=24, trace=300000, class=java.lang.String@5000008d)
	value		500018c1
ARR 500018ba (sz=24, trace=300000, nelems=2, elem type=java.lang.Object[]@50000013)
	[0]		500018bb
	[1]		500018bc
OBJ 500018bb (sz=24, trace=300000, class=java.lang.String@5000008d)
	value		500018be
OBJ 500018bc (sz=24, trace=300000, class=java.lang.String@5000008d)
	value		500018bd
ARR 500018bd (sz=32, trace=300000, nelems=0, elem type=char[])
ARR 500018be (sz=32, trace=300000, nelems=0, elem type=char[])
OBJ 500018bf (sz=24, trace=307257, class=java.lang.String@5000008d)
ARR 500018c0 (sz=24, trace=307258, nelems=0, elem type=char[])
ARR 500018c1 (sz=24, trace=300000, nelems=0, elem type=char[])
ARR 500018c2 (sz=24, trace=300000, nelems=0, elem type=char[])
ARR 500018c3 (sz=24, trace=300000, nelems=0, elem type=char[])
OBJ 500018c4 (sz=24, trace=300000, class=java.lang.String@5000008d)
	value		500018d1
OBJ 500018c5 (sz=24, trace=300000, class=java.lang.String@5000008d)
	value		500018c8
OBJ 500018c6 (sz=24, trace=307320, class=java.lang.String@5000008d)
ARR 500018c7 (sz=16, trace=307330, nelems=0, elem type=char[])
ARR 500018c8 (sz=24, trace=300000, nelems=0, elem type=char[])
OBJ 500018c9 (sz=24, trace=307337, class=java.lang.String@5000008d)
ARR 500018ca (sz=16, trace=307330, nelems=0, elem type=char[])
OBJ 500018cb (sz=56, trace=306255, class=com.sun.org.apache.xerces.internal.dom.ElementImpl@50000e3e)
OBJ 500018ce (sz=32, trace=307026, class=com.sun.org.apache.xerces.internal.dom.CDATASectionImpl@500018cd)
OBJ 500018cf (sz=56, trace=306255, class=com.sun.org.apache.xerces.internal.dom.ElementImpl@50000e3e)
OBJ 500018d0 (sz=32, trace=307026, class=com.sun.org.apache.xerces.internal.dom.CDATASectionImpl@500018cd)
ARR 500018d1 (sz=40, trace=300000, nelems=0, elem type=char[])
OBJ 500018d2 (sz=24, trace=300000, class=java.lang.String@5000008d)
	value		500018db
OBJ 500018d3 (sz=24, trace=300000, class=java.lang.String@5000008d)
	value		500018d9
ARR 500018d4 (sz=24, trace=300000, nelems=2, elem type=java.lang.Object[]@50000013)
	[0]		500018d5
	[1]		500018d6
OBJ 500018d5 (sz=24, trace=300000, class=java.lang.String@5000008d)
	value		500018d8
OBJ 500018d6 (sz=24, trace=300000, class=java.lang.String@5000008d)
	value		500018d7
ARR 500018d7 (sz=32, trace=300000, nelems=0, elem type=char[])
ARR 500018d8 (sz=32, trace=300000, nelems=0, elem type=char[])
ARR 500018d9 (sz=24, trace=300000, nelems=0, elem type=char[])
ARR 500018da (sz=24, trace=307106, nelems=0, elem type=char[])
ARR 500018db (sz=40, trace=300000, nelems=0, elem type=char[])
OBJ 500018dc (sz=24, trace=300000, class=java.lang.String@5000008d)
	value		500018df
OBJ 500018dd (sz=24, trace=300000, class=java.lang.String@5000008d)
	value		500018de
ARR 500018de (sz=40, trace=300000, nelems=0, elem type=char[])
ARR 500018df (sz=40, trace=300000, nelems=0, elem type=char[])
OBJ 500018e0 (sz=32, trace=300074, class=java.lang.ThreadLocal$ThreadLocalMap$Entry@50000125)
	referent	50000122
	queue		50001b77
	value		500018ec
OBJ 500018e3 (sz=24, trace=307440, class=java.lang.StringCoding$CharsetSE@500018e2)
	requestedCharsetName	50001692
	cs		5000187e
	ce		500018e5
ARR 500018e4 (sz=16, trace=306429, nelems=0, elem type=byte[])
OBJ 500018e5 (sz=64, trace=306430, class=sun.nio.cs.MS1252$Encoder@50000103)
	charset		5000187e
	replacement	500018e4
	malformedInputAction	50001b6d
	unmappableCharacterAction	50001b6d
	cachedDecoder	500018e7
	index1		50001b6b
	index2		50001b6a
	sgp		500018eb
OBJ 500018e6 (sz=40, trace=300095, class=sun.nio.cs.MS1252$Decoder@500000b1)
	charset		5000187e
	replacement	50001b7a
	malformedInputAction	50001b73
	unmappableCharacterAction	50001b73
	byteToCharTable	50001b79
OBJ 500018e7 (sz=24, trace=306441, class=java.lang.ref.WeakReference@500000bc)
	referent	500018e6
	queue		50001b77
OBJ 500018e8 (sz=24, trace=300000, class=java.lang.String@5000008d)
	value		500018f5
OBJ 500018e9 (sz=24, trace=300000, class=java.lang.String@5000008d)
	value		500018f1
ARR 500018ea (sz=24, trace=300000, nelems=2, elem type=java.lang.Object[]@50000013)
	[0]		500018ed
	[1]		500018ee
OBJ 500018eb (sz=24, trace=306473, class=sun.nio.cs.Surrogate$Parser@5000010b)
	error		50001b8c
OBJ 500018ec (sz=32, trace=300121, class=java.lang.ref.SoftReference@500000ad)
	referent	500018e3
	queue		50001b77
OBJ 500018ed (sz=24, trace=300000, class=java.lang.String@5000008d)
	value		500018f0
OBJ 500018ee (sz=24, trace=300000, class=java.lang.String@5000008d)
	value		500018ef
ARR 500018ef (sz=32, trace=300000, nelems=0, elem type=char[])
ARR 500018f0 (sz=32, trace=300000, nelems=0, elem type=char[])
ARR 500018f1 (sz=32, trace=300000, nelems=0, elem type=char[])
OBJ 500018f2 (sz=24, trace=307518, class=java.lang.String@5000008d)
ARR 500018f3 (sz=16, trace=307519, nelems=0, elem type=char[])
OBJ 500018f4 (sz=32, trace=306284, class=com.sun.org.apache.xerces.internal.dom.AttrImpl@50000e41)
ARR 500018f5 (sz=32, trace=300000, nelems=0, elem type=char[])
OBJ 500018f6 (sz=24, trace=300000, class=java.lang.String@5000008d)
	value		5000190b
OBJ 500018f7 (sz=24, trace=307550, class=java.lang.String@5000008d)
ARR 500018f8 (sz=16, trace=307551, nelems=0, elem type=char[])
OBJ 500018f9 (sz=32, trace=306284, class=com.sun.org.apache.xerces.internal.dom.AttrImpl@50000e41)
OBJ 500018fa (sz=24, trace=300000, class=java.lang.String@5000008d)
	value		5000190a
ARR 500018fb (sz=24, trace=300000, nelems=2, elem type=java.lang.Object[]@50000013)
	[0]		500018ff
	[1]		50001900
OBJ 500018fc (sz=24, trace=307555, class=java.lang.String@5000008d)
ARR 500018fd (sz=16, trace=307556, nelems=0, elem type=char[])
OBJ 500018fe (sz=32, trace=306284, class=com.sun.org.apache.xerces.internal.dom.AttrImpl@50000e41)
OBJ 500018ff (sz=24, trace=300000, class=java.lang.String@5000008d)
	value		50001902
OBJ 50001900 (sz=24, trace=300000, class=java.lang.String@5000008d)
	value		50001901
ARR 50001901 (sz=32, trace=300000, nelems=0, elem type=char[])
ARR 50001902 (sz=32, trace=300000, nelems=0, elem type=char[])
OBJ 50001903 (sz=24, trace=307569, class=java.lang.String@5000008d)
ARR 50001904 (sz=24, trace=307570, nelems=0, elem type=char[])
OBJ 50001905 (sz=32, trace=306284, class=com.sun.org.apache.xerces.internal.dom.AttrImpl@50000e41)
OBJ 50001906 (sz=24, trace=307571, class=java.io.OutputStreamWriter@5000009a)
ARR 50001908 (sz=16, trace=307583, nelems=0, elem type=byte[])
OBJ 50001909 (sz=48, trace=307584, class=sun.nio.cs.UTF_8$Encoder@50001907)
ARR 5000190a (sz=40, trace=300000, nelems=0, elem type=char[])
ARR 5000190b (sz=40, trace=300000, nelems=0, elem type=char[])
OBJ 5000190c (sz=24, trace=306441, class=java.lang.ref.WeakReference@500000bc)
OBJ 5000190d (sz=24, trace=300000, class=java.lang.String@5000008d)
	value		5000191b
OBJ 5000190e (sz=24, trace=300000, class=java.lang.String@5000008d)
	value		5000191a
ARR 5000190f (sz=24, trace=300000, nelems=2, elem type=java.lang.Object[]@50000013)
	[0]		50001916
	[1]		50001917
OBJ 50001910 (sz=24, trace=307596, class=sun.nio.cs.Surrogate$Parser@5000010b)
OBJ 50001911 (sz=56, trace=306482, class=sun.nio.cs.StreamEncoder$CharsetSE@50000062)
ARR 50001912 (sz=8208, trace=306487, nelems=0, elem type=byte[])
OBJ 50001913 (sz=48, trace=306488, class=java.nio.HeapByteBuffer@50000015)
OBJ 50001914 (sz=40, trace=307605, class=java.io.BufferedWriter@500000a7)
ARR 50001915 (sz=16400, trace=307607, nelems=0, elem type=char[])
OBJ 50001916 (sz=24, trace=300000, class=java.lang.String@5000008d)
	value		50001919
OBJ 50001917 (sz=24, trace=300000, class=java.lang.String@5000008d)
	value		50001918
ARR 50001918 (sz=32, trace=300000, nelems=0, elem type=char[])
ARR 50001919 (sz=32, trace=300000, nelems=0, elem type=char[])
ARR 5000191a (sz=24, trace=300000, nelems=0, elem type=char[])
ARR 5000191b (sz=24, trace=300000, nelems=0, elem type=char[])
OBJ 5000191c (sz=24, trace=300000, class=java.lang.String@5000008d)
	value		5000191f
OBJ 5000191d (sz=24, trace=300000, class=java.lang.String@5000008d)
	value		5000191e
ARR 5000191e (sz=32, trace=300000, nelems=0, elem type=char[])
ARR 5000191f (sz=32, trace=300000, nelems=0, elem type=char[])
OBJ 50001920 (sz=24, trace=300000, class=java.lang.String@5000008d)
	value		50001923
OBJ 50001921 (sz=24, trace=300000, class=java.lang.String@5000008d)
	value		50001922
ARR 50001922 (sz=32, trace=300000, nelems=0, elem type=char[])
ARR 50001923 (sz=32, trace=300000, nelems=0, elem type=char[])
ARR 50001924 (sz=2064, trace=300000, nelems=479, elem type=java.lang.Object[]@50000013)
	[0]		50001925
	[1]		50001926
	[2]		50001927
	[3]		50001928
	[5]		50001929
	[12]		5000192a
	[13]		5000192b
	[14]		5000192c
	[27]		5000192d
	[29]		5000192e
	[43]		5000192f
	[44]		50001930
	[45]		50001931
	[46]		50001932
	[47]		50001933
	[48]		50001934
	[53]		50001935
	[60]		50001936
	[62]		50001937
	[67]		50001938
	[70]		50001939
	[71]		5000193a
	[72]		5000193b
	[85]		5000193c
	[86]		5000193d
	[96]		5000193e
	[99]		5000193f
	[102]		50001940
	[105]		50001941
	[109]		50001942
	[112]		50001943
	[127]		50001944
	[134]		50001945
	[140]		50001946
	[141]		50001947
	[142]		50001948
	[143]		50001949
	[144]		5000194a
	[145]		5000194b
	[147]		5000194c
	[148]		5000194d
	[152]		5000194e
	[153]		5000194f
	[156]		50001950
	[160]		50001951
	[161]		50001952
	[162]		50001953
	[163]		50001954
	[164]		50001955
	[166]		50001956
	[168]		50001957
	[169]		50001958
	[172]		50001959
	[175]		5000195a
	[176]		5000195b
	[179]		5000195c
	[182]		5000195d
	[189]		5000195e
	[192]		5000195f
	[195]		50001960
	[202]		50001961
	[203]		50001962
	[210]		50001963
	[214]		50001964
	[215]		50001965
	[216]		50001966
	[218]		50001967
	[219]		50001968
	[236]		50001969
	[251]		5000196a
	[260]		5000196b
	[262]		5000196c
	[266]		5000196d
	[268]		5000196e
	[286]		5000196f
	[288]		50001970
	[294]		50001971
	[296]		50001972
	[308]		50001973
	[309]		50001974
	[310]		50001975
	[312]		50001976
	[316]		50001978
	[317]		50001979
	[334]		5000197a
	[335]		5000197b
	[339]		5000197c
	[343]		5000197d
	[355]		5000197e
	[356]		50001984
	[366]		50001985
	[384]		50001986
	[387]		50001987
	[390]		50001988
	[391]		50001989
	[392]		5000198a
	[393]		5000198b
	[394]		5000198c
	[416]		5000198d
	[417]		5000198e
	[418]		5000198f
	[419]		50001990
	[420]		50001991
	[421]		50001992
	[424]		50001993
	[440]		50001994
	[448]		50001995
	[454]		50001996
	[455]		50001997
	[456]		50001998
	[462]		50001999
	[467]		5000199e
	[468]		5000199f
	[478]		500019a0
ARR 50001925 (sz=24, trace=300000, nelems=2, elem type=java.lang.Object[]@50000013)
	[0]		50001ad0
	[1]		500018dc
ARR 50001926 (sz=24, trace=300000, nelems=3, elem type=java.lang.Object[]@50000013)
	[0]		50001acb
	[1]		5000191c
	[2]		50001acc
ARR 50001927 (sz=24, trace=300000, nelems=2, elem type=java.lang.Object[]@50000013)
	[0]		50001ac9
	[1]		500018ff
ARR 50001928 (sz=24, trace=300000, nelems=2, elem type=java.lang.Object[]@50000013)
	[0]		50001ac7
	[1]		500018bb
ARR 50001929 (sz=24, trace=300000, nelems=2, elem type=java.lang.Object[]@50000013)
	[0]		50001ac5
	[1]		500018dc
ARR 5000192a (sz=24, trace=300000, nelems=3, elem type=java.lang.Object[]@50000013)
	[0]		50001ac0
	[1]		500018d5
	[2]		50001ac1
ARR 5000192b (sz=24, trace=300000, nelems=2, elem type=java.lang.Object[]@50000013)
	[0]		50001abe
	[1]		5000191c
ARR 5000192c (sz=24, trace=300000, nelems=3, elem type=java.lang.Object[]@50000013)
	[0]		50001ab9
	[1]		500018e8
	[2]		50001aba
ARR 5000192d (sz=24, trace=300000, nelems=2, elem type=java.lang.Object[]@50000013)
	[0]		50001ab7
	[1]		500018bb
ARR 5000192e (sz=24, trace=300000, nelems=2, elem type=java.lang.Object[]@50000013)
	[0]		50001ab5
	[1]		500018dc
ARR 5000192f (sz=24, trace=300000, nelems=3, elem type=java.lang.Object[]@50000013)
	[0]		50001aad
	[1]		500018e8
	[2]		50001aae
ARR 50001930 (sz=24, trace=300000, nelems=2, elem type=java.lang.Object[]@50000013)
	[0]		50001aab
	[1]		500018ff
ARR 50001931 (sz=24, trace=300000, nelems=3, elem type=java.lang.Object[]@50000013)
	[0]		50001aa6
	[1]		500018d5
	[2]		50001aa7
ARR 50001932 (sz=24, trace=300000, nelems=2, elem type=java.lang.Object[]@50000013)
	[0]		50001aa4
	[1]		500018d5
ARR 50001933 (sz=24, trace=300000, nelems=3, elem type=java.lang.Object[]@50000013)
	[0]		50001a9f
	[1]		500018bb
	[2]		50001aa0
ARR 50001934 (sz=24, trace=300000, nelems=2, elem type=java.lang.Object[]@50000013)
	[0]		50001a9d
	[1]		50001920
ARR 50001935 (sz=24, trace=300000, nelems=2, elem type=java.lang.Object[]@50000013)
	[0]		50001a9b
	[1]		5000190d
ARR 50001936 (sz=24, trace=300000, nelems=2, elem type=java.lang.Object[]@50000013)
	[0]		50001a99
	[1]		500018ed
ARR 50001937 (sz=24, trace=300000, nelems=2, elem type=java.lang.Object[]@50000013)
	[0]		50001a97
	[1]		500018d5
ARR 50001938 (sz=24, trace=300000, nelems=2, elem type=java.lang.Object[]@50000013)
	[0]		50001a95
	[1]		500018b7
ARR 50001939 (sz=24, trace=300000, nelems=2, elem type=java.lang.Object[]@50000013)
	[0]		50001a93
	[1]		5000191c
ARR 5000193a (sz=24, trace=300000, nelems=2, elem type=java.lang.Object[]@50000013)
	[0]		50001a91
	[1]		500018ff
ARR 5000193b (sz=24, trace=300000, nelems=2, elem type=java.lang.Object[]@50000013)
	[0]		50001a8f
	[1]		500018e8
ARR 5000193c (sz=24, trace=300000, nelems=2, elem type=java.lang.Object[]@50000013)
	[0]		50001a8d
	[1]		500018bb
ARR 5000193d (sz=24, trace=300000, nelems=2, elem type=java.lang.Object[]@50000013)
	[0]		50001a8b
	[1]		500018dc
ARR 5000193e (sz=24, trace=300000, nelems=2, elem type=java.lang.Object[]@50000013)
	[0]		50001a89
	[1]		500018a1
ARR 5000193f (sz=24, trace=300000, nelems=2, elem type=java.lang.Object[]@50000013)
	[0]		50001a87
	[1]		500018c4
ARR 50001940 (sz=24, trace=300000, nelems=2, elem type=java.lang.Object[]@50000013)
	[0]		50001a85
	[1]		500018d5
ARR 50001941 (sz=24, trace=300000, nelems=2, elem type=java.lang.Object[]@50000013)
	[0]		50001a83
	[1]		50001920
ARR 50001942 (sz=24, trace=300000, nelems=2, elem type=java.lang.Object[]@50000013)
	[0]		50001a81
	[1]		50001916
ARR 50001943 (sz=24, trace=300000, nelems=2, elem type=java.lang.Object[]@50000013)
	[0]		50001a7f
	[1]		50001916
ARR 50001944 (sz=24, trace=300000, nelems=2, elem type=java.lang.Object[]@50000013)
	[0]		50001a7d
	[1]		5000191c
ARR 50001945 (sz=24, trace=300000, nelems=2, elem type=java.lang.Object[]@50000013)
	[0]		50001a7b
	[1]		500018dc
ARR 50001946 (sz=24, trace=300000, nelems=2, elem type=java.lang.Object[]@50000013)
	[0]		50001a79
	[1]		500018ed
ARR 50001947 (sz=24, trace=300000, nelems=2, elem type=java.lang.Object[]@50000013)
	[0]		50001a77
	[1]		50001920
ARR 50001948 (sz=24, trace=300000, nelems=2, elem type=java.lang.Object[]@50000013)
	[0]		50001a75
	[1]		5000191c
ARR 50001949 (sz=24, trace=300000, nelems=3, elem type=java.lang.Object[]@50000013)
	[0]		50001a70
	[1]		500018e8
	[2]		50001a71
ARR 5000194a (sz=24, trace=300000, nelems=2, elem type=java.lang.Object[]@50000013)
	[0]		50001a6e
	[1]		500018d5
ARR 5000194b (sz=24, trace=300000, nelems=2, elem type=java.lang.Object[]@50000013)
	[0]		50001a6c
	[1]		500018bb
ARR 5000194c (sz=24, trace=300000, nelems=2, elem type=java.lang.Object[]@50000013)
	[0]		50001a6a
	[1]		5000191c
ARR 5000194d (sz=24, trace=300000, nelems=3, elem type=java.lang.Object[]@50000013)
	[0]		50001a65
	[1]		500018e8
	[2]		50001a66
ARR 5000194e (sz=24, trace=300000, nelems=2, elem type=java.lang.Object[]@50000013)
	[0]		50001a63
	[1]		500018f6
ARR 5000194f (sz=24, trace=300000, nelems=2, elem type=java.lang.Object[]@50000013)
	[0]		50001a61
	[1]		500018dc
ARR 50001950 (sz=24, trace=300000, nelems=3, elem type=java.lang.Object[]@50000013)
	[0]		50001a5c
	[1]		500018d5
	[2]		50001a5d
ARR 50001951 (sz=24, trace=300000, nelems=2, elem type=java.lang.Object[]@50000013)
	[0]		50001a5a
	[1]		5000191c
ARR 50001952 (sz=24, trace=300000, nelems=3, elem type=java.lang.Object[]@50000013)
	[0]		50001a55
	[1]		500018bb
	[2]		50001a56
ARR 50001953 (sz=24, trace=300000, nelems=3, elem type=java.lang.Object[]@50000013)
	[0]		50001a50
	[1]		500018e8
	[2]		50001a51
ARR 50001954 (sz=24, trace=300000, nelems=3, elem type=java.lang.Object[]@50000013)
	[0]		50001a48
	[1]		500018dc
	[2]		50001a49
ARR 50001955 (sz=24, trace=300000, nelems=3, elem type=java.lang.Object[]@50000013)
	[0]		50001a43
	[1]		500018bb
	[2]		50001a44
ARR 50001956 (sz=24, trace=300000, nelems=2, elem type=java.lang.Object[]@50000013)
	[0]		50001a41
	[1]		500018dc
ARR 50001957 (sz=24, trace=300000, nelems=2, elem type=java.lang.Object[]@50000013)
	[0]		50001a3f
	[1]		50001920
ARR 50001958 (sz=24, trace=300000, nelems=2, elem type=java.lang.Object[]@50000013)
	[0]		50001a3d
	[1]		500018b7
ARR 50001959 (sz=24, trace=300000, nelems=2, elem type=java.lang.Object[]@50000013)
	[0]		50001a3b
	[1]		500018bb
ARR 5000195a (sz=24, trace=300000, nelems=2, elem type=java.lang.Object[]@50000013)
	[0]		50001a39
	[1]		500018bb
ARR 5000195b (sz=24, trace=300000, nelems=2, elem type=java.lang.Object[]@50000013)
	[0]		50001a37
	[1]		500018dc
ARR 5000195c (sz=24, trace=300000, nelems=2, elem type=java.lang.Object[]@50000013)
	[0]		50001a35
	[1]		500018d5
ARR 5000195d (sz=24, trace=300000, nelems=2, elem type=java.lang.Object[]@50000013)
	[0]		50001a33
	[1]		50001920
ARR 5000195e (sz=24, trace=300000, nelems=2, elem type=java.lang.Object[]@50000013)
	[0]		50001a31
	[1]		50001916
ARR 5000195f (sz=24, trace=300000, nelems=2, elem type=java.lang.Object[]@50000013)
	[0]		50001a2f
	[1]		500018d5
ARR 50001960 (sz=24, trace=300000, nelems=2, elem type=java.lang.Object[]@50000013)
	[0]		50001a2d
	[1]		50001920
ARR 50001961 (sz=24, trace=300000, nelems=2, elem type=java.lang.Object[]@50000013)
	[0]		50001a2b
	[1]		50001920
ARR 50001962 (sz=24, trace=300000, nelems=2, elem type=java.lang.Object[]@50000013)
	[0]		50001a29
	[1]		5000191c
ARR 50001963 (sz=24, trace=300000, nelems=2, elem type=java.lang.Object[]@50000013)
	[0]		500018dc
	[1]		500018dc
ARR 50001964 (sz=24, trace=300000, nelems=3, elem type=java.lang.Object[]@50000013)
	[0]		50001a24
	[1]		500018dc
	[2]		50001a25
ARR 50001965 (sz=24, trace=300000, nelems=2, elem type=java.lang.Object[]@50000013)
	[0]		50001a22
	[1]		5000191c
ARR 50001966 (sz=24, trace=300000, nelems=3, elem type=java.lang.Object[]@50000013)
	[0]		50001a1d
	[1]		500018bb
	[2]		50001a1e
ARR 50001967 (sz=24, trace=300000, nelems=3, elem type=java.lang.Object[]@50000013)
	[0]		50001a18
	[1]		500018dc
	[2]		50001a19
ARR 50001968 (sz=24, trace=300000, nelems=2, elem type=java.lang.Object[]@50000013)
	[0]		50001a16
	[1]		50001916
ARR 50001969 (sz=24, trace=300000, nelems=2, elem type=java.lang.Object[]@50000013)
	[0]		50001a14
	[1]		500018d5
ARR 5000196a (sz=24, trace=300000, nelems=2, elem type=java.lang.Object[]@50000013)
	[0]		50001a12
	[1]		500018ed
ARR 5000196b (sz=24, trace=300000, nelems=2, elem type=java.lang.Object[]@50000013)
	[0]		50001a10
	[1]		500018a1
ARR 5000196c (sz=24, trace=300000, nelems=2, elem type=java.lang.Object[]@50000013)
	[0]		50001a0e
	[1]		500018a9
ARR 5000196d (sz=24, trace=300000, nelems=2, elem type=java.lang.Object[]@50000013)
	[0]		50001a0c
	[1]		500018e8
ARR 5000196e (sz=24, trace=300000, nelems=2, elem type=java.lang.Object[]@50000013)
	[0]		50001a0a
	[1]		500018bb
ARR 5000196f (sz=24, trace=300000, nelems=2, elem type=java.lang.Object[]@50000013)
	[0]		50001a08
	[1]		500018ff
ARR 50001970 (sz=24, trace=300000, nelems=2, elem type=java.lang.Object[]@50000013)
	[0]		50001a06
	[1]		50001916
ARR 50001971 (sz=24, trace=300000, nelems=2, elem type=java.lang.Object[]@50000013)
	[0]		50001a04
	[1]		500018d5
ARR 50001972 (sz=24, trace=300000, nelems=2, elem type=java.lang.Object[]@50000013)
	[0]		50001a02
	[1]		500018d5
ARR 50001973 (sz=24, trace=300000, nelems=2, elem type=java.lang.Object[]@50000013)
	[0]		50001a00
	[1]		500018d2
ARR 50001974 (sz=24, trace=300000, nelems=3, elem type=java.lang.Object[]@50000013)
	[0]		50001882
	[1]		50001880
	[2]		500019fd
ARR 50001975 (sz=24, trace=300000, nelems=3, elem type=java.lang.Object[]@50000013)
	[0]		500019f7
	[1]		500018ad
	[2]		500019f8
ARR 50001976 (sz=24, trace=300000, nelems=2, elem type=java.lang.Object[]@50000013)
	[0]		500019f4
	[1]		500018a5
ARR 50001977 (sz=5152, trace=300605, nelems=0, elem type=byte[])
ARR 50001978 (sz=24, trace=300000, nelems=2, elem type=java.lang.Object[]@50000013)
	[0]		500019f2
	[1]		500018f6
ARR 50001979 (sz=24, trace=300000, nelems=2, elem type=java.lang.Object[]@50000013)
	[0]		500019f0
	[1]		500018dc
ARR 5000197a (sz=24, trace=300000, nelems=2, elem type=java.lang.Object[]@50000013)
	[0]		500019ee
	[1]		500018f6
ARR 5000197b (sz=24, trace=300000, nelems=3, elem type=java.lang.Object[]@50000013)
	[0]		500019e9
	[1]		500018dc
	[2]		500019ea
ARR 5000197c (sz=24, trace=300000, nelems=2, elem type=java.lang.Object[]@50000013)
	[0]		500019e7
	[1]		50001916
ARR 5000197d (sz=24, trace=300000, nelems=2, elem type=java.lang.Object[]@50000013)
	[0]		500019e5
	[1]		500018a1
ARR 5000197e (sz=24, trace=300000, nelems=2, elem type=java.lang.Object[]@50000013)
	[0]		500019e3
	[1]		500018f6
OBJ 50001982 (sz=16, trace=307632, class=org.apache.tools.ant.util.DOMElementWriter@5000197f)
ARR 50001983 (sz=32, trace=307633, nelems=0, elem type=java.lang.String[]@5000008e)
ARR 50001984 (sz=24, trace=300000, nelems=2, elem type=java.lang.Object[]@50000013)
	[0]		500019e1
	[1]		500018dc
ARR 50001985 (sz=24, trace=300000, nelems=2, elem type=java.lang.Object[]@50000013)
	[0]		500019df
	[1]		500018e8
ARR 50001986 (sz=24, trace=300000, nelems=2, elem type=java.lang.Object[]@50000013)
	[0]		500019dd
	[1]		500018d5
ARR 50001987 (sz=24, trace=300000, nelems=2, elem type=java.lang.Object[]@50000013)
	[0]		500019db
	[1]		50001916
ARR 50001988 (sz=24, trace=300000, nelems=2, elem type=java.lang.Object[]@50000013)
	[0]		500019d9
	[1]		50001920
ARR 50001989 (sz=24, trace=300000, nelems=3, elem type=java.lang.Object[]@50000013)
	[0]		500019d4
	[1]		500018b7
	[2]		500019d5
ARR 5000198a (sz=24, trace=300000, nelems=3, elem type=java.lang.Object[]@50000013)
	[0]		500019cf
	[1]		500018e8
	[2]		500019d0
ARR 5000198b (sz=24, trace=300000, nelems=2, elem type=java.lang.Object[]@50000013)
	[0]		500019cd
	[1]		500018d5
ARR 5000198c (sz=24, trace=300000, nelems=2, elem type=java.lang.Object[]@50000013)
	[0]		500019cb
	[1]		500018bb
ARR 5000198d (sz=24, trace=300000, nelems=2, elem type=java.lang.Object[]@50000013)
	[0]		500019c9
	[1]		50001916
ARR 5000198e (sz=24, trace=300000, nelems=3, elem type=java.lang.Object[]@50000013)
	[0]		500019c1
	[1]		5000191c
	[2]		500019c2
ARR 5000198f (sz=24, trace=300000, nelems=3, elem type=java.lang.Object[]@50000013)
	[0]		500019bc
	[1]		500018d5
	[2]		500019bd
ARR 50001990 (sz=24, trace=300000, nelems=2, elem type=java.lang.Object[]@50000013)
	[0]		500019ba
	[1]		500018e8
ARR 50001991 (sz=24, trace=300000, nelems=2, elem type=java.lang.Object[]@50000013)
	[0]		500019b8
	[1]		500018d5
ARR 50001992 (sz=24, trace=300000, nelems=2, elem type=java.lang.Object[]@50000013)
	[0]		500019b6
	[1]		500018bb
ARR 50001993 (sz=24, trace=300000, nelems=2, elem type=java.lang.Object[]@50000013)
	[0]		500019b4
	[1]		50001916
ARR 50001994 (sz=24, trace=300000, nelems=2, elem type=java.lang.Object[]@50000013)
	[0]		500019b2
	[1]		5000190d
ARR 50001995 (sz=24, trace=300000, nelems=2, elem type=java.lang.Object[]@50000013)
	[0]		500019b0
	[1]		50001916
ARR 50001996 (sz=24, trace=300000, nelems=2, elem type=java.lang.Object[]@50000013)
	[0]		500019ae
	[1]		500018d2
ARR 50001997 (sz=24, trace=300000, nelems=3, elem type=java.lang.Object[]@50000013)
	[0]		50001883
	[1]		50001880
	[2]		500019ab
ARR 50001998 (sz=24, trace=300000, nelems=2, elem type=java.lang.Object[]@50000013)
	[0]		500019a9
	[1]		500018b1
ARR 50001999 (sz=24, trace=300000, nelems=2, elem type=java.lang.Object[]@50000013)
	[0]		500019a7
	[1]		50001916
OBJ 5000199b (sz=32, trace=307689, class=com.sun.org.apache.xerces.internal.dom.NodeListCache@5000199a)
OBJ 5000199c (sz=24, trace=307709, class=com.sun.org.apache.xerces.internal.dom.AttributeMap@50000e45)
OBJ 5000199d (sz=32, trace=307689, class=com.sun.org.apache.xerces.internal.dom.NodeListCache@5000199a)
ARR 5000199e (sz=24, trace=300000, nelems=2, elem type=java.lang.Object[]@50000013)
	[0]		500019a5
	[1]		500018ad
ARR 5000199f (sz=24, trace=300000, nelems=2, elem type=java.lang.Object[]@50000013)
	[0]		500019a3
	[1]		500018a5
ARR 500019a0 (sz=24, trace=300000, nelems=2, elem type=java.lang.Object[]@50000013)
	[0]		500019a1
	[1]		500018a9
OBJ 500019a1 (sz=24, trace=300000, class=java.lang.String@5000008d)
	value		500019a2
ARR 500019a2 (sz=24, trace=300000, nelems=0, elem type=char[])
OBJ 500019a3 (sz=24, trace=300000, class=java.lang.String@5000008d)
	value		500019a4
ARR 500019a4 (sz=24, trace=300000, nelems=0, elem type=char[])
OBJ 500019a5 (sz=24, trace=300000, class=java.lang.String@5000008d)
	value		500019a6
ARR 500019a6 (sz=24, trace=300000, nelems=0, elem type=char[])
OBJ 500019a7 (sz=24, trace=300000, class=java.lang.String@5000008d)
	value		500019a8
ARR 500019a8 (sz=48, trace=300000, nelems=0, elem type=char[])
OBJ 500019a9 (sz=24, trace=300000, class=java.lang.String@5000008d)
	value		500019aa
ARR 500019aa (sz=24, trace=300000, nelems=0, elem type=char[])
ARR 500019ab (sz=24, trace=300000, nelems=2, elem type=java.lang.Object[]@50000013)
	[0]		500019ac
	[1]		500018c4
OBJ 500019ac (sz=24, trace=300000, class=java.lang.String@5000008d)
	value		500019ad
ARR 500019ad (sz=24, trace=300000, nelems=0, elem type=char[])
OBJ 500019ae (sz=24, trace=300000, class=java.lang.String@5000008d)
	value		500019af
ARR 500019af (sz=24, trace=300000, nelems=0, elem type=char[])
OBJ 500019b0 (sz=24, trace=300000, class=java.lang.String@5000008d)
	value		500019b1
ARR 500019b1 (sz=48, trace=300000, nelems=0, elem type=char[])
OBJ 500019b2 (sz=24, trace=300000, class=java.lang.String@5000008d)
	value		500019b3
ARR 500019b3 (sz=24, trace=300000, nelems=0, elem type=char[])
OBJ 500019b4 (sz=24, trace=300000, class=java.lang.String@5000008d)
	value		500019b5
ARR 500019b5 (sz=24, trace=300000, nelems=0, elem type=char[])
OBJ 500019b6 (sz=24, trace=300000, class=java.lang.String@5000008d)
	value		500019b7
ARR 500019b7 (sz=32, trace=300000, nelems=0, elem type=char[])
OBJ 500019b8 (sz=24, trace=300000, class=java.lang.String@5000008d)
	value		500019b9
ARR 500019b9 (sz=32, trace=300000, nelems=0, elem type=char[])
OBJ 500019ba (sz=24, trace=300000, class=java.lang.String@5000008d)
	value		500019bb
ARR 500019bb (sz=32, trace=300000, nelems=0, elem type=char[])
OBJ 500019bc (sz=24, trace=300000, class=java.lang.String@5000008d)
	value		500019c0
ARR 500019bd (sz=24, trace=300000, nelems=2, elem type=java.lang.Object[]@50000013)
	[0]		500019be
	[1]		500018ff
OBJ 500019be (sz=24, trace=300000, class=java.lang.String@5000008d)
	value		500019bf
ARR 500019bf (sz=32, trace=300000, nelems=0, elem type=char[])
ARR 500019c0 (sz=40, trace=300000, nelems=0, elem type=char[])
OBJ 500019c1 (sz=24, trace=300000, class=java.lang.String@5000008d)
	value		500019c8
ARR 500019c2 (sz=24, trace=300000, nelems=3, elem type=java.lang.Object[]@50000013)
	[0]		500019c3
	[1]		50001920
	[2]		500019c4
OBJ 500019c3 (sz=24, trace=300000, class=java.lang.String@5000008d)
	value		500019c7
ARR 500019c4 (sz=24, trace=300000, nelems=2, elem type=java.lang.Object[]@50000013)
	[0]		500019c5
	[1]		500018a1
OBJ 500019c5 (sz=24, trace=300000, class=java.lang.String@5000008d)
	value		500019c6
ARR 500019c6 (sz=32, trace=300000, nelems=0, elem type=char[])
ARR 500019c7 (sz=32, trace=300000, nelems=0, elem type=char[])
ARR 500019c8 (sz=32, trace=300000, nelems=0, elem type=char[])
OBJ 500019c9 (sz=24, trace=300000, class=java.lang.String@5000008d)
	value		500019ca
ARR 500019ca (sz=24, trace=300000, nelems=0, elem type=char[])
OBJ 500019cb (sz=24, trace=300000, class=java.lang.String@5000008d)
	value		500019cc
ARR 500019cc (sz=32, trace=300000, nelems=0, elem type=char[])
OBJ 500019cd (sz=24, trace=300000, class=java.lang.String@5000008d)
	value		500019ce
ARR 500019ce (sz=32, trace=300000, nelems=0, elem type=char[])
OBJ 500019cf (sz=24, trace=300000, class=java.lang.String@5000008d)
	value		500019d3
ARR 500019d0 (sz=24, trace=300000, nelems=2, elem type=java.lang.Object[]@50000013)
	[0]		500019d1
	[1]		500018ff
OBJ 500019d1 (sz=24, trace=300000, class=java.lang.String@5000008d)
	value		500019d2
ARR 500019d2 (sz=32, trace=300000, nelems=0, elem type=char[])
ARR 500019d3 (sz=32, trace=300000, nelems=0, elem type=char[])
OBJ 500019d4 (sz=24, trace=300000, class=java.lang.String@5000008d)
	value		500019d8
ARR 500019d5 (sz=24, trace=300000, nelems=2, elem type=java.lang.Object[]@50000013)
	[0]		500019d6
	[1]		5000191c
OBJ 500019d6 (sz=24, trace=300000, class=java.lang.String@5000008d)
	value		500019d7
ARR 500019d7 (sz=32, trace=300000, nelems=0, elem type=char[])
ARR 500019d8 (sz=32, trace=300000, nelems=0, elem type=char[])
OBJ 500019d9 (sz=24, trace=300000, class=java.lang.String@5000008d)
	value		500019da
ARR 500019da (sz=32, trace=300000, nelems=0, elem type=char[])
OBJ 500019db (sz=24, trace=300000, class=java.lang.String@5000008d)
	value		500019dc
ARR 500019dc (sz=24, trace=300000, nelems=0, elem type=char[])
OBJ 500019dd (sz=24, trace=300000, class=java.lang.String@5000008d)
	value		500019de
ARR 500019de (sz=24, trace=300000, nelems=0, elem type=char[])
OBJ 500019df (sz=24, trace=300000, class=java.lang.String@5000008d)
	value		500019e0
ARR 500019e0 (sz=48, trace=300000, nelems=0, elem type=char[])
OBJ 500019e1 (sz=24, trace=300000, class=java.lang.String@5000008d)
	value		500019e2
ARR 500019e2 (sz=32, trace=300000, nelems=0, elem type=char[])
OBJ 500019e3 (sz=24, trace=300000, class=java.lang.String@5000008d)
	value		500019e4
ARR 500019e4 (sz=32, trace=300000, nelems=0, elem type=char[])
OBJ 500019e5 (sz=24, trace=300000, class=java.lang.String@5000008d)
	value		500019e6
ARR 500019e6 (sz=48, trace=300000, nelems=0, elem type=char[])
OBJ 500019e7 (sz=24, trace=300000, class=java.lang.String@5000008d)
	value		500019e8
ARR 500019e8 (sz=24, trace=300000, nelems=0, elem type=char[])
OBJ 500019e9 (sz=24, trace=300000, class=java.lang.String@5000008d)
	value		500019ed
ARR 500019ea (sz=24, trace=300000, nelems=2, elem type=java.lang.Object[]@50000013)
	[0]		500019eb
	[1]		50001916
OBJ 500019eb (sz=24, trace=300000, class=java.lang.String@5000008d)
	value		500019ec
ARR 500019ec (sz=16, trace=300000, nelems=0, elem type=char[])
ARR 500019ed (sz=32, trace=300000, nelems=0, elem type=char[])
OBJ 500019ee (sz=24, trace=300000, class=java.lang.String@5000008d)
	value		500019ef
ARR 500019ef (sz=32, trace=300000, nelems=0, elem type=char[])
OBJ 500019f0 (sz=24, trace=300000, class=java.lang.String@5000008d)
	value		500019f1
ARR 500019f1 (sz=32, trace=300000, nelems=0, elem type=char[])
OBJ 500019f2 (sz=24, trace=300000, class=java.lang.String@5000008d)
	value		500019f3
ARR 500019f3 (sz=32, trace=300000, nelems=0, elem type=char[])
OBJ 500019f4 (sz=24, trace=300000, class=java.lang.String@5000008d)
	value		500019f5
ARR 500019f5 (sz=24, trace=300000, nelems=0, elem type=char[])
OBJ 500019f6 (sz=16, trace=307667, class=java.lang.StringBuffer@50000088)
OBJ 500019f7 (sz=24, trace=300000, class=java.lang.String@5000008d)
	value		500019fc
ARR 500019f8 (sz=24, trace=300000, nelems=2, elem type=java.lang.Object[]@50000013)
	[0]		500019f9
	[1]		500018b1
OBJ 500019f9 (sz=24, trace=300000, class=java.lang.String@5000008d)
	value		500019fb
ARR 500019fa (sz=296, trace=307683, nelems=0, elem type=char[])
ARR 500019fb (sz=24, trace=300000, nelems=0, elem type=char[])
ARR 500019fc (sz=24, trace=300000, nelems=0, elem type=char[])
ARR 500019fd (sz=24, trace=300000, nelems=2, elem type=java.lang.Object[]@50000013)
	[0]		500019fe
	[1]		500018c4
OBJ 500019fe (sz=24, trace=300000, class=java.lang.String@5000008d)
	value		500019ff
ARR 500019ff (sz=24, trace=300000, nelems=0, elem type=char[])
OBJ 50001a00 (sz=24, trace=300000, class=java.lang.String@5000008d)
	value		50001a01
ARR 50001a01 (sz=24, trace=300000, nelems=0, elem type=char[])
OBJ 50001a02 (sz=24, trace=300000, class=java.lang.String@5000008d)
	value		50001a03
ARR 50001a03 (sz=48, trace=300000, nelems=0, elem type=char[])
OBJ 50001a04 (sz=24, trace=300000, class=java.lang.String@5000008d)
	value		50001a05
ARR 50001a05 (sz=32, trace=300000, nelems=0, elem type=char[])
OBJ 50001a06 (sz=24, trace=300000, class=java.lang.String@5000008d)
	value		50001a07
ARR 50001a07 (sz=32, trace=300000, nelems=0, elem type=char[])
OBJ 50001a08 (sz=24, trace=300000, class=java.lang.String@5000008d)
	value		50001a09
ARR 50001a09 (sz=48, trace=300000, nelems=0, elem type=char[])
OBJ 50001a0a (sz=24, trace=300000, class=java.lang.String@5000008d)
	value		50001a0b
ARR 50001a0b (sz=32, trace=300000, nelems=0, elem type=char[])
OBJ 50001a0c (sz=24, trace=300000, class=java.lang.String@5000008d)
	value		50001a0d
ARR 50001a0d (sz=32, trace=300000, nelems=0, elem type=char[])
OBJ 50001a0e (sz=24, trace=300000, class=java.lang.String@5000008d)
	value		50001a0f
ARR 50001a0f (sz=24, trace=300000, nelems=0, elem type=char[])
OBJ 50001a10 (sz=24, trace=300000, class=java.lang.String@5000008d)
	value		50001a11
ARR 50001a11 (sz=48, trace=300000, nelems=0, elem type=char[])
OBJ 50001a12 (sz=24, trace=300000, class=java.lang.String@5000008d)
	value		50001a13
ARR 50001a13 (sz=32, trace=300000, nelems=0, elem type=char[])
OBJ 50001a14 (sz=24, trace=300000, class=java.lang.String@5000008d)
	value		50001a15
ARR 50001a15 (sz=32, trace=300000, nelems=0, elem type=char[])
OBJ 50001a16 (sz=24, trace=300000, class=java.lang.String@5000008d)
	value		50001a17
ARR 50001a17 (sz=40, trace=300000, nelems=0, elem type=char[])
OBJ 50001a18 (sz=24, trace=300000, class=java.lang.String@5000008d)
	value		50001a1c
ARR 50001a19 (sz=24, trace=300000, nelems=2, elem type=java.lang.Object[]@50000013)
	[0]		50001a1a
	[1]		500018ff
OBJ 50001a1a (sz=24, trace=300000, class=java.lang.String@5000008d)
	value		50001a1b
ARR 50001a1b (sz=32, trace=300000, nelems=0, elem type=char[])
ARR 50001a1c (sz=24, trace=300000, nelems=0, elem type=char[])
OBJ 50001a1d (sz=24, trace=300000, class=java.lang.String@5000008d)
	value		50001a21
ARR 50001a1e (sz=24, trace=300000, nelems=2, elem type=java.lang.Object[]@50000013)
	[0]		50001a1f
	[1]		500018ff
OBJ 50001a1f (sz=24, trace=300000, class=java.lang.String@5000008d)
	value		50001a20
ARR 50001a20 (sz=24, trace=300000, nelems=0, elem type=char[])
ARR 50001a21 (sz=24, trace=300000, nelems=0, elem type=char[])
OBJ 50001a22 (sz=24, trace=300000, class=java.lang.String@5000008d)
	value		50001a23
ARR 50001a23 (sz=24, trace=300000, nelems=0, elem type=char[])
OBJ 50001a24 (sz=24, trace=300000, class=java.lang.String@5000008d)
	value		50001a28
ARR 50001a25 (sz=24, trace=300000, nelems=2, elem type=java.lang.Object[]@50000013)
	[0]		50001a26
	[1]		50001920
OBJ 50001a26 (sz=24, trace=300000, class=java.lang.String@5000008d)
	value		50001a27
ARR 50001a27 (sz=24, trace=300000, nelems=0, elem type=char[])
ARR 50001a28 (sz=24, trace=300000, nelems=0, elem type=char[])
OBJ 50001a29 (sz=24, trace=300000, class=java.lang.String@5000008d)
	value		50001a2a
ARR 50001a2a (sz=32, trace=300000, nelems=0, elem type=char[])
OBJ 50001a2b (sz=24, trace=300000, class=java.lang.String@5000008d)
	value		50001a2c
ARR 50001a2c (sz=32, trace=300000, nelems=0, elem type=char[])
OBJ 50001a2d (sz=24, trace=300000, class=java.lang.String@5000008d)
	value		50001a2e
ARR 50001a2e (sz=32, trace=300000, nelems=0, elem type=char[])
OBJ 50001a2f (sz=24, trace=300000, class=java.lang.String@5000008d)
	value		50001a30
ARR 50001a30 (sz=32, trace=300000, nelems=0, elem type=char[])
OBJ 50001a31 (sz=24, trace=300000, class=java.lang.String@5000008d)
	value		50001a32
ARR 50001a32 (sz=40, trace=300000, nelems=0, elem type=char[])
OBJ 50001a33 (sz=24, trace=300000, class=java.lang.String@5000008d)
	value		50001a34
ARR 50001a34 (sz=24, trace=300000, nelems=0, elem type=char[])
OBJ 50001a35 (sz=24, trace=300000, class=java.lang.String@5000008d)
	value		50001a36
ARR 50001a36 (sz=24, trace=300000, nelems=0, elem type=char[])
OBJ 50001a37 (sz=24, trace=300000, class=java.lang.String@5000008d)
	value		50001a38
ARR 50001a38 (sz=32, trace=300000, nelems=0, elem type=char[])
OBJ 50001a39 (sz=24, trace=300000, class=java.lang.String@5000008d)
	value		50001a3a
ARR 50001a3a (sz=32, trace=300000, nelems=0, elem type=char[])
OBJ 50001a3b (sz=24, trace=300000, class=java.lang.String@5000008d)
	value		50001a3c
ARR 50001a3c (sz=48, trace=300000, nelems=0, elem type=char[])
OBJ 50001a3d (sz=24, trace=300000, class=java.lang.String@5000008d)
	value		50001a3e
ARR 50001a3e (sz=24, trace=300000, nelems=0, elem type=char[])
OBJ 50001a3f (sz=24, trace=300000, class=java.lang.String@5000008d)
	value		50001a40
ARR 50001a40 (sz=32, trace=300000, nelems=0, elem type=char[])
OBJ 50001a41 (sz=24, trace=300000, class=java.lang.String@5000008d)
	value		50001a42
ARR 50001a42 (sz=16, trace=300000, nelems=0, elem type=char[])
OBJ 50001a43 (sz=24, trace=300000, class=java.lang.String@5000008d)
	value		50001a47
ARR 50001a44 (sz=24, trace=300000, nelems=2, elem type=java.lang.Object[]@50000013)
	[0]		50001a45
	[1]		500018ff
OBJ 50001a45 (sz=24, trace=300000, class=java.lang.String@5000008d)
	value		50001a46
ARR 50001a46 (sz=16, trace=300000, nelems=0, elem type=char[])
ARR 50001a47 (sz=16, trace=300000, nelems=0, elem type=char[])
OBJ 50001a48 (sz=24, trace=300000, class=java.lang.String@5000008d)
	value		50001a4f
ARR 50001a49 (sz=24, trace=300000, nelems=3, elem type=java.lang.Object[]@50000013)
	[0]		50001a4a
	[1]		500018e8
	[2]		50001a4b
OBJ 50001a4a (sz=24, trace=300000, class=java.lang.String@5000008d)
	value		50001a4e
ARR 50001a4b (sz=24, trace=300000, nelems=2, elem type=java.lang.Object[]@50000013)
	[0]		50001a4c
	[1]		5000191c
OBJ 50001a4c (sz=24, trace=300000, class=java.lang.String@5000008d)
	value		50001a4d
ARR 50001a4d (sz=16, trace=300000, nelems=0, elem type=char[])
ARR 50001a4e (sz=32, trace=300000, nelems=0, elem type=char[])
ARR 50001a4f (sz=24, trace=300000, nelems=0, elem type=char[])
OBJ 50001a50 (sz=24, trace=300000, class=java.lang.String@5000008d)
	value		50001a54
ARR 50001a51 (sz=24, trace=300000, nelems=2, elem type=java.lang.Object[]@50000013)
	[0]		50001a52
	[1]		50001920
OBJ 50001a52 (sz=24, trace=300000, class=java.lang.String@5000008d)
	value		50001a53
ARR 50001a53 (sz=16, trace=300000, nelems=0, elem type=char[])
ARR 50001a54 (sz=32, trace=300000, nelems=0, elem type=char[])
OBJ 50001a55 (sz=24, trace=300000, class=java.lang.String@5000008d)
	value		50001a59
ARR 50001a56 (sz=24, trace=300000, nelems=2, elem type=java.lang.Object[]@50000013)
	[0]		50001a57
	[1]		500018ff
OBJ 50001a57 (sz=24, trace=300000, class=java.lang.String@5000008d)
	value		50001a58
ARR 50001a58 (sz=32, trace=300000, nelems=0, elem type=char[])
ARR 50001a59 (sz=24, trace=300000, nelems=0, elem type=char[])
OBJ 50001a5a (sz=24, trace=300000, class=java.lang.String@5000008d)
	value		50001a5b
ARR 50001a5b (sz=32, trace=300000, nelems=0, elem type=char[])
OBJ 50001a5c (sz=24, trace=300000, class=java.lang.String@5000008d)
	value		50001a60
ARR 50001a5d (sz=24, trace=300000, nelems=2, elem type=java.lang.Object[]@50000013)
	[0]		50001a5e
	[1]		50001916
OBJ 50001a5e (sz=24, trace=300000, class=java.lang.String@5000008d)
	value		50001a5f
ARR 50001a5f (sz=24, trace=300000, nelems=0, elem type=char[])
ARR 50001a60 (sz=24, trace=300000, nelems=0, elem type=char[])
OBJ 50001a61 (sz=24, trace=300000, class=java.lang.String@5000008d)
	value		50001a62
ARR 50001a62 (sz=40, trace=300000, nelems=0, elem type=char[])
OBJ 50001a63 (sz=24, trace=300000, class=java.lang.String@5000008d)
	value		50001a64
ARR 50001a64 (sz=40, trace=300000, nelems=0, elem type=char[])
OBJ 50001a65 (sz=24, trace=300000, class=java.lang.String@5000008d)
	value		50001a69
ARR 50001a66 (sz=24, trace=300000, nelems=2, elem type=java.lang.Object[]@50000013)
	[0]		50001a67
	[1]		500018ff
OBJ 50001a67 (sz=24, trace=300000, class=java.lang.String@5000008d)
	value		50001a68
ARR 50001a68 (sz=24, trace=300000, nelems=0, elem type=char[])
ARR 50001a69 (sz=24, trace=300000, nelems=0, elem type=char[])
OBJ 50001a6a (sz=24, trace=300000, class=java.lang.String@5000008d)
	value		50001a6b
ARR 50001a6b (sz=24, trace=300000, nelems=0, elem type=char[])
OBJ 50001a6c (sz=24, trace=300000, class=java.lang.String@5000008d)
	value		50001a6d
ARR 50001a6d (sz=32, trace=300000, nelems=0, elem type=char[])
OBJ 50001a6e (sz=24, trace=300000, class=java.lang.String@5000008d)
	value		50001a6f
ARR 50001a6f (sz=32, trace=300000, nelems=0, elem type=char[])
OBJ 50001a70 (sz=24, trace=300000, class=java.lang.String@5000008d)
	value		50001a74
ARR 50001a71 (sz=24, trace=300000, nelems=2, elem type=java.lang.Object[]@50000013)
	[0]		50001a72
	[1]		500018ff
OBJ 50001a72 (sz=24, trace=300000, class=java.lang.String@5000008d)
	value		50001a73
ARR 50001a73 (sz=32, trace=300000, nelems=0, elem type=char[])
ARR 50001a74 (sz=32, trace=300000, nelems=0, elem type=char[])
OBJ 50001a75 (sz=24, trace=300000, class=java.lang.String@5000008d)
	value		50001a76
ARR 50001a76 (sz=32, trace=300000, nelems=0, elem type=char[])
OBJ 50001a77 (sz=24, trace=300000, class=java.lang.String@5000008d)
	value		50001a78
ARR 50001a78 (sz=32, trace=300000, nelems=0, elem type=char[])
OBJ 50001a79 (sz=24, trace=300000, class=java.lang.String@5000008d)
	value		50001a7a
ARR 50001a7a (sz=56, trace=300000, nelems=0, elem type=char[])
OBJ 50001a7b (sz=24, trace=300000, class=java.lang.String@5000008d)
	value		50001a7c
ARR 50001a7c (sz=48, trace=300000, nelems=0, elem type=char[])
OBJ 50001a7d (sz=24, trace=300000, class=java.lang.String@5000008d)
	value		50001a7e
ARR 50001a7e (sz=48, trace=300000, nelems=0, elem type=char[])
OBJ 50001a7f (sz=24, trace=300000, class=java.lang.String@5000008d)
	value		50001a80
ARR 50001a80 (sz=32, trace=300000, nelems=0, elem type=char[])
OBJ 50001a81 (sz=24, trace=300000, class=java.lang.String@5000008d)
	value		50001a82
ARR 50001a82 (sz=32, trace=300000, nelems=0, elem type=char[])
OBJ 50001a83 (sz=24, trace=300000, class=java.lang.String@5000008d)
	value		50001a84
ARR 50001a84 (sz=24, trace=300000, nelems=0, elem type=char[])
OBJ 50001a85 (sz=24, trace=300000, class=java.lang.String@5000008d)
	value		50001a86
ARR 50001a86 (sz=24, trace=300000, nelems=0, elem type=char[])
OBJ 50001a87 (sz=24, trace=300000, class=java.lang.String@5000008d)
	value		50001a88
ARR 50001a88 (sz=32, trace=300000, nelems=0, elem type=char[])
OBJ 50001a89 (sz=24, trace=300000, class=java.lang.String@5000008d)
	value		50001a8a
ARR 50001a8a (sz=32, trace=300000, nelems=0, elem type=char[])
OBJ 50001a8b (sz=24, trace=300000, class=java.lang.String@5000008d)
	value		50001a8c
ARR 50001a8c (sz=24, trace=300000, nelems=0, elem type=char[])
OBJ 50001a8d (sz=24, trace=300000, class=java.lang.String@5000008d)
	value		50001a8e
ARR 50001a8e (sz=24, trace=300000, nelems=0, elem type=char[])
OBJ 50001a8f (sz=24, trace=300000, class=java.lang.String@5000008d)
	value		50001a90
ARR 50001a90 (sz=24, trace=300000, nelems=0, elem type=char[])
OBJ 50001a91 (sz=24, trace=300000, class=java.lang.String@5000008d)
	value		50001a92
ARR 50001a92 (sz=24, trace=300000, nelems=0, elem type=char[])
OBJ 50001a93 (sz=24, trace=300000, class=java.lang.String@5000008d)
	value		50001a94
ARR 50001a94 (sz=24, trace=300000, nelems=0, elem type=char[])
OBJ 50001a95 (sz=24, trace=300000, class=java.lang.String@5000008d)
	value		50001a96
ARR 50001a96 (sz=24, trace=300000, nelems=0, elem type=char[])
OBJ 50001a97 (sz=24, trace=300000, class=java.lang.String@5000008d)
	value		50001a98
ARR 50001a98 (sz=32, trace=300000, nelems=0, elem type=char[])
OBJ 50001a99 (sz=24, trace=300000, class=java.lang.String@5000008d)
	value		50001a9a
ARR 50001a9a (sz=32, trace=300000, nelems=0, elem type=char[])
OBJ 50001a9b (sz=24, trace=300000, class=java.lang.String@5000008d)
	value		50001a9c
ARR 50001a9c (sz=48, trace=300000, nelems=0, elem type=char[])
OBJ 50001a9d (sz=24, trace=300000, class=java.lang.String@5000008d)
	value		50001a9e
ARR 50001a9e (sz=24, trace=300000, nelems=0, elem type=char[])
OBJ 50001a9f (sz=24, trace=300000, class=java.lang.String@5000008d)
	value		50001aa3
ARR 50001aa0 (sz=24, trace=300000, nelems=2, elem type=java.lang.Object[]@50000013)
	[0]		50001aa1
	[1]		50001920
OBJ 50001aa1 (sz=24, trace=300000, class=java.lang.String@5000008d)
	value		50001aa2
ARR 50001aa2 (sz=48, trace=300000, nelems=0, elem type=char[])
ARR 50001aa3 (sz=24, trace=300000, nelems=0, elem type=char[])
OBJ 50001aa4 (sz=24, trace=300000, class=java.lang.String@5000008d)
	value		50001aa5
ARR 50001aa5 (sz=24, trace=300000, nelems=0, elem type=char[])
OBJ 50001aa6 (sz=24, trace=300000, class=java.lang.String@5000008d)
	value		50001aaa
ARR 50001aa7 (sz=24, trace=300000, nelems=2, elem type=java.lang.Object[]@50000013)
	[0]		50001aa8
	[1]		500018e8
OBJ 50001aa8 (sz=24, trace=300000, class=java.lang.String@5000008d)
	value		50001aa9
ARR 50001aa9 (sz=24, trace=300000, nelems=0, elem type=char[])
ARR 50001aaa (sz=24, trace=300000, nelems=0, elem type=char[])
OBJ 50001aab (sz=24, trace=300000, class=java.lang.String@5000008d)
	value		50001aac
ARR 50001aac (sz=24, trace=300000, nelems=0, elem type=char[])
OBJ 50001aad (sz=24, trace=300000, class=java.lang.String@5000008d)
	value		50001ab4
ARR 50001aae (sz=24, trace=300000, nelems=3, elem type=java.lang.Object[]@50000013)
	[0]		50001aaf
	[1]		5000191c
	[2]		50001ab0
OBJ 50001aaf (sz=24, trace=300000, class=java.lang.String@5000008d)
	value		50001ab3
ARR 50001ab0 (sz=24, trace=300000, nelems=2, elem type=java.lang.Object[]@50000013)
	[0]		50001ab1
	[1]		50001920
OBJ 50001ab1 (sz=24, trace=300000, class=java.lang.String@5000008d)
	value		50001ab2
ARR 50001ab2 (sz=24, trace=300000, nelems=0, elem type=char[])
ARR 50001ab3 (sz=24, trace=300000, nelems=0, elem type=char[])
ARR 50001ab4 (sz=48, trace=300000, nelems=0, elem type=char[])
OBJ 50001ab5 (sz=24, trace=300000, class=java.lang.String@5000008d)
	value		50001ab6
ARR 50001ab6 (sz=24, trace=300000, nelems=0, elem type=char[])
OBJ 50001ab7 (sz=24, trace=300000, class=java.lang.String@5000008d)
	value		50001ab8
ARR 50001ab8 (sz=24, trace=300000, nelems=0, elem type=char[])
OBJ 50001ab9 (sz=24, trace=300000, class=java.lang.String@5000008d)
	value		50001abd
ARR 50001aba (sz=24, trace=300000, nelems=2, elem type=java.lang.Object[]@50000013)
	[0]		50001abb
	[1]		500018ff
OBJ 50001abb (sz=24, trace=300000, class=java.lang.String@5000008d)
	value		50001abc
ARR 50001abc (sz=24, trace=300000, nelems=0, elem type=char[])
ARR 50001abd (sz=24, trace=300000, nelems=0, elem type=char[])
OBJ 50001abe (sz=24, trace=300000, class=java.lang.String@5000008d)
	value		50001abf
ARR 50001abf (sz=24, trace=300000, nelems=0, elem type=char[])
OBJ 50001ac0 (sz=24, trace=300000, class=java.lang.String@5000008d)
	value		50001ac4
ARR 50001ac1 (sz=24, trace=300000, nelems=2, elem type=java.lang.Object[]@50000013)
	[0]		50001ac2
	[1]		50001916
OBJ 50001ac2 (sz=24, trace=300000, class=java.lang.String@5000008d)
	value		50001ac3
ARR 50001ac3 (sz=32, trace=300000, nelems=0, elem type=char[])
ARR 50001ac4 (sz=48, trace=300000, nelems=0, elem type=char[])
OBJ 50001ac5 (sz=24, trace=300000, class=java.lang.String@5000008d)
	value		50001ac6
ARR 50001ac6 (sz=40, trace=300000, nelems=0, elem type=char[])
OBJ 50001ac7 (sz=24, trace=300000, class=java.lang.String@5000008d)
	value		50001ac8
ARR 50001ac8 (sz=40, trace=300000, nelems=0, elem type=char[])
OBJ 50001ac9 (sz=24, trace=300000, class=java.lang.String@5000008d)
	value		50001aca
ARR 50001aca (sz=40, trace=300000, nelems=0, elem type=char[])
OBJ 50001acb (sz=24, trace=300000, class=java.lang.String@5000008d)
	value		50001acf
ARR 50001acc (sz=24, trace=300000, nelems=2, elem type=java.lang.Object[]@50000013)
	[0]		50001acd
	[1]		50001920
OBJ 50001acd (sz=24, trace=300000, class=java.lang.String@5000008d)
	value		50001ace
ARR 50001ace (sz=40, trace=300000, nelems=0, elem type=char[])
ARR 50001acf (sz=40, trace=300000, nelems=0, elem type=char[])
OBJ 50001ad0 (sz=24, trace=300000, class=java.lang.String@5000008d)
	value		50001ad1
ARR 50001ad1 (sz=40, trace=300000, nelems=0, elem type=char[])
ARR 50001ad2 (sz=80, trace=300000, nelems=15, elem type=java.lang.Object[]@50000013)
	[0]		50001ad3
	[1]		50001ad4
	[2]		50001ad5
	[3]		50001ad6
	[4]		50001ad7
	[5]		50001ad8
	[6]		50001ad9
	[7]		50001ada
	[8]		50001adb
	[9]		50001adc
	[10]		50001add
	[11]		50001ade
	[13]		50001adf
	[14]		50001ae0
ARR 50001ad3 (sz=24, trace=300000, nelems=1, elem type=java.lang.Object[]@50000013)
	[0]		50001920
ARR 50001ad4 (sz=24, trace=300000, nelems=1, elem type=java.lang.Object[]@50000013)
	[0]		5000191c
ARR 50001ad5 (sz=24, trace=300000, nelems=3, elem type=java.lang.Object[]@50000013)
	[0]		5000190d
	[1]		50000597
	[2]		50001ae6
ARR 50001ad6 (sz=24, trace=300000, nelems=3, elem type=java.lang.Object[]@50000013)
	[0]		500018f6
	[2]		50001ae5
ARR 50001ad7 (sz=24, trace=300000, nelems=3, elem type=java.lang.Object[]@50000013)
	[0]		500018e8
	[2]		50001ae4
ARR 50001ad8 (sz=24, trace=300000, nelems=1, elem type=java.lang.Object[]@50000013)
	[0]		500018dc
ARR 50001ad9 (sz=24, trace=300000, nelems=3, elem type=java.lang.Object[]@50000013)
	[0]		500018d2
	[2]		50001ae3
ARR 50001ada (sz=24, trace=300000, nelems=1, elem type=java.lang.Object[]@50000013)
	[0]		500018c4
ARR 50001adb (sz=24, trace=300000, nelems=3, elem type=java.lang.Object[]@50000013)
	[0]		50001880
	[1]		5000187e
	[2]		50001ae1
ARR 50001adc (sz=24, trace=300000, nelems=1, elem type=java.lang.Object[]@50000013)
	[0]		500018b1
ARR 50001add (sz=24, trace=300000, nelems=1, elem type=java.lang.Object[]@50000013)
	[0]		500018ad
ARR 50001ade (sz=24, trace=300000, nelems=1, elem type=java.lang.Object[]@50000013)
	[0]		500018a9
ARR 50001adf (sz=24, trace=300000, nelems=1, elem type=java.lang.Object[]@50000013)
	[0]		500018a5
ARR 50001ae0 (sz=24, trace=300000, nelems=1, elem type=java.lang.Object[]@50000013)
	[0]		500018a1
ARR 50001ae1 (sz=24, trace=300000, nelems=3, elem type=java.lang.Object[]@50000013)
	[0]		500018b7
	[2]		50001ae2
ARR 50001ae2 (sz=24, trace=300000, nelems=1, elem type=java.lang.Object[]@50000013)
	[0]		500018bb
ARR 50001ae3 (sz=24, trace=300000, nelems=1, elem type=java.lang.Object[]@50000013)
	[0]		500018d5
ARR 50001ae4 (sz=24, trace=300000, nelems=1, elem type=java.lang.Object[]@50000013)
	[0]		500018ed
ARR 50001ae5 (sz=24, trace=300000, nelems=1, elem type=java.lang.Object[]@50000013)
	[0]		500018ff
ARR 50001ae6 (sz=24, trace=300000, nelems=1, elem type=java.lang.Object[]@50000013)
	[0]		50001916
ARR 50001ae7 (sz=24, trace=300000, nelems=2, elem type=java.lang.String[]@5000008e)
	[0]		50001aea
	[1]		50001a9b
OBJ 50001ae8 (sz=24, trace=300000, class=java.lang.String@5000008d)
	value		50001ae9
ARR 50001ae9 (sz=24, trace=300000, nelems=0, elem type=char[])
OBJ 50001aea (sz=24, trace=300000, class=java.lang.String@5000008d)
	value		50001aeb
ARR 50001aeb (sz=24, trace=300000, nelems=0, elem type=char[])
ARR 50001aec (sz=32, trace=300000, nelems=0, elem type=char[])
OBJ 50001aed (sz=24, trace=300000, class=java.lang.String@5000008d)
	value		50001b33
OBJ 50001aee (sz=24, trace=300000, class=java.lang.String@5000008d)
	value		50001b39
OBJ 50001aef (sz=24, trace=300000, class=java.lang.String@5000008d)
	value		50001b37
OBJ 50001af0 (sz=24, trace=300000, class=java.lang.String@5000008d)
	value		50001b52
OBJ 50001af1 (sz=24, trace=300000, class=java.lang.String@5000008d)
	value		50001b53
OBJ 50001af2 (sz=24, trace=300000, class=java.lang.String@5000008d)
	value		50001b42
OBJ 50001af3 (sz=24, trace=300000, class=java.lang.String@5000008d)
	value		50001b61
OBJ 50001af4 (sz=24, trace=300000, class=java.lang.String@5000008d)
	value		50001b35
OBJ 50001af5 (sz=24, trace=300000, class=java.lang.String@5000008d)
	value		50001b44
OBJ 50001af6 (sz=24, trace=300000, class=java.lang.String@5000008d)
	value		50001b62
OBJ 50001af7 (sz=24, trace=300000, class=java.lang.String@5000008d)
	value		50001b3c
OBJ 50001af8 (sz=24, trace=300000, class=java.lang.String@5000008d)
	value		50001b65
OBJ 50001af9 (sz=24, trace=300000, class=java.lang.String@5000008d)
	value		50001b36
OBJ 50001afa (sz=24, trace=300000, class=java.lang.String@5000008d)
	value		50001b3f
OBJ 50001afb (sz=24, trace=300000, class=java.lang.String@5000008d)
	value		50001b5a
OBJ 50001afc (sz=24, trace=300000, class=java.lang.String@5000008d)
	value		50001b63
OBJ 50001afd (sz=24, trace=300000, class=java.lang.String@5000008d)
	value		50001b47
OBJ 50001afe (sz=24, trace=300000, class=java.lang.String@5000008d)
	value		50001b4e
OBJ 50001aff (sz=24, trace=300000, class=java.lang.String@5000008d)
	value		50001b57
OBJ 50001b00 (sz=24, trace=300000, class=java.lang.String@5000008d)
	value		50001b41
OBJ 50001b01 (sz=24, trace=300000, class=java.lang.String@5000008d)
	value		50001b64
OBJ 50001b02 (sz=24, trace=300000, class=java.lang.String@5000008d)
	value		50001b5b
OBJ 50001b03 (sz=24, trace=300000, class=java.lang.String@5000008d)
	value		50001b38
OBJ 50001b04 (sz=24, trace=300000, class=java.lang.String@5000008d)
	value		50001b45
OBJ 50001b05 (sz=24, trace=300000, class=java.lang.String@5000008d)
	value		50001b66
OBJ 50001b06 (sz=24, trace=300000, class=java.lang.String@5000008d)
	value		50001b40
OBJ 50001b07 (sz=24, trace=300000, class=java.lang.String@5000008d)
	value		50001b49
OBJ 50001b08 (sz=24, trace=300000, class=java.lang.String@5000008d)
	value		50001b48
OBJ 50001b09 (sz=24, trace=300000, class=java.lang.String@5000008d)
	value		50001b4c
OBJ 50001b0a (sz=24, trace=300000, class=java.lang.String@5000008d)
	value		50001b4b
OBJ 50001b0b (sz=24, trace=300000, class=java.lang.String@5000008d)
	value		50001b50
OBJ 50001b0c (sz=24, trace=300000, class=java.lang.String@5000008d)
	value		50001b4f
OBJ 50001b0d (sz=24, trace=300000, class=java.lang.String@5000008d)
	value		50001b55
OBJ 50001b0e (sz=24, trace=300000, class=java.lang.String@5000008d)
	value		50001b54
OBJ 50001b0f (sz=24, trace=300000, class=java.lang.String@5000008d)
	value		50001b59
OBJ 50001b10 (sz=24, trace=300000, class=java.lang.String@5000008d)
	value		50001b58
OBJ 50001b11 (sz=24, trace=300000, class=java.lang.String@5000008d)
	value		50001b5e
OBJ 50001b12 (sz=24, trace=300000, class=java.lang.String@5000008d)
	value		50001b60
OBJ 50001b13 (sz=24, trace=300000, class=java.lang.String@5000008d)
	value		50001b5f
OBJ 50001b14 (sz=24, trace=300000, class=java.lang.String@5000008d)
	value		50001b3a
OBJ 50001b15 (sz=24, trace=300000, class=java.lang.String@5000008d)
	value		50001b3d
OBJ 50001b16 (sz=24, trace=300000, class=java.lang.String@5000008d)
	value		50001b3b
OBJ 50001b17 (sz=24, trace=300000, class=java.lang.String@5000008d)
	value		50001b3e
OBJ 50001b18 (sz=24, trace=300000, class=java.lang.String@5000008d)
	value		50001b34
OBJ 50001b19 (sz=24, trace=300000, class=java.lang.String@5000008d)
	value		50001b43
OBJ 50001b1a (sz=24, trace=300000, class=java.lang.String@5000008d)
	value		50001b46
OBJ 50001b1b (sz=24, trace=300000, class=java.lang.String@5000008d)
	value		50001b4a
OBJ 50001b1c (sz=24, trace=300000, class=java.lang.String@5000008d)
	value		50001b56
OBJ 50001b1d (sz=24, trace=300000, class=java.lang.String@5000008d)
	value		50001b4d
OBJ 50001b1e (sz=24, trace=300000, class=java.lang.String@5000008d)
	value		50001b51
OBJ 50001b1f (sz=24, trace=300000, class=java.lang.String@5000008d)
	value		50001b5d
OBJ 50001b20 (sz=24, trace=300000, class=java.lang.String@5000008d)
	value		50001b5c
ARR 50001b21 (sz=24, trace=300000, nelems=2, elem type=java.lang.String[]@5000008e)
	[0]		500019f4
	[1]		500019a3
ARR 50001b22 (sz=24, trace=300000, nelems=2, elem type=java.lang.String[]@5000008e)
	[0]		500019f7
	[1]		500019a5
ARR 50001b23 (sz=24, trace=300000, nelems=2, elem type=java.lang.String[]@5000008e)
	[0]		500019f9
	[1]		500019a9
ARR 50001b24 (sz=24, trace=300000, nelems=3, elem type=java.lang.String[]@5000008e)
	[0]		500019fe
	[1]		500019ac
	[2]		50001a87
ARR 50001b25 (sz=24, trace=300000, nelems=2, elem type=java.lang.String[]@5000008e)
	[0]		50001a00
	[1]		500019ae
ARR 50001b26 (sz=24, trace=300000, nelems=3, elem type=java.lang.String[]@5000008e)
	[0]		50001a95
	[1]		50001a3d
	[2]		500019d4
ARR 50001b27 (sz=72, trace=300000, nelems=15, elem type=java.lang.String[]@5000008e)
	[0]		50001b05
	[1]		500019e9
	[2]		50001af8
	[3]		50001b01
	[4]		50001afc
	[5]		50001af6
	[6]		50001af3
	[7]		50001a8b
	[8]		50001ab5
	[9]		50001b12
	[10]		50001b13
	[11]		50001b11
	[12]		50001b1f
	[13]		50001b20
	[14]		50001b02
ARR 50001b28 (sz=32, trace=300000, nelems=4, elem type=java.lang.String[]@5000008e)
	[0]		500019f2
	[1]		500019ee
	[2]		50001a63
	[3]		50001afb
ARR 50001b29 (sz=64, trace=300000, nelems=13, elem type=java.lang.String[]@5000008e)
	[0]		50001a6c
	[1]		50001a9f
	[2]		50001a0a
	[3]		50001b0f
	[4]		50001b10
	[5]		50001aff
	[6]		50001a1d
	[7]		50001a43
	[8]		50001a55
	[9]		50001a39
	[10]		50001ab7
	[11]		50001a8d
	[12]		50001b1c
ARR 50001b2a (sz=80, trace=300000, nelems=16, elem type=java.lang.String[]@5000008e)
	[0]		50001a6e
	[1]		50001aa4
	[2]		50001a14
	[3]		50001b0d
	[4]		50001b0e
	[5]		50001af1
	[6]		50001af0
	[7]		500019dd
	[8]		50001a5c
	[9]		50001b1e
	[10]		500019bc
	[11]		50001a35
	[12]		50001a2f
	[13]		50001aa6
	[14]		50001a85
	[15]		500019cd
ARR 50001b2b (sz=64, trace=300000, nelems=12, elem type=java.lang.String[]@5000008e)
	[0]		50001a70
	[1]		50001aa8
	[2]		50001a0c
	[3]		50001b0b
	[4]		50001b0c
	[5]		50001afe
	[6]		50001a4a
	[7]		50001a65
	[8]		50001a50
	[9]		50001a8f
	[10]		50001ab9
	[11]		50001b1d
ARR 50001b2c (sz=64, trace=300000, nelems=13, elem type=java.lang.String[]@5000008e)
	[0]		50001a72
	[1]		500019d1
	[2]		50001aab
	[3]		50001a1a
	[4]		50001b09
	[5]		50001b0a
	[6]		50001a1f
	[7]		50001a45
	[8]		50001a67
	[9]		50001a57
	[10]		50001a91
	[11]		50001abb
	[12]		50001b1b
ARR 50001b2d (sz=64, trace=300000, nelems=13, elem type=java.lang.String[]@5000008e)
	[0]		50001a75
	[1]		50001aaf
	[2]		50001a29
	[3]		50001b07
	[4]		50001b08
	[5]		50001afd
	[6]		50001a22
	[7]		50001a4c
	[8]		50001a6a
	[9]		50001a5a
	[10]		50001a93
	[11]		50001abe
	[12]		50001b1a
ARR 50001b2e (sz=72, trace=300000, nelems=14, elem type=java.lang.String[]@5000008e)
	[0]		50001a2b
	[1]		50001b04
	[2]		50001a26
	[3]		50001a52
	[4]		50001af5
	[5]		50001a83
	[6]		50001b19
	[7]		50001a9d
	[8]		50001af2
	[9]		50001b00
	[10]		50001b06
	[11]		50001921
	[12]		50001ab1
	[13]		50001afa
ARR 50001b2f (sz=24, trace=300000, nelems=3, elem type=java.lang.String[]@5000008e)
	[0]		500018ee
	[1]		50001b17
	[2]		50001b15
ARR 50001b30 (sz=32, trace=300000, nelems=4, elem type=java.lang.String[]@5000008e)
	[0]		500018a2
	[1]		50001af7
	[2]		50001b16
	[3]		50001b14
ARR 50001b31 (sz=24, trace=300000, nelems=2, elem type=java.lang.String[]@5000008e)
	[0]		500018aa
	[1]		50001a0e
ARR 50001b32 (sz=72, trace=300000, nelems=14, elem type=java.lang.String[]@5000008e)
	[0]		50001a81
	[1]		50001aee
	[2]		50001b03
	[3]		50001aef
	[4]		50001af9
	[5]		500019eb
	[6]		50001af4
	[7]		500019e7
	[8]		50001b18
	[9]		50001a06
	[10]		50001a5e
	[11]		500019b0
	[12]		50001aed
	[13]		500019db
ARR 50001b33 (sz=40, trace=300000, nelems=0, elem type=char[])
ARR 50001b34 (sz=32, trace=300000, nelems=0, elem type=char[])
ARR 50001b35 (sz=24, trace=300000, nelems=0, elem type=char[])
ARR 50001b36 (sz=32, trace=300000, nelems=0, elem type=char[])
ARR 50001b37 (sz=24, trace=300000, nelems=0, elem type=char[])
ARR 50001b38 (sz=48, trace=300000, nelems=0, elem type=char[])
ARR 50001b39 (sz=40, trace=300000, nelems=0, elem type=char[])
ARR 50001b3a (sz=48, trace=300000, nelems=0, elem type=char[])
ARR 50001b3b (sz=32, trace=300000, nelems=0, elem type=char[])
ARR 50001b3c (sz=48, trace=300000, nelems=0, elem type=char[])
ARR 50001b3d (sz=56, trace=300000, nelems=0, elem type=char[])
ARR 50001b3e (sz=32, trace=300000, nelems=0, elem type=char[])
ARR 50001b3f (sz=32, trace=300000, nelems=0, elem type=char[])
ARR 50001b40 (sz=48, trace=300000, nelems=0, elem type=char[])
ARR 50001b41 (sz=32, trace=300000, nelems=0, elem type=char[])
ARR 50001b42 (sz=32, trace=300000, nelems=0, elem type=char[])
ARR 50001b43 (sz=40, trace=300000, nelems=0, elem type=char[])
ARR 50001b44 (sz=24, trace=300000, nelems=0, elem type=char[])
ARR 50001b45 (sz=32, trace=300000, nelems=0, elem type=char[])
ARR 50001b46 (sz=40, trace=300000, nelems=0, elem type=char[])
ARR 50001b47 (sz=32, trace=300000, nelems=0, elem type=char[])
ARR 50001b48 (sz=48, trace=300000, nelems=0, elem type=char[])
ARR 50001b49 (sz=32, trace=300000, nelems=0, elem type=char[])
ARR 50001b4a (sz=40, trace=300000, nelems=0, elem type=char[])
ARR 50001b4b (sz=48, trace=300000, nelems=0, elem type=char[])
ARR 50001b4c (sz=32, trace=300000, nelems=0, elem type=char[])
ARR 50001b4d (sz=48, trace=300000, nelems=0, elem type=char[])
ARR 50001b4e (sz=32, trace=300000, nelems=0, elem type=char[])
ARR 50001b4f (sz=48, trace=300000, nelems=0, elem type=char[])
ARR 50001b50 (sz=32, trace=300000, nelems=0, elem type=char[])
ARR 50001b51 (sz=48, trace=300000, nelems=0, elem type=char[])
ARR 50001b52 (sz=32, trace=300000, nelems=0, elem type=char[])
ARR 50001b53 (sz=32, trace=300000, nelems=0, elem type=char[])
ARR 50001b54 (sz=48, trace=300000, nelems=0, elem type=char[])
ARR 50001b55 (sz=32, trace=300000, nelems=0, elem type=char[])
ARR 50001b56 (sz=40, trace=300000, nelems=0, elem type=char[])
ARR 50001b57 (sz=32, trace=300000, nelems=0, elem type=char[])
ARR 50001b58 (sz=48, trace=300000, nelems=0, elem type=char[])
ARR 50001b59 (sz=32, trace=300000, nelems=0, elem type=char[])
ARR 50001b5a (sz=32, trace=300000, nelems=0, elem type=char[])
ARR 50001b5b (sz=48, trace=300000, nelems=0, elem type=char[])
ARR 50001b5c (sz=40, trace=300000, nelems=0, elem type=char[])
ARR 50001b5d (sz=40, trace=300000, nelems=0, elem type=char[])
ARR 50001b5e (sz=16, trace=300000, nelems=0, elem type=char[])
ARR 50001b5f (sz=24, trace=300000, nelems=0, elem type=char[])
ARR 50001b60 (sz=24, trace=300000, nelems=0, elem type=char[])
ARR 50001b61 (sz=32, trace=300000, nelems=0, elem type=char[])
ARR 50001b62 (sz=24, trace=300000, nelems=0, elem type=char[])
ARR 50001b63 (sz=32, trace=300000, nelems=0, elem type=char[])
ARR 50001b64 (sz=32, trace=300000, nelems=0, elem type=char[])
ARR 50001b65 (sz=40, trace=300000, nelems=0, elem type=char[])
ARR 50001b66 (sz=40, trace=300000, nelems=0, elem type=char[])
ARR 50001b67 (sz=56, trace=300000, nelems=0, elem type=char[])
ARR 50001b68 (sz=24, trace=300000, nelems=0, elem type=char[])
OBJ 50001b69 (sz=24, trace=300000, class=sun.nio.cs.Surrogate$Parser@5000010b)
	error		50001b8c
OBJ 50001b6a (sz=24, trace=300000, class=java.lang.String@5000008d)
	value		50001b8b
ARR 50001b6b (sz=528, trace=300000, nelems=0, elem type=short[])
OBJ 50001b6c (sz=24, trace=300000, class=java.lang.ref.WeakReference@500000bc)
	referent	50001b78
	queue		50001b77
OBJ 50001b6d (sz=16, trace=300000, class=java.nio.charset.CodingErrorAction@50000097)
	name		50001b6f
ARR 50001b6e (sz=16, trace=300000, nelems=0, elem type=byte[])
OBJ 50001b6f (sz=24, trace=300000, class=java.lang.String@5000008d)
	value		50001b70
ARR 50001b70 (sz=32, trace=300000, nelems=0, elem type=char[])
OBJ 50001b71 (sz=24, trace=300000, class=java.lang.String@5000008d)
	value		50001b75
OBJ 50001b72 (sz=24, trace=300000, class=java.lang.String@5000008d)
	value		50001b76
OBJ 50001b73 (sz=16, trace=300000, class=java.nio.charset.CodingErrorAction@50000097)
	name		50001b72
OBJ 50001b74 (sz=16, trace=300000, class=java.nio.charset.CodingErrorAction@50000097)
	name		50001b71
ARR 50001b75 (sz=24, trace=300000, nelems=0, elem type=char[])
ARR 50001b76 (sz=24, trace=300000, nelems=0, elem type=char[])
OBJ 50001b77 (sz=24, trace=300000, class=java.lang.ref.ReferenceQueue$Null@5000007f)
	lock		50001b86
OBJ 50001b78 (sz=40, trace=300000, class=sun.nio.cs.MS1252$Decoder@500000b1)
	charset		5000187e
	replacement	50001b7a
	malformedInputAction	50001b73
	unmappableCharacterAction	50001b73
	byteToCharTable	50001b79
OBJ 50001b79 (sz=24, trace=300000, class=java.lang.String@5000008d)
	value		50001b7c
OBJ 50001b7a (sz=24, trace=300000, class=java.lang.String@5000008d)
	value		50001b7b
ARR 50001b7b (sz=16, trace=300000, nelems=0, elem type=char[])
ARR 50001b7c (sz=528, trace=300000, nelems=0, elem type=char[])
OBJ 50001b7d (sz=24, trace=300000, class=java.lang.String@5000008d)
	value		50001b84
OBJ 50001b7e (sz=24, trace=300000, class=java.lang.String@5000008d)
	value		50001b83
OBJ 50001b7f (sz=24, trace=300000, class=java.lang.String@5000008d)
	value		50001b82
OBJ 50001b80 (sz=24, trace=300000, class=java.lang.String@5000008d)
	value		50001b85
ARR 50001b81 (sz=32, trace=300000, nelems=4, elem type=java.lang.String[]@5000008e)
	[0]		50001b80
	[1]		50001b7d
	[2]		50001b7e
	[3]		50001b7f
ARR 50001b82 (sz=32, trace=300000, nelems=0, elem type=char[])
ARR 50001b83 (sz=32, trace=300000, nelems=0, elem type=char[])
ARR 50001b84 (sz=24, trace=300000, nelems=0, elem type=char[])
ARR 50001b85 (sz=24, trace=300000, nelems=0, elem type=char[])
OBJ 50001b86 (sz=8, trace=300000, class=java.lang.ref.ReferenceQueue$Lock@500000fd)
OBJ 50001b87 (sz=24, trace=300000, class=java.lang.ref.ReferenceQueue$Null@5000007f)
	lock		50001b88
OBJ 50001b88 (sz=8, trace=300000, class=java.lang.ref.ReferenceQueue$Lock@500000fd)
OBJ 50001b89 (sz=24, trace=300000, class=java.lang.String@5000008d)
	value		50001b8a
ARR 50001b8a (sz=48, trace=300000, nelems=0, elem type=char[])
ARR 50001b8b (sz=2368, trace=300000, nelems=0, elem type=char[])
OBJ 50001b8c (sz=16, trace=300000, class=java.nio.charset.CoderResult@50000082)
OBJ 50001b8d (sz=24, trace=300000, class=java.lang.String@5000008d)
	value		50001b96
OBJ 50001b8e (sz=24, trace=300000, class=java.lang.String@5000008d)
	value		50001b97
OBJ 50001b8f (sz=24, trace=300000, class=java.lang.String@5000008d)
	value		50001b98
OBJ 50001b90 (sz=24, trace=300000, class=java.lang.String@5000008d)
	value		50001b95
OBJ 50001b91 (sz=16, trace=300000, class=java.nio.charset.CoderResult$2@500000f7)
OBJ 50001b92 (sz=16, trace=300000, class=java.nio.charset.CoderResult$1@5000007d)
OBJ 50001b93 (sz=16, trace=300000, class=java.nio.charset.CoderResult@50000082)
ARR 50001b94 (sz=32, trace=300000, nelems=4, elem type=java.lang.String[]@5000008e)
	[0]		50001b8f
	[1]		50001b8e
	[2]		50001b8d
	[3]		50001b90
ARR 50001b95 (sz=32, trace=300000, nelems=0, elem type=char[])
ARR 50001b96 (sz=32, trace=300000, nelems=0, elem type=char[])
ARR 50001b97 (sz=32, trace=300000, nelems=0, elem type=char[])
ARR 50001b98 (sz=32, trace=300000, nelems=0, elem type=char[])
ARR 50001b99 (sz=32, trace=300000, nelems=4, elem type=java.lang.String[]@5000008e)
	[0]		50001b80
	[1]		50001b7d
	[2]		50001b7e
	[3]		50001b7f
ARR 50001b9a (sz=8208, trace=300000, nelems=0, elem type=byte[])
OBJ 50001b9b (sz=24, trace=300000, class=java.lang.String@5000008d)
	value		50001b9e
OBJ 50001b9c (sz=24, trace=300000, class=java.lang.String@5000008d)
	value		50001b9d
ARR 50001b9d (sz=40, trace=300000, nelems=0, elem type=char[])
ARR 50001b9e (sz=40, trace=300000, nelems=0, elem type=char[])
OBJ 50001b9f (sz=24, trace=300000, class=java.io.OutputStreamWriter@5000009a)
	lock		50001869
	se		50001ba5
OBJ 50001ba0 (sz=40, trace=300000, class=java.io.BufferedWriter@500000a7)
	lock		50001b9f
	out		50001b9f
	cb		50001ba4
	lineSeparator	50001652
OBJ 50001ba1 (sz=24, trace=300000, class=java.io.BufferedOutputStream@500000ee)
	out		50001ba3
	buf		50001ba2
ARR 50001ba2 (sz=144, trace=300000, nelems=0, elem type=byte[])
OBJ 50001ba3 (sz=24, trace=300000, class=java.io.FileOutputStream@500000a5)
	fd		5000186f
ARR 50001ba4 (sz=16400, trace=300000, nelems=0, elem type=char[])
OBJ 50001ba5 (sz=56, trace=300000, class=sun.nio.cs.StreamEncoder$CharsetSE@50000062)
	lock		50001b9f
	cs		5000187e
	encoder		50001ba7
	bb		50001ba6
	out		50001869
OBJ 50001ba6 (sz=48, trace=300000, class=java.nio.HeapByteBuffer@50000015)
	hb		50001bac
OBJ 50001ba7 (sz=64, trace=300000, class=sun.nio.cs.MS1252$Encoder@50000103)
	charset		5000187e
	replacement	50001baa
	malformedInputAction	50001b6d
	unmappableCharacterAction	50001b6d
	cachedDecoder	50001ba9
	index1		50001b6b
	index2		50001b6a
	sgp		50001ba8
OBJ 50001ba8 (sz=24, trace=300000, class=sun.nio.cs.Surrogate$Parser@5000010b)
	error		50001b8c
OBJ 50001ba9 (sz=24, trace=300000, class=java.lang.ref.WeakReference@500000bc)
	referent	50001bab
	queue		50001b77
ARR 50001baa (sz=16, trace=300000, nelems=0, elem type=byte[])
OBJ 50001bab (sz=40, trace=300000, class=sun.nio.cs.MS1252$Decoder@500000b1)
	charset		5000187e
	replacement	50001b7a
	malformedInputAction	50001b73
	unmappableCharacterAction	50001b73
	byteToCharTable	50001b79
ARR 50001bac (sz=8208, trace=300000, nelems=0, elem type=byte[])
ARR 50001bad (sz=56, trace=300000, nelems=0, elem type=java.lang.Object[]@50000013)
OBJ 50001bae (sz=24, trace=300000, class=java.lang.String@5000008d)
	value		50001671
OBJ 50001baf (sz=24, trace=300000, class=java.lang.String@5000008d)
	value		50001671
OBJ 50001bb0 (sz=24, trace=300000, class=java.lang.String@5000008d)
	value		50001671
OBJ 50001bb1 (sz=24, trace=300000, class=java.lang.String@5000008d)
	value		50001671
OBJ 50001bb2 (sz=24, trace=300000, class=java.lang.String@5000008d)
	value		50001671
OBJ 50001bb3 (sz=24, trace=300000, class=java.lang.String@5000008d)
	value		50001671
OBJ 50001bb4 (sz=24, trace=300000, class=java.lang.String@5000008d)
	value		50001671
OBJ 50001bb5 (sz=24, trace=300000, class=java.lang.String@5000008d)
	value		50001671
OBJ 50001bb6 (sz=24, trace=300000, class=java.lang.String@5000008d)
	value		50001671
OBJ 50001bb7 (sz=24, trace=300000, class=java.lang.String@5000008d)
	value		50001671
OBJ 50001bb8 (sz=24, trace=300000, class=java.lang.String@5000008d)
	value		50001671
OBJ 50001bb9 (sz=24, trace=300000, class=java.lang.String@5000008d)
	value		50001671
OBJ 50001bba (sz=24, trace=300000, class=java.lang.String@5000008d)
	value		50001671
OBJ 50001bbb (sz=24, trace=300000, class=java.lang.String@5000008d)
	value		50001671
OBJ 50001bbc (sz=24, trace=300000, class=java.lang.String@5000008d)
	value		50001671
OBJ 50001bbd (sz=24, trace=300000, class=java.lang.String@5000008d)
	value		50001671
OBJ 50001bbe (sz=24, trace=300000, class=java.lang.String@5000008d)
	value		50001671
OBJ 50001bbf (sz=24, trace=300000, class=java.lang.String@5000008d)
	value		50001671
OBJ 50001bc0 (sz=24, trace=300000, class=java.lang.String@5000008d)
	value		50001671
OBJ 50001bc1 (sz=24, trace=300000, class=java.lang.String@5000008d)
	value		50001671
OBJ 50001bc2 (sz=24, trace=300000, class=java.lang.String@5000008d)
	value		50001671
OBJ 50001bc3 (sz=24, trace=300000, class=java.lang.String@5000008d)
	value		50001671
OBJ 50001bc4 (sz=24, trace=300000, class=java.lang.String@5000008d)
	value		50001671
OBJ 50001bc5 (sz=24, trace=300000, class=java.lang.String@5000008d)
	value		50001671
OBJ 50001bc6 (sz=24, trace=300000, class=java.lang.String@5000008d)
	value		50001671
OBJ 50001bc7 (sz=24, trace=300000, class=java.lang.String@5000008d)
	value		50001671
OBJ 50001bc8 (sz=24, trace=300000, class=java.lang.String@5000008d)
	value		50001671
OBJ 50001bc9 (sz=24, trace=300000, class=java.lang.String@5000008d)
	value		50001671
OBJ 50001bca (sz=24, trace=300000, class=java.lang.String@5000008d)
	value		50001671
OBJ 50001bcb (sz=24, trace=300000, class=java.lang.String@5000008d)
	value		50001671
OBJ 50001bcc (sz=24, trace=300000, class=java.lang.String@5000008d)
	value		50001671
OBJ 50001bcd (sz=24, trace=300000, class=java.lang.String@5000008d)
	value		50001671
OBJ 50001bce (sz=24, trace=300000, class=java.lang.String@5000008d)
	value		50001671
OBJ 50001bcf (sz=24, trace=300000, class=java.lang.String@5000008d)
	value		50001671
OBJ 50001bd0 (sz=24, trace=300000, class=java.lang.String@5000008d)
	value		50001671
OBJ 50001bd1 (sz=24, trace=300000, class=java.lang.String@5000008d)
	value		50001671
OBJ 50001bd2 (sz=24, trace=300000, class=java.lang.String@5000008d)
	value		50001671
OBJ 50001bd3 (sz=24, trace=300000, class=java.lang.String@5000008d)
	value		50001671
OBJ 50001bd4 (sz=24, trace=300000, class=java.lang.String@5000008d)
	value		50001671
OBJ 50001bd5 (sz=24, trace=300000, class=java.lang.String@5000008d)
	value		50001671
OBJ 50001bd6 (sz=24, trace=300000, class=java.lang.String@5000008d)
	value		50001671
ARR 50001bd7 (sz=56, trace=300000, nelems=0, elem type=char[])
ARR 50001bd8 (sz=48, trace=300000, nelems=0, elem type=char[])
ARR 50001bd9 (sz=24, trace=300000, nelems=0, elem type=char[])
ARR 50001bda (sz=56, trace=300000, nelems=9, elem type=java.util.Hashtable$Entry[]@50000039)
	[3]		50000b6b
	[4]		50000d36
	[6]		50000a98
	[8]		50000453
ARR 50001bdb (sz=96, trace=300000, nelems=0, elem type=char[])
ARR 50001bdc (sz=96, trace=300000, nelems=0, elem type=char[])
ARR 50001bdd (sz=136, trace=300000, nelems=0, elem type=char[])
ARR 50001bde (sz=104, trace=300000, nelems=0, elem type=char[])
ARR 50001bdf (sz=88, trace=300000, nelems=0, elem type=char[])
ARR 50001be0 (sz=72, trace=300000, nelems=0, elem type=char[])
OBJ 50001be1 (sz=24, trace=300000, class=java.lang.String@5000008d)
	value		50001c04
OBJ 50001be2 (sz=24, trace=300000, class=java.lang.String@5000008d)
	value		50001c03
OBJ 50001be3 (sz=24, trace=300000, class=java.lang.String@5000008d)
	value		50001c02
OBJ 50001be4 (sz=24, trace=300000, class=java.lang.String@5000008d)
	value		50001c01
OBJ 50001be5 (sz=24, trace=300000, class=java.lang.String@5000008d)
	value		50001c00
OBJ 50001be6 (sz=24, trace=300000, class=java.lang.String@5000008d)
	value		50001bff
OBJ 50001be7 (sz=24, trace=300000, class=java.lang.String@5000008d)
	value		50001bfe
OBJ 50001be8 (sz=24, trace=300000, class=java.lang.String@5000008d)
	value		50001bfd
OBJ 50001be9 (sz=24, trace=300000, class=java.lang.String@5000008d)
	value		50001bfc
OBJ 50001bea (sz=24, trace=300000, class=java.lang.String@5000008d)
	value		50001bfb
OBJ 50001beb (sz=24, trace=300000, class=java.lang.String@5000008d)
	value		50001bfa
OBJ 50001bec (sz=24, trace=300000, class=java.lang.String@5000008d)
	value		50001bf9
OBJ 50001bed (sz=24, trace=300000, class=java.lang.String@5000008d)
	value		50001bf8
OBJ 50001bee (sz=24, trace=300000, class=java.lang.String@5000008d)
	value		50001bf7
OBJ 50001bef (sz=24, trace=300000, class=java.lang.String@5000008d)
	value		50001bf6
OBJ 50001bf0 (sz=24, trace=300000, class=java.lang.String@5000008d)
	value		50001bf5
OBJ 50001bf1 (sz=24, trace=300000, class=java.lang.String@5000008d)
	value		50001bf4
OBJ 50001bf2 (sz=24, trace=300000, class=java.lang.String@5000008d)
	value		50001bf3
ARR 50001bf3 (sz=24, trace=300000, nelems=0, elem type=char[])
ARR 50001bf4 (sz=16, trace=300000, nelems=0, elem type=char[])
ARR 50001bf5 (sz=24, trace=300000, nelems=0, elem type=char[])
ARR 50001bf6 (sz=24, trace=300000, nelems=0, elem type=char[])
ARR 50001bf7 (sz=24, trace=300000, nelems=0, elem type=char[])
ARR 50001bf8 (sz=24, trace=300000, nelems=0, elem type=char[])
ARR 50001bf9 (sz=16, trace=300000, nelems=0, elem type=char[])
ARR 50001bfa (sz=24, trace=300000, nelems=0, elem type=char[])
ARR 50001bfb (sz=32, trace=300000, nelems=0, elem type=char[])
ARR 50001bfc (sz=16, trace=300000, nelems=0, elem type=char[])
ARR 50001bfd (sz=16, trace=300000, nelems=0, elem type=char[])
ARR 50001bfe (sz=16, trace=300000, nelems=0, elem type=char[])
ARR 50001bff (sz=16, trace=300000, nelems=0, elem type=char[])
ARR 50001c00 (sz=16, trace=300000, nelems=0, elem type=char[])
ARR 50001c01 (sz=24, trace=300000, nelems=0, elem type=char[])
ARR 50001c02 (sz=24, trace=300000, nelems=0, elem type=char[])
ARR 50001c03 (sz=24, trace=300000, nelems=0, elem type=char[])
ARR 50001c04 (sz=16, trace=300000, nelems=0, elem type=char[])
OBJ 50001c05 (sz=56, trace=300000, class=java.net.URL@5000004f)
	protocol	5000171e
	host		5000171d
	file		50001c06
	authority	5000171d
	path		50001c06
	handler		5000171b
OBJ 50001c06 (sz=24, trace=300000, class=java.lang.String@5000008d)
	value		50001c07
ARR 50001c07 (sz=80, trace=300000, nelems=0, elem type=char[])
OBJ 50001c08 (sz=24, trace=300000, class=java.lang.String@5000008d)
	value		50001c09
ARR 50001c09 (sz=24, trace=300000, nelems=0, elem type=char[])
OBJ 50001c0a (sz=24, trace=300000, class=java.lang.String@5000008d)
	value		50001c26
OBJ 50001c0b (sz=24, trace=300000, class=java.lang.String@5000008d)
	value		50001c21
OBJ 50001c0c (sz=24, trace=300000, class=java.lang.String@5000008d)
	value		50001c0f
OBJ 50001c0d (sz=24, trace=300000, class=java.lang.String@5000008d)
	value		50001c24
OBJ 50001c0e (sz=24, trace=300000, class=java.lang.String@5000008d)
	value		50001c10
ARR 50001c0f (sz=32, trace=300000, nelems=0, elem type=char[])
ARR 50001c10 (sz=48, trace=300000, nelems=0, elem type=char[])
OBJ 50001c11 (sz=24, trace=300000, class=java.lang.String@5000008d)
	value		50001c1f
OBJ 50001c12 (sz=24, trace=300000, class=java.lang.String@5000008d)
	value		50001c1e
OBJ 50001c13 (sz=24, trace=300000, class=java.lang.String@5000008d)
	value		50001c1d
OBJ 50001c14 (sz=24, trace=300000, class=java.lang.String@5000008d)
	value		50001c1c
ARR 50001c15 (sz=16, trace=300000, nelems=0, elem type=java.lang.annotation.Annotation[]@50000007)
OBJ 50001c16 (sz=8, trace=300000, class=sun.reflect.ReflectionFactory@50000041)
ARR 50001c17 (sz=16, trace=300000, nelems=0, elem type=java.io.ObjectStreamField[]@50000058)
OBJ 50001c18 (sz=24, trace=300000, class=java.lang.String@5000008d)
	value		50001c1b
OBJ 50001c19 (sz=8, trace=300000, class=java.lang.reflect.ReflectAccess@50000026)
OBJ 50001c1a (sz=24, trace=300000, class=java.lang.RuntimePermission@5000009f)
	name		50001c18
	path		50001c18
ARR 50001c1b (sz=64, trace=300000, nelems=0, elem type=char[])
ARR 50001c1c (sz=24, trace=300000, nelems=0, elem type=char[])
ARR 50001c1d (sz=32, trace=300000, nelems=0, elem type=char[])
ARR 50001c1e (sz=16, trace=300000, nelems=0, elem type=char[])
ARR 50001c1f (sz=16, trace=300000, nelems=0, elem type=char[])
OBJ 50001c20 (sz=24, trace=300000, class=java.lang.String@5000008d)
	value		50001c22
ARR 50001c21 (sz=40, trace=300000, nelems=0, elem type=char[])
ARR 50001c22 (sz=16, trace=300000, nelems=0, elem type=char[])
OBJ 50001c23 (sz=24, trace=300000, class=java.lang.String@5000008d)
	value		50001c25
ARR 50001c24 (sz=40, trace=300000, nelems=0, elem type=char[])
ARR 50001c25 (sz=56, trace=300000, nelems=0, elem type=char[])
ARR 50001c26 (sz=16, trace=300000, nelems=0, elem type=char[])
OBJ 50001c27 (sz=24, trace=300000, class=java.lang.String@5000008d)
	value		50001c28
ARR 50001c28 (sz=40, trace=300000, nelems=0, elem type=char[])
OBJ 50001c29 (sz=24, trace=300000, class=java.lang.String@5000008d)
	value		50001c2a
ARR 50001c2a (sz=48, trace=300000, nelems=0, elem type=char[])
OBJ 50001c2b (sz=24, trace=300000, class=java.lang.String@5000008d)
	value		50001c2e
OBJ 50001c2c (sz=24, trace=300000, class=java.lang.String@5000008d)
	value		50001c30
OBJ 50001c2d (sz=24, trace=300000, class=java.lang.String@5000008d)
	value		50001c2f
ARR 50001c2e (sz=40, trace=300000, nelems=0, elem type=char[])
ARR 50001c2f (sz=88, trace=300000, nelems=0, elem type=char[])
ARR 50001c30 (sz=24, trace=300000, nelems=0, elem type=char[])
OBJ 50001c31 (sz=24, trace=300000, class=java.lang.String@5000008d)
	value		50001c32
ARR 50001c32 (sz=24, trace=300000, nelems=0, elem type=char[])
OBJ 50001c33 (sz=24, trace=300000, class=java.lang.String@5000008d)
	value		50001c3a
OBJ 50001c34 (sz=24, trace=300000, class=java.lang.String@5000008d)
	value		50001c3f
OBJ 50001c35 (sz=80, trace=300000, class=java.lang.reflect.Method@5000008a)
	clazz		50000dda
	name		50001c33
	returnType	5000008d
	parameterTypes	50001c36
	exceptionTypes	500015ae
	methodAccessor	50001600
ARR 50001c36 (sz=16, trace=300000, nelems=0, elem type=java.lang.Class[]@50000056)
OBJ 50001c37 (sz=56, trace=300000, class=java.net.URL@5000004f)
	protocol	5000171e
	host		5000171d
	file		50001c38
	authority	5000171d
	path		50001c38
	handler		5000171b
OBJ 50001c38 (sz=24, trace=300000, class=java.lang.String@5000008d)
	value		50001c39
ARR 50001c39 (sz=152, trace=300000, nelems=0, elem type=char[])
ARR 50001c3a (sz=32, trace=300000, nelems=0, elem type=char[])
ARR 50001c3b (sz=16, trace=300000, nelems=0, elem type=java.lang.annotation.Annotation[]@50000007)
OBJ 50001c3c (sz=24, trace=300000, class=java.lang.String@5000008d)
	value		50001c3e
OBJ 50001c3d (sz=24, trace=300000, class=java.lang.reflect.ReflectPermission@5000004b)
	name		50001c3c
	path		50001c3c
ARR 50001c3e (sz=56, trace=300000, nelems=0, elem type=char[])
ARR 50001c3f (sz=64, trace=300000, nelems=0, elem type=char[])
OBJ 50001c40 (sz=56, trace=300000, class=java.net.URL@5000004f)
	protocol	5000171e
	host		5000171d
	file		50001c41
	authority	5000171d
	path		50001c41
	handler		5000171b
OBJ 50001c41 (sz=24, trace=300000, class=java.lang.String@5000008d)
	value		50001c42
ARR 50001c42 (sz=88, trace=300000, nelems=0, elem type=char[])
OBJ 50001c43 (sz=24, trace=300000, class=java.lang.String@5000008d)
	value		50001c54
OBJ 50001c44 (sz=24, trace=300000, class=java.lang.String@5000008d)
	value		50001c53
OBJ 50001c45 (sz=24, trace=300000, class=java.lang.String@5000008d)
	value		50001c52
OBJ 50001c46 (sz=24, trace=300000, class=java.lang.String@5000008d)
	value		50001c51
OBJ 50001c47 (sz=24, trace=300000, class=java.lang.String@5000008d)
	value		50001c50
OBJ 50001c48 (sz=24, trace=300000, class=java.lang.String@5000008d)
	value		50001c4f
OBJ 50001c49 (sz=24, trace=300000, class=java.lang.String@5000008d)
	value		50001c4e
OBJ 50001c4a (sz=24, trace=300000, class=java.lang.String@5000008d)
	value		50001c4d
OBJ 50001c4b (sz=24, trace=300000, class=java.lang.String@5000008d)
	value		50001c4c
ARR 50001c4c (sz=32, trace=300000, nelems=0, elem type=char[])
ARR 50001c4d (sz=24, trace=300000, nelems=0, elem type=char[])
ARR 50001c4e (sz=32, trace=300000, nelems=0, elem type=char[])
ARR 50001c4f (sz=24, trace=300000, nelems=0, elem type=char[])
ARR 50001c50 (sz=48, trace=300000, nelems=0, elem type=char[])
ARR 50001c51 (sz=32, trace=300000, nelems=0, elem type=char[])
ARR 50001c52 (sz=40, trace=300000, nelems=0, elem type=char[])
ARR 50001c53 (sz=40, trace=300000, nelems=0, elem type=char[])
ARR 50001c54 (sz=40, trace=300000, nelems=0, elem type=char[])
OBJ 50001c55 (sz=24, trace=300000, class=java.lang.String@5000008d)
	value		50001c70
OBJ 50001c56 (sz=24, trace=300000, class=java.lang.String@5000008d)
	value		50001c6f
OBJ 50001c57 (sz=24, trace=300000, class=java.lang.String@5000008d)
	value		50001c6b
OBJ 50001c58 (sz=24, trace=300000, class=java.lang.String@5000008d)
	value		50001c72
OBJ 50001c59 (sz=24, trace=300000, class=java.lang.String@5000008d)
	value		50001c79
OBJ 50001c5a (sz=24, trace=300000, class=java.lang.String@5000008d)
	value		50001c7a
OBJ 50001c5b (sz=24, trace=300000, class=java.lang.String@5000008d)
	value		50001c7b
OBJ 50001c5c (sz=24, trace=300000, class=java.lang.String@5000008d)
	value		50001c76
OBJ 50001c5d (sz=24, trace=300000, class=java.lang.String@5000008d)
	value		50001c75
OBJ 50001c5e (sz=24, trace=300000, class=java.lang.String@5000008d)
	value		50001c74
OBJ 50001c5f (sz=24, trace=300000, class=java.lang.String@5000008d)
	value		50001c73
OBJ 50001c60 (sz=24, trace=300000, class=java.lang.String@5000008d)
	value		50001c7e
OBJ 50001c61 (sz=24, trace=300000, class=java.lang.String@5000008d)
	value		50001c7d
OBJ 50001c62 (sz=24, trace=300000, class=java.lang.String@5000008d)
	value		50001c6c
OBJ 50001c63 (sz=24, trace=300000, class=java.lang.String@5000008d)
	value		50001c7c
OBJ 50001c64 (sz=24, trace=300000, class=java.lang.String@5000008d)
	value		50001c6e
OBJ 50001c65 (sz=24, trace=300000, class=java.lang.String@5000008d)
	value		50001c78
OBJ 50001c66 (sz=24, trace=300000, class=java.lang.String@5000008d)
	value		50001c77
OBJ 50001c67 (sz=24, trace=300000, class=java.lang.String@5000008d)
	value		50001c6a
OBJ 50001c68 (sz=24, trace=300000, class=java.lang.String@5000008d)
	value		50001c6d
OBJ 50001c69 (sz=24, trace=300000, class=java.lang.String@5000008d)
	value		50001c71
ARR 50001c6a (sz=32, trace=300000, nelems=0, elem type=char[])
ARR 50001c6b (sz=32, trace=300000, nelems=0, elem type=char[])
ARR 50001c6c (sz=32, trace=300000, nelems=0, elem type=char[])
ARR 50001c6d (sz=24, trace=300000, nelems=0, elem type=char[])
ARR 50001c6e (sz=32, trace=300000, nelems=0, elem type=char[])
ARR 50001c6f (sz=32, trace=300000, nelems=0, elem type=char[])
ARR 50001c70 (sz=32, trace=300000, nelems=0, elem type=char[])
ARR 50001c71 (sz=32, trace=300000, nelems=0, elem type=char[])
ARR 50001c72 (sz=24, trace=300000, nelems=0, elem type=char[])
ARR 50001c73 (sz=24, trace=300000, nelems=0, elem type=char[])
ARR 50001c74 (sz=24, trace=300000, nelems=0, elem type=char[])
ARR 50001c75 (sz=32, trace=300000, nelems=0, elem type=char[])
ARR 50001c76 (sz=24, trace=300000, nelems=0, elem type=char[])
ARR 50001c77 (sz=24, trace=300000, nelems=0, elem type=char[])
ARR 50001c78 (sz=32, trace=300000, nelems=0, elem type=char[])
ARR 50001c79 (sz=32, trace=300000, nelems=0, elem type=char[])
ARR 50001c7a (sz=32, trace=300000, nelems=0, elem type=char[])
ARR 50001c7b (sz=24, trace=300000, nelems=0, elem type=char[])
ARR 50001c7c (sz=32, trace=300000, nelems=0, elem type=char[])
ARR 50001c7d (sz=16, trace=300000, nelems=0, elem type=char[])
ARR 50001c7e (sz=96, trace=300000, nelems=0, elem type=char[])
OBJ 50001c7f (sz=24, trace=300000, class=java.lang.String@5000008d)
	value		50001c88
OBJ 50001c80 (sz=24, trace=300000, class=java.lang.String@5000008d)
	value		50001c87
OBJ 50001c81 (sz=24, trace=300000, class=java.lang.String@5000008d)
	value		50001c86
OBJ 50001c82 (sz=24, trace=300000, class=java.lang.String@5000008d)
	value		50001c85
OBJ 50001c83 (sz=24, trace=300000, class=java.lang.String@5000008d)
	value		50001c84
ARR 50001c84 (sz=32, trace=300000, nelems=0, elem type=char[])
ARR 50001c85 (sz=24, trace=300000, nelems=0, elem type=char[])
ARR 50001c86 (sz=48, trace=300000, nelems=0, elem type=char[])
ARR 50001c87 (sz=48, trace=300000, nelems=0, elem type=char[])
ARR 50001c88 (sz=56, trace=300000, nelems=0, elem type=char[])
OBJ 50001c89 (sz=56, trace=300000, class=java.net.URL@5000004f)
	protocol	5000171e
	host		5000171d
	file		50001c8a
	authority	5000171d
	path		50001c8a
	handler		5000171b
OBJ 50001c8a (sz=24, trace=300000, class=java.lang.String@5000008d)
	value		50001c8b
ARR 50001c8b (sz=152, trace=300000, nelems=0, elem type=char[])
OBJ 50001c8c (sz=24, trace=300000, class=java.lang.String@5000008d)
	value		50001c91
OBJ 50001c8d (sz=24, trace=300000, class=java.lang.String@5000008d)
	value		50001c92
OBJ 50001c8e (sz=24, trace=300000, class=java.lang.String@5000008d)
	value		50001c93
OBJ 50001c8f (sz=24, trace=300000, class=java.lang.String@5000008d)
	value		50001c95
OBJ 50001c90 (sz=24, trace=300000, class=java.lang.String@5000008d)
	value		50001c94
ARR 50001c91 (sz=152, trace=300000, nelems=0, elem type=char[])
ARR 50001c92 (sz=152, trace=300000, nelems=0, elem type=char[])
ARR 50001c93 (sz=152, trace=300000, nelems=0, elem type=char[])
ARR 50001c94 (sz=24, trace=300000, nelems=0, elem type=char[])
ARR 50001c95 (sz=24, trace=300000, nelems=0, elem type=char[])
OBJ 50001c96 (sz=24, trace=300000, class=java.lang.String@5000008d)
	value		50001ca2
OBJ 50001c97 (sz=24, trace=300000, class=java.lang.String@5000008d)
	value		50001ca0
OBJ 50001c98 (sz=24, trace=300000, class=java.lang.String@5000008d)
	value		50001ca1
OBJ 50001c99 (sz=24, trace=300000, class=java.lang.String@5000008d)
	value		50001ca5
OBJ 50001c9a (sz=24, trace=300000, class=java.lang.String@5000008d)
	value		50001c9e
OBJ 50001c9b (sz=24, trace=300000, class=java.lang.String@5000008d)
	value		50001c9f
OBJ 50001c9c (sz=24, trace=300000, class=java.lang.String@5000008d)
	value		50001ca3
OBJ 50001c9d (sz=24, trace=300000, class=java.lang.String@5000008d)
	value		50001ca4
ARR 50001c9e (sz=32, trace=300000, nelems=0, elem type=char[])
ARR 50001c9f (sz=32, trace=300000, nelems=0, elem type=char[])
ARR 50001ca0 (sz=104, trace=300000, nelems=0, elem type=char[])
ARR 50001ca1 (sz=24, trace=300000, nelems=0, elem type=char[])
ARR 50001ca2 (sz=24, trace=300000, nelems=0, elem type=char[])
ARR 50001ca3 (sz=24, trace=300000, nelems=0, elem type=char[])
ARR 50001ca4 (sz=24, trace=300000, nelems=0, elem type=char[])
ARR 50001ca5 (sz=16, trace=300000, nelems=0, elem type=char[])
OBJ 50001ca6 (sz=24, trace=300000, class=java.lang.String@5000008d)
	value		50001ca9
OBJ 50001ca7 (sz=24, trace=300000, class=java.lang.String@5000008d)
	value		50001ca8
ARR 50001ca8 (sz=16, trace=300000, nelems=0, elem type=char[])
ARR 50001ca9 (sz=24, trace=300000, nelems=0, elem type=char[])
OBJ 50001caa (sz=24, trace=300000, class=java.lang.String@5000008d)
	value		50001cc9
OBJ 50001cab (sz=24, trace=300000, class=java.lang.String@5000008d)
	value		50001cc8
OBJ 50001cac (sz=24, trace=300000, class=java.lang.String@5000008d)
	value		50001cc7
OBJ 50001cad (sz=24, trace=300000, class=java.lang.String@5000008d)
	value		50001cc6
OBJ 50001cae (sz=24, trace=300000, class=java.lang.String@5000008d)
	value		50001cc5
OBJ 50001caf (sz=24, trace=300000, class=java.lang.String@5000008d)
	value		50001cc4
OBJ 50001cb0 (sz=24, trace=300000, class=java.lang.String@5000008d)
	value		50001cc3
OBJ 50001cb1 (sz=24, trace=300000, class=java.lang.String@5000008d)
	value		50001cc2
OBJ 50001cb2 (sz=24, trace=300000, class=java.lang.String@5000008d)
	value		50001cc1
OBJ 50001cb3 (sz=24, trace=300000, class=java.lang.String@5000008d)
	value		50001cc0
OBJ 50001cb4 (sz=24, trace=300000, class=java.lang.String@5000008d)
	value		50001cbf
OBJ 50001cb5 (sz=24, trace=300000, class=java.lang.String@5000008d)
	value		50001cbe
OBJ 50001cb6 (sz=24, trace=300000, class=java.lang.String@5000008d)
	value		50001cbd
OBJ 50001cb7 (sz=24, trace=300000, class=java.lang.String@5000008d)
	value		50001cbc
OBJ 50001cb8 (sz=24, trace=300000, class=java.lang.String@5000008d)
	value		50001cbb
OBJ 50001cb9 (sz=24, trace=300000, class=java.lang.String@5000008d)
	value		50001cba
ARR 50001cba (sz=56, trace=300000, nelems=0, elem type=char[])
ARR 50001cbb (sz=80, trace=300000, nelems=0, elem type=char[])
ARR 50001cbc (sz=64, trace=300000, nelems=0, elem type=char[])
ARR 50001cbd (sz=56, trace=300000, nelems=0, elem type=char[])
ARR 50001cbe (sz=64, trace=300000, nelems=0, elem type=char[])
ARR 50001cbf (sz=64, trace=300000, nelems=0, elem type=char[])
ARR 50001cc0 (sz=64, trace=300000, nelems=0, elem type=char[])
ARR 50001cc1 (sz=64, trace=300000, nelems=0, elem type=char[])
ARR 50001cc2 (sz=40, trace=300000, nelems=0, elem type=char[])
ARR 50001cc3 (sz=32, trace=300000, nelems=0, elem type=char[])
ARR 50001cc4 (sz=32, trace=300000, nelems=0, elem type=char[])
ARR 50001cc5 (sz=40, trace=300000, nelems=0, elem type=char[])
ARR 50001cc6 (sz=40, trace=300000, nelems=0, elem type=char[])
ARR 50001cc7 (sz=40, trace=300000, nelems=0, elem type=char[])
ARR 50001cc8 (sz=32, trace=300000, nelems=0, elem type=char[])
ARR 50001cc9 (sz=24, trace=300000, nelems=0, elem type=char[])
OBJ 50001cca (sz=40, trace=300000, class=java.util.HashMap@50000096)
	table		50001ccb
ARR 50001ccb (sz=80, trace=300000, nelems=16, elem type=java.util.HashMap$Entry[]@5000004d)
	[0]		50000b72
	[5]		50000b70
	[14]		50000ddb
	[15]		50000140
ARR 50001ccc (sz=80, trace=300000, nelems=12, elem type=java.util.HashMap$Entry[]@5000004d)
	[5]		50000cd5
	[9]		50000cba
	[10]		5000044a
	[11]		5000062c
ARR 50001ccd (sz=56, trace=300000, nelems=0, elem type=java.lang.Object[]@50000013)
ARR 50001cce (sz=80, trace=300000, nelems=13, elem type=java.util.HashMap$Entry[]@5000004d)
	[2]		50000d34
	[8]		50000b69
	[12]		50000136
OBJ 50001ccf (sz=8, trace=300000, class=sun.net.www.protocol.jar.Handler@5000002d)
OBJ 50001cd0 (sz=40, trace=300000, class=java.util.HashMap@50000096)
	table		500004a9
OBJ 50001cd1 (sz=24, trace=300000, class=java.util.ArrayList@5000009d)
	elementData	50000436
OBJ 50001cd2 (sz=24, trace=300000, class=java.util.Stack@500000f6)
	elementData	50001cf9
OBJ 50001cd3 (sz=24, trace=300000, class=java.util.ArrayList@5000009d)
	elementData	50001cd4
ARR 50001cd4 (sz=80, trace=300000, nelems=16, elem type=java.lang.Object[]@50000013)
	[0]		50001cd5
	[1]		50001cd6
	[2]		50001cd7
	[3]		50001cd8
	[4]		50001cd9
	[5]		50001cda
	[6]		50001cdb
	[7]		50001c37
	[8]		50001cdc
	[9]		50001cdd
	[10]		50001c89
	[11]		50001cde
	[12]		50001cdf
	[13]		50001ce0
	[14]		50001c05
	[15]		50001c40
OBJ 50001cd5 (sz=56, trace=300000, class=java.net.URL@5000004f)
	protocol	5000171e
	host		5000171d
	file		50001cf7
	authority	5000171d
	path		50001cf7
	handler		5000171b
OBJ 50001cd6 (sz=56, trace=300000, class=java.net.URL@5000004f)
	protocol	5000171e
	host		5000171d
	file		50001cf5
	authority	5000171d
	path		50001cf5
	handler		5000171b
OBJ 50001cd7 (sz=56, trace=300000, class=java.net.URL@5000004f)
	protocol	5000171e
	host		5000171d
	file		50001cf3
	authority	5000171d
	path		50001cf3
	handler		5000171b
OBJ 50001cd8 (sz=56, trace=300000, class=java.net.URL@5000004f)
	protocol	5000171e
	host		5000171d
	file		50001cf1
	authority	5000171d
	path		50001cf1
	handler		5000171b
OBJ 50001cd9 (sz=56, trace=300000, class=java.net.URL@5000004f)
	protocol	5000171e
	host		5000171d
	file		50001cef
	authority	5000171d
	path		50001cef
	handler		5000171b
OBJ 50001cda (sz=56, trace=300000, class=java.net.URL@5000004f)
	protocol	5000171e
	host		5000171d
	file		50001ced
	authority	5000171d
	path		50001ced
	handler		5000171b
OBJ 50001cdb (sz=56, trace=300000, class=java.net.URL@5000004f)
	protocol	5000171e
	host		5000171d
	file		50001ceb
	authority	5000171d
	path		50001ceb
	handler		5000171b
OBJ 50001cdc (sz=56, trace=300000, class=java.net.URL@5000004f)
	protocol	5000171e
	host		5000171d
	file		50001ce9
	authority	5000171d
	path		50001ce9
	handler		5000171b
OBJ 50001cdd (sz=56, trace=300000, class=java.net.URL@5000004f)
	protocol	5000171e
	host		5000171d
	file		50001ce7
	authority	5000171d
	path		50001ce7
	handler		5000171b
OBJ 50001cde (sz=56, trace=300000, class=java.net.URL@5000004f)
	protocol	5000171e
	host		5000171d
	file		50001ce5
	authority	5000171d
	path		50001ce5
	handler		5000171b
OBJ 50001cdf (sz=56, trace=300000, class=java.net.URL@5000004f)
	protocol	5000171e
	host		5000171d
	file		50001ce3
	authority	5000171d
	path		50001ce3
	handler		5000171b
OBJ 50001ce0 (sz=56, trace=300000, class=java.net.URL@5000004f)
	protocol	5000171e
	host		5000171d
	file		50001ce1
	authority	5000171d
	path		50001ce1
	handler		5000171b
OBJ 50001ce1 (sz=24, trace=300000, class=java.lang.String@5000008d)
	value		50001ce2
ARR 50001ce2 (sz=96, trace=300000, nelems=0, elem type=char[])
OBJ 50001ce3 (sz=24, trace=300000, class=java.lang.String@5000008d)
	value		50001ce4
ARR 50001ce4 (sz=80, trace=300000, nelems=0, elem type=char[])
OBJ 50001ce5 (sz=24, trace=300000, class=java.lang.String@5000008d)
	value		50001ce6
ARR 50001ce6 (sz=72, trace=300000, nelems=0, elem type=char[])
OBJ 50001ce7 (sz=24, trace=300000, class=java.lang.String@5000008d)
	value		50001ce8
ARR 50001ce8 (sz=168, trace=300000, nelems=0, elem type=char[])
OBJ 50001ce9 (sz=24, trace=300000, class=java.lang.String@5000008d)
	value		50001cea
ARR 50001cea (sz=168, trace=300000, nelems=0, elem type=char[])
OBJ 50001ceb (sz=24, trace=300000, class=java.lang.String@5000008d)
	value		50001cec
ARR 50001cec (sz=176, trace=300000, nelems=0, elem type=char[])
OBJ 50001ced (sz=24, trace=300000, class=java.lang.String@5000008d)
	value		50001cee
ARR 50001cee (sz=184, trace=300000, nelems=0, elem type=char[])
OBJ 50001cef (sz=24, trace=300000, class=java.lang.String@5000008d)
	value		50001cf0
ARR 50001cf0 (sz=176, trace=300000, nelems=0, elem type=char[])
OBJ 50001cf1 (sz=24, trace=300000, class=java.lang.String@5000008d)
	value		50001cf2
ARR 50001cf2 (sz=160, trace=300000, nelems=0, elem type=char[])
OBJ 50001cf3 (sz=24, trace=300000, class=java.lang.String@5000008d)
	value		50001cf4
ARR 50001cf4 (sz=160, trace=300000, nelems=0, elem type=char[])
OBJ 50001cf5 (sz=24, trace=300000, class=java.lang.String@5000008d)
	value		50001cf6
ARR 50001cf6 (sz=136, trace=300000, nelems=0, elem type=char[])
OBJ 50001cf7 (sz=24, trace=300000, class=java.lang.String@5000008d)
	value		50001cf8
ARR 50001cf8 (sz=168, trace=300000, nelems=0, elem type=char[])
ARR 50001cf9 (sz=96, trace=300000, nelems=0, elem type=java.lang.Object[]@50000013)
OBJ 50001cfa (sz=24, trace=300000, class=java.lang.String@5000008d)
	value		50001cfb
ARR 50001cfb (sz=32, trace=300000, nelems=0, elem type=char[])
OBJ 50001cfc (sz=24, trace=300000, class=java.lang.String@5000008d)
	value		50001d10
OBJ 50001cfd (sz=24, trace=300000, class=java.lang.String@5000008d)
	value		50001d0f
OBJ 50001cfe (sz=24, trace=300000, class=java.lang.String@5000008d)
	value		50001d15
OBJ 50001cff (sz=24, trace=300000, class=java.lang.String@5000008d)
	value		50001d13
OBJ 50001d00 (sz=24, trace=300000, class=java.lang.String@5000008d)
	value		50001d14
OBJ 50001d01 (sz=24, trace=300000, class=java.lang.String@5000008d)
	value		50001d16
OBJ 50001d02 (sz=24, trace=300000, class=java.lang.String@5000008d)
	value		50001d1a
OBJ 50001d03 (sz=24, trace=300000, class=java.lang.String@5000008d)
	value		50001d18
OBJ 50001d04 (sz=24, trace=300000, class=java.lang.String@5000008d)
	value		50001d19
OBJ 50001d05 (sz=24, trace=300000, class=java.lang.String@5000008d)
	value		50001d17
OBJ 50001d06 (sz=24, trace=300000, class=java.lang.String@5000008d)
	value		50001d11
OBJ 50001d07 (sz=24, trace=300000, class=java.lang.String@5000008d)
	value		50001d0d
OBJ 50001d08 (sz=24, trace=300000, class=java.lang.String@5000008d)
	value		50001d12
OBJ 50001d09 (sz=24, trace=300000, class=java.lang.String@5000008d)
	value		50001d0e
OBJ 50001d0a (sz=24, trace=300000, class=java.lang.String@5000008d)
	value		50001d1b
OBJ 50001d0b (sz=24, trace=300000, class=java.lang.String@5000008d)
	value		50001d1d
OBJ 50001d0c (sz=24, trace=300000, class=java.lang.String@5000008d)
	value		50001d1c
ARR 50001d0d (sz=48, trace=300000, nelems=0, elem type=char[])
ARR 50001d0e (sz=48, trace=300000, nelems=0, elem type=char[])
ARR 50001d0f (sz=40, trace=300000, nelems=0, elem type=char[])
ARR 50001d10 (sz=32, trace=300000, nelems=0, elem type=char[])
ARR 50001d11 (sz=32, trace=300000, nelems=0, elem type=char[])
ARR 50001d12 (sz=24, trace=300000, nelems=0, elem type=char[])
ARR 50001d13 (sz=40, trace=300000, nelems=0, elem type=char[])
ARR 50001d14 (sz=40, trace=300000, nelems=0, elem type=char[])
ARR 50001d15 (sz=56, trace=300000, nelems=0, elem type=char[])
ARR 50001d16 (sz=56, trace=300000, nelems=0, elem type=char[])
ARR 50001d17 (sz=56, trace=300000, nelems=0, elem type=char[])
ARR 50001d18 (sz=56, trace=300000, nelems=0, elem type=char[])
ARR 50001d19 (sz=64, trace=300000, nelems=0, elem type=char[])
ARR 50001d1a (sz=48, trace=300000, nelems=0, elem type=char[])
ARR 50001d1b (sz=56, trace=300000, nelems=0, elem type=char[])
ARR 50001d1c (sz=56, trace=300000, nelems=0, elem type=char[])
ARR 50001d1d (sz=56, trace=300000, nelems=0, elem type=char[])
OBJ 50001d1e (sz=24, trace=300000, class=java.lang.String@5000008d)
	value		50001d1f
ARR 50001d1f (sz=40, trace=300000, nelems=0, elem type=char[])
OBJ 50001d20 (sz=24, trace=300000, class=java.lang.String@5000008d)
	value		50001d21
ARR 50001d21 (sz=40, trace=300000, nelems=0, elem type=char[])
ARR 50001d22 (sz=16, trace=300000, nelems=0, elem type=byte[])
OBJ 50001d23 (sz=24, trace=300000, class=java.lang.String@5000008d)
	value		50001d24
ARR 50001d24 (sz=48, trace=300000, nelems=0, elem type=char[])
OBJ 50001d25 (sz=24, trace=300000, class=java.lang.String@5000008d)
	value		50001d29
OBJ 50001d26 (sz=32, trace=300000, class=sun.misc.SoftCache@500000e2)
	hash		50001d2b
	queue		50001d2a
OBJ 50001d27 (sz=24, trace=300000, class=java.lang.RuntimePermission@5000009f)
	name		50001d25
	path		50001d25
ARR 50001d28 (sz=16, trace=300000, nelems=0, elem type=java.lang.StackTraceElement[]@500000e1)
ARR 50001d29 (sz=80, trace=300000, nelems=0, elem type=char[])
OBJ 50001d2a (sz=24, trace=300000, class=java.lang.ref.ReferenceQueue@5000005b)
	lock		50001d2d
OBJ 50001d2b (sz=40, trace=300000, class=java.util.HashMap@50000096)
	table		50001d2c
ARR 50001d2c (sz=80, trace=300000, nelems=0, elem type=java.util.HashMap$Entry[]@5000004d)
OBJ 50001d2d (sz=8, trace=300000, class=java.lang.ref.ReferenceQueue$Lock@500000fd)
OBJ 50001d2e (sz=8, trace=300000, class=java.lang.Object@50000012)
ARR 50001d2f (sz=32, trace=300000, nelems=0, elem type=char[])
OBJ 50001d30 (sz=24, trace=300000, class=java.lang.String@5000008d)
	value		50001d31
ARR 50001d31 (sz=32, trace=300000, nelems=0, elem type=char[])
ARR 50001d32 (sz=32, trace=300000, nelems=1, elem type=java.lang.Thread[]@50000107)
	[0]		500015a9
OBJ 50001d33 (sz=24, trace=300000, class=java.lang.String@5000008d)
	value		50001d34
ARR 50001d34 (sz=24, trace=300000, nelems=0, elem type=char[])
OBJ 50001d35 (sz=8, trace=300000, class=java.lang.Object@50000012)
ARR 50001d36 (sz=24, trace=300000, nelems=0, elem type=char[])
OBJ 50001d37 (sz=24, trace=300000, class=java.lang.String@5000008d)
	value		50001d38
ARR 50001d38 (sz=32, trace=300000, nelems=0, elem type=char[])
OBJ 50001d39 (sz=24, trace=300000, class=java.lang.String@5000008d)
	value		50001d3a
ARR 50001d3a (sz=88, trace=300000, nelems=0, elem type=char[])
OBJ 50001d3b (sz=24, trace=300000, class=java.lang.String@5000008d)
	value		50001d3c
ARR 50001d3c (sz=40, trace=300000, nelems=0, elem type=char[])
OBJ 50001d3d (sz=24, trace=300000, class=java.lang.String@5000008d)
	value		50001d3e
ARR 50001d3e (sz=48, trace=300000, nelems=0, elem type=char[])
OBJ 50001d3f (sz=24, trace=300000, class=java.lang.String@5000008d)
	value		50001d46
OBJ 50001d40 (sz=24, trace=300000, class=java.lang.String@5000008d)
	value		50001d45
OBJ 50001d41 (sz=24, trace=300000, class=java.lang.String@5000008d)
	value		50001d44
OBJ 50001d42 (sz=24, trace=300000, class=java.lang.String@5000008d)
	value		50001d43
ARR 50001d43 (sz=56, trace=300000, nelems=0, elem type=char[])
ARR 50001d44 (sz=40, trace=300000, nelems=0, elem type=char[])
ARR 50001d45 (sz=56, trace=300000, nelems=0, elem type=char[])
ARR 50001d46 (sz=24, trace=300000, nelems=0, elem type=char[])
OBJ 50001d47 (sz=24, trace=300000, class=java.lang.String@5000008d)
	value		500024b1
OBJ 50001d48 (sz=24, trace=300000, class=java.util.ResourceBundle$ResourceCacheKey@5000103f)
	loaderRef	5000106f
	searchName	50001d4a
	defaultLocale	50001d49
OBJ 50001d49 (sz=32, trace=300000, class=java.util.Locale@500000a8)
	language	50001d4d
	country		50001d4c
	variant		5000171d
OBJ 50001d4a (sz=24, trace=300000, class=java.lang.String@5000008d)
	value		50001d4b
ARR 50001d4b (sz=80, trace=300000, nelems=0, elem type=char[])
OBJ 50001d4c (sz=24, trace=300000, class=java.lang.String@5000008d)
	value		50001d4f
OBJ 50001d4d (sz=24, trace=300000, class=java.lang.String@5000008d)
	value		50001d4e
ARR 50001d4e (sz=16, trace=300000, nelems=0, elem type=char[])
ARR 50001d4f (sz=16, trace=300000, nelems=0, elem type=char[])
OBJ 50001d50 (sz=24, trace=300000, class=java.lang.String@5000008d)
	value		50001d8d
OBJ 50001d51 (sz=24, trace=300000, class=java.lang.String@5000008d)
	value		50001d8c
OBJ 50001d52 (sz=24, trace=300000, class=java.lang.String@5000008d)
	value		50001d8b
OBJ 50001d53 (sz=24, trace=300000, class=java.lang.String@5000008d)
	value		50001d83
OBJ 50001d54 (sz=24, trace=300000, class=java.lang.String@5000008d)
	value		50001d86
OBJ 50001d55 (sz=24, trace=300000, class=java.lang.String@5000008d)
	value		50001d85
OBJ 50001d56 (sz=24, trace=300000, class=java.lang.String@5000008d)
	value		50001d8a
OBJ 50001d57 (sz=24, trace=300000, class=java.lang.String@5000008d)
	value		50001d87
OBJ 50001d58 (sz=24, trace=300000, class=java.lang.String@5000008d)
	value		50001d88
OBJ 50001d59 (sz=24, trace=300000, class=java.lang.String@5000008d)
	value		50001d89
OBJ 50001d5a (sz=24, trace=300000, class=java.lang.String@5000008d)
	value		50001d84
OBJ 50001d5b (sz=24, trace=300000, class=java.lang.String@5000008d)
	value		50001d7e
OBJ 50001d5c (sz=24, trace=300000, class=java.lang.String@5000008d)
	value		50001d7d
OBJ 50001d5d (sz=24, trace=300000, class=java.lang.String@5000008d)
	value		50001d94
OBJ 50001d5e (sz=24, trace=300000, class=java.lang.String@5000008d)
	value		50001d93
OBJ 50001d5f (sz=24, trace=300000, class=java.lang.String@5000008d)
	value		50001d7f
OBJ 50001d60 (sz=24, trace=300000, class=java.lang.String@5000008d)
	value		50001d80
OBJ 50001d61 (sz=24, trace=300000, class=java.lang.String@5000008d)
	value		50001d81
OBJ 50001d62 (sz=24, trace=300000, class=java.lang.String@5000008d)
	value		50001d92
OBJ 50001d63 (sz=24, trace=300000, class=java.lang.String@5000008d)
	value		50001d91
OBJ 50001d64 (sz=24, trace=300000, class=java.lang.String@5000008d)
	value		50001d90
OBJ 50001d65 (sz=24, trace=300000, class=java.lang.String@5000008d)
	value		50001d8f
OBJ 50001d66 (sz=24, trace=300000, class=java.lang.String@5000008d)
	value		50001d8e
OBJ 50001d67 (sz=24, trace=300000, class=java.lang.String@5000008d)
	value		50001d82
OBJ 50001d68 (sz=32, trace=300000, class=java.util.Locale@500000a8)
	language	50001d5c
	country		50001d52
	variant		5000171d
OBJ 50001d69 (sz=32, trace=300000, class=java.util.Locale@500000a8)
	language	50001d4d
	country		50001d52
	variant		5000171d
OBJ 50001d6a (sz=32, trace=300000, class=java.util.Locale@500000a8)
	language	50001d4d
	country		50001d4c
	variant		5000171d
OBJ 50001d6b (sz=32, trace=300000, class=java.util.Locale@500000a8)
	language	50001d4d
	country		50001d56
	variant		5000171d
OBJ 50001d6c (sz=32, trace=300000, class=java.util.Locale@500000a8)
	language	50001d67
	country		50001d5a
	variant		5000171d
OBJ 50001d6d (sz=32, trace=300000, class=java.util.Locale@500000a8)
	language	50001d67
	country		50001d53
	variant		5000171d
OBJ 50001d6e (sz=32, trace=300000, class=java.util.Locale@500000a8)
	language	50001d67
	country		50001d53
	variant		5000171d
OBJ 50001d6f (sz=32, trace=300000, class=java.util.Locale@500000a8)
	language	50001d61
	country		50001d59
	variant		5000171d
OBJ 50001d70 (sz=32, trace=300000, class=java.util.Locale@500000a8)
	language	50001d60
	country		50001d58
	variant		5000171d
OBJ 50001d71 (sz=32, trace=300000, class=java.util.Locale@500000a8)
	language	50001d5f
	country		50001d57
	variant		5000171d
OBJ 50001d72 (sz=32, trace=300000, class=java.util.Locale@500000a8)
	language	50001d5b
	country		50001d54
	variant		5000171d
OBJ 50001d73 (sz=32, trace=300000, class=java.util.Locale@500000a8)
	language	50001d5c
	country		50001d55
	variant		5000171d
OBJ 50001d74 (sz=32, trace=300000, class=java.util.Locale@500000a8)
	language	50001d67
	country		50001d5a
	variant		5000171d
OBJ 50001d75 (sz=32, trace=300000, class=java.util.Locale@500000a8)
	language	50001d67
	country		50001d53
	variant		5000171d
OBJ 50001d76 (sz=32, trace=300000, class=java.util.Locale@500000a8)
	language	50001d67
	country		5000171d
	variant		5000171d
OBJ 50001d77 (sz=32, trace=300000, class=java.util.Locale@500000a8)
	language	50001d61
	country		5000171d
	variant		5000171d
OBJ 50001d78 (sz=32, trace=300000, class=java.util.Locale@500000a8)
	language	50001d60
	country		5000171d
	variant		5000171d
OBJ 50001d79 (sz=32, trace=300000, class=java.util.Locale@500000a8)
	language	50001d5f
	country		5000171d
	variant		5000171d
OBJ 50001d7a (sz=32, trace=300000, class=java.util.Locale@500000a8)
	language	50001d5b
	country		5000171d
	variant		5000171d
OBJ 50001d7b (sz=32, trace=300000, class=java.util.Locale@500000a8)
	language	50001d5c
	country		5000171d
	variant		5000171d
OBJ 50001d7c (sz=32, trace=300000, class=java.util.Locale@500000a8)
	language	50001d4d
	country		5000171d
	variant		5000171d
ARR 50001d7d (sz=16, trace=300000, nelems=0, elem type=char[])
ARR 50001d7e (sz=16, trace=300000, nelems=0, elem type=char[])
ARR 50001d7f (sz=16, trace=300000, nelems=0, elem type=char[])
ARR 50001d80 (sz=16, trace=300000, nelems=0, elem type=char[])
ARR 50001d81 (sz=16, trace=300000, nelems=0, elem type=char[])
ARR 50001d82 (sz=16, trace=300000, nelems=0, elem type=char[])
ARR 50001d83 (sz=16, trace=300000, nelems=0, elem type=char[])
ARR 50001d84 (sz=16, trace=300000, nelems=0, elem type=char[])
ARR 50001d85 (sz=16, trace=300000, nelems=0, elem type=char[])
ARR 50001d86 (sz=16, trace=300000, nelems=0, elem type=char[])
ARR 50001d87 (sz=16, trace=300000, nelems=0, elem type=char[])
ARR 50001d88 (sz=16, trace=300000, nelems=0, elem type=char[])
ARR 50001d89 (sz=16, trace=300000, nelems=0, elem type=char[])
ARR 50001d8a (sz=16, trace=300000, nelems=0, elem type=char[])
ARR 50001d8b (sz=16, trace=300000, nelems=0, elem type=char[])
ARR 50001d8c (sz=2272, trace=300000, nelems=0, elem type=char[])
ARR 50001d8d (sz=2896, trace=300000, nelems=0, elem type=char[])
ARR 50001d8e (sz=16, trace=300000, nelems=0, elem type=char[])
ARR 50001d8f (sz=40, trace=300000, nelems=0, elem type=char[])
ARR 50001d90 (sz=40, trace=300000, nelems=0, elem type=char[])
ARR 50001d91 (sz=40, trace=300000, nelems=0, elem type=char[])
ARR 50001d92 (sz=40, trace=300000, nelems=0, elem type=char[])
ARR 50001d93 (sz=16, trace=300000, nelems=0, elem type=char[])
ARR 50001d94 (sz=16, trace=300000, nelems=0, elem type=char[])
OBJ 50001d95 (sz=24, trace=300000, class=java.lang.String@5000008d)
	value		50001d96
ARR 50001d96 (sz=48, trace=300000, nelems=0, elem type=char[])
OBJ 50001d97 (sz=24, trace=300000, class=java.lang.String@5000008d)
	value		50001d98
ARR 50001d98 (sz=48, trace=300000, nelems=0, elem type=char[])
OBJ 50001d99 (sz=24, trace=300000, class=java.lang.String@5000008d)
	value		50001d9a
ARR 50001d9a (sz=32, trace=300000, nelems=0, elem type=char[])
OBJ 50001d9b (sz=24, trace=300000, class=java.lang.String@5000008d)
	value		50001db2
OBJ 50001d9c (sz=24, trace=300000, class=java.lang.String@5000008d)
	value		50001db1
OBJ 50001d9d (sz=24, trace=300000, class=java.lang.String@5000008d)
	value		50001db0
OBJ 50001d9e (sz=24, trace=300000, class=java.lang.String@5000008d)
	value		50001daf
OBJ 50001d9f (sz=24, trace=300000, class=java.lang.String@5000008d)
	value		50001dae
OBJ 50001da0 (sz=24, trace=300000, class=java.lang.String@5000008d)
	value		50001dad
OBJ 50001da1 (sz=24, trace=300000, class=java.lang.String@5000008d)
	value		50001dac
OBJ 50001da2 (sz=24, trace=300000, class=java.lang.String@5000008d)
	value		50001dab
OBJ 50001da3 (sz=24, trace=300000, class=java.lang.String@5000008d)
	value		50001daa
OBJ 50001da4 (sz=24, trace=300000, class=java.lang.String@5000008d)
	value		50001da9
OBJ 50001da5 (sz=24, trace=300000, class=java.lang.String@5000008d)
	value		50001da8
OBJ 50001da6 (sz=24, trace=300000, class=java.lang.String@5000008d)
	value		50001da7
ARR 50001da7 (sz=32, trace=300000, nelems=0, elem type=char[])
ARR 50001da8 (sz=32, trace=300000, nelems=0, elem type=char[])
ARR 50001da9 (sz=32, trace=300000, nelems=0, elem type=char[])
ARR 50001daa (sz=32, trace=300000, nelems=0, elem type=char[])
ARR 50001dab (sz=24, trace=300000, nelems=0, elem type=char[])
ARR 50001dac (sz=24, trace=300000, nelems=0, elem type=char[])
ARR 50001dad (sz=24, trace=300000, nelems=0, elem type=char[])
ARR 50001dae (sz=24, trace=300000, nelems=0, elem type=char[])
ARR 50001daf (sz=24, trace=300000, nelems=0, elem type=char[])
ARR 50001db0 (sz=24, trace=300000, nelems=0, elem type=char[])
ARR 50001db1 (sz=32, trace=300000, nelems=0, elem type=char[])
ARR 50001db2 (sz=32, trace=300000, nelems=0, elem type=char[])
OBJ 50001db3 (sz=24, trace=300000, class=java.lang.String@5000008d)
	value		50001db4
ARR 50001db4 (sz=48, trace=300000, nelems=0, elem type=char[])
OBJ 50001db5 (sz=24, trace=300000, class=java.lang.String@5000008d)
	value		50001dc4
OBJ 50001db6 (sz=24, trace=300000, class=java.lang.String@5000008d)
	value		50001dc3
OBJ 50001db7 (sz=24, trace=300000, class=java.lang.String@5000008d)
	value		50001dc2
OBJ 50001db8 (sz=24, trace=300000, class=java.lang.String@5000008d)
	value		50001dc1
OBJ 50001db9 (sz=24, trace=300000, class=java.lang.String@5000008d)
	value		50001dc0
OBJ 50001dba (sz=24, trace=300000, class=java.lang.String@5000008d)
	value		50001dbf
OBJ 50001dbb (sz=24, trace=300000, class=java.lang.String@5000008d)
	value		50001dbe
OBJ 50001dbc (sz=24, trace=300000, class=java.lang.String@5000008d)
	value		50001dbd
ARR 50001dbd (sz=32, trace=300000, nelems=0, elem type=char[])
ARR 50001dbe (sz=24, trace=300000, nelems=0, elem type=char[])
ARR 50001dbf (sz=40, trace=300000, nelems=0, elem type=char[])
ARR 50001dc0 (sz=40, trace=300000, nelems=0, elem type=char[])
ARR 50001dc1 (sz=48, trace=300000, nelems=0, elem type=char[])
ARR 50001dc2 (sz=24, trace=300000, nelems=0, elem type=char[])
ARR 50001dc3 (sz=32, trace=300000, nelems=0, elem type=char[])
ARR 50001dc4 (sz=40, trace=300000, nelems=0, elem type=char[])
OBJ 50001dc5 (sz=24, trace=300000, class=java.lang.String@5000008d)
	value		50001dc6
ARR 50001dc6 (sz=40, trace=300000, nelems=0, elem type=char[])
OBJ 50001dc7 (sz=24, trace=300000, class=java.lang.String@5000008d)
	value		50001dd4
OBJ 50001dc8 (sz=24, trace=300000, class=java.lang.String@5000008d)
	value		50001dd3
OBJ 50001dc9 (sz=24, trace=300000, class=java.lang.String@5000008d)
	value		50001dd2
OBJ 50001dca (sz=24, trace=300000, class=java.lang.String@5000008d)
	value		50001dd1
OBJ 50001dcb (sz=24, trace=300000, class=java.lang.String@5000008d)
	value		50001dd0
OBJ 50001dcc (sz=24, trace=300000, class=java.lang.String@5000008d)
	value		50001dcf
OBJ 50001dcd (sz=24, trace=300000, class=java.lang.String@5000008d)
	value		50001dce
ARR 50001dce (sz=16, trace=300000, nelems=0, elem type=char[])
ARR 50001dcf (sz=16, trace=300000, nelems=0, elem type=char[])
ARR 50001dd0 (sz=16, trace=300000, nelems=0, elem type=char[])
ARR 50001dd1 (sz=16, trace=300000, nelems=0, elem type=char[])
ARR 50001dd2 (sz=16, trace=300000, nelems=0, elem type=char[])
ARR 50001dd3 (sz=16, trace=300000, nelems=0, elem type=char[])
ARR 50001dd4 (sz=16, trace=300000, nelems=0, elem type=char[])
OBJ 50001dd5 (sz=24, trace=300000, class=java.lang.String@5000008d)
	value		50001dd6
ARR 50001dd6 (sz=56, trace=300000, nelems=0, elem type=char[])
OBJ 50001dd7 (sz=24, trace=300000, class=java.lang.String@5000008d)
	value		50001dd8
ARR 50001dd8 (sz=40, trace=300000, nelems=0, elem type=char[])
OBJ 50001dd9 (sz=24, trace=300000, class=java.lang.String@5000008d)
	value		50001ddc
OBJ 50001dda (sz=24, trace=300000, class=java.lang.String@5000008d)
	value		50001ddb
ARR 50001ddb (sz=16, trace=300000, nelems=0, elem type=char[])
ARR 50001ddc (sz=16, trace=300000, nelems=0, elem type=char[])
OBJ 50001ddd (sz=24, trace=300000, class=java.lang.String@5000008d)
	value		50001de0
OBJ 50001dde (sz=24, trace=300000, class=java.lang.String@5000008d)
	value		50001ddf
ARR 50001ddf (sz=24, trace=300000, nelems=0, elem type=char[])
ARR 50001de0 (sz=32, trace=300000, nelems=0, elem type=char[])
OBJ 50001de1 (sz=24, trace=300000, class=java.lang.String@5000008d)
	value		50001de2
ARR 50001de2 (sz=32, trace=300000, nelems=0, elem type=char[])
OBJ 50001de3 (sz=24, trace=300000, class=java.lang.String@5000008d)
	value		50001de6
OBJ 50001de4 (sz=24, trace=300000, class=java.lang.String@5000008d)
	value		50001de5
ARR 50001de5 (sz=32, trace=300000, nelems=0, elem type=char[])
ARR 50001de6 (sz=16, trace=300000, nelems=0, elem type=char[])
OBJ 50001de7 (sz=24, trace=300000, class=java.lang.String@5000008d)
	value		50001dea
OBJ 50001de8 (sz=24, trace=300000, class=java.lang.String@5000008d)
	value		50001de9
ARR 50001de9 (sz=24, trace=300000, nelems=0, elem type=char[])
ARR 50001dea (sz=16, trace=300000, nelems=0, elem type=char[])
OBJ 50001deb (sz=24, trace=300000, class=java.lang.String@5000008d)
	value		50001dee
OBJ 50001dec (sz=24, trace=300000, class=java.lang.String@5000008d)
	value		50001ded
ARR 50001ded (sz=40, trace=300000, nelems=0, elem type=char[])
ARR 50001dee (sz=16, trace=300000, nelems=0, elem type=char[])
OBJ 50001def (sz=24, trace=300000, class=java.lang.String@5000008d)
	value		50001df2
OBJ 50001df0 (sz=24, trace=300000, class=java.lang.String@5000008d)
	value		50001df1
ARR 50001df1 (sz=32, trace=300000, nelems=0, elem type=char[])
ARR 50001df2 (sz=16, trace=300000, nelems=0, elem type=char[])
OBJ 50001df3 (sz=24, trace=300000, class=java.lang.String@5000008d)
	value		50001df6
OBJ 50001df4 (sz=24, trace=300000, class=java.lang.String@5000008d)
	value		50001df5
ARR 50001df5 (sz=24, trace=300000, nelems=0, elem type=char[])
ARR 50001df6 (sz=16, trace=300000, nelems=0, elem type=char[])
OBJ 50001df7 (sz=24, trace=300000, class=java.lang.String@5000008d)
	value		50001dfa
OBJ 50001df8 (sz=24, trace=300000, class=java.lang.String@5000008d)
	value		50001df9
ARR 50001df9 (sz=24, trace=300000, nelems=0, elem type=char[])
ARR 50001dfa (sz=16, trace=300000, nelems=0, elem type=char[])
OBJ 50001dfb (sz=24, trace=300000, class=java.lang.String@5000008d)
	value		50001dfe
OBJ 50001dfc (sz=24, trace=300000, class=java.lang.String@5000008d)
	value		50001dfd
ARR 50001dfd (sz=48, trace=300000, nelems=0, elem type=char[])
ARR 50001dfe (sz=16, trace=300000, nelems=0, elem type=char[])
OBJ 50001dff (sz=24, trace=300000, class=java.lang.String@5000008d)
	value		50001e02
OBJ 50001e00 (sz=24, trace=300000, class=java.lang.String@5000008d)
	value		50001e01
ARR 50001e01 (sz=32, trace=300000, nelems=0, elem type=char[])
ARR 50001e02 (sz=16, trace=300000, nelems=0, elem type=char[])
OBJ 50001e03 (sz=24, trace=300000, class=java.lang.String@5000008d)
	value		50001e06
OBJ 50001e04 (sz=24, trace=300000, class=java.lang.String@5000008d)
	value		50001e05
ARR 50001e05 (sz=32, trace=300000, nelems=0, elem type=char[])
ARR 50001e06 (sz=16, trace=300000, nelems=0, elem type=char[])
OBJ 50001e07 (sz=24, trace=300000, class=java.lang.String@5000008d)
	value		50001e0a
OBJ 50001e08 (sz=24, trace=300000, class=java.lang.String@5000008d)
	value		50001e09
ARR 50001e09 (sz=56, trace=300000, nelems=0, elem type=char[])
ARR 50001e0a (sz=16, trace=300000, nelems=0, elem type=char[])
OBJ 50001e0b (sz=24, trace=300000, class=java.lang.String@5000008d)
	value		50001e0e
OBJ 50001e0c (sz=24, trace=300000, class=java.lang.String@5000008d)
	value		50001e0d
ARR 50001e0d (sz=56, trace=300000, nelems=0, elem type=char[])
ARR 50001e0e (sz=16, trace=300000, nelems=0, elem type=char[])
OBJ 50001e0f (sz=24, trace=300000, class=java.lang.String@5000008d)
	value		50001e12
OBJ 50001e10 (sz=24, trace=300000, class=java.lang.String@5000008d)
	value		50001e11
ARR 50001e11 (sz=32, trace=300000, nelems=0, elem type=char[])
ARR 50001e12 (sz=16, trace=300000, nelems=0, elem type=char[])
OBJ 50001e13 (sz=24, trace=300000, class=java.lang.String@5000008d)
	value		50001e16
OBJ 50001e14 (sz=24, trace=300000, class=java.lang.String@5000008d)
	value		50001e15
ARR 50001e15 (sz=80, trace=300000, nelems=0, elem type=char[])
ARR 50001e16 (sz=16, trace=300000, nelems=0, elem type=char[])
OBJ 50001e17 (sz=24, trace=300000, class=java.lang.String@5000008d)
	value		50001e1a
OBJ 50001e18 (sz=24, trace=300000, class=java.lang.String@5000008d)
	value		50001e19
ARR 50001e19 (sz=32, trace=300000, nelems=0, elem type=char[])
ARR 50001e1a (sz=16, trace=300000, nelems=0, elem type=char[])
OBJ 50001e1b (sz=24, trace=300000, class=java.lang.String@5000008d)
	value		50001e1e
OBJ 50001e1c (sz=24, trace=300000, class=java.lang.String@5000008d)
	value		50001e1d
ARR 50001e1d (sz=32, trace=300000, nelems=0, elem type=char[])
ARR 50001e1e (sz=16, trace=300000, nelems=0, elem type=char[])
OBJ 50001e1f (sz=24, trace=300000, class=java.lang.String@5000008d)
	value		50001e22
OBJ 50001e20 (sz=24, trace=300000, class=java.lang.String@5000008d)
	value		50001e21
ARR 50001e21 (sz=32, trace=300000, nelems=0, elem type=char[])
ARR 50001e22 (sz=16, trace=300000, nelems=0, elem type=char[])
OBJ 50001e23 (sz=24, trace=300000, class=java.lang.String@5000008d)
	value		50001e24
ARR 50001e24 (sz=40, trace=300000, nelems=0, elem type=char[])
OBJ 50001e25 (sz=24, trace=300000, class=java.lang.String@5000008d)
	value		50001e28
OBJ 50001e26 (sz=24, trace=300000, class=java.lang.String@5000008d)
	value		50001e27
ARR 50001e27 (sz=88, trace=300000, nelems=0, elem type=char[])
ARR 50001e28 (sz=16, trace=300000, nelems=0, elem type=char[])
OBJ 50001e29 (sz=24, trace=300000, class=java.lang.String@5000008d)
	value		50001e2c
OBJ 50001e2a (sz=24, trace=300000, class=java.lang.String@5000008d)
	value		50001e2b
ARR 50001e2b (sz=24, trace=300000, nelems=0, elem type=char[])
ARR 50001e2c (sz=16, trace=300000, nelems=0, elem type=char[])
OBJ 50001e2d (sz=24, trace=300000, class=java.lang.String@5000008d)
	value		50001e30
OBJ 50001e2e (sz=24, trace=300000, class=java.lang.String@5000008d)
	value		50001e2f
ARR 50001e2f (sz=32, trace=300000, nelems=0, elem type=char[])
ARR 50001e30 (sz=16, trace=300000, nelems=0, elem type=char[])
OBJ 50001e31 (sz=24, trace=300000, class=java.lang.String@5000008d)
	value		50001e34
OBJ 50001e32 (sz=24, trace=300000, class=java.lang.String@5000008d)
	value		50001e33
ARR 50001e33 (sz=32, trace=300000, nelems=0, elem type=char[])
ARR 50001e34 (sz=16, trace=300000, nelems=0, elem type=char[])
OBJ 50001e35 (sz=24, trace=300000, class=java.lang.String@5000008d)
	value		50001e36
ARR 50001e36 (sz=24, trace=300000, nelems=0, elem type=char[])
OBJ 50001e37 (sz=24, trace=300000, class=java.lang.String@5000008d)
	value		50001e3a
OBJ 50001e38 (sz=24, trace=300000, class=java.lang.String@5000008d)
	value		50001e39
ARR 50001e39 (sz=24, trace=300000, nelems=0, elem type=char[])
ARR 50001e3a (sz=16, trace=300000, nelems=0, elem type=char[])
OBJ 50001e3b (sz=24, trace=300000, class=java.lang.String@5000008d)
	value		50001e3e
OBJ 50001e3c (sz=24, trace=300000, class=java.lang.String@5000008d)
	value		50001e3d
ARR 50001e3d (sz=56, trace=300000, nelems=0, elem type=char[])
ARR 50001e3e (sz=16, trace=300000, nelems=0, elem type=char[])
OBJ 50001e3f (sz=24, trace=300000, class=java.lang.String@5000008d)
	value		50001e42
OBJ 50001e40 (sz=24, trace=300000, class=java.lang.String@5000008d)
	value		50001e41
ARR 50001e41 (sz=24, trace=300000, nelems=0, elem type=char[])
ARR 50001e42 (sz=16, trace=300000, nelems=0, elem type=char[])
OBJ 50001e43 (sz=24, trace=300000, class=java.lang.String@5000008d)
	value		50001e46
OBJ 50001e44 (sz=24, trace=300000, class=java.lang.String@5000008d)
	value		50001e45
ARR 50001e45 (sz=24, trace=300000, nelems=0, elem type=char[])
ARR 50001e46 (sz=16, trace=300000, nelems=0, elem type=char[])
OBJ 50001e47 (sz=24, trace=300000, class=java.lang.String@5000008d)
	value		50001e4a
OBJ 50001e48 (sz=24, trace=300000, class=java.lang.String@5000008d)
	value		50001e49
ARR 50001e49 (sz=32, trace=300000, nelems=0, elem type=char[])
ARR 50001e4a (sz=16, trace=300000, nelems=0, elem type=char[])
OBJ 50001e4b (sz=24, trace=300000, class=java.lang.String@5000008d)
	value		50001e4e
OBJ 50001e4c (sz=24, trace=300000, class=java.lang.String@5000008d)
	value		50001e4d
ARR 50001e4d (sz=40, trace=300000, nelems=0, elem type=char[])
ARR 50001e4e (sz=16, trace=300000, nelems=0, elem type=char[])
OBJ 50001e4f (sz=24, trace=300000, class=java.lang.String@5000008d)
	value		50001e52
OBJ 50001e50 (sz=24, trace=300000, class=java.lang.String@5000008d)
	value		50001e51
ARR 50001e51 (sz=40, trace=300000, nelems=0, elem type=char[])
ARR 50001e52 (sz=16, trace=300000, nelems=0, elem type=char[])
OBJ 50001e53 (sz=24, trace=300000, class=java.lang.String@5000008d)
	value		50001e56
OBJ 50001e54 (sz=24, trace=300000, class=java.lang.String@5000008d)
	value		50001e55
ARR 50001e55 (sz=32, trace=300000, nelems=0, elem type=char[])
ARR 50001e56 (sz=16, trace=300000, nelems=0, elem type=char[])
OBJ 50001e57 (sz=24, trace=300000, class=java.lang.String@5000008d)
	value		50001e5a
OBJ 50001e58 (sz=24, trace=300000, class=java.lang.String@5000008d)
	value		50001e59
ARR 50001e59 (sz=32, trace=300000, nelems=0, elem type=char[])
ARR 50001e5a (sz=16, trace=300000, nelems=0, elem type=char[])
OBJ 50001e5b (sz=24, trace=300000, class=java.lang.String@5000008d)
	value		50001e5e
OBJ 50001e5c (sz=24, trace=300000, class=java.lang.String@5000008d)
	value		50001e5d
ARR 50001e5d (sz=32, trace=300000, nelems=0, elem type=char[])
ARR 50001e5e (sz=16, trace=300000, nelems=0, elem type=char[])
OBJ 50001e5f (sz=24, trace=300000, class=java.lang.String@5000008d)
	value		50001e62
OBJ 50001e60 (sz=24, trace=300000, class=java.lang.String@5000008d)
	value		50001e61
ARR 50001e61 (sz=24, trace=300000, nelems=0, elem type=char[])
ARR 50001e62 (sz=16, trace=300000, nelems=0, elem type=char[])
OBJ 50001e63 (sz=24, trace=300000, class=java.lang.String@5000008d)
	value		50001e66
OBJ 50001e64 (sz=24, trace=300000, class=java.lang.String@5000008d)
	value		50001e65
ARR 50001e65 (sz=72, trace=300000, nelems=0, elem type=char[])
ARR 50001e66 (sz=16, trace=300000, nelems=0, elem type=char[])
OBJ 50001e67 (sz=24, trace=300000, class=java.lang.String@5000008d)
	value		50001e6a
OBJ 50001e68 (sz=24, trace=300000, class=java.lang.String@5000008d)
	value		50001e69
ARR 50001e69 (sz=24, trace=300000, nelems=0, elem type=char[])
ARR 50001e6a (sz=16, trace=300000, nelems=0, elem type=char[])
OBJ 50001e6b (sz=24, trace=300000, class=java.lang.String@5000008d)
	value		50001e6e
OBJ 50001e6c (sz=24, trace=300000, class=java.lang.String@5000008d)
	value		50001e6d
ARR 50001e6d (sz=64, trace=300000, nelems=0, elem type=char[])
ARR 50001e6e (sz=16, trace=300000, nelems=0, elem type=char[])
OBJ 50001e6f (sz=24, trace=300000, class=java.lang.String@5000008d)
	value		50001e72
OBJ 50001e70 (sz=24, trace=300000, class=java.lang.String@5000008d)
	value		50001e71
ARR 50001e71 (sz=32, trace=300000, nelems=0, elem type=char[])
ARR 50001e72 (sz=16, trace=300000, nelems=0, elem type=char[])
OBJ 50001e73 (sz=24, trace=300000, class=java.lang.String@5000008d)
	value		50001e76
OBJ 50001e74 (sz=24, trace=300000, class=java.lang.String@5000008d)
	value		50001e75
ARR 50001e75 (sz=24, trace=300000, nelems=0, elem type=char[])
ARR 50001e76 (sz=16, trace=300000, nelems=0, elem type=char[])
OBJ 50001e77 (sz=24, trace=300000, class=java.lang.String@5000008d)
	value		50001e7a
OBJ 50001e78 (sz=24, trace=300000, class=java.lang.String@5000008d)
	value		50001e79
ARR 50001e79 (sz=40, trace=300000, nelems=0, elem type=char[])
ARR 50001e7a (sz=16, trace=300000, nelems=0, elem type=char[])
OBJ 50001e7b (sz=24, trace=300000, class=java.lang.String@5000008d)
	value		50001e7e
OBJ 50001e7c (sz=24, trace=300000, class=java.lang.String@5000008d)
	value		50001e7d
ARR 50001e7d (sz=56, trace=300000, nelems=0, elem type=char[])
ARR 50001e7e (sz=16, trace=300000, nelems=0, elem type=char[])
OBJ 50001e7f (sz=24, trace=300000, class=java.lang.String@5000008d)
	value		50001e82
OBJ 50001e80 (sz=24, trace=300000, class=java.lang.String@5000008d)
	value		50001e81
ARR 50001e81 (sz=32, trace=300000, nelems=0, elem type=char[])
ARR 50001e82 (sz=16, trace=300000, nelems=0, elem type=char[])
OBJ 50001e83 (sz=24, trace=300000, class=java.lang.String@5000008d)
	value		50001e86
OBJ 50001e84 (sz=24, trace=300000, class=java.lang.String@5000008d)
	value		50001e85
ARR 50001e85 (sz=32, trace=300000, nelems=0, elem type=char[])
ARR 50001e86 (sz=16, trace=300000, nelems=0, elem type=char[])
OBJ 50001e87 (sz=24, trace=300000, class=java.lang.String@5000008d)
	value		50001e8a
OBJ 50001e88 (sz=24, trace=300000, class=java.lang.String@5000008d)
	value		50001e89
ARR 50001e89 (sz=32, trace=300000, nelems=0, elem type=char[])
ARR 50001e8a (sz=16, trace=300000, nelems=0, elem type=char[])
OBJ 50001e8b (sz=24, trace=300000, class=java.lang.String@5000008d)
	value		50001e8e
OBJ 50001e8c (sz=24, trace=300000, class=java.lang.String@5000008d)
	value		50001e8d
ARR 50001e8d (sz=32, trace=300000, nelems=0, elem type=char[])
ARR 50001e8e (sz=16, trace=300000, nelems=0, elem type=char[])
OBJ 50001e8f (sz=24, trace=300000, class=java.lang.String@5000008d)
	value		50001e92
OBJ 50001e90 (sz=24, trace=300000, class=java.lang.String@5000008d)
	value		50001e91
ARR 50001e91 (sz=40, trace=300000, nelems=0, elem type=char[])
ARR 50001e92 (sz=16, trace=300000, nelems=0, elem type=char[])
OBJ 50001e93 (sz=24, trace=300000, class=java.lang.String@5000008d)
	value		50001e96
OBJ 50001e94 (sz=24, trace=300000, class=java.lang.String@5000008d)
	value		50001e95
ARR 50001e95 (sz=32, trace=300000, nelems=0, elem type=char[])
ARR 50001e96 (sz=16, trace=300000, nelems=0, elem type=char[])
OBJ 50001e97 (sz=24, trace=300000, class=java.lang.String@5000008d)
	value		50001e9a
OBJ 50001e98 (sz=24, trace=300000, class=java.lang.String@5000008d)
	value		50001e99
ARR 50001e99 (sz=56, trace=300000, nelems=0, elem type=char[])
ARR 50001e9a (sz=16, trace=300000, nelems=0, elem type=char[])
OBJ 50001e9b (sz=24, trace=300000, class=java.lang.String@5000008d)
	value		50001e9e
OBJ 50001e9c (sz=24, trace=300000, class=java.lang.String@5000008d)
	value		50001e9d
ARR 50001e9d (sz=32, trace=300000, nelems=0, elem type=char[])
ARR 50001e9e (sz=16, trace=300000, nelems=0, elem type=char[])
OBJ 50001e9f (sz=24, trace=300000, class=java.lang.String@5000008d)
	value		50001ea2
OBJ 50001ea0 (sz=24, trace=300000, class=java.lang.String@5000008d)
	value		50001ea1
ARR 50001ea1 (sz=40, trace=300000, nelems=0, elem type=char[])
ARR 50001ea2 (sz=16, trace=300000, nelems=0, elem type=char[])
OBJ 50001ea3 (sz=24, trace=300000, class=java.lang.String@5000008d)
	value		50001ea6
OBJ 50001ea4 (sz=24, trace=300000, class=java.lang.String@5000008d)
	value		50001ea5
ARR 50001ea5 (sz=32, trace=300000, nelems=0, elem type=char[])
ARR 50001ea6 (sz=16, trace=300000, nelems=0, elem type=char[])
OBJ 50001ea7 (sz=24, trace=300000, class=java.lang.String@5000008d)
	value		50001eaa
OBJ 50001ea8 (sz=24, trace=300000, class=java.lang.String@5000008d)
	value		50001ea9
ARR 50001ea9 (sz=24, trace=300000, nelems=0, elem type=char[])
ARR 50001eaa (sz=16, trace=300000, nelems=0, elem type=char[])
OBJ 50001eab (sz=24, trace=300000, class=java.lang.String@5000008d)
	value		50001eae
OBJ 50001eac (sz=24, trace=300000, class=java.lang.String@5000008d)
	value		50001ead
ARR 50001ead (sz=24, trace=300000, nelems=0, elem type=char[])
ARR 50001eae (sz=16, trace=300000, nelems=0, elem type=char[])
OBJ 50001eaf (sz=24, trace=300000, class=java.lang.String@5000008d)
	value		50001eb2
OBJ 50001eb0 (sz=24, trace=300000, class=java.lang.String@5000008d)
	value		50001eb1
ARR 50001eb1 (sz=32, trace=300000, nelems=0, elem type=char[])
ARR 50001eb2 (sz=16, trace=300000, nelems=0, elem type=char[])
OBJ 50001eb3 (sz=24, trace=300000, class=java.lang.String@5000008d)
	value		50001eb6
OBJ 50001eb4 (sz=24, trace=300000, class=java.lang.String@5000008d)
	value		50001eb5
ARR 50001eb5 (sz=48, trace=300000, nelems=0, elem type=char[])
ARR 50001eb6 (sz=16, trace=300000, nelems=0, elem type=char[])
OBJ 50001eb7 (sz=24, trace=300000, class=java.lang.String@5000008d)
	value		50001eba
OBJ 50001eb8 (sz=24, trace=300000, class=java.lang.String@5000008d)
	value		50001eb9
ARR 50001eb9 (sz=40, trace=300000, nelems=0, elem type=char[])
ARR 50001eba (sz=16, trace=300000, nelems=0, elem type=char[])
OBJ 50001ebb (sz=24, trace=300000, class=java.lang.String@5000008d)
	value		50001ebe
OBJ 50001ebc (sz=24, trace=300000, class=java.lang.String@5000008d)
	value		50001ebd
ARR 50001ebd (sz=24, trace=300000, nelems=0, elem type=char[])
ARR 50001ebe (sz=16, trace=300000, nelems=0, elem type=char[])
OBJ 50001ebf (sz=24, trace=300000, class=java.lang.String@5000008d)
	value		50001ec2
OBJ 50001ec0 (sz=24, trace=300000, class=java.lang.String@5000008d)
	value		50001ec1
ARR 50001ec1 (sz=24, trace=300000, nelems=0, elem type=char[])
ARR 50001ec2 (sz=16, trace=300000, nelems=0, elem type=char[])
OBJ 50001ec3 (sz=24, trace=300000, class=java.lang.String@5000008d)
	value		50001ec6
OBJ 50001ec4 (sz=24, trace=300000, class=java.lang.String@5000008d)
	value		50001ec5
ARR 50001ec5 (sz=32, trace=300000, nelems=0, elem type=char[])
ARR 50001ec6 (sz=16, trace=300000, nelems=0, elem type=char[])
OBJ 50001ec7 (sz=24, trace=300000, class=java.lang.String@5000008d)
	value		50001eca
OBJ 50001ec8 (sz=24, trace=300000, class=java.lang.String@5000008d)
	value		50001ec9
ARR 50001ec9 (sz=32, trace=300000, nelems=0, elem type=char[])
ARR 50001eca (sz=16, trace=300000, nelems=0, elem type=char[])
OBJ 50001ecb (sz=24, trace=300000, class=java.lang.String@5000008d)
	value		50001ece
OBJ 50001ecc (sz=24, trace=300000, class=java.lang.String@5000008d)
	value		50001ecd
ARR 50001ecd (sz=24, trace=300000, nelems=0, elem type=char[])
ARR 50001ece (sz=16, trace=300000, nelems=0, elem type=char[])
OBJ 50001ecf (sz=24, trace=300000, class=java.lang.String@5000008d)
	value		50001ed2
OBJ 50001ed0 (sz=24, trace=300000, class=java.lang.String@5000008d)
	value		50001ed1
ARR 50001ed1 (sz=32, trace=300000, nelems=0, elem type=char[])
ARR 50001ed2 (sz=16, trace=300000, nelems=0, elem type=char[])
OBJ 50001ed3 (sz=24, trace=300000, class=java.lang.String@5000008d)
	value		50001ed6
OBJ 50001ed4 (sz=24, trace=300000, class=java.lang.String@5000008d)
	value		50001ed5
ARR 50001ed5 (sz=24, trace=300000, nelems=0, elem type=char[])
ARR 50001ed6 (sz=16, trace=300000, nelems=0, elem type=char[])
OBJ 50001ed7 (sz=24, trace=300000, class=java.lang.String@5000008d)
	value		50001eda
OBJ 50001ed8 (sz=24, trace=300000, class=java.lang.String@5000008d)
	value		50001ed9
ARR 50001ed9 (sz=32, trace=300000, nelems=0, elem type=char[])
ARR 50001eda (sz=16, trace=300000, nelems=0, elem type=char[])
OBJ 50001edb (sz=24, trace=300000, class=java.lang.String@5000008d)
	value		50001ede
OBJ 50001edc (sz=24, trace=300000, class=java.lang.String@5000008d)
	value		50001edd
ARR 50001edd (sz=32, trace=300000, nelems=0, elem type=char[])
ARR 50001ede (sz=16, trace=300000, nelems=0, elem type=char[])
OBJ 50001edf (sz=24, trace=300000, class=java.lang.String@5000008d)
	value		50001ee2
OBJ 50001ee0 (sz=24, trace=300000, class=java.lang.String@5000008d)
	value		50001ee1
ARR 50001ee1 (sz=40, trace=300000, nelems=0, elem type=char[])
ARR 50001ee2 (sz=16, trace=300000, nelems=0, elem type=char[])
OBJ 50001ee3 (sz=24, trace=300000, class=java.lang.String@5000008d)
	value		50001ee6
OBJ 50001ee4 (sz=24, trace=300000, class=java.lang.String@5000008d)
	value		50001ee5
ARR 50001ee5 (sz=32, trace=300000, nelems=0, elem type=char[])
ARR 50001ee6 (sz=16, trace=300000, nelems=0, elem type=char[])
OBJ 50001ee7 (sz=24, trace=300000, class=java.lang.String@5000008d)
	value		50001ee8
ARR 50001ee8 (sz=64, trace=300000, nelems=0, elem type=char[])
OBJ 50001ee9 (sz=24, trace=300000, class=java.lang.String@5000008d)
	value		50001eec
OBJ 50001eea (sz=24, trace=300000, class=java.lang.String@5000008d)
	value		50001eeb
ARR 50001eeb (sz=24, trace=300000, nelems=0, elem type=char[])
ARR 50001eec (sz=16, trace=300000, nelems=0, elem type=char[])
OBJ 50001eed (sz=24, trace=300000, class=java.lang.String@5000008d)
	value		50001ef0
OBJ 50001eee (sz=24, trace=300000, class=java.lang.String@5000008d)
	value		50001eef
ARR 50001eef (sz=32, trace=300000, nelems=0, elem type=char[])
ARR 50001ef0 (sz=16, trace=300000, nelems=0, elem type=char[])
OBJ 50001ef1 (sz=24, trace=300000, class=java.lang.String@5000008d)
	value		50001ef4
OBJ 50001ef2 (sz=24, trace=300000, class=java.lang.String@5000008d)
	value		50001ef3
ARR 50001ef3 (sz=40, trace=300000, nelems=0, elem type=char[])
ARR 50001ef4 (sz=16, trace=300000, nelems=0, elem type=char[])
OBJ 50001ef5 (sz=24, trace=300000, class=java.lang.String@5000008d)
	value		50001ef8
OBJ 50001ef6 (sz=24, trace=300000, class=java.lang.String@5000008d)
	value		50001ef7
ARR 50001ef7 (sz=48, trace=300000, nelems=0, elem type=char[])
ARR 50001ef8 (sz=16, trace=300000, nelems=0, elem type=char[])
OBJ 50001ef9 (sz=24, trace=300000, class=java.lang.String@5000008d)
	value		50001efc
OBJ 50001efa (sz=24, trace=300000, class=java.lang.String@5000008d)
	value		50001efb
ARR 50001efb (sz=48, trace=300000, nelems=0, elem type=char[])
ARR 50001efc (sz=16, trace=300000, nelems=0, elem type=char[])
OBJ 50001efd (sz=24, trace=300000, class=java.lang.String@5000008d)
	value		50001f00
OBJ 50001efe (sz=24, trace=300000, class=java.lang.String@5000008d)
	value		50001eff
ARR 50001eff (sz=24, trace=300000, nelems=0, elem type=char[])
ARR 50001f00 (sz=16, trace=300000, nelems=0, elem type=char[])
OBJ 50001f01 (sz=24, trace=300000, class=java.lang.String@5000008d)
	value		50001f04
OBJ 50001f02 (sz=24, trace=300000, class=java.lang.String@5000008d)
	value		50001f03
ARR 50001f03 (sz=24, trace=300000, nelems=0, elem type=char[])
ARR 50001f04 (sz=16, trace=300000, nelems=0, elem type=char[])
OBJ 50001f05 (sz=24, trace=300000, class=java.lang.String@5000008d)
	value		50001f08
OBJ 50001f06 (sz=24, trace=300000, class=java.lang.String@5000008d)
	value		50001f07
ARR 50001f07 (sz=24, trace=300000, nelems=0, elem type=char[])
ARR 50001f08 (sz=16, trace=300000, nelems=0, elem type=char[])
OBJ 50001f09 (sz=24, trace=300000, class=java.lang.String@5000008d)
	value		50001f0c
OBJ 50001f0a (sz=24, trace=300000, class=java.lang.String@5000008d)
	value		50001f0b
ARR 50001f0b (sz=40, trace=300000, nelems=0, elem type=char[])
ARR 50001f0c (sz=16, trace=300000, nelems=0, elem type=char[])
OBJ 50001f0d (sz=24, trace=300000, class=java.lang.String@5000008d)
	value		50001f10
OBJ 50001f0e (sz=24, trace=300000, class=java.lang.String@5000008d)
	value		50001f0f
ARR 50001f0f (sz=24, trace=300000, nelems=0, elem type=char[])
ARR 50001f10 (sz=16, trace=300000, nelems=0, elem type=char[])
OBJ 50001f11 (sz=24, trace=300000, class=java.lang.String@5000008d)
	value		50001f14
OBJ 50001f12 (sz=24, trace=300000, class=java.lang.String@5000008d)
	value		50001f13
ARR 50001f13 (sz=24, trace=300000, nelems=0, elem type=char[])
ARR 50001f14 (sz=16, trace=300000, nelems=0, elem type=char[])
OBJ 50001f15 (sz=24, trace=300000, class=java.lang.String@5000008d)
	value		50001f18
OBJ 50001f16 (sz=24, trace=300000, class=java.lang.String@5000008d)
	value		50001f17
ARR 50001f17 (sz=24, trace=300000, nelems=0, elem type=char[])
ARR 50001f18 (sz=16, trace=300000, nelems=0, elem type=char[])
OBJ 50001f19 (sz=24, trace=300000, class=java.lang.String@5000008d)
	value		50001f1c
OBJ 50001f1a (sz=24, trace=300000, class=java.lang.String@5000008d)
	value		50001f1b
ARR 50001f1b (sz=24, trace=300000, nelems=0, elem type=char[])
ARR 50001f1c (sz=16, trace=300000, nelems=0, elem type=char[])
OBJ 50001f1d (sz=24, trace=300000, class=java.lang.String@5000008d)
	value		50001f20
OBJ 50001f1e (sz=24, trace=300000, class=java.lang.String@5000008d)
	value		50001f1f
ARR 50001f1f (sz=40, trace=300000, nelems=0, elem type=char[])
ARR 50001f20 (sz=16, trace=300000, nelems=0, elem type=char[])
OBJ 50001f21 (sz=24, trace=300000, class=java.lang.String@5000008d)
	value		50001f24
OBJ 50001f22 (sz=24, trace=300000, class=java.lang.String@5000008d)
	value		50001f23
ARR 50001f23 (sz=32, trace=300000, nelems=0, elem type=char[])
ARR 50001f24 (sz=16, trace=300000, nelems=0, elem type=char[])
OBJ 50001f25 (sz=24, trace=300000, class=java.lang.String@5000008d)
	value		50001f28
OBJ 50001f26 (sz=24, trace=300000, class=java.lang.String@5000008d)
	value		50001f27
ARR 50001f27 (sz=32, trace=300000, nelems=0, elem type=char[])
ARR 50001f28 (sz=16, trace=300000, nelems=0, elem type=char[])
OBJ 50001f29 (sz=24, trace=300000, class=java.lang.String@5000008d)
	value		50001f2c
OBJ 50001f2a (sz=24, trace=300000, class=java.lang.String@5000008d)
	value		50001f2b
ARR 50001f2b (sz=40, trace=300000, nelems=0, elem type=char[])
ARR 50001f2c (sz=16, trace=300000, nelems=0, elem type=char[])
OBJ 50001f2d (sz=24, trace=300000, class=java.lang.String@5000008d)
	value		50001f30
OBJ 50001f2e (sz=24, trace=300000, class=java.lang.String@5000008d)
	value		50001f2f
ARR 50001f2f (sz=24, trace=300000, nelems=0, elem type=char[])
ARR 50001f30 (sz=16, trace=300000, nelems=0, elem type=char[])
OBJ 50001f31 (sz=24, trace=300000, class=java.lang.String@5000008d)
	value		50001f34
OBJ 50001f32 (sz=24, trace=300000, class=java.lang.String@5000008d)
	value		50001f33
ARR 50001f33 (sz=40, trace=300000, nelems=0, elem type=char[])
ARR 50001f34 (sz=16, trace=300000, nelems=0, elem type=char[])
OBJ 50001f35 (sz=24, trace=300000, class=java.lang.String@5000008d)
	value		50001f38
OBJ 50001f36 (sz=24, trace=300000, class=java.lang.String@5000008d)
	value		50001f37
ARR 50001f37 (sz=32, trace=300000, nelems=0, elem type=char[])
ARR 50001f38 (sz=16, trace=300000, nelems=0, elem type=char[])
OBJ 50001f39 (sz=24, trace=300000, class=java.lang.String@5000008d)
	value		50001f3c
OBJ 50001f3a (sz=24, trace=300000, class=java.lang.String@5000008d)
	value		50001f3b
ARR 50001f3b (sz=32, trace=300000, nelems=0, elem type=char[])
ARR 50001f3c (sz=16, trace=300000, nelems=0, elem type=char[])
OBJ 50001f3d (sz=24, trace=300000, class=java.lang.String@5000008d)
	value		50001f40
OBJ 50001f3e (sz=24, trace=300000, class=java.lang.String@5000008d)
	value		50001f3f
ARR 50001f3f (sz=32, trace=300000, nelems=0, elem type=char[])
ARR 50001f40 (sz=16, trace=300000, nelems=0, elem type=char[])
OBJ 50001f41 (sz=24, trace=300000, class=java.lang.String@5000008d)
	value		50001f44
OBJ 50001f42 (sz=24, trace=300000, class=java.lang.String@5000008d)
	value		50001f43
ARR 50001f43 (sz=24, trace=300000, nelems=0, elem type=char[])
ARR 50001f44 (sz=16, trace=300000, nelems=0, elem type=char[])
OBJ 50001f45 (sz=24, trace=300000, class=java.lang.String@5000008d)
	value		50001f48
OBJ 50001f46 (sz=24, trace=300000, class=java.lang.String@5000008d)
	value		50001f47
ARR 50001f47 (sz=24, trace=300000, nelems=0, elem type=char[])
ARR 50001f48 (sz=16, trace=300000, nelems=0, elem type=char[])
OBJ 50001f49 (sz=24, trace=300000, class=java.lang.String@5000008d)
	value		50001f4c
OBJ 50001f4a (sz=24, trace=300000, class=java.lang.String@5000008d)
	value		50001f4b
ARR 50001f4b (sz=32, trace=300000, nelems=0, elem type=char[])
ARR 50001f4c (sz=16, trace=300000, nelems=0, elem type=char[])
OBJ 50001f4d (sz=24, trace=300000, class=java.lang.String@5000008d)
	value		50001f50
OBJ 50001f4e (sz=24, trace=300000, class=java.lang.String@5000008d)
	value		50001f4f
ARR 50001f4f (sz=32, trace=300000, nelems=0, elem type=char[])
ARR 50001f50 (sz=16, trace=300000, nelems=0, elem type=char[])
OBJ 50001f51 (sz=24, trace=300000, class=java.lang.String@5000008d)
	value		50001f54
OBJ 50001f52 (sz=24, trace=300000, class=java.lang.String@5000008d)
	value		50001f53
ARR 50001f53 (sz=24, trace=300000, nelems=0, elem type=char[])
ARR 50001f54 (sz=16, trace=300000, nelems=0, elem type=char[])
OBJ 50001f55 (sz=24, trace=300000, class=java.lang.String@5000008d)
	value		50001f58
OBJ 50001f56 (sz=24, trace=300000, class=java.lang.String@5000008d)
	value		50001f57
ARR 50001f57 (sz=32, trace=300000, nelems=0, elem type=char[])
ARR 50001f58 (sz=16, trace=300000, nelems=0, elem type=char[])
OBJ 50001f59 (sz=24, trace=300000, class=java.lang.String@5000008d)
	value		50001f5c
OBJ 50001f5a (sz=24, trace=300000, class=java.lang.String@5000008d)
	value		50001f5b
ARR 50001f5b (sz=32, trace=300000, nelems=0, elem type=char[])
ARR 50001f5c (sz=16, trace=300000, nelems=0, elem type=char[])
OBJ 50001f5d (sz=24, trace=300000, class=java.lang.String@5000008d)
	value		50001f60
OBJ 50001f5e (sz=24, trace=300000, class=java.lang.String@5000008d)
	value		50001f5f
ARR 50001f5f (sz=32, trace=300000, nelems=0, elem type=char[])
ARR 50001f60 (sz=16, trace=300000, nelems=0, elem type=char[])
OBJ 50001f61 (sz=24, trace=300000, class=java.lang.String@5000008d)
	value		50001f64
OBJ 50001f62 (sz=24, trace=300000, class=java.lang.String@5000008d)
	value		50001f63
ARR 50001f63 (sz=64, trace=300000, nelems=0, elem type=char[])
ARR 50001f64 (sz=16, trace=300000, nelems=0, elem type=char[])
OBJ 50001f65 (sz=24, trace=300000, class=java.lang.String@5000008d)
	value		50001f68
OBJ 50001f66 (sz=24, trace=300000, class=java.lang.String@5000008d)
	value		50001f67
ARR 50001f67 (sz=24, trace=300000, nelems=0, elem type=char[])
ARR 50001f68 (sz=16, trace=300000, nelems=0, elem type=char[])
OBJ 50001f69 (sz=24, trace=300000, class=java.lang.String@5000008d)
	value		50001f6c
OBJ 50001f6a (sz=24, trace=300000, class=java.lang.String@5000008d)
	value		50001f6b
ARR 50001f6b (sz=32, trace=300000, nelems=0, elem type=char[])
ARR 50001f6c (sz=16, trace=300000, nelems=0, elem type=char[])
OBJ 50001f6d (sz=24, trace=300000, class=java.lang.String@5000008d)
	value		50001f70
OBJ 50001f6e (sz=24, trace=300000, class=java.lang.String@5000008d)
	value		50001f6f
ARR 50001f6f (sz=32, trace=300000, nelems=0, elem type=char[])
ARR 50001f70 (sz=16, trace=300000, nelems=0, elem type=char[])
OBJ 50001f71 (sz=24, trace=300000, class=java.lang.String@5000008d)
	value		50001f74
OBJ 50001f72 (sz=24, trace=300000, class=java.lang.String@5000008d)
	value		50001f73
ARR 50001f73 (sz=24, trace=300000, nelems=0, elem type=char[])
ARR 50001f74 (sz=16, trace=300000, nelems=0, elem type=char[])
OBJ 50001f75 (sz=24, trace=300000, class=java.lang.String@5000008d)
	value		50001f78
OBJ 50001f76 (sz=24, trace=300000, class=java.lang.String@5000008d)
	value		50001f77
ARR 50001f77 (sz=32, trace=300000, nelems=0, elem type=char[])
ARR 50001f78 (sz=16, trace=300000, nelems=0, elem type=char[])
OBJ 50001f79 (sz=24, trace=300000, class=java.lang.String@5000008d)
	value		50001f7c
OBJ 50001f7a (sz=24, trace=300000, class=java.lang.String@5000008d)
	value		50001f7b
ARR 50001f7b (sz=48, trace=300000, nelems=0, elem type=char[])
ARR 50001f7c (sz=16, trace=300000, nelems=0, elem type=char[])
OBJ 50001f7d (sz=24, trace=300000, class=java.lang.String@5000008d)
	value		50001f80
OBJ 50001f7e (sz=24, trace=300000, class=java.lang.String@5000008d)
	value		50001f7f
ARR 50001f7f (sz=32, trace=300000, nelems=0, elem type=char[])
ARR 50001f80 (sz=16, trace=300000, nelems=0, elem type=char[])
OBJ 50001f81 (sz=24, trace=300000, class=java.lang.String@5000008d)
	value		50001f84
OBJ 50001f82 (sz=24, trace=300000, class=java.lang.String@5000008d)
	value		50001f83
ARR 50001f83 (sz=32, trace=300000, nelems=0, elem type=char[])
ARR 50001f84 (sz=16, trace=300000, nelems=0, elem type=char[])
OBJ 50001f85 (sz=24, trace=300000, class=java.lang.String@5000008d)
	value		50001f88
OBJ 50001f86 (sz=24, trace=300000, class=java.lang.String@5000008d)
	value		50001f87
ARR 50001f87 (sz=24, trace=300000, nelems=0, elem type=char[])
ARR 50001f88 (sz=16, trace=300000, nelems=0, elem type=char[])
OBJ 50001f89 (sz=24, trace=300000, class=java.lang.String@5000008d)
	value		50001f8c
OBJ 50001f8a (sz=24, trace=300000, class=java.lang.String@5000008d)
	value		50001f8b
ARR 50001f8b (sz=32, trace=300000, nelems=0, elem type=char[])
ARR 50001f8c (sz=16, trace=300000, nelems=0, elem type=char[])
OBJ 50001f8d (sz=24, trace=300000, class=java.lang.String@5000008d)
	value		50001f90
OBJ 50001f8e (sz=24, trace=300000, class=java.lang.String@5000008d)
	value		50001f8f
ARR 50001f8f (sz=24, trace=300000, nelems=0, elem type=char[])
ARR 50001f90 (sz=16, trace=300000, nelems=0, elem type=char[])
OBJ 50001f91 (sz=24, trace=300000, class=java.lang.String@5000008d)
	value		50001f94
OBJ 50001f92 (sz=24, trace=300000, class=java.lang.String@5000008d)
	value		50001f93
ARR 50001f93 (sz=24, trace=300000, nelems=0, elem type=char[])
ARR 50001f94 (sz=16, trace=300000, nelems=0, elem type=char[])
OBJ 50001f95 (sz=24, trace=300000, class=java.lang.String@5000008d)
	value		50001f98
OBJ 50001f96 (sz=24, trace=300000, class=java.lang.String@5000008d)
	value		50001f97
ARR 50001f97 (sz=32, trace=300000, nelems=0, elem type=char[])
ARR 50001f98 (sz=16, trace=300000, nelems=0, elem type=char[])
OBJ 50001f99 (sz=24, trace=300000, class=java.lang.String@5000008d)
	value		50001f9c
OBJ 50001f9a (sz=24, trace=300000, class=java.lang.String@5000008d)
	value		50001f9b
ARR 50001f9b (sz=32, trace=300000, nelems=0, elem type=char[])
ARR 50001f9c (sz=16, trace=300000, nelems=0, elem type=char[])
OBJ 50001f9d (sz=24, trace=300000, class=java.lang.String@5000008d)
	value		50001fa0
OBJ 50001f9e (sz=24, trace=300000, class=java.lang.String@5000008d)
	value		50001f9f
ARR 50001f9f (sz=32, trace=300000, nelems=0, elem type=char[])
ARR 50001fa0 (sz=16, trace=300000, nelems=0, elem type=char[])
OBJ 50001fa1 (sz=24, trace=300000, class=java.lang.String@5000008d)
	value		50001fa4
OBJ 50001fa2 (sz=24, trace=300000, class=java.lang.String@5000008d)
	value		50001fa3
ARR 50001fa3 (sz=32, trace=300000, nelems=0, elem type=char[])
ARR 50001fa4 (sz=16, trace=300000, nelems=0, elem type=char[])
OBJ 50001fa5 (sz=24, trace=300000, class=java.lang.String@5000008d)
	value		50001fa8
OBJ 50001fa6 (sz=24, trace=300000, class=java.lang.String@5000008d)
	value		50001fa7
ARR 50001fa7 (sz=32, trace=300000, nelems=0, elem type=char[])
ARR 50001fa8 (sz=16, trace=300000, nelems=0, elem type=char[])
OBJ 50001fa9 (sz=24, trace=300000, class=java.lang.String@5000008d)
	value		50001fac
OBJ 50001faa (sz=24, trace=300000, class=java.lang.String@5000008d)
	value		50001fab
ARR 50001fab (sz=40, trace=300000, nelems=0, elem type=char[])
ARR 50001fac (sz=16, trace=300000, nelems=0, elem type=char[])
OBJ 50001fad (sz=24, trace=300000, class=java.lang.String@5000008d)
	value		50001fb0
OBJ 50001fae (sz=24, trace=300000, class=java.lang.String@5000008d)
	value		50001faf
ARR 50001faf (sz=40, trace=300000, nelems=0, elem type=char[])
ARR 50001fb0 (sz=16, trace=300000, nelems=0, elem type=char[])
OBJ 50001fb1 (sz=24, trace=300000, class=java.lang.String@5000008d)
	value		50001fb4
OBJ 50001fb2 (sz=24, trace=300000, class=java.lang.String@5000008d)
	value		50001fb3
ARR 50001fb3 (sz=32, trace=300000, nelems=0, elem type=char[])
ARR 50001fb4 (sz=16, trace=300000, nelems=0, elem type=char[])
OBJ 50001fb5 (sz=24, trace=300000, class=java.lang.String@5000008d)
	value		50001fb8
OBJ 50001fb6 (sz=24, trace=300000, class=java.lang.String@5000008d)
	value		50001fb7
ARR 50001fb7 (sz=24, trace=300000, nelems=0, elem type=char[])
ARR 50001fb8 (sz=16, trace=300000, nelems=0, elem type=char[])
OBJ 50001fb9 (sz=24, trace=300000, class=java.lang.String@5000008d)
	value		50001fbc
OBJ 50001fba (sz=24, trace=300000, class=java.lang.String@5000008d)
	value		50001fbb
ARR 50001fbb (sz=32, trace=300000, nelems=0, elem type=char[])
ARR 50001fbc (sz=16, trace=300000, nelems=0, elem type=char[])
OBJ 50001fbd (sz=24, trace=300000, class=java.lang.String@5000008d)
	value		50001fc0
OBJ 50001fbe (sz=24, trace=300000, class=java.lang.String@5000008d)
	value		50001fbf
ARR 50001fbf (sz=40, trace=300000, nelems=0, elem type=char[])
ARR 50001fc0 (sz=16, trace=300000, nelems=0, elem type=char[])
OBJ 50001fc1 (sz=24, trace=300000, class=java.lang.String@5000008d)
	value		50001fc4
OBJ 50001fc2 (sz=24, trace=300000, class=java.lang.String@5000008d)
	value		50001fc3
ARR 50001fc3 (sz=24, trace=300000, nelems=0, elem type=char[])
ARR 50001fc4 (sz=16, trace=300000, nelems=0, elem type=char[])
OBJ 50001fc5 (sz=24, trace=300000, class=java.lang.String@5000008d)
	value		50001fc6
ARR 50001fc6 (sz=40, trace=300000, nelems=0, elem type=char[])
OBJ 50001fc7 (sz=24, trace=300000, class=java.lang.String@5000008d)
	value		50001fca
OBJ 50001fc8 (sz=24, trace=300000, class=java.lang.String@5000008d)
	value		50001fc9
ARR 50001fc9 (sz=40, trace=300000, nelems=0, elem type=char[])
ARR 50001fca (sz=16, trace=300000, nelems=0, elem type=char[])
OBJ 50001fcb (sz=24, trace=300000, class=java.lang.String@5000008d)
	value		50001fce
OBJ 50001fcc (sz=24, trace=300000, class=java.lang.String@5000008d)
	value		50001fcd
ARR 50001fcd (sz=56, trace=300000, nelems=0, elem type=char[])
ARR 50001fce (sz=16, trace=300000, nelems=0, elem type=char[])
OBJ 50001fcf (sz=24, trace=300000, class=java.lang.String@5000008d)
	value		50001fd2
OBJ 50001fd0 (sz=24, trace=300000, class=java.lang.String@5000008d)
	value		50001fd1
ARR 50001fd1 (sz=32, trace=300000, nelems=0, elem type=char[])
ARR 50001fd2 (sz=16, trace=300000, nelems=0, elem type=char[])
OBJ 50001fd3 (sz=24, trace=300000, class=java.lang.String@5000008d)
	value		50001fd6
OBJ 50001fd4 (sz=24, trace=300000, class=java.lang.String@5000008d)
	value		50001fd5
ARR 50001fd5 (sz=32, trace=300000, nelems=0, elem type=char[])
ARR 50001fd6 (sz=16, trace=300000, nelems=0, elem type=char[])
OBJ 50001fd7 (sz=24, trace=300000, class=java.lang.String@5000008d)
	value		50001fda
OBJ 50001fd8 (sz=24, trace=300000, class=java.lang.String@5000008d)
	value		50001fd9
ARR 50001fd9 (sz=32, trace=300000, nelems=0, elem type=char[])
ARR 50001fda (sz=16, trace=300000, nelems=0, elem type=char[])
OBJ 50001fdb (sz=24, trace=300000, class=java.lang.String@5000008d)
	value		50001fde
OBJ 50001fdc (sz=24, trace=300000, class=java.lang.String@5000008d)
	value		50001fdd
ARR 50001fdd (sz=32, trace=300000, nelems=0, elem type=char[])
ARR 50001fde (sz=16, trace=300000, nelems=0, elem type=char[])
OBJ 50001fdf (sz=24, trace=300000, class=java.lang.String@5000008d)
	value		50001fe2
OBJ 50001fe0 (sz=24, trace=300000, class=java.lang.String@5000008d)
	value		50001fe1
ARR 50001fe1 (sz=24, trace=300000, nelems=0, elem type=char[])
ARR 50001fe2 (sz=16, trace=300000, nelems=0, elem type=char[])
OBJ 50001fe3 (sz=24, trace=300000, class=java.lang.String@5000008d)
	value		50001fe4
ARR 50001fe4 (sz=24, trace=300000, nelems=0, elem type=char[])
OBJ 50001fe5 (sz=24, trace=300000, class=java.lang.String@5000008d)
	value		50001fe8
OBJ 50001fe6 (sz=24, trace=300000, class=java.lang.String@5000008d)
	value		50001fe7
ARR 50001fe7 (sz=24, trace=300000, nelems=0, elem type=char[])
ARR 50001fe8 (sz=16, trace=300000, nelems=0, elem type=char[])
OBJ 50001fe9 (sz=24, trace=300000, class=java.lang.String@5000008d)
	value		50001fec
OBJ 50001fea (sz=24, trace=300000, class=java.lang.String@5000008d)
	value		50001feb
ARR 50001feb (sz=32, trace=300000, nelems=0, elem type=char[])
ARR 50001fec (sz=16, trace=300000, nelems=0, elem type=char[])
OBJ 50001fed (sz=24, trace=300000, class=java.lang.String@5000008d)
	value		50001fee
ARR 50001fee (sz=24, trace=300000, nelems=0, elem type=char[])
OBJ 50001fef (sz=24, trace=300000, class=java.lang.String@5000008d)
	value		50001ff2
OBJ 50001ff0 (sz=24, trace=300000, class=java.lang.String@5000008d)
	value		50001ff1
ARR 50001ff1 (sz=32, trace=300000, nelems=0, elem type=char[])
ARR 50001ff2 (sz=16, trace=300000, nelems=0, elem type=char[])
OBJ 50001ff3 (sz=24, trace=300000, class=java.lang.String@5000008d)
	value		50001ff6
OBJ 50001ff4 (sz=24, trace=300000, class=java.lang.String@5000008d)
	value		50001ff5
ARR 50001ff5 (sz=24, trace=300000, nelems=0, elem type=char[])
ARR 50001ff6 (sz=16, trace=300000, nelems=0, elem type=char[])
OBJ 50001ff7 (sz=24, trace=300000, class=java.lang.String@5000008d)
	value		50001ffa
OBJ 50001ff8 (sz=24, trace=300000, class=java.lang.String@5000008d)
	value		50001ff9
ARR 50001ff9 (sz=24, trace=300000, nelems=0, elem type=char[])
ARR 50001ffa (sz=16, trace=300000, nelems=0, elem type=char[])
OBJ 50001ffb (sz=24, trace=300000, class=java.lang.String@5000008d)
	value		50001ffe
OBJ 50001ffc (sz=24, trace=300000, class=java.lang.String@5000008d)
	value		50001ffd
ARR 50001ffd (sz=72, trace=300000, nelems=0, elem type=char[])
ARR 50001ffe (sz=16, trace=300000, nelems=0, elem type=char[])
OBJ 50001fff (sz=24, trace=300000, class=java.lang.String@5000008d)
	value		50002002
OBJ 50002000 (sz=24, trace=300000, class=java.lang.String@5000008d)
	value		50002001
ARR 50002001 (sz=24, trace=300000, nelems=0, elem type=char[])
ARR 50002002 (sz=16, trace=300000, nelems=0, elem type=char[])
OBJ 50002003 (sz=24, trace=300000, class=java.lang.String@5000008d)
	value		50002006
OBJ 50002004 (sz=24, trace=300000, class=java.lang.String@5000008d)
	value		50002005
ARR 50002005 (sz=24, trace=300000, nelems=0, elem type=char[])
ARR 50002006 (sz=16, trace=300000, nelems=0, elem type=char[])
OBJ 50002007 (sz=24, trace=300000, class=java.lang.String@5000008d)
	value		5000200a
OBJ 50002008 (sz=24, trace=300000, class=java.lang.String@5000008d)
	value		50002009
ARR 50002009 (sz=32, trace=300000, nelems=0, elem type=char[])
ARR 5000200a (sz=16, trace=300000, nelems=0, elem type=char[])
OBJ 5000200b (sz=24, trace=300000, class=java.lang.String@5000008d)
	value		5000200e
OBJ 5000200c (sz=24, trace=300000, class=java.lang.String@5000008d)
	value		5000200d
ARR 5000200d (sz=32, trace=300000, nelems=0, elem type=char[])
ARR 5000200e (sz=16, trace=300000, nelems=0, elem type=char[])
OBJ 5000200f (sz=24, trace=300000, class=java.lang.String@5000008d)
	value		50002012
OBJ 50002010 (sz=24, trace=300000, class=java.lang.String@5000008d)
	value		50002011
ARR 50002011 (sz=32, trace=300000, nelems=0, elem type=char[])
ARR 50002012 (sz=16, trace=300000, nelems=0, elem type=char[])
OBJ 50002013 (sz=24, trace=300000, class=java.lang.String@5000008d)
	value		50002016
OBJ 50002014 (sz=24, trace=300000, class=java.lang.String@5000008d)
	value		50002015
ARR 50002015 (sz=24, trace=300000, nelems=0, elem type=char[])
ARR 50002016 (sz=16, trace=300000, nelems=0, elem type=char[])
OBJ 50002017 (sz=24, trace=300000, class=java.lang.String@5000008d)
	value		5000201a
OBJ 50002018 (sz=24, trace=300000, class=java.lang.String@5000008d)
	value		50002019
ARR 50002019 (sz=32, trace=300000, nelems=0, elem type=char[])
ARR 5000201a (sz=16, trace=300000, nelems=0, elem type=char[])
OBJ 5000201b (sz=24, trace=300000, class=java.lang.String@5000008d)
	value		5000201e
OBJ 5000201c (sz=24, trace=300000, class=java.lang.String@5000008d)
	value		5000201d
ARR 5000201d (sz=32, trace=300000, nelems=0, elem type=char[])
ARR 5000201e (sz=16, trace=300000, nelems=0, elem type=char[])
OBJ 5000201f (sz=24, trace=300000, class=java.lang.String@5000008d)
	value		50002022
OBJ 50002020 (sz=24, trace=300000, class=java.lang.String@5000008d)
	value		50002021
ARR 50002021 (sz=80, trace=300000, nelems=0, elem type=char[])
ARR 50002022 (sz=16, trace=300000, nelems=0, elem type=char[])
OBJ 50002023 (sz=24, trace=300000, class=java.lang.String@5000008d)
	value		50002026
OBJ 50002024 (sz=24, trace=300000, class=java.lang.String@5000008d)
	value		50002025
ARR 50002025 (sz=32, trace=300000, nelems=0, elem type=char[])
ARR 50002026 (sz=16, trace=300000, nelems=0, elem type=char[])
OBJ 50002027 (sz=24, trace=300000, class=java.lang.String@5000008d)
	value		5000202a
OBJ 50002028 (sz=24, trace=300000, class=java.lang.String@5000008d)
	value		50002029
ARR 50002029 (sz=24, trace=300000, nelems=0, elem type=char[])
ARR 5000202a (sz=16, trace=300000, nelems=0, elem type=char[])
OBJ 5000202b (sz=24, trace=300000, class=java.lang.String@5000008d)
	value		5000202e
OBJ 5000202c (sz=24, trace=300000, class=java.lang.String@5000008d)
	value		5000202d
ARR 5000202d (sz=40, trace=300000, nelems=0, elem type=char[])
ARR 5000202e (sz=16, trace=300000, nelems=0, elem type=char[])
OBJ 5000202f (sz=24, trace=300000, class=java.lang.String@5000008d)
	value		50002032
OBJ 50002030 (sz=24, trace=300000, class=java.lang.String@5000008d)
	value		50002031
ARR 50002031 (sz=24, trace=300000, nelems=0, elem type=char[])
ARR 50002032 (sz=16, trace=300000, nelems=0, elem type=char[])
OBJ 50002033 (sz=24, trace=300000, class=java.lang.String@5000008d)
	value		50002036
OBJ 50002034 (sz=24, trace=300000, class=java.lang.String@5000008d)
	value		50002035
ARR 50002035 (sz=32, trace=300000, nelems=0, elem type=char[])
ARR 50002036 (sz=16, trace=300000, nelems=0, elem type=char[])
OBJ 50002037 (sz=24, trace=300000, class=java.lang.String@5000008d)
	value		5000203a
OBJ 50002038 (sz=24, trace=300000, class=java.lang.String@5000008d)
	value		50002039
ARR 50002039 (sz=104, trace=300000, nelems=0, elem type=char[])
ARR 5000203a (sz=16, trace=300000, nelems=0, elem type=char[])
OBJ 5000203b (sz=24, trace=300000, class=java.lang.String@5000008d)
	value		5000203e
OBJ 5000203c (sz=24, trace=300000, class=java.lang.String@5000008d)
	value		5000203d
ARR 5000203d (sz=24, trace=300000, nelems=0, elem type=char[])
ARR 5000203e (sz=16, trace=300000, nelems=0, elem type=char[])
OBJ 5000203f (sz=24, trace=300000, class=java.lang.String@5000008d)
	value		50002042
OBJ 50002040 (sz=24, trace=300000, class=java.lang.String@5000008d)
	value		50002041
ARR 50002041 (sz=48, trace=300000, nelems=0, elem type=char[])
ARR 50002042 (sz=16, trace=300000, nelems=0, elem type=char[])
OBJ 50002043 (sz=24, trace=300000, class=java.lang.String@5000008d)
	value		50002046
OBJ 50002044 (sz=24, trace=300000, class=java.lang.String@5000008d)
	value		50002045
ARR 50002045 (sz=32, trace=300000, nelems=0, elem type=char[])
ARR 50002046 (sz=16, trace=300000, nelems=0, elem type=char[])
OBJ 50002047 (sz=24, trace=300000, class=java.lang.String@5000008d)
	value		5000204a
OBJ 50002048 (sz=24, trace=300000, class=java.lang.String@5000008d)
	value		50002049
ARR 50002049 (sz=24, trace=300000, nelems=0, elem type=char[])
ARR 5000204a (sz=16, trace=300000, nelems=0, elem type=char[])
OBJ 5000204b (sz=24, trace=300000, class=java.lang.String@5000008d)
	value		5000204e
OBJ 5000204c (sz=24, trace=300000, class=java.lang.String@5000008d)
	value		5000204d
ARR 5000204d (sz=24, trace=300000, nelems=0, elem type=char[])
ARR 5000204e (sz=16, trace=300000, nelems=0, elem type=char[])
OBJ 5000204f (sz=24, trace=300000, class=java.lang.String@5000008d)
	value		50002052
OBJ 50002050 (sz=24, trace=300000, class=java.lang.String@5000008d)
	value		50002051
ARR 50002051 (sz=32, trace=300000, nelems=0, elem type=char[])
ARR 50002052 (sz=16, trace=300000, nelems=0, elem type=char[])
OBJ 50002053 (sz=24, trace=300000, class=java.lang.String@5000008d)
	value		50002056
OBJ 50002054 (sz=24, trace=300000, class=java.lang.String@5000008d)
	value		50002055
ARR 50002055 (sz=32, trace=300000, nelems=0, elem type=char[])
ARR 50002056 (sz=16, trace=300000, nelems=0, elem type=char[])
OBJ 50002057 (sz=24, trace=300000, class=java.lang.String@5000008d)
	value		5000205a
OBJ 50002058 (sz=24, trace=300000, class=java.lang.String@5000008d)
	value		50002059
ARR 50002059 (sz=24, trace=300000, nelems=0, elem type=char[])
ARR 5000205a (sz=16, trace=300000, nelems=0, elem type=char[])
OBJ 5000205b (sz=24, trace=300000, class=java.lang.String@5000008d)
	value		5000205e
OBJ 5000205c (sz=24, trace=300000, class=java.lang.String@5000008d)
	value		5000205d
ARR 5000205d (sz=40, trace=300000, nelems=0, elem type=char[])
ARR 5000205e (sz=16, trace=300000, nelems=0, elem type=char[])
OBJ 5000205f (sz=24, trace=300000, class=java.lang.String@5000008d)
	value		50002062
OBJ 50002060 (sz=24, trace=300000, class=java.lang.String@5000008d)
	value		50002061
ARR 50002061 (sz=32, trace=300000, nelems=0, elem type=char[])
ARR 50002062 (sz=16, trace=300000, nelems=0, elem type=char[])
OBJ 50002063 (sz=24, trace=300000, class=java.lang.String@5000008d)
	value		50002066
OBJ 50002064 (sz=24, trace=300000, class=java.lang.String@5000008d)
	value		50002065
ARR 50002065 (sz=32, trace=300000, nelems=0, elem type=char[])
ARR 50002066 (sz=16, trace=300000, nelems=0, elem type=char[])
OBJ 50002067 (sz=24, trace=300000, class=java.lang.String@5000008d)
	value		50002068
ARR 50002068 (sz=40, trace=300000, nelems=0, elem type=char[])
OBJ 50002069 (sz=24, trace=300000, class=java.lang.String@5000008d)
	value		5000206c
OBJ 5000206a (sz=24, trace=300000, class=java.lang.String@5000008d)
	value		5000206b
ARR 5000206b (sz=24, trace=300000, nelems=0, elem type=char[])
ARR 5000206c (sz=16, trace=300000, nelems=0, elem type=char[])
OBJ 5000206d (sz=24, trace=300000, class=java.lang.String@5000008d)
	value		5000206e
ARR 5000206e (sz=24, trace=300000, nelems=0, elem type=char[])
OBJ 5000206f (sz=24, trace=300000, class=java.lang.String@5000008d)
	value		50002072
OBJ 50002070 (sz=24, trace=300000, class=java.lang.String@5000008d)
	value		50002071
ARR 50002071 (sz=40, trace=300000, nelems=0, elem type=char[])
ARR 50002072 (sz=16, trace=300000, nelems=0, elem type=char[])
OBJ 50002073 (sz=24, trace=300000, class=java.lang.String@5000008d)
	value		50002076
OBJ 50002074 (sz=24, trace=300000, class=java.lang.String@5000008d)
	value		50002075
ARR 50002075 (sz=32, trace=300000, nelems=0, elem type=char[])
ARR 50002076 (sz=16, trace=300000, nelems=0, elem type=char[])
OBJ 50002077 (sz=24, trace=300000, class=java.lang.String@5000008d)
	value		5000207a
OBJ 50002078 (sz=24, trace=300000, class=java.lang.String@5000008d)
	value		50002079
ARR 50002079 (sz=48, trace=300000, nelems=0, elem type=char[])
ARR 5000207a (sz=16, trace=300000, nelems=0, elem type=char[])
OBJ 5000207b (sz=24, trace=300000, class=java.lang.String@5000008d)
	value		5000207e
OBJ 5000207c (sz=24, trace=300000, class=java.lang.String@5000008d)
	value		5000207d
ARR 5000207d (sz=24, trace=300000, nelems=0, elem type=char[])
ARR 5000207e (sz=16, trace=300000, nelems=0, elem type=char[])
OBJ 5000207f (sz=24, trace=300000, class=java.lang.String@5000008d)
	value		50002082
OBJ 50002080 (sz=24, trace=300000, class=java.lang.String@5000008d)
	value		50002081
ARR 50002081 (sz=32, trace=300000, nelems=0, elem type=char[])
ARR 50002082 (sz=16, trace=300000, nelems=0, elem type=char[])
OBJ 50002083 (sz=24, trace=300000, class=java.lang.String@5000008d)
	value		50002086
OBJ 50002084 (sz=24, trace=300000, class=java.lang.String@5000008d)
	value		50002085
ARR 50002085 (sz=32, trace=300000, nelems=0, elem type=char[])
ARR 50002086 (sz=16, trace=300000, nelems=0, elem type=char[])
OBJ 50002087 (sz=24, trace=300000, class=java.lang.String@5000008d)
	value		5000208a
OBJ 50002088 (sz=24, trace=300000, class=java.lang.String@5000008d)
	value		50002089
ARR 50002089 (sz=24, trace=300000, nelems=0, elem type=char[])
ARR 5000208a (sz=16, trace=300000, nelems=0, elem type=char[])
OBJ 5000208b (sz=24, trace=300000, class=java.lang.String@5000008d)
	value		5000208e
OBJ 5000208c (sz=24, trace=300000, class=java.lang.String@5000008d)
	value		5000208d
ARR 5000208d (sz=32, trace=300000, nelems=0, elem type=char[])
ARR 5000208e (sz=16, trace=300000, nelems=0, elem type=char[])
OBJ 5000208f (sz=24, trace=300000, class=java.lang.String@5000008d)
	value		50002092
OBJ 50002090 (sz=24, trace=300000, class=java.lang.String@5000008d)
	value		50002091
ARR 50002091 (sz=40, trace=300000, nelems=0, elem type=char[])
ARR 50002092 (sz=16, trace=300000, nelems=0, elem type=char[])
OBJ 50002093 (sz=24, trace=300000, class=java.lang.String@5000008d)
	value		50002096
OBJ 50002094 (sz=24, trace=300000, class=java.lang.String@5000008d)
	value		50002095
ARR 50002095 (sz=24, trace=300000, nelems=0, elem type=char[])
ARR 50002096 (sz=16, trace=300000, nelems=0, elem type=char[])
OBJ 50002097 (sz=24, trace=300000, class=java.lang.String@5000008d)
	value		5000209a
OBJ 50002098 (sz=24, trace=300000, class=java.lang.String@5000008d)
	value		50002099
ARR 50002099 (sz=32, trace=300000, nelems=0, elem type=char[])
ARR 5000209a (sz=16, trace=300000, nelems=0, elem type=char[])
OBJ 5000209b (sz=24, trace=300000, class=java.lang.String@5000008d)
	value		5000209e
OBJ 5000209c (sz=24, trace=300000, class=java.lang.String@5000008d)
	value		5000209d
ARR 5000209d (sz=32, trace=300000, nelems=0, elem type=char[])
ARR 5000209e (sz=16, trace=300000, nelems=0, elem type=char[])
OBJ 5000209f (sz=24, trace=300000, class=java.lang.String@5000008d)
	value		500020a2
OBJ 500020a0 (sz=24, trace=300000, class=java.lang.String@5000008d)
	value		500020a1
ARR 500020a1 (sz=32, trace=300000, nelems=0, elem type=char[])
ARR 500020a2 (sz=16, trace=300000, nelems=0, elem type=char[])
OBJ 500020a3 (sz=24, trace=300000, class=java.lang.String@5000008d)
	value		500020a6
OBJ 500020a4 (sz=24, trace=300000, class=java.lang.String@5000008d)
	value		500020a5
ARR 500020a5 (sz=48, trace=300000, nelems=0, elem type=char[])
ARR 500020a6 (sz=16, trace=300000, nelems=0, elem type=char[])
OBJ 500020a7 (sz=24, trace=300000, class=java.lang.String@5000008d)
	value		500020aa
OBJ 500020a8 (sz=24, trace=300000, class=java.lang.String@5000008d)
	value		500020a9
ARR 500020a9 (sz=32, trace=300000, nelems=0, elem type=char[])
ARR 500020aa (sz=16, trace=300000, nelems=0, elem type=char[])
OBJ 500020ab (sz=24, trace=300000, class=java.lang.String@5000008d)
	value		500020ae
OBJ 500020ac (sz=24, trace=300000, class=java.lang.String@5000008d)
	value		500020ad
ARR 500020ad (sz=32, trace=300000, nelems=0, elem type=char[])
ARR 500020ae (sz=16, trace=300000, nelems=0, elem type=char[])
OBJ 500020af (sz=24, trace=300000, class=java.lang.String@5000008d)
	value		500020b2
OBJ 500020b0 (sz=24, trace=300000, class=java.lang.String@5000008d)
	value		500020b1
ARR 500020b1 (sz=32, trace=300000, nelems=0, elem type=char[])
ARR 500020b2 (sz=16, trace=300000, nelems=0, elem type=char[])
OBJ 500020b3 (sz=24, trace=300000, class=java.lang.String@5000008d)
	value		500020b4
ARR 500020b4 (sz=32, trace=300000, nelems=0, elem type=char[])
OBJ 500020b5 (sz=24, trace=300000, class=java.lang.String@5000008d)
	value		500020b8
OBJ 500020b6 (sz=24, trace=300000, class=java.lang.String@5000008d)
	value		500020b7
ARR 500020b7 (sz=40, trace=300000, nelems=0, elem type=char[])
ARR 500020b8 (sz=16, trace=300000, nelems=0, elem type=char[])
OBJ 500020b9 (sz=24, trace=300000, class=java.lang.String@5000008d)
	value		500020bc
OBJ 500020ba (sz=24, trace=300000, class=java.lang.String@5000008d)
	value		500020bb
ARR 500020bb (sz=24, trace=300000, nelems=0, elem type=char[])
ARR 500020bc (sz=16, trace=300000, nelems=0, elem type=char[])
OBJ 500020bd (sz=24, trace=300000, class=java.lang.String@5000008d)
	value		500020c0
OBJ 500020be (sz=24, trace=300000, class=java.lang.String@5000008d)
	value		500020bf
ARR 500020bf (sz=48, trace=300000, nelems=0, elem type=char[])
ARR 500020c0 (sz=16, trace=300000, nelems=0, elem type=char[])
OBJ 500020c1 (sz=24, trace=300000, class=java.lang.String@5000008d)
	value		500020c4
OBJ 500020c2 (sz=24, trace=300000, class=java.lang.String@5000008d)
	value		500020c3
ARR 500020c3 (sz=32, trace=300000, nelems=0, elem type=char[])
ARR 500020c4 (sz=16, trace=300000, nelems=0, elem type=char[])
OBJ 500020c5 (sz=24, trace=300000, class=java.lang.String@5000008d)
	value		500020c8
OBJ 500020c6 (sz=24, trace=300000, class=java.lang.String@5000008d)
	value		500020c7
ARR 500020c7 (sz=24, trace=300000, nelems=0, elem type=char[])
ARR 500020c8 (sz=16, trace=300000, nelems=0, elem type=char[])
OBJ 500020c9 (sz=24, trace=300000, class=java.lang.String@5000008d)
	value		500020cc
OBJ 500020ca (sz=24, trace=300000, class=java.lang.String@5000008d)
	value		500020cb
ARR 500020cb (sz=56, trace=300000, nelems=0, elem type=char[])
ARR 500020cc (sz=16, trace=300000, nelems=0, elem type=char[])
OBJ 500020cd (sz=24, trace=300000, class=java.lang.String@5000008d)
	value		500020d0
OBJ 500020ce (sz=24, trace=300000, class=java.lang.String@5000008d)
	value		500020cf
ARR 500020cf (sz=32, trace=300000, nelems=0, elem type=char[])
ARR 500020d0 (sz=16, trace=300000, nelems=0, elem type=char[])
OBJ 500020d1 (sz=24, trace=300000, class=java.lang.String@5000008d)
	value		500020d4
OBJ 500020d2 (sz=24, trace=300000, class=java.lang.String@5000008d)
	value		500020d3
ARR 500020d3 (sz=32, trace=300000, nelems=0, elem type=char[])
ARR 500020d4 (sz=16, trace=300000, nelems=0, elem type=char[])
OBJ 500020d5 (sz=24, trace=300000, class=java.lang.String@5000008d)
	value		500020d6
ARR 500020d6 (sz=24, trace=300000, nelems=0, elem type=char[])
OBJ 500020d7 (sz=24, trace=300000, class=java.lang.String@5000008d)
	value		500020da
OBJ 500020d8 (sz=24, trace=300000, class=java.lang.String@5000008d)
	value		500020d9
ARR 500020d9 (sz=32, trace=300000, nelems=0, elem type=char[])
ARR 500020da (sz=16, trace=300000, nelems=0, elem type=char[])
OBJ 500020db (sz=24, trace=300000, class=java.lang.String@5000008d)
	value		500020de
OBJ 500020dc (sz=24, trace=300000, class=java.lang.String@5000008d)
	value		500020dd
ARR 500020dd (sz=24, trace=300000, nelems=0, elem type=char[])
ARR 500020de (sz=16, trace=300000, nelems=0, elem type=char[])
OBJ 500020df (sz=24, trace=300000, class=java.lang.String@5000008d)
	value		500020e2
OBJ 500020e0 (sz=24, trace=300000, class=java.lang.String@5000008d)
	value		500020e1
ARR 500020e1 (sz=40, trace=300000, nelems=0, elem type=char[])
ARR 500020e2 (sz=16, trace=300000, nelems=0, elem type=char[])
OBJ 500020e3 (sz=24, trace=300000, class=java.lang.String@5000008d)
	value		500020e6
OBJ 500020e4 (sz=24, trace=300000, class=java.lang.String@5000008d)
	value		500020e5
ARR 500020e5 (sz=40, trace=300000, nelems=0, elem type=char[])
ARR 500020e6 (sz=16, trace=300000, nelems=0, elem type=char[])
OBJ 500020e7 (sz=24, trace=300000, class=java.lang.String@5000008d)
	value		500020ea
OBJ 500020e8 (sz=24, trace=300000, class=java.lang.String@5000008d)
	value		500020e9
ARR 500020e9 (sz=40, trace=300000, nelems=0, elem type=char[])
ARR 500020ea (sz=16, trace=300000, nelems=0, elem type=char[])
OBJ 500020eb (sz=24, trace=300000, class=java.lang.String@5000008d)
	value		500020ee
OBJ 500020ec (sz=24, trace=300000, class=java.lang.String@5000008d)
	value		500020ed
ARR 500020ed (sz=24, trace=300000, nelems=0, elem type=char[])
ARR 500020ee (sz=16, trace=300000, nelems=0, elem type=char[])
OBJ 500020ef (sz=24, trace=300000, class=java.lang.String@5000008d)
	value		500020f2
OBJ 500020f0 (sz=24, trace=300000, class=java.lang.String@5000008d)
	value		500020f1
ARR 500020f1 (sz=64, trace=300000, nelems=0, elem type=char[])
ARR 500020f2 (sz=16, trace=300000, nelems=0, elem type=char[])
OBJ 500020f3 (sz=24, trace=300000, class=java.lang.String@5000008d)
	value		500020f6
OBJ 500020f4 (sz=24, trace=300000, class=java.lang.String@5000008d)
	value		500020f5
ARR 500020f5 (sz=80, trace=300000, nelems=0, elem type=char[])
ARR 500020f6 (sz=16, trace=300000, nelems=0, elem type=char[])
OBJ 500020f7 (sz=24, trace=300000, class=java.lang.String@5000008d)
	value		500020fa
OBJ 500020f8 (sz=24, trace=300000, class=java.lang.String@5000008d)
	value		500020f9
ARR 500020f9 (sz=40, trace=300000, nelems=0, elem type=char[])
ARR 500020fa (sz=16, trace=300000, nelems=0, elem type=char[])
OBJ 500020fb (sz=24, trace=300000, class=java.lang.String@5000008d)
	value		500020fc
ARR 500020fc (sz=24, trace=300000, nelems=0, elem type=char[])
OBJ 500020fd (sz=24, trace=300000, class=java.lang.String@5000008d)
	value		50002100
OBJ 500020fe (sz=24, trace=300000, class=java.lang.String@5000008d)
	value		500020ff
ARR 500020ff (sz=24, trace=300000, nelems=0, elem type=char[])
ARR 50002100 (sz=16, trace=300000, nelems=0, elem type=char[])
OBJ 50002101 (sz=24, trace=300000, class=java.lang.String@5000008d)
	value		50002104
OBJ 50002102 (sz=24, trace=300000, class=java.lang.String@5000008d)
	value		50002103
ARR 50002103 (sz=32, trace=300000, nelems=0, elem type=char[])
ARR 50002104 (sz=16, trace=300000, nelems=0, elem type=char[])
OBJ 50002105 (sz=24, trace=300000, class=java.lang.String@5000008d)
	value		50002108
OBJ 50002106 (sz=24, trace=300000, class=java.lang.String@5000008d)
	value		50002107
ARR 50002107 (sz=32, trace=300000, nelems=0, elem type=char[])
ARR 50002108 (sz=16, trace=300000, nelems=0, elem type=char[])
OBJ 50002109 (sz=24, trace=300000, class=java.lang.String@5000008d)
	value		5000210c
OBJ 5000210a (sz=24, trace=300000, class=java.lang.String@5000008d)
	value		5000210b
ARR 5000210b (sz=40, trace=300000, nelems=0, elem type=char[])
ARR 5000210c (sz=16, trace=300000, nelems=0, elem type=char[])
OBJ 5000210d (sz=24, trace=300000, class=java.lang.String@5000008d)
	value		50002110
OBJ 5000210e (sz=24, trace=300000, class=java.lang.String@5000008d)
	value		5000210f
ARR 5000210f (sz=24, trace=300000, nelems=0, elem type=char[])
ARR 50002110 (sz=16, trace=300000, nelems=0, elem type=char[])
OBJ 50002111 (sz=24, trace=300000, class=java.lang.String@5000008d)
	value		50002114
OBJ 50002112 (sz=24, trace=300000, class=java.lang.String@5000008d)
	value		50002113
ARR 50002113 (sz=32, trace=300000, nelems=0, elem type=char[])
ARR 50002114 (sz=16, trace=300000, nelems=0, elem type=char[])
OBJ 50002115 (sz=24, trace=300000, class=java.lang.String@5000008d)
	value		50002118
OBJ 50002116 (sz=24, trace=300000, class=java.lang.String@5000008d)
	value		50002117
ARR 50002117 (sz=24, trace=300000, nelems=0, elem type=char[])
ARR 50002118 (sz=16, trace=300000, nelems=0, elem type=char[])
OBJ 50002119 (sz=24, trace=300000, class=java.lang.String@5000008d)
	value		5000211c
OBJ 5000211a (sz=24, trace=300000, class=java.lang.String@5000008d)
	value		5000211b
ARR 5000211b (sz=32, trace=300000, nelems=0, elem type=char[])
ARR 5000211c (sz=16, trace=300000, nelems=0, elem type=char[])
OBJ 5000211d (sz=24, trace=300000, class=java.lang.String@5000008d)
	value		50002120
OBJ 5000211e (sz=24, trace=300000, class=java.lang.String@5000008d)
	value		5000211f
ARR 5000211f (sz=24, trace=300000, nelems=0, elem type=char[])
ARR 50002120 (sz=16, trace=300000, nelems=0, elem type=char[])
OBJ 50002121 (sz=24, trace=300000, class=java.lang.String@5000008d)
	value		50002124
OBJ 50002122 (sz=24, trace=300000, class=java.lang.String@5000008d)
	value		50002123
ARR 50002123 (sz=32, trace=300000, nelems=0, elem type=char[])
ARR 50002124 (sz=16, trace=300000, nelems=0, elem type=char[])
OBJ 50002125 (sz=24, trace=300000, class=java.lang.String@5000008d)
	value		50002128
OBJ 50002126 (sz=24, trace=300000, class=java.lang.String@5000008d)
	value		50002127
ARR 50002127 (sz=24, trace=300000, nelems=0, elem type=char[])
ARR 50002128 (sz=16, trace=300000, nelems=0, elem type=char[])
OBJ 50002129 (sz=24, trace=300000, class=java.lang.String@5000008d)
	value		5000212c
OBJ 5000212a (sz=24, trace=300000, class=java.lang.String@5000008d)
	value		5000212b
ARR 5000212b (sz=32, trace=300000, nelems=0, elem type=char[])
ARR 5000212c (sz=16, trace=300000, nelems=0, elem type=char[])
OBJ 5000212d (sz=24, trace=300000, class=java.lang.String@5000008d)
	value		50002130
OBJ 5000212e (sz=24, trace=300000, class=java.lang.String@5000008d)
	value		5000212f
ARR 5000212f (sz=32, trace=300000, nelems=0, elem type=char[])
ARR 50002130 (sz=16, trace=300000, nelems=0, elem type=char[])
OBJ 50002131 (sz=24, trace=300000, class=java.lang.String@5000008d)
	value		50002134
OBJ 50002132 (sz=24, trace=300000, class=java.lang.String@5000008d)
	value		50002133
ARR 50002133 (sz=32, trace=300000, nelems=0, elem type=char[])
ARR 50002134 (sz=16, trace=300000, nelems=0, elem type=char[])
OBJ 50002135 (sz=24, trace=300000, class=java.lang.String@5000008d)
	value		50002138
OBJ 50002136 (sz=24, trace=300000, class=java.lang.String@5000008d)
	value		50002137
ARR 50002137 (sz=40, trace=300000, nelems=0, elem type=char[])
ARR 50002138 (sz=16, trace=300000, nelems=0, elem type=char[])
OBJ 50002139 (sz=24, trace=300000, class=java.lang.String@5000008d)
	value		5000213c
OBJ 5000213a (sz=24, trace=300000, class=java.lang.String@5000008d)
	value		5000213b
ARR 5000213b (sz=32, trace=300000, nelems=0, elem type=char[])
ARR 5000213c (sz=16, trace=300000, nelems=0, elem type=char[])
OBJ 5000213d (sz=24, trace=300000, class=java.lang.String@5000008d)
	value		50002140
OBJ 5000213e (sz=24, trace=300000, class=java.lang.String@5000008d)
	value		5000213f
ARR 5000213f (sz=32, trace=300000, nelems=0, elem type=char[])
ARR 50002140 (sz=16, trace=300000, nelems=0, elem type=char[])
OBJ 50002141 (sz=24, trace=300000, class=java.lang.String@5000008d)
	value		50002144
OBJ 50002142 (sz=24, trace=300000, class=java.lang.String@5000008d)
	value		50002143
ARR 50002143 (sz=32, trace=300000, nelems=0, elem type=char[])
ARR 50002144 (sz=16, trace=300000, nelems=0, elem type=char[])
OBJ 50002145 (sz=24, trace=300000, class=java.lang.String@5000008d)
	value		50002148
OBJ 50002146 (sz=24, trace=300000, class=java.lang.String@5000008d)
	value		50002147
ARR 50002147 (sz=56, trace=300000, nelems=0, elem type=char[])
ARR 50002148 (sz=16, trace=300000, nelems=0, elem type=char[])
OBJ 50002149 (sz=24, trace=300000, class=java.lang.String@5000008d)
	value		5000214c
OBJ 5000214a (sz=24, trace=300000, class=java.lang.String@5000008d)
	value		5000214b
ARR 5000214b (sz=32, trace=300000, nelems=0, elem type=char[])
ARR 5000214c (sz=16, trace=300000, nelems=0, elem type=char[])
OBJ 5000214d (sz=24, trace=300000, class=java.lang.String@5000008d)
	value		50002150
OBJ 5000214e (sz=24, trace=300000, class=java.lang.String@5000008d)
	value		5000214f
ARR 5000214f (sz=40, trace=300000, nelems=0, elem type=char[])
ARR 50002150 (sz=16, trace=300000, nelems=0, elem type=char[])
OBJ 50002151 (sz=24, trace=300000, class=java.lang.String@5000008d)
	value		50002154
OBJ 50002152 (sz=24, trace=300000, class=java.lang.String@5000008d)
	value		50002153
ARR 50002153 (sz=24, trace=300000, nelems=0, elem type=char[])
ARR 50002154 (sz=16, trace=300000, nelems=0, elem type=char[])
OBJ 50002155 (sz=24, trace=300000, class=java.lang.String@5000008d)
	value		50002158
OBJ 50002156 (sz=24, trace=300000, class=java.lang.String@5000008d)
	value		50002157
ARR 50002157 (sz=32, trace=300000, nelems=0, elem type=char[])
ARR 50002158 (sz=16, trace=300000, nelems=0, elem type=char[])
OBJ 50002159 (sz=24, trace=300000, class=java.lang.String@5000008d)
	value		5000215c
OBJ 5000215a (sz=24, trace=300000, class=java.lang.String@5000008d)
	value		5000215b
ARR 5000215b (sz=32, trace=300000, nelems=0, elem type=char[])
ARR 5000215c (sz=16, trace=300000, nelems=0, elem type=char[])
OBJ 5000215d (sz=24, trace=300000, class=java.lang.String@5000008d)
	value		50002160
OBJ 5000215e (sz=24, trace=300000, class=java.lang.String@5000008d)
	value		5000215f
ARR 5000215f (sz=40, trace=300000, nelems=0, elem type=char[])
ARR 50002160 (sz=16, trace=300000, nelems=0, elem type=char[])
OBJ 50002161 (sz=24, trace=300000, class=java.lang.String@5000008d)
	value		50002164
OBJ 50002162 (sz=24, trace=300000, class=java.lang.String@5000008d)
	value		50002163
ARR 50002163 (sz=32, trace=300000, nelems=0, elem type=char[])
ARR 50002164 (sz=16, trace=300000, nelems=0, elem type=char[])
OBJ 50002165 (sz=24, trace=300000, class=java.lang.String@5000008d)
	value		50002168
OBJ 50002166 (sz=24, trace=300000, class=java.lang.String@5000008d)
	value		50002167
ARR 50002167 (sz=32, trace=300000, nelems=0, elem type=char[])
ARR 50002168 (sz=16, trace=300000, nelems=0, elem type=char[])
OBJ 50002169 (sz=24, trace=300000, class=java.lang.String@5000008d)
	value		5000216c
OBJ 5000216a (sz=24, trace=300000, class=java.lang.String@5000008d)
	value		5000216b
ARR 5000216b (sz=24, trace=300000, nelems=0, elem type=char[])
ARR 5000216c (sz=16, trace=300000, nelems=0, elem type=char[])
OBJ 5000216d (sz=24, trace=300000, class=java.lang.String@5000008d)
	value		50002170
OBJ 5000216e (sz=24, trace=300000, class=java.lang.String@5000008d)
	value		5000216f
ARR 5000216f (sz=56, trace=300000, nelems=0, elem type=char[])
ARR 50002170 (sz=16, trace=300000, nelems=0, elem type=char[])
OBJ 50002171 (sz=24, trace=300000, class=java.lang.String@5000008d)
	value		50002172
ARR 50002172 (sz=32, trace=300000, nelems=0, elem type=char[])
OBJ 50002173 (sz=24, trace=300000, class=java.lang.String@5000008d)
	value		50002176
OBJ 50002174 (sz=24, trace=300000, class=java.lang.String@5000008d)
	value		50002175
ARR 50002175 (sz=32, trace=300000, nelems=0, elem type=char[])
ARR 50002176 (sz=16, trace=300000, nelems=0, elem type=char[])
OBJ 50002177 (sz=24, trace=300000, class=java.lang.String@5000008d)
	value		5000217a
OBJ 50002178 (sz=24, trace=300000, class=java.lang.String@5000008d)
	value		50002179
ARR 50002179 (sz=32, trace=300000, nelems=0, elem type=char[])
ARR 5000217a (sz=16, trace=300000, nelems=0, elem type=char[])
OBJ 5000217b (sz=24, trace=300000, class=java.lang.String@5000008d)
	value		5000217e
OBJ 5000217c (sz=24, trace=300000, class=java.lang.String@5000008d)
	value		5000217d
ARR 5000217d (sz=56, trace=300000, nelems=0, elem type=char[])
ARR 5000217e (sz=16, trace=300000, nelems=0, elem type=char[])
OBJ 5000217f (sz=24, trace=300000, class=java.lang.String@5000008d)
	value		50002182
OBJ 50002180 (sz=24, trace=300000, class=java.lang.String@5000008d)
	value		50002181
ARR 50002181 (sz=40, trace=300000, nelems=0, elem type=char[])
ARR 50002182 (sz=16, trace=300000, nelems=0, elem type=char[])
OBJ 50002183 (sz=24, trace=300000, class=java.lang.String@5000008d)
	value		50002186
OBJ 50002184 (sz=24, trace=300000, class=java.lang.String@5000008d)
	value		50002185
ARR 50002185 (sz=56, trace=300000, nelems=0, elem type=char[])
ARR 50002186 (sz=16, trace=300000, nelems=0, elem type=char[])
OBJ 50002187 (sz=24, trace=300000, class=java.lang.String@5000008d)
	value		5000218a
OBJ 50002188 (sz=24, trace=300000, class=java.lang.String@5000008d)
	value		50002189
ARR 50002189 (sz=32, trace=300000, nelems=0, elem type=char[])
ARR 5000218a (sz=16, trace=300000, nelems=0, elem type=char[])
OBJ 5000218b (sz=24, trace=300000, class=java.lang.String@5000008d)
	value		5000218c
ARR 5000218c (sz=24, trace=300000, nelems=0, elem type=char[])
OBJ 5000218d (sz=24, trace=300000, class=java.lang.String@5000008d)
	value		5000218e
ARR 5000218e (sz=16, trace=300000, nelems=0, elem type=char[])
OBJ 5000218f (sz=24, trace=300000, class=java.lang.String@5000008d)
	value		50002190
ARR 50002190 (sz=48, trace=300000, nelems=0, elem type=char[])
OBJ 50002191 (sz=24, trace=300000, class=java.lang.String@5000008d)
	value		500021a6
OBJ 50002192 (sz=24, trace=300000, class=java.lang.String@5000008d)
	value		500021a5
OBJ 50002193 (sz=24, trace=300000, class=java.lang.String@5000008d)
	value		500021a4
OBJ 50002194 (sz=24, trace=300000, class=java.lang.String@5000008d)
	value		500021a3
OBJ 50002195 (sz=24, trace=300000, class=java.lang.String@5000008d)
	value		500021a2
OBJ 50002196 (sz=24, trace=300000, class=java.lang.String@5000008d)
	value		500021a1
OBJ 50002197 (sz=24, trace=300000, class=java.lang.String@5000008d)
	value		500021a0
OBJ 50002198 (sz=24, trace=300000, class=java.lang.String@5000008d)
	value		5000219f
OBJ 50002199 (sz=24, trace=300000, class=java.lang.String@5000008d)
	value		5000219e
OBJ 5000219a (sz=24, trace=300000, class=java.lang.String@5000008d)
	value		5000219d
OBJ 5000219b (sz=24, trace=300000, class=java.lang.String@5000008d)
	value		5000219c
ARR 5000219c (sz=24, trace=300000, nelems=0, elem type=char[])
ARR 5000219d (sz=24, trace=300000, nelems=0, elem type=char[])
ARR 5000219e (sz=24, trace=300000, nelems=0, elem type=char[])
ARR 5000219f (sz=24, trace=300000, nelems=0, elem type=char[])
ARR 500021a0 (sz=24, trace=300000, nelems=0, elem type=char[])
ARR 500021a1 (sz=24, trace=300000, nelems=0, elem type=char[])
ARR 500021a2 (sz=24, trace=300000, nelems=0, elem type=char[])
ARR 500021a3 (sz=24, trace=300000, nelems=0, elem type=char[])
ARR 500021a4 (sz=24, trace=300000, nelems=0, elem type=char[])
ARR 500021a5 (sz=24, trace=300000, nelems=0, elem type=char[])
ARR 500021a6 (sz=24, trace=300000, nelems=0, elem type=char[])
OBJ 500021a7 (sz=24, trace=300000, class=java.lang.String@5000008d)
	value		500021a8
ARR 500021a8 (sz=48, trace=300000, nelems=0, elem type=char[])
OBJ 500021a9 (sz=24, trace=300000, class=java.lang.String@5000008d)
	value		500021ae
OBJ 500021aa (sz=24, trace=300000, class=java.lang.String@5000008d)
	value		500021ad
OBJ 500021ab (sz=24, trace=300000, class=java.lang.String@5000008d)
	value		500021ac
ARR 500021ac (sz=32, trace=300000, nelems=0, elem type=char[])
ARR 500021ad (sz=104, trace=300000, nelems=0, elem type=char[])
ARR 500021ae (sz=80, trace=300000, nelems=0, elem type=char[])
OBJ 500021af (sz=24, trace=300000, class=java.lang.String@5000008d)
	value		500021b0
ARR 500021b0 (sz=32, trace=300000, nelems=0, elem type=char[])
OBJ 500021b1 (sz=24, trace=300000, class=java.lang.String@5000008d)
	value		500021be
OBJ 500021b2 (sz=24, trace=300000, class=java.lang.String@5000008d)
	value		500021bd
OBJ 500021b3 (sz=24, trace=300000, class=java.lang.String@5000008d)
	value		500021bc
OBJ 500021b4 (sz=24, trace=300000, class=java.lang.String@5000008d)
	value		500021bb
OBJ 500021b5 (sz=24, trace=300000, class=java.lang.String@5000008d)
	value		500021ba
OBJ 500021b6 (sz=24, trace=300000, class=java.lang.String@5000008d)
	value		500021b9
OBJ 500021b7 (sz=24, trace=300000, class=java.lang.String@5000008d)
	value		500021b8
ARR 500021b8 (sz=32, trace=300000, nelems=0, elem type=char[])
ARR 500021b9 (sz=24, trace=300000, nelems=0, elem type=char[])
ARR 500021ba (sz=32, trace=300000, nelems=0, elem type=char[])
ARR 500021bb (sz=32, trace=300000, nelems=0, elem type=char[])
ARR 500021bc (sz=32, trace=300000, nelems=0, elem type=char[])
ARR 500021bd (sz=24, trace=300000, nelems=0, elem type=char[])
ARR 500021be (sz=24, trace=300000, nelems=0, elem type=char[])
OBJ 500021bf (sz=24, trace=300000, class=java.lang.String@5000008d)
	value		500021c0
ARR 500021c0 (sz=48, trace=300000, nelems=0, elem type=char[])
OBJ 500021c1 (sz=24, trace=300000, class=java.lang.String@5000008d)
	value		500021ce
OBJ 500021c2 (sz=24, trace=300000, class=java.lang.String@5000008d)
	value		500021cd
OBJ 500021c3 (sz=24, trace=300000, class=java.lang.String@5000008d)
	value		500021cc
OBJ 500021c4 (sz=24, trace=300000, class=java.lang.String@5000008d)
	value		500021cb
OBJ 500021c5 (sz=24, trace=300000, class=java.lang.String@5000008d)
	value		500021ca
OBJ 500021c6 (sz=24, trace=300000, class=java.lang.String@5000008d)
	value		500021c9
OBJ 500021c7 (sz=24, trace=300000, class=java.lang.String@5000008d)
	value		500021c8
ARR 500021c8 (sz=24, trace=300000, nelems=0, elem type=char[])
ARR 500021c9 (sz=24, trace=300000, nelems=0, elem type=char[])
ARR 500021ca (sz=24, trace=300000, nelems=0, elem type=char[])
ARR 500021cb (sz=24, trace=300000, nelems=0, elem type=char[])
ARR 500021cc (sz=24, trace=300000, nelems=0, elem type=char[])
ARR 500021cd (sz=24, trace=300000, nelems=0, elem type=char[])
ARR 500021ce (sz=24, trace=300000, nelems=0, elem type=char[])
OBJ 500021cf (sz=24, trace=300000, class=java.lang.String@5000008d)
	value		500021d0
ARR 500021d0 (sz=48, trace=300000, nelems=0, elem type=char[])
OBJ 500021d1 (sz=24, trace=300000, class=java.lang.String@5000008d)
	value		500021d2
ARR 500021d2 (sz=16, trace=300000, nelems=0, elem type=char[])
OBJ 500021d3 (sz=24, trace=300000, class=java.lang.String@5000008d)
	value		500021d6
OBJ 500021d4 (sz=24, trace=300000, class=java.lang.String@5000008d)
	value		500021d5
ARR 500021d5 (sz=24, trace=300000, nelems=0, elem type=char[])
ARR 500021d6 (sz=24, trace=300000, nelems=0, elem type=char[])
OBJ 500021d7 (sz=24, trace=300000, class=java.lang.String@5000008d)
	value		500021d8
ARR 500021d8 (sz=32, trace=300000, nelems=0, elem type=char[])
OBJ 500021d9 (sz=24, trace=300000, class=java.lang.String@5000008d)
	value		500021dc
OBJ 500021da (sz=24, trace=300000, class=java.lang.String@5000008d)
	value		500021db
ARR 500021db (sz=24, trace=300000, nelems=0, elem type=char[])
ARR 500021dc (sz=16, trace=300000, nelems=0, elem type=char[])
OBJ 500021dd (sz=24, trace=300000, class=java.lang.String@5000008d)
	value		500021de
ARR 500021de (sz=32, trace=300000, nelems=0, elem type=char[])
OBJ 500021df (sz=24, trace=300000, class=java.lang.String@5000008d)
	value		500021e2
OBJ 500021e0 (sz=24, trace=300000, class=java.lang.String@5000008d)
	value		500021e1
ARR 500021e1 (sz=24, trace=300000, nelems=0, elem type=char[])
ARR 500021e2 (sz=16, trace=300000, nelems=0, elem type=char[])
OBJ 500021e3 (sz=24, trace=300000, class=java.lang.String@5000008d)
	value		500021e6
OBJ 500021e4 (sz=24, trace=300000, class=java.lang.String@5000008d)
	value		500021e5
ARR 500021e5 (sz=24, trace=300000, nelems=0, elem type=char[])
ARR 500021e6 (sz=16, trace=300000, nelems=0, elem type=char[])
OBJ 500021e7 (sz=24, trace=300000, class=java.lang.String@5000008d)
	value		500021e8
ARR 500021e8 (sz=32, trace=300000, nelems=0, elem type=char[])
OBJ 500021e9 (sz=24, trace=300000, class=java.lang.String@5000008d)
	value		500021ec
OBJ 500021ea (sz=24, trace=300000, class=java.lang.String@5000008d)
	value		500021eb
ARR 500021eb (sz=24, trace=300000, nelems=0, elem type=char[])
ARR 500021ec (sz=16, trace=300000, nelems=0, elem type=char[])
OBJ 500021ed (sz=24, trace=300000, class=java.lang.String@5000008d)
	value		500021f0
OBJ 500021ee (sz=24, trace=300000, class=java.lang.String@5000008d)
	value		500021ef
ARR 500021ef (sz=24, trace=300000, nelems=0, elem type=char[])
ARR 500021f0 (sz=16, trace=300000, nelems=0, elem type=char[])
OBJ 500021f1 (sz=24, trace=300000, class=java.lang.String@5000008d)
	value		500021f4
OBJ 500021f2 (sz=24, trace=300000, class=java.lang.String@5000008d)
	value		500021f3
ARR 500021f3 (sz=32, trace=300000, nelems=0, elem type=char[])
ARR 500021f4 (sz=16, trace=300000, nelems=0, elem type=char[])
OBJ 500021f5 (sz=24, trace=300000, class=java.lang.String@5000008d)
	value		500021f8
OBJ 500021f6 (sz=24, trace=300000, class=java.lang.String@5000008d)
	value		500021f7
ARR 500021f7 (sz=32, trace=300000, nelems=0, elem type=char[])
ARR 500021f8 (sz=16, trace=300000, nelems=0, elem type=char[])
OBJ 500021f9 (sz=24, trace=300000, class=java.lang.String@5000008d)
	value		500021fc
OBJ 500021fa (sz=24, trace=300000, class=java.lang.String@5000008d)
	value		500021fb
ARR 500021fb (sz=32, trace=300000, nelems=0, elem type=char[])
ARR 500021fc (sz=16, trace=300000, nelems=0, elem type=char[])
OBJ 500021fd (sz=24, trace=300000, class=java.lang.String@5000008d)
	value		50002200
OBJ 500021fe (sz=24, trace=300000, class=java.lang.String@5000008d)
	value		500021ff
ARR 500021ff (sz=24, trace=300000, nelems=0, elem type=char[])
ARR 50002200 (sz=16, trace=300000, nelems=0, elem type=char[])
OBJ 50002201 (sz=24, trace=300000, class=java.lang.String@5000008d)
	value		50002204
OBJ 50002202 (sz=24, trace=300000, class=java.lang.String@5000008d)
	value		50002203
ARR 50002203 (sz=24, trace=300000, nelems=0, elem type=char[])
ARR 50002204 (sz=16, trace=300000, nelems=0, elem type=char[])
OBJ 50002205 (sz=24, trace=300000, class=java.lang.String@5000008d)
	value		50002208
OBJ 50002206 (sz=24, trace=300000, class=java.lang.String@5000008d)
	value		50002207
ARR 50002207 (sz=24, trace=300000, nelems=0, elem type=char[])
ARR 50002208 (sz=16, trace=300000, nelems=0, elem type=char[])
OBJ 50002209 (sz=24, trace=300000, class=java.lang.String@5000008d)
	value		5000220c
OBJ 5000220a (sz=24, trace=300000, class=java.lang.String@5000008d)
	value		5000220b
ARR 5000220b (sz=32, trace=300000, nelems=0, elem type=char[])
ARR 5000220c (sz=16, trace=300000, nelems=0, elem type=char[])
OBJ 5000220d (sz=24, trace=300000, class=java.lang.String@5000008d)
	value		50002210
OBJ 5000220e (sz=24, trace=300000, class=java.lang.String@5000008d)
	value		5000220f
ARR 5000220f (sz=24, trace=300000, nelems=0, elem type=char[])
ARR 50002210 (sz=16, trace=300000, nelems=0, elem type=char[])
OBJ 50002211 (sz=24, trace=300000, class=java.lang.String@5000008d)
	value		50002214
OBJ 50002212 (sz=24, trace=300000, class=java.lang.String@5000008d)
	value		50002213
ARR 50002213 (sz=32, trace=300000, nelems=0, elem type=char[])
ARR 50002214 (sz=16, trace=300000, nelems=0, elem type=char[])
OBJ 50002215 (sz=24, trace=300000, class=java.lang.String@5000008d)
	value		50002218
OBJ 50002216 (sz=24, trace=300000, class=java.lang.String@5000008d)
	value		50002217
ARR 50002217 (sz=24, trace=300000, nelems=0, elem type=char[])
ARR 50002218 (sz=16, trace=300000, nelems=0, elem type=char[])
OBJ 50002219 (sz=24, trace=300000, class=java.lang.String@5000008d)
	value		5000221c
OBJ 5000221a (sz=24, trace=300000, class=java.lang.String@5000008d)
	value		5000221b
ARR 5000221b (sz=24, trace=300000, nelems=0, elem type=char[])
ARR 5000221c (sz=16, trace=300000, nelems=0, elem type=char[])
OBJ 5000221d (sz=24, trace=300000, class=java.lang.String@5000008d)
	value		50002220
OBJ 5000221e (sz=24, trace=300000, class=java.lang.String@5000008d)
	value		5000221f
ARR 5000221f (sz=24, trace=300000, nelems=0, elem type=char[])
ARR 50002220 (sz=16, trace=300000, nelems=0, elem type=char[])
OBJ 50002221 (sz=24, trace=300000, class=java.lang.String@5000008d)
	value		50002222
ARR 50002222 (sz=32, trace=300000, nelems=0, elem type=char[])
OBJ 50002223 (sz=24, trace=300000, class=java.lang.String@5000008d)
	value		50002224
ARR 50002224 (sz=16, trace=300000, nelems=0, elem type=char[])
OBJ 50002225 (sz=24, trace=300000, class=java.lang.String@5000008d)
	value		50002228
OBJ 50002226 (sz=24, trace=300000, class=java.lang.String@5000008d)
	value		50002227
ARR 50002227 (sz=24, trace=300000, nelems=0, elem type=char[])
ARR 50002228 (sz=16, trace=300000, nelems=0, elem type=char[])
OBJ 50002229 (sz=24, trace=300000, class=java.lang.String@5000008d)
	value		5000222c
OBJ 5000222a (sz=24, trace=300000, class=java.lang.String@5000008d)
	value		5000222b
ARR 5000222b (sz=32, trace=300000, nelems=0, elem type=char[])
ARR 5000222c (sz=16, trace=300000, nelems=0, elem type=char[])
OBJ 5000222d (sz=24, trace=300000, class=java.lang.String@5000008d)
	value		50002230
OBJ 5000222e (sz=24, trace=300000, class=java.lang.String@5000008d)
	value		5000222f
ARR 5000222f (sz=32, trace=300000, nelems=0, elem type=char[])
ARR 50002230 (sz=16, trace=300000, nelems=0, elem type=char[])
OBJ 50002231 (sz=24, trace=300000, class=java.lang.String@5000008d)
	value		50002234
OBJ 50002232 (sz=24, trace=300000, class=java.lang.String@5000008d)
	value		50002233
ARR 50002233 (sz=32, trace=300000, nelems=0, elem type=char[])
ARR 50002234 (sz=16, trace=300000, nelems=0, elem type=char[])
OBJ 50002235 (sz=24, trace=300000, class=java.lang.String@5000008d)
	value		50002238
OBJ 50002236 (sz=24, trace=300000, class=java.lang.String@5000008d)
	value		50002237
ARR 50002237 (sz=24, trace=300000, nelems=0, elem type=char[])
ARR 50002238 (sz=16, trace=300000, nelems=0, elem type=char[])
OBJ 50002239 (sz=24, trace=300000, class=java.lang.String@5000008d)
	value		5000223c
OBJ 5000223a (sz=24, trace=300000, class=java.lang.String@5000008d)
	value		5000223b
ARR 5000223b (sz=24, trace=300000, nelems=0, elem type=char[])
ARR 5000223c (sz=16, trace=300000, nelems=0, elem type=char[])
OBJ 5000223d (sz=24, trace=300000, class=java.lang.String@5000008d)
	value		50002240
OBJ 5000223e (sz=24, trace=300000, class=java.lang.String@5000008d)
	value		5000223f
ARR 5000223f (sz=24, trace=300000, nelems=0, elem type=char[])
ARR 50002240 (sz=16, trace=300000, nelems=0, elem type=char[])
OBJ 50002241 (sz=24, trace=300000, class=java.lang.String@5000008d)
	value		50002244
OBJ 50002242 (sz=24, trace=300000, class=java.lang.String@5000008d)
	value		50002243
ARR 50002243 (sz=24, trace=300000, nelems=0, elem type=char[])
ARR 50002244 (sz=16, trace=300000, nelems=0, elem type=char[])
OBJ 50002245 (sz=24, trace=300000, class=java.lang.String@5000008d)
	value		50002248
OBJ 50002246 (sz=24, trace=300000, class=java.lang.String@5000008d)
	value		50002247
ARR 50002247 (sz=32, trace=300000, nelems=0, elem type=char[])
ARR 50002248 (sz=16, trace=300000, nelems=0, elem type=char[])
OBJ 50002249 (sz=24, trace=300000, class=java.lang.String@5000008d)
	value		5000224c
OBJ 5000224a (sz=24, trace=300000, class=java.lang.String@5000008d)
	value		5000224b
ARR 5000224b (sz=32, trace=300000, nelems=0, elem type=char[])
ARR 5000224c (sz=16, trace=300000, nelems=0, elem type=char[])
OBJ 5000224d (sz=24, trace=300000, class=java.lang.String@5000008d)
	value		50002250
OBJ 5000224e (sz=24, trace=300000, class=java.lang.String@5000008d)
	value		5000224f
ARR 5000224f (sz=32, trace=300000, nelems=0, elem type=char[])
ARR 50002250 (sz=16, trace=300000, nelems=0, elem type=char[])
OBJ 50002251 (sz=24, trace=300000, class=java.lang.String@5000008d)
	value		50002254
OBJ 50002252 (sz=24, trace=300000, class=java.lang.String@5000008d)
	value		50002253
ARR 50002253 (sz=40, trace=300000, nelems=0, elem type=char[])
ARR 50002254 (sz=16, trace=300000, nelems=0, elem type=char[])
OBJ 50002255 (sz=24, trace=300000, class=java.lang.String@5000008d)
	value		50002258
OBJ 50002256 (sz=24, trace=300000, class=java.lang.String@5000008d)
	value		50002257
ARR 50002257 (sz=24, trace=300000, nelems=0, elem type=char[])
ARR 50002258 (sz=16, trace=300000, nelems=0, elem type=char[])
OBJ 50002259 (sz=24, trace=300000, class=java.lang.String@5000008d)
	value		5000225c
OBJ 5000225a (sz=24, trace=300000, class=java.lang.String@5000008d)
	value		5000225b
ARR 5000225b (sz=32, trace=300000, nelems=0, elem type=char[])
ARR 5000225c (sz=16, trace=300000, nelems=0, elem type=char[])
OBJ 5000225d (sz=24, trace=300000, class=java.lang.String@5000008d)
	value		50002260
OBJ 5000225e (sz=24, trace=300000, class=java.lang.String@5000008d)
	value		5000225f
ARR 5000225f (sz=32, trace=300000, nelems=0, elem type=char[])
ARR 50002260 (sz=16, trace=300000, nelems=0, elem type=char[])
OBJ 50002261 (sz=24, trace=300000, class=java.lang.String@5000008d)
	value		50002264
OBJ 50002262 (sz=24, trace=300000, class=java.lang.String@5000008d)
	value		50002263
ARR 50002263 (sz=24, trace=300000, nelems=0, elem type=char[])
ARR 50002264 (sz=16, trace=300000, nelems=0, elem type=char[])
OBJ 50002265 (sz=24, trace=300000, class=java.lang.String@5000008d)
	value		50002268
OBJ 50002266 (sz=24, trace=300000, class=java.lang.String@5000008d)
	value		50002267
ARR 50002267 (sz=24, trace=300000, nelems=0, elem type=char[])
ARR 50002268 (sz=16, trace=300000, nelems=0, elem type=char[])
OBJ 50002269 (sz=24, trace=300000, class=java.lang.String@5000008d)
	value		5000226c
OBJ 5000226a (sz=24, trace=300000, class=java.lang.String@5000008d)
	value		5000226b
ARR 5000226b (sz=24, trace=300000, nelems=0, elem type=char[])
ARR 5000226c (sz=16, trace=300000, nelems=0, elem type=char[])
OBJ 5000226d (sz=24, trace=300000, class=java.lang.String@5000008d)
	value		50002270
OBJ 5000226e (sz=24, trace=300000, class=java.lang.String@5000008d)
	value		5000226f
ARR 5000226f (sz=32, trace=300000, nelems=0, elem type=char[])
ARR 50002270 (sz=16, trace=300000, nelems=0, elem type=char[])
OBJ 50002271 (sz=24, trace=300000, class=java.lang.String@5000008d)
	value		50002274
OBJ 50002272 (sz=24, trace=300000, class=java.lang.String@5000008d)
	value		50002273
ARR 50002273 (sz=24, trace=300000, nelems=0, elem type=char[])
ARR 50002274 (sz=16, trace=300000, nelems=0, elem type=char[])
OBJ 50002275 (sz=24, trace=300000, class=java.lang.String@5000008d)
	value		50002278
OBJ 50002276 (sz=24, trace=300000, class=java.lang.String@5000008d)
	value		50002277
ARR 50002277 (sz=32, trace=300000, nelems=0, elem type=char[])
ARR 50002278 (sz=16, trace=300000, nelems=0, elem type=char[])
OBJ 50002279 (sz=24, trace=300000, class=java.lang.String@5000008d)
	value		5000227c
OBJ 5000227a (sz=24, trace=300000, class=java.lang.String@5000008d)
	value		5000227b
ARR 5000227b (sz=24, trace=300000, nelems=0, elem type=char[])
ARR 5000227c (sz=16, trace=300000, nelems=0, elem type=char[])
OBJ 5000227d (sz=24, trace=300000, class=java.lang.String@5000008d)
	value		50002280
OBJ 5000227e (sz=24, trace=300000, class=java.lang.String@5000008d)
	value		5000227f
ARR 5000227f (sz=40, trace=300000, nelems=0, elem type=char[])
ARR 50002280 (sz=16, trace=300000, nelems=0, elem type=char[])
OBJ 50002281 (sz=24, trace=300000, class=java.lang.String@5000008d)
	value		50002284
OBJ 50002282 (sz=24, trace=300000, class=java.lang.String@5000008d)
	value		50002283
ARR 50002283 (sz=24, trace=300000, nelems=0, elem type=char[])
ARR 50002284 (sz=16, trace=300000, nelems=0, elem type=char[])
OBJ 50002285 (sz=24, trace=300000, class=java.lang.String@5000008d)
	value		50002288
OBJ 50002286 (sz=24, trace=300000, class=java.lang.String@5000008d)
	value		50002287
ARR 50002287 (sz=32, trace=300000, nelems=0, elem type=char[])
ARR 50002288 (sz=16, trace=300000, nelems=0, elem type=char[])
OBJ 50002289 (sz=24, trace=300000, class=java.lang.String@5000008d)
	value		5000228c
OBJ 5000228a (sz=24, trace=300000, class=java.lang.String@5000008d)
	value		5000228b
ARR 5000228b (sz=32, trace=300000, nelems=0, elem type=char[])
ARR 5000228c (sz=16, trace=300000, nelems=0, elem type=char[])
OBJ 5000228d (sz=24, trace=300000, class=java.lang.String@5000008d)
	value		50002290
OBJ 5000228e (sz=24, trace=300000, class=java.lang.String@5000008d)
	value		5000228f
ARR 5000228f (sz=40, trace=300000, nelems=0, elem type=char[])
ARR 50002290 (sz=16, trace=300000, nelems=0, elem type=char[])
OBJ 50002291 (sz=24, trace=300000, class=java.lang.String@5000008d)
	value		50002294
OBJ 50002292 (sz=24, trace=300000, class=java.lang.String@5000008d)
	value		50002293
ARR 50002293 (sz=32, trace=300000, nelems=0, elem type=char[])
ARR 50002294 (sz=16, trace=300000, nelems=0, elem type=char[])
OBJ 50002295 (sz=24, trace=300000, class=java.lang.String@5000008d)
	value		50002298
OBJ 50002296 (sz=24, trace=300000, class=java.lang.String@5000008d)
	value		50002297
ARR 50002297 (sz=32, trace=300000, nelems=0, elem type=char[])
ARR 50002298 (sz=16, trace=300000, nelems=0, elem type=char[])
OBJ 50002299 (sz=24, trace=300000, class=java.lang.String@5000008d)
	value		5000229c
OBJ 5000229a (sz=24, trace=300000, class=java.lang.String@5000008d)
	value		5000229b
ARR 5000229b (sz=24, trace=300000, nelems=0, elem type=char[])
ARR 5000229c (sz=16, trace=300000, nelems=0, elem type=char[])
OBJ 5000229d (sz=24, trace=300000, class=java.lang.String@5000008d)
	value		500022a0
OBJ 5000229e (sz=24, trace=300000, class=java.lang.String@5000008d)
	value		5000229f
ARR 5000229f (sz=40, trace=300000, nelems=0, elem type=char[])
ARR 500022a0 (sz=16, trace=300000, nelems=0, elem type=char[])
OBJ 500022a1 (sz=24, trace=300000, class=java.lang.String@5000008d)
	value		500022a4
OBJ 500022a2 (sz=24, trace=300000, class=java.lang.String@5000008d)
	value		500022a3
ARR 500022a3 (sz=32, trace=300000, nelems=0, elem type=char[])
ARR 500022a4 (sz=16, trace=300000, nelems=0, elem type=char[])
OBJ 500022a5 (sz=24, trace=300000, class=java.lang.String@5000008d)
	value		500022a8
OBJ 500022a6 (sz=24, trace=300000, class=java.lang.String@5000008d)
	value		500022a7
ARR 500022a7 (sz=32, trace=300000, nelems=0, elem type=char[])
ARR 500022a8 (sz=16, trace=300000, nelems=0, elem type=char[])
OBJ 500022a9 (sz=24, trace=300000, class=java.lang.String@5000008d)
	value		500022ac
OBJ 500022aa (sz=24, trace=300000, class=java.lang.String@5000008d)
	value		500022ab
ARR 500022ab (sz=24, trace=300000, nelems=0, elem type=char[])
ARR 500022ac (sz=16, trace=300000, nelems=0, elem type=char[])
OBJ 500022ad (sz=24, trace=300000, class=java.lang.String@5000008d)
	value		500022b0
OBJ 500022ae (sz=24, trace=300000, class=java.lang.String@5000008d)
	value		500022af
ARR 500022af (sz=24, trace=300000, nelems=0, elem type=char[])
ARR 500022b0 (sz=16, trace=300000, nelems=0, elem type=char[])
OBJ 500022b1 (sz=24, trace=300000, class=java.lang.String@5000008d)
	value		500022b4
OBJ 500022b2 (sz=24, trace=300000, class=java.lang.String@5000008d)
	value		500022b3
ARR 500022b3 (sz=24, trace=300000, nelems=0, elem type=char[])
ARR 500022b4 (sz=16, trace=300000, nelems=0, elem type=char[])
OBJ 500022b5 (sz=24, trace=300000, class=java.lang.String@5000008d)
	value		500022b8
OBJ 500022b6 (sz=24, trace=300000, class=java.lang.String@5000008d)
	value		500022b7
ARR 500022b7 (sz=32, trace=300000, nelems=0, elem type=char[])
ARR 500022b8 (sz=16, trace=300000, nelems=0, elem type=char[])
OBJ 500022b9 (sz=24, trace=300000, class=java.lang.String@5000008d)
	value		500022bc
OBJ 500022ba (sz=24, trace=300000, class=java.lang.String@5000008d)
	value		500022bb
ARR 500022bb (sz=32, trace=300000, nelems=0, elem type=char[])
ARR 500022bc (sz=16, trace=300000, nelems=0, elem type=char[])
OBJ 500022bd (sz=24, trace=300000, class=java.lang.String@5000008d)
	value		500022c0
OBJ 500022be (sz=24, trace=300000, class=java.lang.String@5000008d)
	value		500022bf
ARR 500022bf (sz=24, trace=300000, nelems=0, elem type=char[])
ARR 500022c0 (sz=16, trace=300000, nelems=0, elem type=char[])
OBJ 500022c1 (sz=24, trace=300000, class=java.lang.String@5000008d)
	value		500022c4
OBJ 500022c2 (sz=24, trace=300000, class=java.lang.String@5000008d)
	value		500022c3
ARR 500022c3 (sz=24, trace=300000, nelems=0, elem type=char[])
ARR 500022c4 (sz=16, trace=300000, nelems=0, elem type=char[])
OBJ 500022c5 (sz=24, trace=300000, class=java.lang.String@5000008d)
	value		500022c8
OBJ 500022c6 (sz=24, trace=300000, class=java.lang.String@5000008d)
	value		500022c7
ARR 500022c7 (sz=24, trace=300000, nelems=0, elem type=char[])
ARR 500022c8 (sz=16, trace=300000, nelems=0, elem type=char[])
OBJ 500022c9 (sz=24, trace=300000, class=java.lang.String@5000008d)
	value		500022cc
OBJ 500022ca (sz=24, trace=300000, class=java.lang.String@5000008d)
	value		500022cb
ARR 500022cb (sz=32, trace=300000, nelems=0, elem type=char[])
ARR 500022cc (sz=16, trace=300000, nelems=0, elem type=char[])
OBJ 500022cd (sz=24, trace=300000, class=java.lang.String@5000008d)
	value		500022d0
OBJ 500022ce (sz=24, trace=300000, class=java.lang.String@5000008d)
	value		500022cf
ARR 500022cf (sz=24, trace=300000, nelems=0, elem type=char[])
ARR 500022d0 (sz=16, trace=300000, nelems=0, elem type=char[])
OBJ 500022d1 (sz=24, trace=300000, class=java.lang.String@5000008d)
	value		500022d4
OBJ 500022d2 (sz=24, trace=300000, class=java.lang.String@5000008d)
	value		500022d3
ARR 500022d3 (sz=24, trace=300000, nelems=0, elem type=char[])
ARR 500022d4 (sz=16, trace=300000, nelems=0, elem type=char[])
OBJ 500022d5 (sz=24, trace=300000, class=java.lang.String@5000008d)
	value		500022d8
OBJ 500022d6 (sz=24, trace=300000, class=java.lang.String@5000008d)
	value		500022d7
ARR 500022d7 (sz=40, trace=300000, nelems=0, elem type=char[])
ARR 500022d8 (sz=16, trace=300000, nelems=0, elem type=char[])
OBJ 500022d9 (sz=24, trace=300000, class=java.lang.String@5000008d)
	value		500022dc
OBJ 500022da (sz=24, trace=300000, class=java.lang.String@5000008d)
	value		500022db
ARR 500022db (sz=32, trace=300000, nelems=0, elem type=char[])
ARR 500022dc (sz=16, trace=300000, nelems=0, elem type=char[])
OBJ 500022dd (sz=24, trace=300000, class=java.lang.String@5000008d)
	value		500022e0
OBJ 500022de (sz=24, trace=300000, class=java.lang.String@5000008d)
	value		500022df
ARR 500022df (sz=48, trace=300000, nelems=0, elem type=char[])
ARR 500022e0 (sz=16, trace=300000, nelems=0, elem type=char[])
OBJ 500022e1 (sz=24, trace=300000, class=java.lang.String@5000008d)
	value		500022e4
OBJ 500022e2 (sz=24, trace=300000, class=java.lang.String@5000008d)
	value		500022e3
ARR 500022e3 (sz=24, trace=300000, nelems=0, elem type=char[])
ARR 500022e4 (sz=16, trace=300000, nelems=0, elem type=char[])
OBJ 500022e5 (sz=24, trace=300000, class=java.lang.String@5000008d)
	value		500022e8
OBJ 500022e6 (sz=24, trace=300000, class=java.lang.String@5000008d)
	value		500022e7
ARR 500022e7 (sz=24, trace=300000, nelems=0, elem type=char[])
ARR 500022e8 (sz=16, trace=300000, nelems=0, elem type=char[])
OBJ 500022e9 (sz=24, trace=300000, class=java.lang.String@5000008d)
	value		500022ec
OBJ 500022ea (sz=24, trace=300000, class=java.lang.String@5000008d)
	value		500022eb
ARR 500022eb (sz=24, trace=300000, nelems=0, elem type=char[])
ARR 500022ec (sz=16, trace=300000, nelems=0, elem type=char[])
OBJ 500022ed (sz=24, trace=300000, class=java.lang.String@5000008d)
	value		500022f0
OBJ 500022ee (sz=24, trace=300000, class=java.lang.String@5000008d)
	value		500022ef
ARR 500022ef (sz=40, trace=300000, nelems=0, elem type=char[])
ARR 500022f0 (sz=16, trace=300000, nelems=0, elem type=char[])
OBJ 500022f1 (sz=24, trace=300000, class=java.lang.String@5000008d)
	value		500022f4
OBJ 500022f2 (sz=24, trace=300000, class=java.lang.String@5000008d)
	value		500022f3
ARR 500022f3 (sz=48, trace=300000, nelems=0, elem type=char[])
ARR 500022f4 (sz=16, trace=300000, nelems=0, elem type=char[])
OBJ 500022f5 (sz=24, trace=300000, class=java.lang.String@5000008d)
	value		500022f6
ARR 500022f6 (sz=16, trace=300000, nelems=0, elem type=char[])
OBJ 500022f7 (sz=24, trace=300000, class=java.lang.String@5000008d)
	value		500022fa
OBJ 500022f8 (sz=24, trace=300000, class=java.lang.String@5000008d)
	value		500022f9
ARR 500022f9 (sz=32, trace=300000, nelems=0, elem type=char[])
ARR 500022fa (sz=16, trace=300000, nelems=0, elem type=char[])
OBJ 500022fb (sz=24, trace=300000, class=java.lang.String@5000008d)
	value		500022fe
OBJ 500022fc (sz=24, trace=300000, class=java.lang.String@5000008d)
	value		500022fd
ARR 500022fd (sz=32, trace=300000, nelems=0, elem type=char[])
ARR 500022fe (sz=16, trace=300000, nelems=0, elem type=char[])
OBJ 500022ff (sz=24, trace=300000, class=java.lang.String@5000008d)
	value		50002302
OBJ 50002300 (sz=24, trace=300000, class=java.lang.String@5000008d)
	value		50002301
ARR 50002301 (sz=24, trace=300000, nelems=0, elem type=char[])
ARR 50002302 (sz=16, trace=300000, nelems=0, elem type=char[])
OBJ 50002303 (sz=24, trace=300000, class=java.lang.String@5000008d)
	value		50002306
OBJ 50002304 (sz=24, trace=300000, class=java.lang.String@5000008d)
	value		50002305
ARR 50002305 (sz=32, trace=300000, nelems=0, elem type=char[])
ARR 50002306 (sz=16, trace=300000, nelems=0, elem type=char[])
OBJ 50002307 (sz=24, trace=300000, class=java.lang.String@5000008d)
	value		5000230a
OBJ 50002308 (sz=24, trace=300000, class=java.lang.String@5000008d)
	value		50002309
ARR 50002309 (sz=32, trace=300000, nelems=0, elem type=char[])
ARR 5000230a (sz=16, trace=300000, nelems=0, elem type=char[])
OBJ 5000230b (sz=24, trace=300000, class=java.lang.String@5000008d)
	value		5000230e
OBJ 5000230c (sz=24, trace=300000, class=java.lang.String@5000008d)
	value		5000230d
ARR 5000230d (sz=32, trace=300000, nelems=0, elem type=char[])
ARR 5000230e (sz=16, trace=300000, nelems=0, elem type=char[])
OBJ 5000230f (sz=24, trace=300000, class=java.lang.String@5000008d)
	value		50002312
OBJ 50002310 (sz=24, trace=300000, class=java.lang.String@5000008d)
	value		50002311
ARR 50002311 (sz=32, trace=300000, nelems=0, elem type=char[])
ARR 50002312 (sz=16, trace=300000, nelems=0, elem type=char[])
OBJ 50002313 (sz=24, trace=300000, class=java.lang.String@5000008d)
	value		50002316
OBJ 50002314 (sz=24, trace=300000, class=java.lang.String@5000008d)
	value		50002315
ARR 50002315 (sz=32, trace=300000, nelems=0, elem type=char[])
ARR 50002316 (sz=16, trace=300000, nelems=0, elem type=char[])
OBJ 50002317 (sz=24, trace=300000, class=java.lang.String@5000008d)
	value		5000231a
OBJ 50002318 (sz=24, trace=300000, class=java.lang.String@5000008d)
	value		50002319
ARR 50002319 (sz=24, trace=300000, nelems=0, elem type=char[])
ARR 5000231a (sz=16, trace=300000, nelems=0, elem type=char[])
OBJ 5000231b (sz=24, trace=300000, class=java.lang.String@5000008d)
	value		5000231e
OBJ 5000231c (sz=24, trace=300000, class=java.lang.String@5000008d)
	value		5000231d
ARR 5000231d (sz=40, trace=300000, nelems=0, elem type=char[])
ARR 5000231e (sz=16, trace=300000, nelems=0, elem type=char[])
OBJ 5000231f (sz=24, trace=300000, class=java.lang.String@5000008d)
	value		50002322
OBJ 50002320 (sz=24, trace=300000, class=java.lang.String@5000008d)
	value		50002321
ARR 50002321 (sz=32, trace=300000, nelems=0, elem type=char[])
ARR 50002322 (sz=16, trace=300000, nelems=0, elem type=char[])
OBJ 50002323 (sz=24, trace=300000, class=java.lang.String@5000008d)
	value		50002326
OBJ 50002324 (sz=24, trace=300000, class=java.lang.String@5000008d)
	value		50002325
ARR 50002325 (sz=32, trace=300000, nelems=0, elem type=char[])
ARR 50002326 (sz=16, trace=300000, nelems=0, elem type=char[])
OBJ 50002327 (sz=24, trace=300000, class=java.lang.String@5000008d)
	value		5000232a
OBJ 50002328 (sz=24, trace=300000, class=java.lang.String@5000008d)
	value		50002329
ARR 50002329 (sz=40, trace=300000, nelems=0, elem type=char[])
ARR 5000232a (sz=16, trace=300000, nelems=0, elem type=char[])
OBJ 5000232b (sz=24, trace=300000, class=java.lang.String@5000008d)
	value		5000232c
ARR 5000232c (sz=32, trace=300000, nelems=0, elem type=char[])
OBJ 5000232d (sz=24, trace=300000, class=java.lang.String@5000008d)
	value		50002330
OBJ 5000232e (sz=24, trace=300000, class=java.lang.String@5000008d)
	value		5000232f
ARR 5000232f (sz=24, trace=300000, nelems=0, elem type=char[])
ARR 50002330 (sz=16, trace=300000, nelems=0, elem type=char[])
OBJ 50002331 (sz=24, trace=300000, class=java.lang.String@5000008d)
	value		50002334
OBJ 50002332 (sz=24, trace=300000, class=java.lang.String@5000008d)
	value		50002333
ARR 50002333 (sz=32, trace=300000, nelems=0, elem type=char[])
ARR 50002334 (sz=16, trace=300000, nelems=0, elem type=char[])
OBJ 50002335 (sz=24, trace=300000, class=java.lang.String@5000008d)
	value		50002338
OBJ 50002336 (sz=24, trace=300000, class=java.lang.String@5000008d)
	value		50002337
ARR 50002337 (sz=32, trace=300000, nelems=0, elem type=char[])
ARR 50002338 (sz=16, trace=300000, nelems=0, elem type=char[])
OBJ 50002339 (sz=24, trace=300000, class=java.lang.String@5000008d)
	value		5000233c
OBJ 5000233a (sz=24, trace=300000, class=java.lang.String@5000008d)
	value		5000233b
ARR 5000233b (sz=24, trace=300000, nelems=0, elem type=char[])
ARR 5000233c (sz=16, trace=300000, nelems=0, elem type=char[])
OBJ 5000233d (sz=24, trace=300000, class=java.lang.String@5000008d)
	value		50002340
OBJ 5000233e (sz=24, trace=300000, class=java.lang.String@5000008d)
	value		5000233f
ARR 5000233f (sz=40, trace=300000, nelems=0, elem type=char[])
ARR 50002340 (sz=16, trace=300000, nelems=0, elem type=char[])
OBJ 50002341 (sz=24, trace=300000, class=java.lang.String@5000008d)
	value		50002344
OBJ 50002342 (sz=24, trace=300000, class=java.lang.String@5000008d)
	value		50002343
ARR 50002343 (sz=24, trace=300000, nelems=0, elem type=char[])
ARR 50002344 (sz=16, trace=300000, nelems=0, elem type=char[])
OBJ 50002345 (sz=24, trace=300000, class=java.lang.String@5000008d)
	value		50002348
OBJ 50002346 (sz=24, trace=300000, class=java.lang.String@5000008d)
	value		50002347
ARR 50002347 (sz=32, trace=300000, nelems=0, elem type=char[])
ARR 50002348 (sz=16, trace=300000, nelems=0, elem type=char[])
OBJ 50002349 (sz=24, trace=300000, class=java.lang.String@5000008d)
	value		5000234c
OBJ 5000234a (sz=24, trace=300000, class=java.lang.String@5000008d)
	value		5000234b
ARR 5000234b (sz=32, trace=300000, nelems=0, elem type=char[])
ARR 5000234c (sz=16, trace=300000, nelems=0, elem type=char[])
OBJ 5000234d (sz=24, trace=300000, class=java.lang.String@5000008d)
	value		50002350
OBJ 5000234e (sz=24, trace=300000, class=java.lang.String@5000008d)
	value		5000234f
ARR 5000234f (sz=24, trace=300000, nelems=0, elem type=char[])
ARR 50002350 (sz=16, trace=300000, nelems=0, elem type=char[])
OBJ 50002351 (sz=24, trace=300000, class=java.lang.String@5000008d)
	value		50002354
OBJ 50002352 (sz=24, trace=300000, class=java.lang.String@5000008d)
	value		50002353
ARR 50002353 (sz=32, trace=300000, nelems=0, elem type=char[])
ARR 50002354 (sz=16, trace=300000, nelems=0, elem type=char[])
OBJ 50002355 (sz=24, trace=300000, class=java.lang.String@5000008d)
	value		50002358
OBJ 50002356 (sz=24, trace=300000, class=java.lang.String@5000008d)
	value		50002357
ARR 50002357 (sz=32, trace=300000, nelems=0, elem type=char[])
ARR 50002358 (sz=16, trace=300000, nelems=0, elem type=char[])
OBJ 50002359 (sz=24, trace=300000, class=java.lang.String@5000008d)
	value		5000235c
OBJ 5000235a (sz=24, trace=300000, class=java.lang.String@5000008d)
	value		5000235b
ARR 5000235b (sz=24, trace=300000, nelems=0, elem type=char[])
ARR 5000235c (sz=16, trace=300000, nelems=0, elem type=char[])
OBJ 5000235d (sz=24, trace=300000, class=java.lang.String@5000008d)
	value		5000235e
ARR 5000235e (sz=24, trace=300000, nelems=0, elem type=char[])
OBJ 5000235f (sz=24, trace=300000, class=java.lang.String@5000008d)
	value		50002362
OBJ 50002360 (sz=24, trace=300000, class=java.lang.String@5000008d)
	value		50002361
ARR 50002361 (sz=32, trace=300000, nelems=0, elem type=char[])
ARR 50002362 (sz=16, trace=300000, nelems=0, elem type=char[])
OBJ 50002363 (sz=24, trace=300000, class=java.lang.String@5000008d)
	value		50002366
OBJ 50002364 (sz=24, trace=300000, class=java.lang.String@5000008d)
	value		50002365
ARR 50002365 (sz=24, trace=300000, nelems=0, elem type=char[])
ARR 50002366 (sz=16, trace=300000, nelems=0, elem type=char[])
OBJ 50002367 (sz=24, trace=300000, class=java.lang.String@5000008d)
	value		5000236a
OBJ 50002368 (sz=24, trace=300000, class=java.lang.String@5000008d)
	value		50002369
ARR 50002369 (sz=40, trace=300000, nelems=0, elem type=char[])
ARR 5000236a (sz=16, trace=300000, nelems=0, elem type=char[])
OBJ 5000236b (sz=24, trace=300000, class=java.lang.String@5000008d)
	value		5000236e
OBJ 5000236c (sz=24, trace=300000, class=java.lang.String@5000008d)
	value		5000236d
ARR 5000236d (sz=24, trace=300000, nelems=0, elem type=char[])
ARR 5000236e (sz=16, trace=300000, nelems=0, elem type=char[])
OBJ 5000236f (sz=24, trace=300000, class=java.lang.String@5000008d)
	value		50002372
OBJ 50002370 (sz=24, trace=300000, class=java.lang.String@5000008d)
	value		50002371
ARR 50002371 (sz=32, trace=300000, nelems=0, elem type=char[])
ARR 50002372 (sz=16, trace=300000, nelems=0, elem type=char[])
OBJ 50002373 (sz=24, trace=300000, class=java.lang.String@5000008d)
	value		50002376
OBJ 50002374 (sz=24, trace=300000, class=java.lang.String@5000008d)
	value		50002375
ARR 50002375 (sz=24, trace=300000, nelems=0, elem type=char[])
ARR 50002376 (sz=16, trace=300000, nelems=0, elem type=char[])
OBJ 50002377 (sz=24, trace=300000, class=java.lang.String@5000008d)
	value		5000237a
OBJ 50002378 (sz=24, trace=300000, class=java.lang.String@5000008d)
	value		50002379
ARR 50002379 (sz=24, trace=300000, nelems=0, elem type=char[])
ARR 5000237a (sz=16, trace=300000, nelems=0, elem type=char[])
OBJ 5000237b (sz=24, trace=300000, class=java.lang.String@5000008d)
	value		5000237e
OBJ 5000237c (sz=24, trace=300000, class=java.lang.String@5000008d)
	value		5000237d
ARR 5000237d (sz=32, trace=300000, nelems=0, elem type=char[])
ARR 5000237e (sz=16, trace=300000, nelems=0, elem type=char[])
OBJ 5000237f (sz=24, trace=300000, class=java.lang.String@5000008d)
	value		50002382
OBJ 50002380 (sz=24, trace=300000, class=java.lang.String@5000008d)
	value		50002381
ARR 50002381 (sz=32, trace=300000, nelems=0, elem type=char[])
ARR 50002382 (sz=16, trace=300000, nelems=0, elem type=char[])
OBJ 50002383 (sz=24, trace=300000, class=java.lang.String@5000008d)
	value		50002384
ARR 50002384 (sz=16, trace=300000, nelems=0, elem type=char[])
OBJ 50002385 (sz=24, trace=300000, class=java.lang.String@5000008d)
	value		50002386
ARR 50002386 (sz=32, trace=300000, nelems=0, elem type=char[])
OBJ 50002387 (sz=24, trace=300000, class=java.lang.String@5000008d)
	value		5000238a
OBJ 50002388 (sz=24, trace=300000, class=java.lang.String@5000008d)
	value		50002389
ARR 50002389 (sz=24, trace=300000, nelems=0, elem type=char[])
ARR 5000238a (sz=16, trace=300000, nelems=0, elem type=char[])
OBJ 5000238b (sz=24, trace=300000, class=java.lang.String@5000008d)
	value		5000238e
OBJ 5000238c (sz=24, trace=300000, class=java.lang.String@5000008d)
	value		5000238d
ARR 5000238d (sz=32, trace=300000, nelems=0, elem type=char[])
ARR 5000238e (sz=16, trace=300000, nelems=0, elem type=char[])
OBJ 5000238f (sz=24, trace=300000, class=java.lang.String@5000008d)
	value		50002390
ARR 50002390 (sz=32, trace=300000, nelems=0, elem type=char[])
OBJ 50002391 (sz=24, trace=300000, class=java.lang.String@5000008d)
	value		50002394
OBJ 50002392 (sz=24, trace=300000, class=java.lang.String@5000008d)
	value		50002393
ARR 50002393 (sz=32, trace=300000, nelems=0, elem type=char[])
ARR 50002394 (sz=16, trace=300000, nelems=0, elem type=char[])
OBJ 50002395 (sz=24, trace=300000, class=java.lang.String@5000008d)
	value		50002398
OBJ 50002396 (sz=24, trace=300000, class=java.lang.String@5000008d)
	value		50002397
ARR 50002397 (sz=24, trace=300000, nelems=0, elem type=char[])
ARR 50002398 (sz=16, trace=300000, nelems=0, elem type=char[])
OBJ 50002399 (sz=24, trace=300000, class=java.lang.String@5000008d)
	value		5000239c
OBJ 5000239a (sz=24, trace=300000, class=java.lang.String@5000008d)
	value		5000239b
ARR 5000239b (sz=32, trace=300000, nelems=0, elem type=char[])
ARR 5000239c (sz=16, trace=300000, nelems=0, elem type=char[])
OBJ 5000239d (sz=24, trace=300000, class=java.lang.String@5000008d)
	value		500023a0
OBJ 5000239e (sz=24, trace=300000, class=java.lang.String@5000008d)
	value		5000239f
ARR 5000239f (sz=32, trace=300000, nelems=0, elem type=char[])
ARR 500023a0 (sz=16, trace=300000, nelems=0, elem type=char[])
OBJ 500023a1 (sz=24, trace=300000, class=java.lang.String@5000008d)
	value		500023a4
OBJ 500023a2 (sz=24, trace=300000, class=java.lang.String@5000008d)
	value		500023a3
ARR 500023a3 (sz=32, trace=300000, nelems=0, elem type=char[])
ARR 500023a4 (sz=16, trace=300000, nelems=0, elem type=char[])
OBJ 500023a5 (sz=24, trace=300000, class=java.lang.String@5000008d)
	value		500023a8
OBJ 500023a6 (sz=24, trace=300000, class=java.lang.String@5000008d)
	value		500023a7
ARR 500023a7 (sz=24, trace=300000, nelems=0, elem type=char[])
ARR 500023a8 (sz=16, trace=300000, nelems=0, elem type=char[])
OBJ 500023a9 (sz=24, trace=300000, class=java.lang.String@5000008d)
	value		500023ac
OBJ 500023aa (sz=24, trace=300000, class=java.lang.String@5000008d)
	value		500023ab
ARR 500023ab (sz=40, trace=300000, nelems=0, elem type=char[])
ARR 500023ac (sz=16, trace=300000, nelems=0, elem type=char[])
OBJ 500023ad (sz=24, trace=300000, class=java.lang.String@5000008d)
	value		500023b0
OBJ 500023ae (sz=24, trace=300000, class=java.lang.String@5000008d)
	value		500023af
ARR 500023af (sz=40, trace=300000, nelems=0, elem type=char[])
ARR 500023b0 (sz=16, trace=300000, nelems=0, elem type=char[])
OBJ 500023b1 (sz=24, trace=300000, class=java.lang.String@5000008d)
	value		500023b4
OBJ 500023b2 (sz=24, trace=300000, class=java.lang.String@5000008d)
	value		500023b3
ARR 500023b3 (sz=24, trace=300000, nelems=0, elem type=char[])
ARR 500023b4 (sz=16, trace=300000, nelems=0, elem type=char[])
OBJ 500023b5 (sz=24, trace=300000, class=java.lang.String@5000008d)
	value		500023b8
OBJ 500023b6 (sz=24, trace=300000, class=java.lang.String@5000008d)
	value		500023b7
ARR 500023b7 (sz=32, trace=300000, nelems=0, elem type=char[])
ARR 500023b8 (sz=16, trace=300000, nelems=0, elem type=char[])
OBJ 500023b9 (sz=24, trace=300000, class=java.lang.String@5000008d)
	value		500023bc
OBJ 500023ba (sz=24, trace=300000, class=java.lang.String@5000008d)
	value		500023bb
ARR 500023bb (sz=32, trace=300000, nelems=0, elem type=char[])
ARR 500023bc (sz=16, trace=300000, nelems=0, elem type=char[])
OBJ 500023bd (sz=24, trace=300000, class=java.lang.String@5000008d)
	value		500023c0
OBJ 500023be (sz=24, trace=300000, class=java.lang.String@5000008d)
	value		500023bf
ARR 500023bf (sz=32, trace=300000, nelems=0, elem type=char[])
ARR 500023c0 (sz=16, trace=300000, nelems=0, elem type=char[])
OBJ 500023c1 (sz=24, trace=300000, class=java.lang.String@5000008d)
	value		500023c4
OBJ 500023c2 (sz=24, trace=300000, class=java.lang.String@5000008d)
	value		500023c3
ARR 500023c3 (sz=32, trace=300000, nelems=0, elem type=char[])
ARR 500023c4 (sz=16, trace=300000, nelems=0, elem type=char[])
OBJ 500023c5 (sz=24, trace=300000, class=java.lang.String@5000008d)
	value		500023c8
OBJ 500023c6 (sz=24, trace=300000, class=java.lang.String@5000008d)
	value		500023c7
ARR 500023c7 (sz=32, trace=300000, nelems=0, elem type=char[])
ARR 500023c8 (sz=16, trace=300000, nelems=0, elem type=char[])
OBJ 500023c9 (sz=24, trace=300000, class=java.lang.String@5000008d)
	value		500023cc
OBJ 500023ca (sz=24, trace=300000, class=java.lang.String@5000008d)
	value		500023cb
ARR 500023cb (sz=24, trace=300000, nelems=0, elem type=char[])
ARR 500023cc (sz=16, trace=300000, nelems=0, elem type=char[])
OBJ 500023cd (sz=24, trace=300000, class=java.lang.String@5000008d)
	value		500023d0
OBJ 500023ce (sz=24, trace=300000, class=java.lang.String@5000008d)
	value		500023cf
ARR 500023cf (sz=24, trace=300000, nelems=0, elem type=char[])
ARR 500023d0 (sz=16, trace=300000, nelems=0, elem type=char[])
OBJ 500023d1 (sz=24, trace=300000, class=java.lang.String@5000008d)
	value		500023d4
OBJ 500023d2 (sz=24, trace=300000, class=java.lang.String@5000008d)
	value		500023d3
ARR 500023d3 (sz=24, trace=300000, nelems=0, elem type=char[])
ARR 500023d4 (sz=16, trace=300000, nelems=0, elem type=char[])
OBJ 500023d5 (sz=24, trace=300000, class=java.lang.String@5000008d)
	value		500023d8
OBJ 500023d6 (sz=24, trace=300000, class=java.lang.String@5000008d)
	value		500023d7
ARR 500023d7 (sz=32, trace=300000, nelems=0, elem type=char[])
ARR 500023d8 (sz=16, trace=300000, nelems=0, elem type=char[])
OBJ 500023d9 (sz=24, trace=300000, class=java.lang.String@5000008d)
	value		500023dc
OBJ 500023da (sz=24, trace=300000, class=java.lang.String@5000008d)
	value		500023db
ARR 500023db (sz=32, trace=300000, nelems=0, elem type=char[])
ARR 500023dc (sz=16, trace=300000, nelems=0, elem type=char[])
OBJ 500023dd (sz=24, trace=300000, class=java.lang.String@5000008d)
	value		500023e0
OBJ 500023de (sz=24, trace=300000, class=java.lang.String@5000008d)
	value		500023df
ARR 500023df (sz=32, trace=300000, nelems=0, elem type=char[])
ARR 500023e0 (sz=16, trace=300000, nelems=0, elem type=char[])
OBJ 500023e1 (sz=24, trace=300000, class=java.lang.String@5000008d)
	value		500023e4
OBJ 500023e2 (sz=24, trace=300000, class=java.lang.String@5000008d)
	value		500023e3
ARR 500023e3 (sz=48, trace=300000, nelems=0, elem type=char[])
ARR 500023e4 (sz=16, trace=300000, nelems=0, elem type=char[])
OBJ 500023e5 (sz=24, trace=300000, class=java.lang.String@5000008d)
	value		500023e8
OBJ 500023e6 (sz=24, trace=300000, class=java.lang.String@5000008d)
	value		500023e7
ARR 500023e7 (sz=24, trace=300000, nelems=0, elem type=char[])
ARR 500023e8 (sz=16, trace=300000, nelems=0, elem type=char[])
OBJ 500023e9 (sz=24, trace=300000, class=java.lang.String@5000008d)
	value		500023ec
OBJ 500023ea (sz=24, trace=300000, class=java.lang.String@5000008d)
	value		500023eb
ARR 500023eb (sz=32, trace=300000, nelems=0, elem type=char[])
ARR 500023ec (sz=16, trace=300000, nelems=0, elem type=char[])
OBJ 500023ed (sz=24, trace=300000, class=java.lang.String@5000008d)
	value		500023ee
ARR 500023ee (sz=24, trace=300000, nelems=0, elem type=char[])
OBJ 500023ef (sz=24, trace=300000, class=java.lang.String@5000008d)
	value		500023f2
OBJ 500023f0 (sz=24, trace=300000, class=java.lang.String@5000008d)
	value		500023f1
ARR 500023f1 (sz=32, trace=300000, nelems=0, elem type=char[])
ARR 500023f2 (sz=16, trace=300000, nelems=0, elem type=char[])
OBJ 500023f3 (sz=24, trace=300000, class=java.lang.String@5000008d)
	value		500023f6
OBJ 500023f4 (sz=24, trace=300000, class=java.lang.String@5000008d)
	value		500023f5
ARR 500023f5 (sz=24, trace=300000, nelems=0, elem type=char[])
ARR 500023f6 (sz=16, trace=300000, nelems=0, elem type=char[])
OBJ 500023f7 (sz=24, trace=300000, class=java.lang.String@5000008d)
	value		500023fa
OBJ 500023f8 (sz=24, trace=300000, class=java.lang.String@5000008d)
	value		500023f9
ARR 500023f9 (sz=32, trace=300000, nelems=0, elem type=char[])
ARR 500023fa (sz=16, trace=300000, nelems=0, elem type=char[])
OBJ 500023fb (sz=24, trace=300000, class=java.lang.String@5000008d)
	value		500023fe
OBJ 500023fc (sz=24, trace=300000, class=java.lang.String@5000008d)
	value		500023fd
ARR 500023fd (sz=24, trace=300000, nelems=0, elem type=char[])
ARR 500023fe (sz=16, trace=300000, nelems=0, elem type=char[])
OBJ 500023ff (sz=24, trace=300000, class=java.lang.String@5000008d)
	value		50002402
OBJ 50002400 (sz=24, trace=300000, class=java.lang.String@5000008d)
	value		50002401
ARR 50002401 (sz=32, trace=300000, nelems=0, elem type=char[])
ARR 50002402 (sz=16, trace=300000, nelems=0, elem type=char[])
OBJ 50002403 (sz=24, trace=300000, class=java.lang.String@5000008d)
	value		50002406
OBJ 50002404 (sz=24, trace=300000, class=java.lang.String@5000008d)
	value		50002405
ARR 50002405 (sz=24, trace=300000, nelems=0, elem type=char[])
ARR 50002406 (sz=16, trace=300000, nelems=0, elem type=char[])
OBJ 50002407 (sz=24, trace=300000, class=java.lang.String@5000008d)
	value		5000240a
OBJ 50002408 (sz=24, trace=300000, class=java.lang.String@5000008d)
	value		50002409
ARR 50002409 (sz=32, trace=300000, nelems=0, elem type=char[])
ARR 5000240a (sz=16, trace=300000, nelems=0, elem type=char[])
OBJ 5000240b (sz=24, trace=300000, class=java.lang.String@5000008d)
	value		5000240e
OBJ 5000240c (sz=24, trace=300000, class=java.lang.String@5000008d)
	value		5000240d
ARR 5000240d (sz=32, trace=300000, nelems=0, elem type=char[])
ARR 5000240e (sz=16, trace=300000, nelems=0, elem type=char[])
OBJ 5000240f (sz=24, trace=300000, class=java.lang.String@5000008d)
	value		50002412
OBJ 50002410 (sz=24, trace=300000, class=java.lang.String@5000008d)
	value		50002411
ARR 50002411 (sz=32, trace=300000, nelems=0, elem type=char[])
ARR 50002412 (sz=16, trace=300000, nelems=0, elem type=char[])
OBJ 50002413 (sz=24, trace=300000, class=java.lang.String@5000008d)
	value		50002414
ARR 50002414 (sz=32, trace=300000, nelems=0, elem type=char[])
OBJ 50002415 (sz=24, trace=300000, class=java.lang.String@5000008d)
	value		50002418
OBJ 50002416 (sz=24, trace=300000, class=java.lang.String@5000008d)
	value		50002417
ARR 50002417 (sz=24, trace=300000, nelems=0, elem type=char[])
ARR 50002418 (sz=16, trace=300000, nelems=0, elem type=char[])
OBJ 50002419 (sz=24, trace=300000, class=java.lang.String@5000008d)
	value		5000241c
OBJ 5000241a (sz=24, trace=300000, class=java.lang.String@5000008d)
	value		5000241b
ARR 5000241b (sz=24, trace=300000, nelems=0, elem type=char[])
ARR 5000241c (sz=16, trace=300000, nelems=0, elem type=char[])
OBJ 5000241d (sz=24, trace=300000, class=java.lang.String@5000008d)
	value		50002420
OBJ 5000241e (sz=24, trace=300000, class=java.lang.String@5000008d)
	value		5000241f
ARR 5000241f (sz=32, trace=300000, nelems=0, elem type=char[])
ARR 50002420 (sz=16, trace=300000, nelems=0, elem type=char[])
OBJ 50002421 (sz=24, trace=300000, class=java.lang.String@5000008d)
	value		50002424
OBJ 50002422 (sz=24, trace=300000, class=java.lang.String@5000008d)
	value		50002423
ARR 50002423 (sz=24, trace=300000, nelems=0, elem type=char[])
ARR 50002424 (sz=16, trace=300000, nelems=0, elem type=char[])
OBJ 50002425 (sz=24, trace=300000, class=java.lang.String@5000008d)
	value		50002426
ARR 50002426 (sz=24, trace=300000, nelems=0, elem type=char[])
OBJ 50002427 (sz=24, trace=300000, class=java.lang.String@5000008d)
	value		5000242a
OBJ 50002428 (sz=24, trace=300000, class=java.lang.String@5000008d)
	value		50002429
ARR 50002429 (sz=24, trace=300000, nelems=0, elem type=char[])
ARR 5000242a (sz=16, trace=300000, nelems=0, elem type=char[])
OBJ 5000242b (sz=24, trace=300000, class=java.lang.String@5000008d)
	value		5000242e
OBJ 5000242c (sz=24, trace=300000, class=java.lang.String@5000008d)
	value		5000242d
ARR 5000242d (sz=24, trace=300000, nelems=0, elem type=char[])
ARR 5000242e (sz=16, trace=300000, nelems=0, elem type=char[])
OBJ 5000242f (sz=24, trace=300000, class=java.lang.String@5000008d)
	value		50002432
OBJ 50002430 (sz=24, trace=300000, class=java.lang.String@5000008d)
	value		50002431
ARR 50002431 (sz=32, trace=300000, nelems=0, elem type=char[])
ARR 50002432 (sz=16, trace=300000, nelems=0, elem type=char[])
OBJ 50002433 (sz=24, trace=300000, class=java.lang.String@5000008d)
	value		50002436
OBJ 50002434 (sz=24, trace=300000, class=java.lang.String@5000008d)
	value		50002435
ARR 50002435 (sz=40, trace=300000, nelems=0, elem type=char[])
ARR 50002436 (sz=16, trace=300000, nelems=0, elem type=char[])
OBJ 50002437 (sz=24, trace=300000, class=java.lang.String@5000008d)
	value		5000243a
OBJ 50002438 (sz=24, trace=300000, class=java.lang.String@5000008d)
	value		50002439
ARR 50002439 (sz=24, trace=300000, nelems=0, elem type=char[])
ARR 5000243a (sz=16, trace=300000, nelems=0, elem type=char[])
OBJ 5000243b (sz=24, trace=300000, class=java.lang.String@5000008d)
	value		5000243e
OBJ 5000243c (sz=24, trace=300000, class=java.lang.String@5000008d)
	value		5000243d
ARR 5000243d (sz=24, trace=300000, nelems=0, elem type=char[])
ARR 5000243e (sz=16, trace=300000, nelems=0, elem type=char[])
OBJ 5000243f (sz=24, trace=300000, class=java.lang.String@5000008d)
	value		50002442
OBJ 50002440 (sz=24, trace=300000, class=java.lang.String@5000008d)
	value		50002441
ARR 50002441 (sz=32, trace=300000, nelems=0, elem type=char[])
ARR 50002442 (sz=16, trace=300000, nelems=0, elem type=char[])
OBJ 50002443 (sz=24, trace=300000, class=java.lang.String@5000008d)
	value		50002446
OBJ 50002444 (sz=24, trace=300000, class=java.lang.String@5000008d)
	value		50002445
ARR 50002445 (sz=32, trace=300000, nelems=0, elem type=char[])
ARR 50002446 (sz=16, trace=300000, nelems=0, elem type=char[])
OBJ 50002447 (sz=24, trace=300000, class=java.lang.String@5000008d)
	value		5000244a
OBJ 50002448 (sz=24, trace=300000, class=java.lang.String@5000008d)
	value		50002449
ARR 50002449 (sz=32, trace=300000, nelems=0, elem type=char[])
ARR 5000244a (sz=16, trace=300000, nelems=0, elem type=char[])
OBJ 5000244b (sz=24, trace=300000, class=java.lang.String@5000008d)
	value		5000244e
OBJ 5000244c (sz=24, trace=300000, class=java.lang.String@5000008d)
	value		5000244d
ARR 5000244d (sz=32, trace=300000, nelems=0, elem type=char[])
ARR 5000244e (sz=16, trace=300000, nelems=0, elem type=char[])
OBJ 5000244f (sz=24, trace=300000, class=java.lang.String@5000008d)
	value		50002452
OBJ 50002450 (sz=24, trace=300000, class=java.lang.String@5000008d)
	value		50002451
ARR 50002451 (sz=32, trace=300000, nelems=0, elem type=char[])
ARR 50002452 (sz=16, trace=300000, nelems=0, elem type=char[])
OBJ 50002453 (sz=24, trace=300000, class=java.lang.String@5000008d)
	value		50002456
OBJ 50002454 (sz=24, trace=300000, class=java.lang.String@5000008d)
	value		50002455
ARR 50002455 (sz=24, trace=300000, nelems=0, elem type=char[])
ARR 50002456 (sz=16, trace=300000, nelems=0, elem type=char[])
OBJ 50002457 (sz=24, trace=300000, class=java.lang.String@5000008d)
	value		5000245a
OBJ 50002458 (sz=24, trace=300000, class=java.lang.String@5000008d)
	value		50002459
ARR 50002459 (sz=32, trace=300000, nelems=0, elem type=char[])
ARR 5000245a (sz=16, trace=300000, nelems=0, elem type=char[])
OBJ 5000245b (sz=24, trace=300000, class=java.lang.String@5000008d)
	value		5000245e
OBJ 5000245c (sz=24, trace=300000, class=java.lang.String@5000008d)
	value		5000245d
ARR 5000245d (sz=32, trace=300000, nelems=0, elem type=char[])
ARR 5000245e (sz=16, trace=300000, nelems=0, elem type=char[])
OBJ 5000245f (sz=24, trace=300000, class=java.lang.String@5000008d)
	value		50002462
OBJ 50002460 (sz=24, trace=300000, class=java.lang.String@5000008d)
	value		50002461
ARR 50002461 (sz=32, trace=300000, nelems=0, elem type=char[])
ARR 50002462 (sz=16, trace=300000, nelems=0, elem type=char[])
OBJ 50002463 (sz=24, trace=300000, class=java.lang.String@5000008d)
	value		50002466
OBJ 50002464 (sz=24, trace=300000, class=java.lang.String@5000008d)
	value		50002465
ARR 50002465 (sz=32, trace=300000, nelems=0, elem type=char[])
ARR 50002466 (sz=16, trace=300000, nelems=0, elem type=char[])
OBJ 50002467 (sz=24, trace=300000, class=java.lang.String@5000008d)
	value		5000246a
OBJ 50002468 (sz=24, trace=300000, class=java.lang.String@5000008d)
	value		50002469
ARR 50002469 (sz=24, trace=300000, nelems=0, elem type=char[])
ARR 5000246a (sz=16, trace=300000, nelems=0, elem type=char[])
OBJ 5000246b (sz=24, trace=300000, class=java.lang.String@5000008d)
	value		5000246e
OBJ 5000246c (sz=24, trace=300000, class=java.lang.String@5000008d)
	value		5000246d
ARR 5000246d (sz=32, trace=300000, nelems=0, elem type=char[])
ARR 5000246e (sz=16, trace=300000, nelems=0, elem type=char[])
OBJ 5000246f (sz=24, trace=300000, class=java.lang.String@5000008d)
	value		50002472
OBJ 50002470 (sz=24, trace=300000, class=java.lang.String@5000008d)
	value		50002471
ARR 50002471 (sz=32, trace=300000, nelems=0, elem type=char[])
ARR 50002472 (sz=16, trace=300000, nelems=0, elem type=char[])
OBJ 50002473 (sz=24, trace=300000, class=java.lang.String@5000008d)
	value		50002476
OBJ 50002474 (sz=24, trace=300000, class=java.lang.String@5000008d)
	value		50002475
ARR 50002475 (sz=32, trace=300000, nelems=0, elem type=char[])
ARR 50002476 (sz=16, trace=300000, nelems=0, elem type=char[])
OBJ 50002477 (sz=24, trace=300000, class=java.lang.String@5000008d)
	value		50002478
ARR 50002478 (sz=40, trace=300000, nelems=0, elem type=char[])
OBJ 50002479 (sz=24, trace=300000, class=java.lang.String@5000008d)
	value		5000247c
OBJ 5000247a (sz=24, trace=300000, class=java.lang.String@5000008d)
	value		5000247b
ARR 5000247b (sz=24, trace=300000, nelems=0, elem type=char[])
ARR 5000247c (sz=16, trace=300000, nelems=0, elem type=char[])
OBJ 5000247d (sz=24, trace=300000, class=java.lang.String@5000008d)
	value		50002480
OBJ 5000247e (sz=24, trace=300000, class=java.lang.String@5000008d)
	value		5000247f
ARR 5000247f (sz=24, trace=300000, nelems=0, elem type=char[])
ARR 50002480 (sz=16, trace=300000, nelems=0, elem type=char[])
OBJ 50002481 (sz=24, trace=300000, class=java.lang.String@5000008d)
	value		50002484
OBJ 50002482 (sz=24, trace=300000, class=java.lang.String@5000008d)
	value		50002483
ARR 50002483 (sz=32, trace=300000, nelems=0, elem type=char[])
ARR 50002484 (sz=16, trace=300000, nelems=0, elem type=char[])
OBJ 50002485 (sz=24, trace=300000, class=java.lang.String@5000008d)
	value		50002488
OBJ 50002486 (sz=24, trace=300000, class=java.lang.String@5000008d)
	value		50002487
ARR 50002487 (sz=24, trace=300000, nelems=0, elem type=char[])
ARR 50002488 (sz=16, trace=300000, nelems=0, elem type=char[])
OBJ 50002489 (sz=24, trace=300000, class=java.lang.String@5000008d)
	value		5000248c
OBJ 5000248a (sz=24, trace=300000, class=java.lang.String@5000008d)
	value		5000248b
ARR 5000248b (sz=32, trace=300000, nelems=0, elem type=char[])
ARR 5000248c (sz=16, trace=300000, nelems=0, elem type=char[])
OBJ 5000248d (sz=24, trace=300000, class=java.lang.String@5000008d)
	value		50002490
OBJ 5000248e (sz=24, trace=300000, class=java.lang.String@5000008d)
	value		5000248f
ARR 5000248f (sz=32, trace=300000, nelems=0, elem type=char[])
ARR 50002490 (sz=16, trace=300000, nelems=0, elem type=char[])
OBJ 50002491 (sz=24, trace=300000, class=java.lang.String@5000008d)
	value		50002494
OBJ 50002492 (sz=24, trace=300000, class=java.lang.String@5000008d)
	value		50002493
ARR 50002493 (sz=24, trace=300000, nelems=0, elem type=char[])
ARR 50002494 (sz=16, trace=300000, nelems=0, elem type=char[])
OBJ 50002495 (sz=24, trace=300000, class=java.lang.String@5000008d)
	value		50002498
OBJ 50002496 (sz=24, trace=300000, class=java.lang.String@5000008d)
	value		50002497
ARR 50002497 (sz=32, trace=300000, nelems=0, elem type=char[])
ARR 50002498 (sz=16, trace=300000, nelems=0, elem type=char[])
OBJ 50002499 (sz=24, trace=300000, class=java.lang.String@5000008d)
	value		5000249c
OBJ 5000249a (sz=24, trace=300000, class=java.lang.String@5000008d)
	value		5000249b
ARR 5000249b (sz=32, trace=300000, nelems=0, elem type=char[])
ARR 5000249c (sz=16, trace=300000, nelems=0, elem type=char[])
OBJ 5000249d (sz=24, trace=300000, class=java.lang.String@5000008d)
	value		500024a0
OBJ 5000249e (sz=24, trace=300000, class=java.lang.String@5000008d)
	value		5000249f
ARR 5000249f (sz=32, trace=300000, nelems=0, elem type=char[])
ARR 500024a0 (sz=16, trace=300000, nelems=0, elem type=char[])
OBJ 500024a1 (sz=24, trace=300000, class=java.lang.String@5000008d)
	value		500024a4
OBJ 500024a2 (sz=24, trace=300000, class=java.lang.String@5000008d)
	value		500024a3
ARR 500024a3 (sz=24, trace=300000, nelems=0, elem type=char[])
ARR 500024a4 (sz=16, trace=300000, nelems=0, elem type=char[])
OBJ 500024a5 (sz=24, trace=300000, class=java.lang.String@5000008d)
	value		500024a8
OBJ 500024a6 (sz=24, trace=300000, class=java.lang.String@5000008d)
	value		500024a7
ARR 500024a7 (sz=24, trace=300000, nelems=0, elem type=char[])
ARR 500024a8 (sz=24, trace=300000, nelems=0, elem type=char[])
OBJ 500024a9 (sz=24, trace=300000, class=java.util.ResourceBundle$ResourceCacheKey@5000103f)
	loaderRef	50001092
	searchName	50001076
	defaultLocale	50001d49
OBJ 500024aa (sz=24, trace=300000, class=java.util.ResourceBundle$ResourceCacheKey@5000103f)
	loaderRef	500010ad
	searchName	50001078
	defaultLocale	50001d49
OBJ 500024ab (sz=24, trace=300000, class=java.lang.String@5000008d)
	value		500024ae
OBJ 500024ac (sz=24, trace=300000, class=java.lang.String@5000008d)
	value		500024ad
ARR 500024ad (sz=16, trace=300000, nelems=0, elem type=char[])
ARR 500024ae (sz=24, trace=300000, nelems=0, elem type=char[])
OBJ 500024af (sz=24, trace=300000, class=java.lang.String@5000008d)
	value		500024b0
ARR 500024b0 (sz=56, trace=300000, nelems=0, elem type=char[])
ARR 500024b1 (sz=16, trace=300000, nelems=0, elem type=char[])
OBJ 500024b2 (sz=24, trace=300000, class=java.lang.String@5000008d)
	value		500024b5
OBJ 500024b3 (sz=24, trace=300000, class=java.lang.String@5000008d)
	value		500024b4
ARR 500024b4 (sz=96, trace=300000, nelems=0, elem type=char[])
ARR 500024b5 (sz=144, trace=300000, nelems=0, elem type=char[])
OBJ 500024b6 (sz=24, trace=300000, class=java.lang.String@5000008d)
	value		500024b9
OBJ 500024b7 (sz=24, trace=300000, class=java.lang.String@5000008d)
	value		500024b8
ARR 500024b8 (sz=88, trace=300000, nelems=0, elem type=char[])
ARR 500024b9 (sz=72, trace=300000, nelems=0, elem type=char[])
OBJ 500024ba (sz=8, trace=300000, class=java.lang.System$2@5000008b)
OBJ 500024bb (sz=24, trace=300000, class=java.lang.String@5000008d)
	value		500024c9
OBJ 500024bc (sz=24, trace=300000, class=java.lang.String@5000008d)
	value		500024c7
OBJ 500024bd (sz=24, trace=300000, class=java.lang.String@5000008d)
	value		500024c8
OBJ 500024be (sz=24, trace=300000, class=java.lang.String@5000008d)
	value		500024cd
OBJ 500024bf (sz=24, trace=300000, class=java.lang.String@5000008d)
	value		500024cb
OBJ 500024c0 (sz=24, trace=300000, class=java.lang.String@5000008d)
	value		500024cc
OBJ 500024c1 (sz=24, trace=300000, class=java.lang.String@5000008d)
	value		500024ca
OBJ 500024c2 (sz=24, trace=300000, class=java.lang.String@5000008d)
	value		500024ce
OBJ 500024c3 (sz=24, trace=300000, class=java.lang.String@5000008d)
	value		500024c5
OBJ 500024c4 (sz=24, trace=300000, class=java.lang.String@5000008d)
	value		500024c6
ARR 500024c5 (sz=88, trace=300000, nelems=0, elem type=char[])
ARR 500024c6 (sz=88, trace=300000, nelems=0, elem type=char[])
ARR 500024c7 (sz=112, trace=300000, nelems=0, elem type=char[])
ARR 500024c8 (sz=144, trace=300000, nelems=0, elem type=char[])
ARR 500024c9 (sz=128, trace=300000, nelems=0, elem type=char[])
ARR 500024ca (sz=120, trace=300000, nelems=0, elem type=char[])
ARR 500024cb (sz=128, trace=300000, nelems=0, elem type=char[])
ARR 500024cc (sz=120, trace=300000, nelems=0, elem type=char[])
ARR 500024cd (sz=152, trace=300000, nelems=0, elem type=char[])
ARR 500024ce (sz=136, trace=300000, nelems=0, elem type=char[])
OBJ 500024cf (sz=16, trace=300000, class=java.lang.Boolean@500000d0)
OBJ 500024d0 (sz=24, trace=300000, class=java.lang.String@5000008d)
	value		500024d2
OBJ 500024d1 (sz=16, trace=300000, class=java.lang.Boolean@500000d0)
ARR 500024d2 (sz=32, trace=300000, nelems=0, elem type=char[])
OBJ 500024d3 (sz=16, trace=300000, class=sun.misc.NativeSignalHandler@500000fc)
OBJ 500024d4 (sz=16, trace=300000, class=sun.misc.NativeSignalHandler@500000fc)
OBJ 500024d5 (sz=24, trace=300000, class=java.lang.String@5000008d)
	value		500024d8
OBJ 500024d6 (sz=24, trace=300000, class=java.lang.String@5000008d)
	value		500024d7
ARR 500024d7 (sz=56, trace=300000, nelems=0, elem type=char[])
ARR 500024d8 (sz=64, trace=300000, nelems=0, elem type=char[])
OBJ 500024d9 (sz=24, trace=300000, class=java.lang.String@5000008d)
	value		500024da
ARR 500024da (sz=56, trace=300000, nelems=0, elem type=char[])
OBJ 500024db (sz=24, trace=300000, class=java.lang.String@5000008d)
	value		500024dc
ARR 500024dc (sz=64, trace=300000, nelems=0, elem type=char[])
OBJ 500024dd (sz=32, trace=300000, class=java.util.Collections$SynchronizedMap@50000060)
	m		500024de
	mutex		500024dd
OBJ 500024de (sz=40, trace=300000, class=java.util.HashMap@50000096)
	table		500024df
ARR 500024df (sz=80, trace=300000, nelems=13, elem type=java.util.HashMap$Entry[]@5000004d)
	[12]		500012cc
OBJ 500024e0 (sz=24, trace=300000, class=java.lang.String@5000008d)
	value		500024e1
ARR 500024e1 (sz=24, trace=300000, nelems=0, elem type=char[])
OBJ 500024e2 (sz=24, trace=300000, class=java.lang.String@5000008d)
	value		500024e7
OBJ 500024e3 (sz=24, trace=300000, class=java.lang.String@5000008d)
	value		500024e6
OBJ 500024e4 (sz=16, trace=300000, class=sun.misc.Launcher@500000ef)
	loader		5000159b
OBJ 500024e5 (sz=8, trace=300000, class=sun.misc.Launcher$Factory@5000002b)
ARR 500024e6 (sz=56, trace=300000, nelems=0, elem type=char[])
ARR 500024e7 (sz=56, trace=300000, nelems=0, elem type=char[])
OBJ 500024e8 (sz=24, trace=300000, class=java.lang.String@5000008d)
	value		50002593
OBJ 500024e9 (sz=24, trace=300000, class=java.lang.String@5000008d)
	value		50002502
OBJ 500024ea (sz=24, trace=300000, class=java.lang.String@5000008d)
	value		500024ed
OBJ 500024eb (sz=24, trace=300000, class=java.lang.String@5000008d)
	value		500024ec
ARR 500024ec (sz=88, trace=300000, nelems=0, elem type=char[])
ARR 500024ed (sz=24, trace=300000, nelems=0, elem type=char[])
OBJ 500024ee (sz=24, trace=300000, class=java.lang.String@5000008d)
	value		500024f1
OBJ 500024ef (sz=24, trace=300000, class=java.lang.String@5000008d)
	value		500024f0
ARR 500024f0 (sz=88, trace=300000, nelems=0, elem type=char[])
ARR 500024f1 (sz=40, trace=300000, nelems=0, elem type=char[])
OBJ 500024f2 (sz=24, trace=300000, class=java.lang.String@5000008d)
	value		500024f3
ARR 500024f3 (sz=112, trace=300000, nelems=0, elem type=char[])
OBJ 500024f4 (sz=24, trace=300000, class=java.lang.String@5000008d)
	value		500024f7
OBJ 500024f5 (sz=24, trace=300000, class=java.lang.String@5000008d)
	value		500024f6
ARR 500024f6 (sz=72, trace=300000, nelems=0, elem type=char[])
ARR 500024f7 (sz=24, trace=300000, nelems=0, elem type=char[])
OBJ 500024f8 (sz=24, trace=300000, class=java.lang.String@5000008d)
	value		500024fb
OBJ 500024f9 (sz=24, trace=300000, class=java.lang.String@5000008d)
	value		500024fa
ARR 500024fa (sz=64, trace=300000, nelems=0, elem type=char[])
ARR 500024fb (sz=32, trace=300000, nelems=0, elem type=char[])
OBJ 500024fc (sz=24, trace=300000, class=java.lang.String@5000008d)
	value		500024ff
OBJ 500024fd (sz=24, trace=300000, class=java.lang.String@5000008d)
	value		500024fe
ARR 500024fe (sz=88, trace=300000, nelems=0, elem type=char[])
ARR 500024ff (sz=32, trace=300000, nelems=0, elem type=char[])
OBJ 50002500 (sz=24, trace=300000, class=java.lang.String@5000008d)
	value		50002501
ARR 50002501 (sz=48, trace=300000, nelems=0, elem type=char[])
ARR 50002502 (sz=24, trace=300000, nelems=0, elem type=char[])
OBJ 50002503 (sz=24, trace=300000, class=java.lang.String@5000008d)
	value		50002506
OBJ 50002504 (sz=24, trace=300000, class=java.lang.String@5000008d)
	value		50002505
ARR 50002505 (sz=96, trace=300000, nelems=0, elem type=char[])
ARR 50002506 (sz=32, trace=300000, nelems=0, elem type=char[])
OBJ 50002507 (sz=24, trace=300000, class=java.lang.String@5000008d)
	value		5000250a
OBJ 50002508 (sz=24, trace=300000, class=java.lang.String@5000008d)
	value		50002509
ARR 50002509 (sz=56, trace=300000, nelems=0, elem type=char[])
ARR 5000250a (sz=112, trace=300000, nelems=0, elem type=char[])
OBJ 5000250b (sz=24, trace=300000, class=java.lang.String@5000008d)
	value		5000250e
OBJ 5000250c (sz=24, trace=300000, class=java.lang.String@5000008d)
	value		5000250d
ARR 5000250d (sz=56, trace=300000, nelems=0, elem type=char[])
ARR 5000250e (sz=80, trace=300000, nelems=0, elem type=char[])
OBJ 5000250f (sz=24, trace=300000, class=java.lang.String@5000008d)
	value		50002510
ARR 50002510 (sz=80, trace=300000, nelems=0, elem type=char[])
OBJ 50002511 (sz=24, trace=300000, class=java.lang.String@5000008d)
	value		50002514
OBJ 50002512 (sz=24, trace=300000, class=java.lang.String@5000008d)
	value		50002513
ARR 50002513 (sz=40, trace=300000, nelems=0, elem type=char[])
ARR 50002514 (sz=104, trace=300000, nelems=0, elem type=char[])
OBJ 50002515 (sz=24, trace=300000, class=java.lang.String@5000008d)
	value		50002518
OBJ 50002516 (sz=24, trace=300000, class=java.lang.String@5000008d)
	value		50002517
ARR 50002517 (sz=96, trace=300000, nelems=0, elem type=char[])
ARR 50002518 (sz=168, trace=300000, nelems=0, elem type=char[])
OBJ 50002519 (sz=24, trace=300000, class=java.lang.String@5000008d)
	value		5000251c
OBJ 5000251a (sz=24, trace=300000, class=java.lang.String@5000008d)
	value		5000251b
ARR 5000251b (sz=80, trace=300000, nelems=0, elem type=char[])
ARR 5000251c (sz=104, trace=300000, nelems=0, elem type=char[])
OBJ 5000251d (sz=24, trace=300000, class=java.lang.String@5000008d)
	value		50002520
OBJ 5000251e (sz=24, trace=300000, class=java.lang.String@5000008d)
	value		5000251f
ARR 5000251f (sz=56, trace=300000, nelems=0, elem type=char[])
ARR 50002520 (sz=64, trace=300000, nelems=0, elem type=char[])
OBJ 50002521 (sz=24, trace=300000, class=java.lang.String@5000008d)
	value		50002524
OBJ 50002522 (sz=24, trace=300000, class=java.lang.String@5000008d)
	value		50002523
ARR 50002523 (sz=56, trace=300000, nelems=0, elem type=char[])
ARR 50002524 (sz=80, trace=300000, nelems=0, elem type=char[])
OBJ 50002525 (sz=24, trace=300000, class=java.lang.String@5000008d)
	value		50002526
ARR 50002526 (sz=96, trace=300000, nelems=0, elem type=char[])
OBJ 50002527 (sz=24, trace=300000, class=java.lang.String@5000008d)
	value		50002528
ARR 50002528 (sz=72, trace=300000, nelems=0, elem type=char[])
OBJ 50002529 (sz=24, trace=300000, class=java.lang.String@5000008d)
	value		5000252a
ARR 5000252a (sz=56, trace=300000, nelems=0, elem type=char[])
OBJ 5000252b (sz=24, trace=300000, class=java.lang.String@5000008d)
	value		5000252c
ARR 5000252c (sz=80, trace=300000, nelems=0, elem type=char[])
OBJ 5000252d (sz=24, trace=300000, class=java.lang.String@5000008d)
	value		50002530
OBJ 5000252e (sz=24, trace=300000, class=java.lang.String@5000008d)
	value		5000252f
ARR 5000252f (sz=56, trace=300000, nelems=0, elem type=char[])
ARR 50002530 (sz=80, trace=300000, nelems=0, elem type=char[])
OBJ 50002531 (sz=24, trace=300000, class=java.lang.String@5000008d)
	value		50002532
ARR 50002532 (sz=64, trace=300000, nelems=0, elem type=char[])
OBJ 50002533 (sz=24, trace=300000, class=java.lang.String@5000008d)
	value		50002536
OBJ 50002534 (sz=24, trace=300000, class=java.lang.String@5000008d)
	value		50002535
ARR 50002535 (sz=56, trace=300000, nelems=0, elem type=char[])
ARR 50002536 (sz=112, trace=300000, nelems=0, elem type=char[])
OBJ 50002537 (sz=24, trace=300000, class=java.lang.String@5000008d)
	value		50002538
ARR 50002538 (sz=64, trace=300000, nelems=0, elem type=char[])
OBJ 50002539 (sz=24, trace=300000, class=java.lang.String@5000008d)
	value		5000253a
ARR 5000253a (sz=72, trace=300000, nelems=0, elem type=char[])
OBJ 5000253b (sz=24, trace=300000, class=java.lang.String@5000008d)
	value		5000253c
ARR 5000253c (sz=80, trace=300000, nelems=0, elem type=char[])
OBJ 5000253d (sz=24, trace=300000, class=java.lang.String@5000008d)
	value		50002540
OBJ 5000253e (sz=24, trace=300000, class=java.lang.String@5000008d)
	value		5000253f
ARR 5000253f (sz=56, trace=300000, nelems=0, elem type=char[])
ARR 50002540 (sz=88, trace=300000, nelems=0, elem type=char[])
OBJ 50002541 (sz=24, trace=300000, class=java.lang.String@5000008d)
	value		50002544
OBJ 50002542 (sz=24, trace=300000, class=java.lang.String@5000008d)
	value		50002543
ARR 50002543 (sz=64, trace=300000, nelems=0, elem type=char[])
ARR 50002544 (sz=88, trace=300000, nelems=0, elem type=char[])
OBJ 50002545 (sz=24, trace=300000, class=java.lang.String@5000008d)
	value		50002546
ARR 50002546 (sz=96, trace=300000, nelems=0, elem type=char[])
OBJ 50002547 (sz=24, trace=300000, class=java.lang.String@5000008d)
	value		5000254a
OBJ 50002548 (sz=24, trace=300000, class=java.lang.String@5000008d)
	value		50002549
ARR 50002549 (sz=48, trace=300000, nelems=0, elem type=char[])
ARR 5000254a (sz=64, trace=300000, nelems=0, elem type=char[])
OBJ 5000254b (sz=24, trace=300000, class=java.lang.String@5000008d)
	value		5000254c
ARR 5000254c (sz=104, trace=300000, nelems=0, elem type=char[])
OBJ 5000254d (sz=24, trace=300000, class=java.lang.String@5000008d)
	value		5000254e
ARR 5000254e (sz=104, trace=300000, nelems=0, elem type=char[])
OBJ 5000254f (sz=24, trace=300000, class=java.lang.String@5000008d)
	value		50002550
ARR 50002550 (sz=80, trace=300000, nelems=0, elem type=char[])
OBJ 50002551 (sz=24, trace=300000, class=java.lang.String@5000008d)
	value		50002552
ARR 50002552 (sz=64, trace=300000, nelems=0, elem type=char[])
OBJ 50002553 (sz=24, trace=300000, class=java.lang.String@5000008d)
	value		50002556
OBJ 50002554 (sz=24, trace=300000, class=java.lang.String@5000008d)
	value		50002555
ARR 50002555 (sz=80, trace=300000, nelems=0, elem type=char[])
ARR 50002556 (sz=24, trace=300000, nelems=0, elem type=char[])
OBJ 50002557 (sz=24, trace=300000, class=java.lang.String@5000008d)
	value		5000255a
OBJ 50002558 (sz=24, trace=300000, class=java.lang.String@5000008d)
	value		50002559
ARR 50002559 (sz=40, trace=300000, nelems=0, elem type=char[])
ARR 5000255a (sz=88, trace=300000, nelems=0, elem type=char[])
OBJ 5000255b (sz=24, trace=300000, class=java.lang.String@5000008d)
	value		5000255e
OBJ 5000255c (sz=24, trace=300000, class=java.lang.String@5000008d)
	value		5000255d
ARR 5000255d (sz=64, trace=300000, nelems=0, elem type=char[])
ARR 5000255e (sz=80, trace=300000, nelems=0, elem type=char[])
OBJ 5000255f (sz=24, trace=300000, class=java.lang.String@5000008d)
	value		50002560
ARR 50002560 (sz=96, trace=300000, nelems=0, elem type=char[])
OBJ 50002561 (sz=24, trace=300000, class=java.lang.String@5000008d)
	value		50002562
ARR 50002562 (sz=80, trace=300000, nelems=0, elem type=char[])
OBJ 50002563 (sz=24, trace=300000, class=java.lang.String@5000008d)
	value		50002566
OBJ 50002564 (sz=24, trace=300000, class=java.lang.String@5000008d)
	value		50002565
ARR 50002565 (sz=48, trace=300000, nelems=0, elem type=char[])
ARR 50002566 (sz=64, trace=300000, nelems=0, elem type=char[])
OBJ 50002567 (sz=24, trace=300000, class=java.lang.String@5000008d)
	value		5000256a
OBJ 50002568 (sz=24, trace=300000, class=java.lang.String@5000008d)
	value		50002569
ARR 50002569 (sz=56, trace=300000, nelems=0, elem type=char[])
ARR 5000256a (sz=96, trace=300000, nelems=0, elem type=char[])
OBJ 5000256b (sz=24, trace=300000, class=java.lang.String@5000008d)
	value		5000256c
ARR 5000256c (sz=72, trace=300000, nelems=0, elem type=char[])
OBJ 5000256d (sz=24, trace=300000, class=java.lang.String@5000008d)
	value		50002570
OBJ 5000256e (sz=24, trace=300000, class=java.lang.String@5000008d)
	value		5000256f
ARR 5000256f (sz=48, trace=300000, nelems=0, elem type=char[])
ARR 50002570 (sz=64, trace=300000, nelems=0, elem type=char[])
OBJ 50002571 (sz=24, trace=300000, class=java.lang.String@5000008d)
	value		50002572
ARR 50002572 (sz=96, trace=300000, nelems=0, elem type=char[])
OBJ 50002573 (sz=24, trace=300000, class=java.lang.String@5000008d)
	value		50002574
ARR 50002574 (sz=128, trace=300000, nelems=0, elem type=char[])
OBJ 50002575 (sz=24, trace=300000, class=java.lang.String@5000008d)
	value		50002576
ARR 50002576 (sz=88, trace=300000, nelems=0, elem type=char[])
OBJ 50002577 (sz=24, trace=300000, class=java.lang.String@5000008d)
	value		5000257a
OBJ 50002578 (sz=24, trace=300000, class=java.lang.String@5000008d)
	value		50002579
ARR 50002579 (sz=64, trace=300000, nelems=0, elem type=char[])
ARR 5000257a (sz=40, trace=300000, nelems=0, elem type=char[])
OBJ 5000257b (sz=24, trace=300000, class=java.lang.String@5000008d)
	value		5000257c
ARR 5000257c (sz=80, trace=300000, nelems=0, elem type=char[])
OBJ 5000257d (sz=24, trace=300000, class=java.lang.String@5000008d)
	value		5000257e
ARR 5000257e (sz=88, trace=300000, nelems=0, elem type=char[])
OBJ 5000257f (sz=24, trace=300000, class=java.lang.String@5000008d)
	value		50002580
ARR 50002580 (sz=72, trace=300000, nelems=0, elem type=char[])
OBJ 50002581 (sz=24, trace=300000, class=java.lang.String@5000008d)
	value		50002584
OBJ 50002582 (sz=24, trace=300000, class=java.lang.String@5000008d)
	value		50002583
ARR 50002583 (sz=56, trace=300000, nelems=0, elem type=char[])
ARR 50002584 (sz=120, trace=300000, nelems=0, elem type=char[])
OBJ 50002585 (sz=24, trace=300000, class=java.lang.String@5000008d)
	value		50002586
ARR 50002586 (sz=104, trace=300000, nelems=0, elem type=char[])
OBJ 50002587 (sz=24, trace=300000, class=java.lang.String@5000008d)
	value		50002588
ARR 50002588 (sz=80, trace=300000, nelems=0, elem type=char[])
OBJ 50002589 (sz=24, trace=300000, class=java.lang.String@5000008d)
	value		5000258c
OBJ 5000258a (sz=24, trace=300000, class=java.lang.String@5000008d)
	value		5000258b
ARR 5000258b (sz=56, trace=300000, nelems=0, elem type=char[])
ARR 5000258c (sz=112, trace=300000, nelems=0, elem type=char[])
OBJ 5000258d (sz=24, trace=300000, class=java.lang.String@5000008d)
	value		50002590
OBJ 5000258e (sz=24, trace=300000, class=java.lang.String@5000008d)
	value		5000258f
ARR 5000258f (sz=72, trace=300000, nelems=0, elem type=char[])
ARR 50002590 (sz=24, trace=300000, nelems=0, elem type=char[])
OBJ 50002591 (sz=24, trace=300000, class=java.lang.String@5000008d)
	value		50002592
ARR 50002592 (sz=48, trace=300000, nelems=0, elem type=char[])
ARR 50002593 (sz=392, trace=300000, nelems=0, elem type=char[])
OBJ 50002594 (sz=24, trace=300000, class=java.lang.String@5000008d)
	value		50002595
ARR 50002595 (sz=88, trace=300000, nelems=0, elem type=char[])
OBJ 50002596 (sz=24, trace=300000, class=java.lang.String@5000008d)
	value		50002599
OBJ 50002597 (sz=24, trace=300000, class=java.lang.String@5000008d)
	value		50002598
ARR 50002598 (sz=56, trace=300000, nelems=0, elem type=char[])
ARR 50002599 (sz=80, trace=300000, nelems=0, elem type=char[])
OBJ 5000259a (sz=24, trace=300000, class=java.lang.String@5000008d)
	value		5000259b
ARR 5000259b (sz=72, trace=300000, nelems=0, elem type=char[])
OBJ 5000259c (sz=24, trace=300000, class=java.lang.String@5000008d)
	value		5000259f
OBJ 5000259d (sz=24, trace=300000, class=java.lang.String@5000008d)
	value		5000259e
ARR 5000259e (sz=104, trace=300000, nelems=0, elem type=char[])
ARR 5000259f (sz=128, trace=300000, nelems=0, elem type=char[])
OBJ 500025a0 (sz=24, trace=300000, class=java.lang.String@5000008d)
	value		500025a1
ARR 500025a1 (sz=80, trace=300000, nelems=0, elem type=char[])
OBJ 500025a2 (sz=24, trace=300000, class=java.lang.String@5000008d)
	value		500025a3
ARR 500025a3 (sz=72, trace=300000, nelems=0, elem type=char[])
OBJ 500025a4 (sz=24, trace=300000, class=java.lang.String@5000008d)
	value		500025a5
ARR 500025a5 (sz=112, trace=300000, nelems=0, elem type=char[])
OBJ 500025a6 (sz=24, trace=300000, class=java.lang.String@5000008d)
	value		500025a9
OBJ 500025a7 (sz=24, trace=300000, class=java.lang.String@5000008d)
	value		500025a8
ARR 500025a8 (sz=40, trace=300000, nelems=0, elem type=char[])
ARR 500025a9 (sz=88, trace=300000, nelems=0, elem type=char[])
OBJ 500025aa (sz=24, trace=300000, class=java.lang.String@5000008d)
	value		500025ab
ARR 500025ab (sz=80, trace=300000, nelems=0, elem type=char[])
OBJ 500025ac (sz=24, trace=300000, class=java.lang.String@5000008d)
	value		500025af
OBJ 500025ad (sz=24, trace=300000, class=java.lang.String@5000008d)
	value		500025ae
ARR 500025ae (sz=56, trace=300000, nelems=0, elem type=char[])
ARR 500025af (sz=64, trace=300000, nelems=0, elem type=char[])
OBJ 500025b0 (sz=24, trace=300000, class=java.lang.String@5000008d)
	value		500025b1
ARR 500025b1 (sz=72, trace=300000, nelems=0, elem type=char[])
OBJ 500025b2 (sz=24, trace=300000, class=java.lang.String@5000008d)
	value		500025b3
ARR 500025b3 (sz=88, trace=300000, nelems=0, elem type=char[])
OBJ 500025b4 (sz=24, trace=300000, class=java.lang.String@5000008d)
	value		500025b5
ARR 500025b5 (sz=96, trace=300000, nelems=0, elem type=char[])
OBJ 500025b6 (sz=24, trace=300000, class=java.lang.String@5000008d)
	value		500025b7
ARR 500025b7 (sz=72, trace=300000, nelems=0, elem type=char[])
OBJ 500025b8 (sz=24, trace=300000, class=java.lang.String@5000008d)
	value		500025bf
OBJ 500025b9 (sz=24, trace=300000, class=java.lang.String@5000008d)
	value		500025be
OBJ 500025ba (sz=24, trace=300000, class=java.lang.String@5000008d)
	value		500025bc
OBJ 500025bb (sz=24, trace=300000, class=java.lang.String@5000008d)
	value		500025bd
ARR 500025bc (sz=48, trace=300000, nelems=0, elem type=char[])
ARR 500025bd (sz=56, trace=300000, nelems=0, elem type=char[])
ARR 500025be (sz=48, trace=300000, nelems=0, elem type=char[])
ARR 500025bf (sz=48, trace=300000, nelems=0, elem type=char[])
OBJ 500025c0 (sz=24, trace=300000, class=java.lang.String@5000008d)
	value		500025c5
OBJ 500025c1 (sz=24, trace=300000, class=java.lang.String@5000008d)
	value		500025c9
OBJ 500025c2 (sz=24, trace=300000, class=java.lang.String@5000008d)
	value		500025c8
OBJ 500025c3 (sz=24, trace=300000, class=java.lang.String@5000008d)
	value		500025c7
OBJ 500025c4 (sz=24, trace=300000, class=java.lang.String@5000008d)
	value		500025c6
ARR 500025c5 (sz=32, trace=300000, nelems=0, elem type=char[])
ARR 500025c6 (sz=56, trace=300000, nelems=0, elem type=char[])
ARR 500025c7 (sz=32, trace=300000, nelems=0, elem type=char[])
ARR 500025c8 (sz=32, trace=300000, nelems=0, elem type=char[])
ARR 500025c9 (sz=32, trace=300000, nelems=0, elem type=char[])
OBJ 500025ca (sz=24, trace=300000, class=java.lang.String@5000008d)
	value		500025cb
ARR 500025cb (sz=72, trace=300000, nelems=0, elem type=char[])
OBJ 500025cc (sz=24, trace=300000, class=java.lang.String@5000008d)
	value		500025dc
OBJ 500025cd (sz=24, trace=300000, class=java.lang.String@5000008d)
	value		500025e1
OBJ 500025ce (sz=24, trace=300000, class=java.lang.String@5000008d)
	value		500025d8
OBJ 500025cf (sz=24, trace=300000, class=java.lang.String@5000008d)
	value		500025d9
OBJ 500025d0 (sz=24, trace=300000, class=java.lang.String@5000008d)
	value		500025df
OBJ 500025d1 (sz=24, trace=300000, class=java.lang.String@5000008d)
	value		500025dd
OBJ 500025d2 (sz=24, trace=300000, class=java.lang.String@5000008d)
	value		500025d7
OBJ 500025d3 (sz=24, trace=300000, class=java.lang.String@5000008d)
	value		500025da
OBJ 500025d4 (sz=24, trace=300000, class=java.lang.String@5000008d)
	value		500025de
OBJ 500025d5 (sz=24, trace=300000, class=java.lang.String@5000008d)
	value		500025db
OBJ 500025d6 (sz=24, trace=300000, class=java.lang.String@5000008d)
	value		500025e0
ARR 500025d7 (sz=48, trace=300000, nelems=0, elem type=char[])
ARR 500025d8 (sz=32, trace=300000, nelems=0, elem type=char[])
ARR 500025d9 (sz=40, trace=300000, nelems=0, elem type=char[])
ARR 500025da (sz=32, trace=300000, nelems=0, elem type=char[])
ARR 500025db (sz=32, trace=300000, nelems=0, elem type=char[])
ARR 500025dc (sz=32, trace=300000, nelems=0, elem type=char[])
ARR 500025dd (sz=32, trace=300000, nelems=0, elem type=char[])
ARR 500025de (sz=32, trace=300000, nelems=0, elem type=char[])
ARR 500025df (sz=48, trace=300000, nelems=0, elem type=char[])
ARR 500025e0 (sz=24, trace=300000, nelems=0, elem type=char[])
ARR 500025e1 (sz=48, trace=300000, nelems=0, elem type=char[])
OBJ 500025e2 (sz=24, trace=300000, class=java.lang.String@5000008d)
	value		500025e5
OBJ 500025e3 (sz=24, trace=300000, class=java.lang.String@5000008d)
	value		500025e6
OBJ 500025e4 (sz=24, trace=300000, class=java.lang.String@5000008d)
	value		500025e7
ARR 500025e5 (sz=56, trace=300000, nelems=0, elem type=char[])
ARR 500025e6 (sz=32, trace=300000, nelems=0, elem type=char[])
ARR 500025e7 (sz=32, trace=300000, nelems=0, elem type=char[])
OBJ 500025e8 (sz=24, trace=300000, class=java.lang.String@5000008d)
	value		500025ef
OBJ 500025e9 (sz=24, trace=300000, class=java.lang.String@5000008d)
	value		500025f1
OBJ 500025ea (sz=24, trace=300000, class=java.lang.String@5000008d)
	value		500025f4
ARR 500025eb (sz=24, trace=300000, nelems=3, elem type=java.io.ObjectStreamField[]@50000058)
	[0]		500025ec
	[1]		500025ed
	[2]		500025ee
OBJ 500025ec (sz=32, trace=300000, class=java.io.ObjectStreamField@50000057)
	name		500025ea
	signature	500025f3
	type		500015a2
OBJ 500025ed (sz=32, trace=300000, class=java.io.ObjectStreamField@50000057)
	name		500025e9
	signature	500025f0
	type		5000159e
OBJ 500025ee (sz=32, trace=300000, class=java.io.ObjectStreamField@50000057)
	name		500025e8
	signature	50001c20
	type		500015a0
ARR 500025ef (sz=56, trace=300000, nelems=0, elem type=char[])
OBJ 500025f0 (sz=24, trace=300000, class=java.lang.String@5000008d)
	value		500025f2
ARR 500025f1 (sz=48, trace=300000, nelems=0, elem type=char[])
ARR 500025f2 (sz=16, trace=300000, nelems=0, elem type=char[])
OBJ 500025f3 (sz=24, trace=300000, class=java.lang.String@5000008d)
	value		500025f5
ARR 500025f4 (sz=24, trace=300000, nelems=0, elem type=char[])
ARR 500025f5 (sz=16, trace=300000, nelems=0, elem type=char[])
OBJ 500025f6 (sz=24, trace=300000, class=java.lang.String@5000008d)
	value		500025f9
OBJ 500025f7 (sz=24, trace=300000, class=java.lang.String@5000008d)
	value		500025f8
ARR 500025f8 (sz=64, trace=300000, nelems=0, elem type=char[])
ARR 500025f9 (sz=72, trace=300000, nelems=0, elem type=char[])
OBJ 500025fa (sz=24, trace=300000, class=java.lang.String@5000008d)
	value		50002618
OBJ 500025fb (sz=24, trace=300000, class=java.lang.String@5000008d)
	value		50002612
OBJ 500025fc (sz=24, trace=300000, class=java.lang.String@5000008d)
	value		50002614
OBJ 500025fd (sz=24, trace=300000, class=java.lang.String@5000008d)
	value		5000261c
OBJ 500025fe (sz=24, trace=300000, class=java.lang.String@5000008d)
	value		50002613
OBJ 500025ff (sz=24, trace=300000, class=java.lang.String@5000008d)
	value		50002610
OBJ 50002600 (sz=24, trace=300000, class=java.lang.String@5000008d)
	value		50002615
OBJ 50002601 (sz=24, trace=300000, class=java.lang.String@5000008d)
	value		50002619
OBJ 50002602 (sz=24, trace=300000, class=java.lang.String@5000008d)
	value		50002616
OBJ 50002603 (sz=24, trace=300000, class=java.lang.String@5000008d)
	value		5000260f
OBJ 50002604 (sz=24, trace=300000, class=java.lang.String@5000008d)
	value		5000261e
OBJ 50002605 (sz=24, trace=300000, class=java.lang.String@5000008d)
	value		5000260e
OBJ 50002606 (sz=24, trace=300000, class=java.lang.String@5000008d)
	value		5000261d
OBJ 50002607 (sz=24, trace=300000, class=java.lang.String@5000008d)
	value		50002617
OBJ 50002608 (sz=24, trace=300000, class=java.lang.String@5000008d)
	value		5000261b
OBJ 50002609 (sz=24, trace=300000, class=java.lang.String@5000008d)
	value		5000261a
OBJ 5000260a (sz=24, trace=300000, class=java.lang.String@5000008d)
	value		50002611
OBJ 5000260b (sz=24, trace=300000, class=java.lang.String@5000008d)
	value		5000261f
OBJ 5000260c (sz=24, trace=300000, class=java.lang.String@5000008d)
	value		5000260d
ARR 5000260d (sz=1368, trace=300000, nelems=0, elem type=char[])
ARR 5000260e (sz=24, trace=300000, nelems=0, elem type=char[])
ARR 5000260f (sz=24, trace=300000, nelems=0, elem type=char[])
ARR 50002610 (sz=24, trace=300000, nelems=0, elem type=char[])
ARR 50002611 (sz=24, trace=300000, nelems=0, elem type=char[])
ARR 50002612 (sz=24, trace=300000, nelems=0, elem type=char[])
ARR 50002613 (sz=24, trace=300000, nelems=0, elem type=char[])
ARR 50002614 (sz=24, trace=300000, nelems=0, elem type=char[])
ARR 50002615 (sz=24, trace=300000, nelems=0, elem type=char[])
ARR 50002616 (sz=24, trace=300000, nelems=0, elem type=char[])
ARR 50002617 (sz=24, trace=300000, nelems=0, elem type=char[])
ARR 50002618 (sz=24, trace=300000, nelems=0, elem type=char[])
ARR 50002619 (sz=24, trace=300000, nelems=0, elem type=char[])
ARR 5000261a (sz=24, trace=300000, nelems=0, elem type=char[])
ARR 5000261b (sz=24, trace=300000, nelems=0, elem type=char[])
ARR 5000261c (sz=24, trace=300000, nelems=0, elem type=char[])
ARR 5000261d (sz=24, trace=300000, nelems=0, elem type=char[])
ARR 5000261e (sz=24, trace=300000, nelems=0, elem type=char[])
ARR 5000261f (sz=408, trace=300000, nelems=0, elem type=char[])
ARR 50002620 (sz=16, trace=300000, nelems=0, elem type=java.lang.annotation.Annotation[]@50000007)
OBJ 50002621 (sz=24, trace=300000, class=java.lang.String@5000008d)
	value		50002623
OBJ 50002622 (sz=24, trace=300000, class=java.lang.String@5000008d)
	value		50002624
ARR 50002623 (sz=128, trace=300000, nelems=0, elem type=char[])
ARR 50002624 (sz=128, trace=300000, nelems=0, elem type=char[])
OBJ 50002625 (sz=24, trace=300000, class=java.lang.String@5000008d)
	value		5000262d
OBJ 50002626 (sz=24, trace=300000, class=java.lang.String@5000008d)
	value		50002632
OBJ 50002627 (sz=24, trace=300000, class=java.lang.String@5000008d)
	value		50002631
OBJ 50002628 (sz=24, trace=300000, class=java.lang.String@5000008d)
	value		50002630
OBJ 50002629 (sz=24, trace=300000, class=java.lang.String@5000008d)
	value		5000262f
OBJ 5000262a (sz=24, trace=300000, class=java.lang.String@5000008d)
	value		5000262e
OBJ 5000262b (sz=24, trace=300000, class=java.lang.String@5000008d)
	value		5000262c
ARR 5000262c (sz=32, trace=300000, nelems=0, elem type=char[])
ARR 5000262d (sz=32, trace=300000, nelems=0, elem type=char[])
ARR 5000262e (sz=32, trace=300000, nelems=0, elem type=char[])
ARR 5000262f (sz=56, trace=300000, nelems=0, elem type=char[])
ARR 50002630 (sz=64, trace=300000, nelems=0, elem type=char[])
ARR 50002631 (sz=64, trace=300000, nelems=0, elem type=char[])
ARR 50002632 (sz=80, trace=300000, nelems=0, elem type=char[])
OBJ 50002633 (sz=24, trace=300000, class=java.lang.String@5000008d)
	value		50002650
OBJ 50002634 (sz=24, trace=300000, class=java.lang.String@5000008d)
	value		5000264e
OBJ 50002635 (sz=24, trace=300000, class=java.lang.String@5000008d)
	value		5000264f
OBJ 50002636 (sz=24, trace=300000, class=java.lang.String@5000008d)
	value		50002644
OBJ 50002637 (sz=24, trace=300000, class=java.lang.String@5000008d)
	value		50002645
OBJ 50002638 (sz=24, trace=300000, class=java.lang.String@5000008d)
	value		50002649
OBJ 50002639 (sz=24, trace=300000, class=java.lang.String@5000008d)
	value		50002648
OBJ 5000263a (sz=24, trace=300000, class=java.lang.String@5000008d)
	value		5000264d
OBJ 5000263b (sz=24, trace=300000, class=java.lang.String@5000008d)
	value		50002646
OBJ 5000263c (sz=24, trace=300000, class=java.lang.String@5000008d)
	value		50002647
OBJ 5000263d (sz=24, trace=300000, class=java.lang.String@5000008d)
	value		5000264a
OBJ 5000263e (sz=24, trace=300000, class=java.lang.String@5000008d)
	value		5000264b
OBJ 5000263f (sz=24, trace=300000, class=java.lang.String@5000008d)
	value		5000264c
OBJ 50002640 (sz=24, trace=300000, class=java.lang.String@5000008d)
	value		50002642
OBJ 50002641 (sz=24, trace=300000, class=java.lang.String@5000008d)
	value		50002643
ARR 50002642 (sz=24, trace=300000, nelems=0, elem type=char[])
ARR 50002643 (sz=24, trace=300000, nelems=0, elem type=char[])
ARR 50002644 (sz=24, trace=300000, nelems=0, elem type=char[])
ARR 50002645 (sz=24, trace=300000, nelems=0, elem type=char[])
ARR 50002646 (sz=24, trace=300000, nelems=0, elem type=char[])
ARR 50002647 (sz=24, trace=300000, nelems=0, elem type=char[])
ARR 50002648 (sz=24, trace=300000, nelems=0, elem type=char[])
ARR 50002649 (sz=32, trace=300000, nelems=0, elem type=char[])
ARR 5000264a (sz=32, trace=300000, nelems=0, elem type=char[])
ARR 5000264b (sz=32, trace=300000, nelems=0, elem type=char[])
ARR 5000264c (sz=32, trace=300000, nelems=0, elem type=char[])
ARR 5000264d (sz=40, trace=300000, nelems=0, elem type=char[])
ARR 5000264e (sz=32, trace=300000, nelems=0, elem type=char[])
ARR 5000264f (sz=32, trace=300000, nelems=0, elem type=char[])
ARR 50002650 (sz=24, trace=300000, nelems=0, elem type=char[])
OBJ 50002651 (sz=24, trace=300000, class=java.lang.String@5000008d)
	value		50002652
ARR 50002652 (sz=24, trace=300000, nelems=0, elem type=char[])
OBJ 50002653 (sz=24, trace=300000, class=java.lang.String@5000008d)
	value		50002664
OBJ 50002654 (sz=24, trace=300000, class=java.lang.String@5000008d)
	value		50002663
OBJ 50002655 (sz=24, trace=300000, class=java.lang.String@5000008d)
	value		5000265d
OBJ 50002656 (sz=24, trace=300000, class=java.lang.String@5000008d)
	value		5000265c
OBJ 50002657 (sz=24, trace=300000, class=java.lang.String@5000008d)
	value		5000265e
OBJ 50002658 (sz=24, trace=300000, class=java.lang.String@5000008d)
	value		5000265f
OBJ 50002659 (sz=24, trace=300000, class=java.lang.String@5000008d)
	value		50002662
OBJ 5000265a (sz=24, trace=300000, class=java.lang.String@5000008d)
	value		50002661
OBJ 5000265b (sz=24, trace=300000, class=java.lang.String@5000008d)
	value		50002660
ARR 5000265c (sz=136, trace=300000, nelems=0, elem type=char[])
ARR 5000265d (sz=120, trace=300000, nelems=0, elem type=char[])
ARR 5000265e (sz=120, trace=300000, nelems=0, elem type=char[])
ARR 5000265f (sz=136, trace=300000, nelems=0, elem type=char[])
ARR 50002660 (sz=80, trace=300000, nelems=0, elem type=char[])
ARR 50002661 (sz=64, trace=300000, nelems=0, elem type=char[])
ARR 50002662 (sz=56, trace=300000, nelems=0, elem type=char[])
ARR 50002663 (sz=80, trace=300000, nelems=0, elem type=char[])
ARR 50002664 (sz=56, trace=300000, nelems=0, elem type=char[])
OBJ 50002665 (sz=24, trace=300000, class=java.lang.String@5000008d)
	value		50002669
OBJ 50002666 (sz=24, trace=300000, class=java.lang.String@5000008d)
	value		5000266a
OBJ 50002667 (sz=24, trace=300000, class=java.lang.String@5000008d)
	value		5000266c
OBJ 50002668 (sz=24, trace=300000, class=java.lang.String@5000008d)
	value		5000266b
ARR 50002669 (sz=128, trace=300000, nelems=0, elem type=char[])
ARR 5000266a (sz=128, trace=300000, nelems=0, elem type=char[])
ARR 5000266b (sz=72, trace=300000, nelems=0, elem type=char[])
ARR 5000266c (sz=64, trace=300000, nelems=0, elem type=char[])
OBJ 5000266d (sz=24, trace=300000, class=java.lang.String@5000008d)
	value		50002670
OBJ 5000266e (sz=24, trace=300000, class=java.lang.String@5000008d)
	value		5000266f
ARR 5000266f (sz=56, trace=300000, nelems=0, elem type=char[])
ARR 50002670 (sz=64, trace=300000, nelems=0, elem type=char[])
OBJ 50002671 (sz=24, trace=300000, class=java.lang.String@5000008d)
	value		50002674
OBJ 50002672 (sz=24, trace=300000, class=java.lang.String@5000008d)
	value		50002673
ARR 50002673 (sz=48, trace=300000, nelems=0, elem type=char[])
ARR 50002674 (sz=48, trace=300000, nelems=0, elem type=char[])
OBJ 50002675 (sz=24, trace=300000, class=java.lang.String@5000008d)
	value		5000267a
OBJ 50002676 (sz=24, trace=300000, class=java.lang.String@5000008d)
	value		50002679
OBJ 50002677 (sz=24, trace=300000, class=java.lang.String@5000008d)
	value		50002678
ARR 50002678 (sz=40, trace=300000, nelems=0, elem type=char[])
ARR 50002679 (sz=56, trace=300000, nelems=0, elem type=char[])
ARR 5000267a (sz=56, trace=300000, nelems=0, elem type=char[])
OBJ 5000267b (sz=24, trace=300000, class=java.lang.String@5000008d)
	value		500026ce
OBJ 5000267c (sz=24, trace=300000, class=java.lang.String@5000008d)
	value		500026dd
OBJ 5000267d (sz=24, trace=300000, class=java.lang.String@5000008d)
	value		500026f9
OBJ 5000267e (sz=24, trace=300000, class=java.lang.String@5000008d)
	value		500026f4
OBJ 5000267f (sz=24, trace=300000, class=java.lang.String@5000008d)
	value		500026c4
OBJ 50002680 (sz=24, trace=300000, class=java.lang.String@5000008d)
	value		500026e5
OBJ 50002681 (sz=24, trace=300000, class=java.lang.String@5000008d)
	value		500026df
OBJ 50002682 (sz=24, trace=300000, class=java.lang.String@5000008d)
	value		500026d8
OBJ 50002683 (sz=24, trace=300000, class=java.lang.String@5000008d)
	value		500026e1
OBJ 50002684 (sz=24, trace=300000, class=java.lang.String@5000008d)
	value		500026d2
OBJ 50002685 (sz=24, trace=300000, class=java.lang.String@5000008d)
	value		500026c2
OBJ 50002686 (sz=24, trace=300000, class=java.lang.String@5000008d)
	value		500026e7
OBJ 50002687 (sz=24, trace=300000, class=java.lang.String@5000008d)
	value		500026f6
OBJ 50002688 (sz=24, trace=300000, class=java.lang.String@5000008d)
	value		500026cc
OBJ 50002689 (sz=24, trace=300000, class=java.lang.String@5000008d)
	value		500026e8
OBJ 5000268a (sz=24, trace=300000, class=java.lang.String@5000008d)
	value		500026d6
OBJ 5000268b (sz=24, trace=300000, class=java.lang.String@5000008d)
	value		500026c6
OBJ 5000268c (sz=24, trace=300000, class=java.lang.String@5000008d)
	value		500026ef
OBJ 5000268d (sz=24, trace=300000, class=java.lang.String@5000008d)
	value		500026fb
OBJ 5000268e (sz=24, trace=300000, class=java.lang.String@5000008d)
	value		500026f8
OBJ 5000268f (sz=24, trace=300000, class=java.lang.String@5000008d)
	value		500026d7
OBJ 50002690 (sz=24, trace=300000, class=java.lang.String@5000008d)
	value		500026d5
OBJ 50002691 (sz=24, trace=300000, class=java.lang.String@5000008d)
	value		500026f3
OBJ 50002692 (sz=24, trace=300000, class=java.lang.String@5000008d)
	value		500026ec
OBJ 50002693 (sz=24, trace=300000, class=java.lang.String@5000008d)
	value		500026e4
OBJ 50002694 (sz=24, trace=300000, class=java.lang.String@5000008d)
	value		500026ea
OBJ 50002695 (sz=24, trace=300000, class=java.lang.String@5000008d)
	value		500026d3
OBJ 50002696 (sz=24, trace=300000, class=java.lang.String@5000008d)
	value		500026f1
OBJ 50002697 (sz=24, trace=300000, class=java.lang.String@5000008d)
	value		500026e2
OBJ 50002698 (sz=24, trace=300000, class=java.lang.String@5000008d)
	value		500026c3
OBJ 50002699 (sz=24, trace=300000, class=java.lang.String@5000008d)
	value		500026c1
OBJ 5000269a (sz=24, trace=300000, class=java.lang.String@5000008d)
	value		500026fc
OBJ 5000269b (sz=24, trace=300000, class=java.lang.String@5000008d)
	value		500026c5
OBJ 5000269c (sz=24, trace=300000, class=java.lang.String@5000008d)
	value		500026f0
OBJ 5000269d (sz=24, trace=300000, class=java.lang.String@5000008d)
	value		500026d9
OBJ 5000269e (sz=24, trace=300000, class=java.lang.String@5000008d)
	value		500026ee
OBJ 5000269f (sz=24, trace=300000, class=java.lang.String@5000008d)
	value		500026bf
OBJ 500026a0 (sz=24, trace=300000, class=java.lang.String@5000008d)
	value		500026cd
OBJ 500026a1 (sz=24, trace=300000, class=java.lang.String@5000008d)
	value		500026bc
OBJ 500026a2 (sz=24, trace=300000, class=java.lang.String@5000008d)
	value		500026d1
OBJ 500026a3 (sz=24, trace=300000, class=java.lang.String@5000008d)
	value		500026db
OBJ 500026a4 (sz=24, trace=300000, class=java.lang.String@5000008d)
	value		500026e0
OBJ 500026a5 (sz=24, trace=300000, class=java.lang.String@5000008d)
	value		500026f7
OBJ 500026a6 (sz=24, trace=300000, class=java.lang.String@5000008d)
	value		500026e6
OBJ 500026a7 (sz=24, trace=300000, class=java.lang.String@5000008d)
	value		500026da
OBJ 500026a8 (sz=24, trace=300000, class=java.lang.String@5000008d)
	value		500026dc
OBJ 500026a9 (sz=24, trace=300000, class=java.lang.String@5000008d)
	value		500026d0
OBJ 500026aa (sz=24, trace=300000, class=java.lang.String@5000008d)
	value		500026fa
OBJ 500026ab (sz=24, trace=300000, class=java.lang.String@5000008d)
	value		500026ca
OBJ 500026ac (sz=24, trace=300000, class=java.lang.String@5000008d)
	value		500026bd
OBJ 500026ad (sz=24, trace=300000, class=java.lang.String@5000008d)
	value		500026c8
OBJ 500026ae (sz=24, trace=300000, class=java.lang.String@5000008d)
	value		500026f2
OBJ 500026af (sz=24, trace=300000, class=java.lang.String@5000008d)
	value		500026be
OBJ 500026b0 (sz=24, trace=300000, class=java.lang.String@5000008d)
	value		500026ed
OBJ 500026b1 (sz=24, trace=300000, class=java.lang.String@5000008d)
	value		500026eb
OBJ 500026b2 (sz=24, trace=300000, class=java.lang.String@5000008d)
	value		500026f5
OBJ 500026b3 (sz=24, trace=300000, class=java.lang.String@5000008d)
	value		500026e3
OBJ 500026b4 (sz=24, trace=300000, class=java.lang.String@5000008d)
	value		500026c9
OBJ 500026b5 (sz=24, trace=300000, class=java.lang.String@5000008d)
	value		500026d4
OBJ 500026b6 (sz=24, trace=300000, class=java.lang.String@5000008d)
	value		500026de
OBJ 500026b7 (sz=24, trace=300000, class=java.lang.String@5000008d)
	value		500026c0
OBJ 500026b8 (sz=24, trace=300000, class=java.lang.String@5000008d)
	value		500026cb
OBJ 500026b9 (sz=24, trace=300000, class=java.lang.String@5000008d)
	value		500026c7
OBJ 500026ba (sz=24, trace=300000, class=java.lang.String@5000008d)
	value		500026cf
OBJ 500026bb (sz=24, trace=300000, class=java.lang.String@5000008d)
	value		500026e9
ARR 500026bc (sz=16, trace=300000, nelems=0, elem type=char[])
ARR 500026bd (sz=40, trace=300000, nelems=0, elem type=char[])
ARR 500026be (sz=64, trace=300000, nelems=0, elem type=char[])
ARR 500026bf (sz=24, trace=300000, nelems=0, elem type=char[])
ARR 500026c0 (sz=40, trace=300000, nelems=0, elem type=char[])
ARR 500026c1 (sz=16, trace=300000, nelems=0, elem type=char[])
ARR 500026c2 (sz=24, trace=300000, nelems=0, elem type=char[])
ARR 500026c3 (sz=16, trace=300000, nelems=0, elem type=char[])
ARR 500026c4 (sz=16, trace=300000, nelems=0, elem type=char[])
ARR 500026c5 (sz=16, trace=300000, nelems=0, elem type=char[])
ARR 500026c6 (sz=16, trace=300000, nelems=0, elem type=char[])
ARR 500026c7 (sz=64, trace=300000, nelems=0, elem type=char[])
ARR 500026c8 (sz=32, trace=300000, nelems=0, elem type=char[])
ARR 500026c9 (sz=40, trace=300000, nelems=0, elem type=char[])
ARR 500026ca (sz=24, trace=300000, nelems=0, elem type=char[])
ARR 500026cb (sz=64, trace=300000, nelems=0, elem type=char[])
ARR 500026cc (sz=16, trace=300000, nelems=0, elem type=char[])
ARR 500026cd (sz=16, trace=300000, nelems=0, elem type=char[])
ARR 500026ce (sz=24, trace=300000, nelems=0, elem type=char[])
ARR 500026cf (sz=40, trace=300000, nelems=0, elem type=char[])
ARR 500026d0 (sz=16, trace=300000, nelems=0, elem type=char[])
ARR 500026d1 (sz=16, trace=300000, nelems=0, elem type=char[])
ARR 500026d2 (sz=16, trace=300000, nelems=0, elem type=char[])
ARR 500026d3 (sz=16, trace=300000, nelems=0, elem type=char[])
ARR 500026d4 (sz=40, trace=300000, nelems=0, elem type=char[])
ARR 500026d5 (sz=16, trace=300000, nelems=0, elem type=char[])
ARR 500026d6 (sz=16, trace=300000, nelems=0, elem type=char[])
ARR 500026d7 (sz=16, trace=300000, nelems=0, elem type=char[])
ARR 500026d8 (sz=24, trace=300000, nelems=0, elem type=char[])
ARR 500026d9 (sz=24, trace=300000, nelems=0, elem type=char[])
ARR 500026da (sz=24, trace=300000, nelems=0, elem type=char[])
ARR 500026db (sz=16, trace=300000, nelems=0, elem type=char[])
ARR 500026dc (sz=16, trace=300000, nelems=0, elem type=char[])
ARR 500026dd (sz=24, trace=300000, nelems=0, elem type=char[])
ARR 500026de (sz=40, trace=300000, nelems=0, elem type=char[])
ARR 500026df (sz=16, trace=300000, nelems=0, elem type=char[])
ARR 500026e0 (sz=16, trace=300000, nelems=0, elem type=char[])
ARR 500026e1 (sz=16, trace=300000, nelems=0, elem type=char[])
ARR 500026e2 (sz=16, trace=300000, nelems=0, elem type=char[])
ARR 500026e3 (sz=48, trace=300000, nelems=0, elem type=char[])
ARR 500026e4 (sz=16, trace=300000, nelems=0, elem type=char[])
ARR 500026e5 (sz=16, trace=300000, nelems=0, elem type=char[])
ARR 500026e6 (sz=24, trace=300000, nelems=0, elem type=char[])
ARR 500026e7 (sz=24, trace=300000, nelems=0, elem type=char[])
ARR 500026e8 (sz=16, trace=300000, nelems=0, elem type=char[])
ARR 500026e9 (sz=40, trace=300000, nelems=0, elem type=char[])
ARR 500026ea (sz=16, trace=300000, nelems=0, elem type=char[])
ARR 500026eb (sz=64, trace=300000, nelems=0, elem type=char[])
ARR 500026ec (sz=16, trace=300000, nelems=0, elem type=char[])
ARR 500026ed (sz=56, trace=300000, nelems=0, elem type=char[])
ARR 500026ee (sz=16, trace=300000, nelems=0, elem type=char[])
ARR 500026ef (sz=16, trace=300000, nelems=0, elem type=char[])
ARR 500026f0 (sz=16, trace=300000, nelems=0, elem type=char[])
ARR 500026f1 (sz=16, trace=300000, nelems=0, elem type=char[])
ARR 500026f2 (sz=40, trace=300000, nelems=0, elem type=char[])
ARR 500026f3 (sz=16, trace=300000, nelems=0, elem type=char[])
ARR 500026f4 (sz=16, trace=300000, nelems=0, elem type=char[])
ARR 500026f5 (sz=32, trace=300000, nelems=0, elem type=char[])
ARR 500026f6 (sz=16, trace=300000, nelems=0, elem type=char[])
ARR 500026f7 (sz=24, trace=300000, nelems=0, elem type=char[])
ARR 500026f8 (sz=16, trace=300000, nelems=0, elem type=char[])
ARR 500026f9 (sz=24, trace=300000, nelems=0, elem type=char[])
ARR 500026fa (sz=16, trace=300000, nelems=0, elem type=char[])
ARR 500026fb (sz=24, trace=300000, nelems=0, elem type=char[])
ARR 500026fc (sz=16, trace=300000, nelems=0, elem type=char[])
OBJ 500026fd (sz=24, trace=300000, class=java.lang.String@5000008d)
	value		500026fe
ARR 500026fe (sz=24, trace=300000, nelems=0, elem type=char[])
OBJ 500026ff (sz=24, trace=300000, class=java.lang.String@5000008d)
	value		50002704
ARR 50002700 (sz=56, trace=300000, nelems=0, elem type=int[])
ARR 50002701 (sz=216, trace=300000, nelems=0, elem type=char[])
ARR 50002702 (sz=216, trace=300000, nelems=0, elem type=char[])
ARR 50002703 (sz=88, trace=300000, nelems=0, elem type=char[])
ARR 50002704 (sz=24, trace=300000, nelems=0, elem type=char[])
OBJ 50002705 (sz=24, trace=300000, class=java.lang.String@5000008d)
	value		50002709
OBJ 50002706 (sz=24, trace=300000, class=java.lang.String@5000008d)
	value		50002708
OBJ 50002707 (sz=8, trace=300000, class=java.lang.Terminator$1@5000003d)
ARR 50002708 (sz=24, trace=300000, nelems=0, elem type=char[])
ARR 50002709 (sz=24, trace=300000, nelems=0, elem type=char[])
OBJ 5000270a (sz=24, trace=300000, class=java.lang.String@5000008d)
	value		5000271c
OBJ 5000270b (sz=24, trace=300000, class=java.lang.String@5000008d)
	value		5000271b
OBJ 5000270c (sz=24, trace=300000, class=java.lang.String@5000008d)
	value		5000271d
OBJ 5000270d (sz=24, trace=300000, class=java.lang.String@5000008d)
	value		50002716
OBJ 5000270e (sz=24, trace=300000, class=java.lang.String@5000008d)
	value		50002714
OBJ 5000270f (sz=24, trace=300000, class=java.lang.String@5000008d)
	value		50002718
OBJ 50002710 (sz=24, trace=300000, class=java.lang.String@5000008d)
	value		50002717
OBJ 50002711 (sz=24, trace=300000, class=java.lang.String@5000008d)
	value		50002715
OBJ 50002712 (sz=24, trace=300000, class=java.lang.String@5000008d)
	value		50002719
OBJ 50002713 (sz=24, trace=300000, class=java.lang.String@5000008d)
	value		5000271a
ARR 50002714 (sz=128, trace=300000, nelems=0, elem type=char[])
ARR 50002715 (sz=112, trace=300000, nelems=0, elem type=char[])
ARR 50002716 (sz=112, trace=300000, nelems=0, elem type=char[])
ARR 50002717 (sz=144, trace=300000, nelems=0, elem type=char[])
ARR 50002718 (sz=128, trace=300000, nelems=0, elem type=char[])
ARR 50002719 (sz=128, trace=300000, nelems=0, elem type=char[])
ARR 5000271a (sz=128, trace=300000, nelems=0, elem type=char[])
ARR 5000271b (sz=120, trace=300000, nelems=0, elem type=char[])
ARR 5000271c (sz=128, trace=300000, nelems=0, elem type=char[])
ARR 5000271d (sz=128, trace=300000, nelems=0, elem type=char[])
OBJ 5000271e (sz=24, trace=300000, class=java.lang.String@5000008d)
	value		5000271f
ARR 5000271f (sz=128, trace=300000, nelems=0, elem type=char[])
OBJ 50002720 (sz=24, trace=300000, class=java.lang.String@5000008d)
	value		50002731
OBJ 50002721 (sz=24, trace=300000, class=java.lang.String@5000008d)
	value		50002730
OBJ 50002722 (sz=24, trace=300000, class=java.lang.String@5000008d)
	value		5000272f
OBJ 50002723 (sz=24, trace=300000, class=java.lang.String@5000008d)
	value		5000272e
OBJ 50002724 (sz=24, trace=300000, class=java.lang.String@5000008d)
	value		5000272d
OBJ 50002725 (sz=24, trace=300000, class=java.lang.String@5000008d)
	value		5000272c
OBJ 50002726 (sz=24, trace=300000, class=java.lang.String@5000008d)
	value		5000272b
OBJ 50002727 (sz=24, trace=300000, class=java.lang.String@5000008d)
	value		5000272a
OBJ 50002728 (sz=24, trace=300000, class=java.lang.String@5000008d)
	value		50002729
ARR 50002729 (sz=48, trace=300000, nelems=0, elem type=char[])
ARR 5000272a (sz=48, trace=300000, nelems=0, elem type=char[])
ARR 5000272b (sz=48, trace=300000, nelems=0, elem type=char[])
ARR 5000272c (sz=48, trace=300000, nelems=0, elem type=char[])
ARR 5000272d (sz=40, trace=300000, nelems=0, elem type=char[])
ARR 5000272e (sz=48, trace=300000, nelems=0, elem type=char[])
ARR 5000272f (sz=48, trace=300000, nelems=0, elem type=char[])
ARR 50002730 (sz=32, trace=300000, nelems=0, elem type=char[])
ARR 50002731 (sz=56, trace=300000, nelems=0, elem type=char[])
OBJ 50002732 (sz=24, trace=300000, class=java.lang.String@5000008d)
	value		50002733
ARR 50002733 (sz=24, trace=300000, nelems=0, elem type=char[])
OBJ 50002734 (sz=24, trace=300000, class=java.lang.String@5000008d)
	value		50002735
ARR 50002735 (sz=144, trace=300000, nelems=0, elem type=char[])
OBJ 50002736 (sz=32, trace=300000, class=sun.misc.SoftCache@500000e2)
	hash		5000273d
	queue		5000273c
OBJ 50002737 (sz=32, trace=300000, class=sun.misc.SoftCache@500000e2)
	hash		50002739
	queue		50002738
OBJ 50002738 (sz=24, trace=300000, class=java.lang.ref.ReferenceQueue@5000005b)
	lock		5000273b
OBJ 50002739 (sz=40, trace=300000, class=java.util.HashMap@50000096)
	table		5000273a
ARR 5000273a (sz=80, trace=300000, nelems=0, elem type=java.util.HashMap$Entry[]@5000004d)
OBJ 5000273b (sz=8, trace=300000, class=java.lang.ref.ReferenceQueue$Lock@500000fd)
OBJ 5000273c (sz=24, trace=300000, class=java.lang.ref.ReferenceQueue@5000005b)
	lock		5000273f
OBJ 5000273d (sz=40, trace=300000, class=java.util.HashMap@50000096)
	table		5000273e
ARR 5000273e (sz=80, trace=300000, nelems=0, elem type=java.util.HashMap$Entry[]@5000004d)
OBJ 5000273f (sz=8, trace=300000, class=java.lang.ref.ReferenceQueue$Lock@500000fd)
ARR 50002740 (sz=56, trace=300000, nelems=0, elem type=int[])
OBJ 50002741 (sz=24, trace=300000, class=java.lang.String@5000008d)
	value		50002748
OBJ 50002742 (sz=24, trace=300000, class=java.lang.String@5000008d)
	value		50002747
OBJ 50002743 (sz=24, trace=300000, class=java.lang.String@5000008d)
	value		50002746
OBJ 50002744 (sz=24, trace=300000, class=java.lang.String@5000008d)
	value		50002745
ARR 50002745 (sz=24, trace=300000, nelems=0, elem type=char[])
ARR 50002746 (sz=24, trace=300000, nelems=0, elem type=char[])
ARR 50002747 (sz=24, trace=300000, nelems=0, elem type=char[])
ARR 50002748 (sz=80, trace=300000, nelems=0, elem type=char[])
OBJ 50002749 (sz=24, trace=300000, class=java.lang.String@5000008d)
	value		5000274a
ARR 5000274a (sz=200, trace=300000, nelems=0, elem type=char[])
OBJ 5000274b (sz=24, trace=300000, class=java.lang.String@5000008d)
	value		50002750
OBJ 5000274c (sz=24, trace=300000, class=java.lang.String@5000008d)
	value		5000274f
OBJ 5000274d (sz=24, trace=300000, class=java.lang.String@5000008d)
	value		5000274e
ARR 5000274e (sz=40, trace=300000, nelems=0, elem type=char[])
ARR 5000274f (sz=16, trace=300000, nelems=0, elem type=char[])
ARR 50002750 (sz=16, trace=300000, nelems=0, elem type=char[])
OBJ 50002751 (sz=24, trace=300000, class=java.lang.String@5000008d)
	value		50002754
OBJ 50002752 (sz=24, trace=300000, class=java.lang.String@5000008d)
	value		50002756
OBJ 50002753 (sz=24, trace=300000, class=java.lang.String@5000008d)
	value		50002755
ARR 50002754 (sz=120, trace=300000, nelems=0, elem type=char[])
ARR 50002755 (sz=80, trace=300000, nelems=0, elem type=char[])
ARR 50002756 (sz=120, trace=300000, nelems=0, elem type=char[])
OBJ 50002757 (sz=24, trace=300000, class=java.lang.String@5000008d)
	value		5000275c
OBJ 50002758 (sz=24, trace=300000, class=java.lang.String@5000008d)
	value		5000275a
OBJ 50002759 (sz=24, trace=300000, class=java.lang.String@5000008d)
	value		5000275b
ARR 5000275a (sz=128, trace=300000, nelems=0, elem type=char[])
ARR 5000275b (sz=56, trace=300000, nelems=0, elem type=char[])
ARR 5000275c (sz=64, trace=300000, nelems=0, elem type=char[])
OBJ 5000275d (sz=24, trace=300000, class=java.lang.String@5000008d)
	value		5000276c
OBJ 5000275e (sz=24, trace=300000, class=java.lang.String@5000008d)
	value		5000276b
OBJ 5000275f (sz=24, trace=300000, class=java.lang.String@5000008d)
	value		5000276a
OBJ 50002760 (sz=24, trace=300000, class=java.lang.String@5000008d)
	value		50002769
OBJ 50002761 (sz=24, trace=300000, class=java.lang.String@5000008d)
	value		50002768
OBJ 50002762 (sz=24, trace=300000, class=java.lang.String@5000008d)
	value		50002767
OBJ 50002763 (sz=24, trace=300000, class=java.lang.String@5000008d)
	value		50002766
OBJ 50002764 (sz=24, trace=300000, class=java.lang.String@5000008d)
	value		50002765
ARR 50002765 (sz=72, trace=300000, nelems=0, elem type=char[])
ARR 50002766 (sz=24, trace=300000, nelems=0, elem type=char[])
ARR 50002767 (sz=48, trace=300000, nelems=0, elem type=char[])
ARR 50002768 (sz=32, trace=300000, nelems=0, elem type=char[])
ARR 50002769 (sz=48, trace=300000, nelems=0, elem type=char[])
ARR 5000276a (sz=64, trace=300000, nelems=0, elem type=char[])
ARR 5000276b (sz=48, trace=300000, nelems=0, elem type=char[])
ARR 5000276c (sz=56, trace=300000, nelems=0, elem type=char[])
OBJ 5000276d (sz=24, trace=300000, class=java.lang.String@5000008d)
	value		50002793
OBJ 5000276e (sz=24, trace=300000, class=java.lang.String@5000008d)
	value		5000279a
OBJ 5000276f (sz=24, trace=300000, class=java.lang.String@5000008d)
	value		5000279b
OBJ 50002770 (sz=24, trace=300000, class=java.lang.String@5000008d)
	value		50002799
OBJ 50002771 (sz=24, trace=300000, class=java.lang.String@5000008d)
	value		50002798
OBJ 50002772 (sz=24, trace=300000, class=java.lang.String@5000008d)
	value		50002797
OBJ 50002773 (sz=24, trace=300000, class=java.lang.String@5000008d)
	value		500027a5
OBJ 50002774 (sz=24, trace=300000, class=java.lang.String@5000008d)
	value		500027a6
OBJ 50002775 (sz=24, trace=300000, class=java.lang.String@5000008d)
	value		500027a7
OBJ 50002776 (sz=24, trace=300000, class=java.lang.String@5000008d)
	value		500027a2
OBJ 50002777 (sz=24, trace=300000, class=java.lang.String@5000008d)
	value		500027a4
OBJ 50002778 (sz=24, trace=300000, class=java.lang.String@5000008d)
	value		500027a3
OBJ 50002779 (sz=24, trace=300000, class=java.lang.String@5000008d)
	value		500027b8
OBJ 5000277a (sz=24, trace=300000, class=java.lang.String@5000008d)
	value		500027b7
OBJ 5000277b (sz=24, trace=300000, class=java.lang.String@5000008d)
	value		500027b6
OBJ 5000277c (sz=24, trace=300000, class=java.lang.String@5000008d)
	value		5000279c
OBJ 5000277d (sz=24, trace=300000, class=java.lang.String@5000008d)
	value		5000279d
OBJ 5000277e (sz=24, trace=300000, class=java.lang.String@5000008d)
	value		5000279e
OBJ 5000277f (sz=24, trace=300000, class=java.lang.String@5000008d)
	value		500027a0
OBJ 50002780 (sz=24, trace=300000, class=java.lang.String@5000008d)
	value		5000279f
OBJ 50002781 (sz=24, trace=300000, class=java.lang.String@5000008d)
	value		500027b5
OBJ 50002782 (sz=24, trace=300000, class=java.lang.String@5000008d)
	value		500027a1
OBJ 50002783 (sz=24, trace=300000, class=java.lang.String@5000008d)
	value		500027b4
OBJ 50002784 (sz=24, trace=300000, class=java.lang.String@5000008d)
	value		500027b3
OBJ 50002785 (sz=24, trace=300000, class=java.lang.String@5000008d)
	value		500027b2
OBJ 50002786 (sz=24, trace=300000, class=java.lang.String@5000008d)
	value		500027b1
OBJ 50002787 (sz=24, trace=300000, class=java.lang.String@5000008d)
	value		500027b0
OBJ 50002788 (sz=24, trace=300000, class=java.lang.String@5000008d)
	value		500027af
OBJ 50002789 (sz=24, trace=300000, class=java.lang.String@5000008d)
	value		500027ae
OBJ 5000278a (sz=24, trace=300000, class=java.lang.String@5000008d)
	value		500027ad
OBJ 5000278b (sz=24, trace=300000, class=java.lang.String@5000008d)
	value		500027ac
OBJ 5000278c (sz=24, trace=300000, class=java.lang.String@5000008d)
	value		500027ab
OBJ 5000278d (sz=24, trace=300000, class=java.lang.String@5000008d)
	value		500027aa
OBJ 5000278e (sz=24, trace=300000, class=java.lang.String@5000008d)
	value		500027a9
OBJ 5000278f (sz=24, trace=300000, class=java.lang.String@5000008d)
	value		50002796
OBJ 50002790 (sz=24, trace=300000, class=java.lang.String@5000008d)
	value		50002795
OBJ 50002791 (sz=24, trace=300000, class=java.lang.String@5000008d)
	value		50002794
OBJ 50002792 (sz=24, trace=300000, class=java.lang.String@5000008d)
	value		500027a8
ARR 50002793 (sz=152, trace=300000, nelems=0, elem type=char[])
ARR 50002794 (sz=128, trace=300000, nelems=0, elem type=char[])
ARR 50002795 (sz=152, trace=300000, nelems=0, elem type=char[])
ARR 50002796 (sz=120, trace=300000, nelems=0, elem type=char[])
ARR 50002797 (sz=144, trace=300000, nelems=0, elem type=char[])
ARR 50002798 (sz=144, trace=300000, nelems=0, elem type=char[])
ARR 50002799 (sz=136, trace=300000, nelems=0, elem type=char[])
ARR 5000279a (sz=112, trace=300000, nelems=0, elem type=char[])
ARR 5000279b (sz=136, trace=300000, nelems=0, elem type=char[])
ARR 5000279c (sz=120, trace=300000, nelems=0, elem type=char[])
ARR 5000279d (sz=128, trace=300000, nelems=0, elem type=char[])
ARR 5000279e (sz=104, trace=300000, nelems=0, elem type=char[])
ARR 5000279f (sz=88, trace=300000, nelems=0, elem type=char[])
ARR 500027a0 (sz=128, trace=300000, nelems=0, elem type=char[])
ARR 500027a1 (sz=96, trace=300000, nelems=0, elem type=char[])
ARR 500027a2 (sz=128, trace=300000, nelems=0, elem type=char[])
ARR 500027a3 (sz=144, trace=300000, nelems=0, elem type=char[])
ARR 500027a4 (sz=160, trace=300000, nelems=0, elem type=char[])
ARR 500027a5 (sz=128, trace=300000, nelems=0, elem type=char[])
ARR 500027a6 (sz=128, trace=300000, nelems=0, elem type=char[])
ARR 500027a7 (sz=128, trace=300000, nelems=0, elem type=char[])
ARR 500027a8 (sz=128, trace=300000, nelems=0, elem type=char[])
ARR 500027a9 (sz=72, trace=300000, nelems=0, elem type=char[])
ARR 500027aa (sz=80, trace=300000, nelems=0, elem type=char[])
ARR 500027ab (sz=80, trace=300000, nelems=0, elem type=char[])
ARR 500027ac (sz=80, trace=300000, nelems=0, elem type=char[])
ARR 500027ad (sz=80, trace=300000, nelems=0, elem type=char[])
ARR 500027ae (sz=48, trace=300000, nelems=0, elem type=char[])
ARR 500027af (sz=48, trace=300000, nelems=0, elem type=char[])
ARR 500027b0 (sz=88, trace=300000, nelems=0, elem type=char[])
ARR 500027b1 (sz=72, trace=300000, nelems=0, elem type=char[])
ARR 500027b2 (sz=96, trace=300000, nelems=0, elem type=char[])
ARR 500027b3 (sz=72, trace=300000, nelems=0, elem type=char[])
ARR 500027b4 (sz=64, trace=300000, nelems=0, elem type=char[])
ARR 500027b5 (sz=72, trace=300000, nelems=0, elem type=char[])
ARR 500027b6 (sz=112, trace=300000, nelems=0, elem type=char[])
ARR 500027b7 (sz=96, trace=300000, nelems=0, elem type=char[])
ARR 500027b8 (sz=96, trace=300000, nelems=0, elem type=char[])
OBJ 500027b9 (sz=24, trace=300000, class=java.lang.String@5000008d)
	value		500027ba
ARR 500027ba (sz=72, trace=300000, nelems=0, elem type=char[])
OBJ 500027bb (sz=24, trace=300000, class=java.lang.String@5000008d)
	value		500027c3
OBJ 500027bc (sz=24, trace=300000, class=java.lang.String@5000008d)
	value		500027c1
ARR 500027bd (sz=24, trace=300000, nelems=3, elem type=java.io.ObjectStreamField[]@50000058)
	[0]		500027be
	[1]		500027bf
	[2]		500027c0
OBJ 500027be (sz=32, trace=300000, class=java.io.ObjectStreamField@50000057)
	name		50001c5b
	signature	500027c5
	type		5000010e
OBJ 500027bf (sz=32, trace=300000, class=java.io.ObjectStreamField@50000057)
	name		500027bb
	signature	500027c2
	type		5000159c
OBJ 500027c0 (sz=32, trace=300000, class=java.io.ObjectStreamField@50000057)
	name		500027bc
	signature	50001c20
	type		500015a0
ARR 500027c1 (sz=24, trace=300000, nelems=0, elem type=char[])
OBJ 500027c2 (sz=24, trace=300000, class=java.lang.String@5000008d)
	value		500027c4
ARR 500027c3 (sz=24, trace=300000, nelems=0, elem type=char[])
ARR 500027c4 (sz=16, trace=300000, nelems=0, elem type=char[])
OBJ 500027c5 (sz=24, trace=300000, class=java.lang.String@5000008d)
	value		500027c6
ARR 500027c6 (sz=16, trace=300000, nelems=0, elem type=char[])
OBJ 500027c7 (sz=24, trace=300000, class=java.lang.String@5000008d)
	value		500027ca
OBJ 500027c8 (sz=24, trace=300000, class=java.lang.String@5000008d)
	value		500027c9
ARR 500027c9 (sz=112, trace=300000, nelems=0, elem type=char[])
ARR 500027ca (sz=104, trace=300000, nelems=0, elem type=char[])
OBJ 500027cb (sz=24, trace=300000, class=java.lang.String@5000008d)
	value		500027e0
OBJ 500027cc (sz=24, trace=300000, class=java.lang.String@5000008d)
	value		500027de
OBJ 500027cd (sz=24, trace=300000, class=java.lang.String@5000008d)
	value		500027ef
OBJ 500027ce (sz=24, trace=300000, class=java.lang.String@5000008d)
	value		500027df
OBJ 500027cf (sz=24, trace=300000, class=java.lang.String@5000008d)
	value		500027f0
OBJ 500027d0 (sz=24, trace=300000, class=java.lang.String@5000008d)
	value		500027e4
OBJ 500027d1 (sz=24, trace=300000, class=java.lang.String@5000008d)
	value		500027e1
OBJ 500027d2 (sz=24, trace=300000, class=java.lang.String@5000008d)
	value		500027e3
OBJ 500027d3 (sz=24, trace=300000, class=java.lang.String@5000008d)
	value		500027e2
OBJ 500027d4 (sz=24, trace=300000, class=java.lang.String@5000008d)
	value		500027ee
OBJ 500027d5 (sz=24, trace=300000, class=java.lang.String@5000008d)
	value		500027eb
OBJ 500027d6 (sz=24, trace=300000, class=java.lang.String@5000008d)
	value		500027ed
OBJ 500027d7 (sz=24, trace=300000, class=java.lang.String@5000008d)
	value		500027ec
OBJ 500027d8 (sz=24, trace=300000, class=java.lang.String@5000008d)
	value		500027e7
OBJ 500027d9 (sz=24, trace=300000, class=java.lang.String@5000008d)
	value		500027e9
OBJ 500027da (sz=24, trace=300000, class=java.lang.String@5000008d)
	value		500027e5
OBJ 500027db (sz=24, trace=300000, class=java.lang.String@5000008d)
	value		500027e6
OBJ 500027dc (sz=24, trace=300000, class=java.lang.String@5000008d)
	value		500027ea
OBJ 500027dd (sz=24, trace=300000, class=java.lang.String@5000008d)
	value		500027e8
ARR 500027de (sz=152, trace=300000, nelems=0, elem type=char[])
ARR 500027df (sz=112, trace=300000, nelems=0, elem type=char[])
ARR 500027e0 (sz=152, trace=300000, nelems=0, elem type=char[])
ARR 500027e1 (sz=24, trace=300000, nelems=0, elem type=char[])
ARR 500027e2 (sz=48, trace=300000, nelems=0, elem type=char[])
ARR 500027e3 (sz=40, trace=300000, nelems=0, elem type=char[])
ARR 500027e4 (sz=32, trace=300000, nelems=0, elem type=char[])
ARR 500027e5 (sz=80, trace=300000, nelems=0, elem type=char[])
ARR 500027e6 (sz=32, trace=300000, nelems=0, elem type=char[])
ARR 500027e7 (sz=32, trace=300000, nelems=0, elem type=char[])
ARR 500027e8 (sz=24, trace=300000, nelems=0, elem type=char[])
ARR 500027e9 (sz=24, trace=300000, nelems=0, elem type=char[])
ARR 500027ea (sz=24, trace=300000, nelems=0, elem type=char[])
ARR 500027eb (sz=24, trace=300000, nelems=0, elem type=char[])
ARR 500027ec (sz=48, trace=300000, nelems=0, elem type=char[])
ARR 500027ed (sz=40, trace=300000, nelems=0, elem type=char[])
ARR 500027ee (sz=32, trace=300000, nelems=0, elem type=char[])
ARR 500027ef (sz=40, trace=300000, nelems=0, elem type=char[])
ARR 500027f0 (sz=128, trace=300000, nelems=0, elem type=char[])
OBJ 500027f1 (sz=24, trace=300000, class=java.lang.String@5000008d)
	value		500027f5
OBJ 500027f2 (sz=24, trace=300000, class=java.lang.String@5000008d)
	value		500027f6
OBJ 500027f3 (sz=16, trace=300000, class=java.nio.ByteOrder@5000007e)
	name		500027f2
OBJ 500027f4 (sz=16, trace=300000, class=java.nio.ByteOrder@5000007e)
	name		500027f1
ARR 500027f5 (sz=32, trace=300000, nelems=0, elem type=char[])
ARR 500027f6 (sz=40, trace=300000, nelems=0, elem type=char[])
ARR 500027f7 (sz=16, trace=300000, nelems=0, elem type=java.lang.annotation.Annotation[]@50000007)
OBJ 500027f8 (sz=24, trace=300000, class=java.lang.String@5000008d)
	value		500027f9
ARR 500027f9 (sz=24, trace=300000, nelems=0, elem type=char[])
OBJ 500027fa (sz=24, trace=300000, class=java.lang.String@5000008d)
	value		500027fb
ARR 500027fb (sz=24, trace=300000, nelems=0, elem type=char[])
OBJ 500027fc (sz=8, trace=300000, class=java.lang.Object@50000012)
OBJ 500027fd (sz=32, trace=300000, class=java.lang.ref.Finalizer@5000006b)
	referent	50001868
	queue		500015b6
	next		500027fe
	prev		5000016a
OBJ 500027fe (sz=32, trace=300000, class=java.lang.ref.Finalizer@5000006b)
	referent	50001ba3
	queue		500015b6
	next		500027ff
	prev		500027fd
OBJ 500027ff (sz=32, trace=300000, class=java.lang.ref.Finalizer@5000006b)
	referent	50001879
	queue		500015b6
	next		50002800
	prev		500027fe
OBJ 50002800 (sz=32, trace=300000, class=java.lang.ref.Finalizer@5000006b)
	referent	5000186d
	queue		500015b6
	prev		500027ff
OBJ 50002801 (sz=24, trace=300000, class=java.lang.String@5000008d)
	value		50002802
ARR 50002802 (sz=24, trace=300000, nelems=0, elem type=char[])
OBJ 50002803 (sz=24, trace=300000, class=java.lang.String@5000008d)
	value		5000280a
OBJ 50002804 (sz=24, trace=300000, class=java.lang.String@5000008d)
	value		50002809
OBJ 50002805 (sz=24, trace=300000, class=java.lang.String@5000008d)
	value		50002808
OBJ 50002806 (sz=24, trace=300000, class=java.lang.String@5000008d)
	value		50002807
ARR 50002807 (sz=32, trace=300000, nelems=0, elem type=char[])
ARR 50002808 (sz=24, trace=300000, nelems=0, elem type=char[])
ARR 50002809 (sz=24, trace=300000, nelems=0, elem type=char[])
ARR 5000280a (sz=24, trace=300000, nelems=0, elem type=char[])
OBJ 5000280b (sz=24, trace=300000, class=java.lang.String@5000008d)
	value		5000280c
ARR 5000280c (sz=32, trace=300000, nelems=0, elem type=char[])
OBJ 5000280d (sz=24, trace=300000, class=java.lang.String@5000008d)
	value		5000280e
ARR 5000280e (sz=48, trace=300000, nelems=0, elem type=char[])
OBJ 5000280f (sz=24, trace=300000, class=java.lang.String@5000008d)
	value		50002810
ARR 50002810 (sz=56, trace=300000, nelems=0, elem type=char[])
OBJ 50002811 (sz=24, trace=300000, class=java.lang.String@5000008d)
	value		50002818
OBJ 50002812 (sz=24, trace=300000, class=java.lang.String@5000008d)
	value		50002817
OBJ 50002813 (sz=24, trace=300000, class=java.lang.String@5000008d)
	value		50002816
OBJ 50002814 (sz=24, trace=300000, class=java.lang.String@5000008d)
	value		50002815
ARR 50002815 (sz=80, trace=300000, nelems=0, elem type=char[])
ARR 50002816 (sz=32, trace=300000, nelems=0, elem type=char[])
ARR 50002817 (sz=64, trace=300000, nelems=0, elem type=char[])
ARR 50002818 (sz=40, trace=300000, nelems=0, elem type=char[])
ARR 50002819 (sz=272, trace=300000, nelems=0, elem type=byte[])
OBJ 5000281a (sz=24, trace=300000, class=java.lang.String@5000008d)
	value		5000281b
ARR 5000281b (sz=24, trace=300000, nelems=0, elem type=char[])
OBJ 5000281c (sz=24, trace=300000, class=java.lang.String@5000008d)
	value		50002821
OBJ 5000281d (sz=24, trace=300000, class=java.lang.String@5000008d)
	value		50002820
OBJ 5000281e (sz=24, trace=300000, class=java.lang.String@5000008d)
	value		5000281f
ARR 5000281f (sz=72, trace=300000, nelems=0, elem type=char[])
ARR 50002820 (sz=88, trace=300000, nelems=0, elem type=char[])
ARR 50002821 (sz=16, trace=300000, nelems=0, elem type=char[])
OBJ 50002822 (sz=24, trace=300000, class=java.lang.String@5000008d)
	value		50002823
ARR 50002823 (sz=128, trace=300000, nelems=0, elem type=char[])
OBJ 50002824 (sz=40, trace=300000, class=java.util.Hashtable@5000000e)
	table		5000282b
OBJ 50002825 (sz=40, trace=300000, class=java.util.Hashtable@5000000e)
	table		50002826
ARR 50002826 (sz=32, trace=300000, nelems=4, elem type=java.util.Hashtable$Entry[]@50000039)
	[2]		50002827
	[3]		50002828
OBJ 50002827 (sz=24, trace=300000, class=java.util.Hashtable$Entry@50000038)
	key		5000282a
	value		50002707
OBJ 50002828 (sz=24, trace=300000, class=java.util.Hashtable$Entry@50000038)
	key		50002829
	value		50002707
OBJ 50002829 (sz=16, trace=300000, class=sun.misc.Signal@50000034)
	name		50002706
OBJ 5000282a (sz=16, trace=300000, class=sun.misc.Signal@50000034)
	name		50002705
ARR 5000282b (sz=32, trace=300000, nelems=4, elem type=java.util.Hashtable$Entry[]@50000039)
	[2]		5000282c
	[3]		5000282d
OBJ 5000282c (sz=24, trace=300000, class=java.util.Hashtable$Entry@50000038)
	key		5000282f
	value		5000282a
OBJ 5000282d (sz=24, trace=300000, class=java.util.Hashtable$Entry@50000038)
	key		5000282e
	value		50002829
OBJ 5000282e (sz=16, trace=300000, class=java.lang.Integer@500000bb)
OBJ 5000282f (sz=16, trace=300000, class=java.lang.Integer@500000bb)
OBJ 50002830 (sz=24, trace=300000, class=java.lang.String@5000008d)
	value		50002831
ARR 50002831 (sz=24, trace=300000, nelems=0, elem type=char[])
OBJ 50002832 (sz=24, trace=300000, class=java.lang.String@5000008d)
	value		50002836
OBJ 50002833 (sz=24, trace=300000, class=java.lang.String@5000008d)
	value		50002837
OBJ 50002834 (sz=24, trace=300000, class=java.lang.String@5000008d)
	value		50002839
OBJ 50002835 (sz=24, trace=300000, class=java.lang.String@5000008d)
	value		50002838
ARR 50002836 (sz=40, trace=300000, nelems=0, elem type=char[])
ARR 50002837 (sz=40, trace=300000, nelems=0, elem type=char[])
ARR 50002838 (sz=32, trace=300000, nelems=0, elem type=char[])
ARR 50002839 (sz=40, trace=300000, nelems=0, elem type=char[])
OBJ 5000283a (sz=24, trace=300000, class=java.lang.String@5000008d)
	value		5000283b
ARR 5000283b (sz=24, trace=300000, nelems=0, elem type=char[])
OBJ 5000283c (sz=8, trace=300000, class=java.util.Collections$ReverseComparator@50000047)
OBJ 5000283d (sz=16, trace=300000, class=java.util.Collections$EmptyMap@50000002)
OBJ 5000283e (sz=16, trace=300000, class=java.util.Collections$EmptyList@5000003c)
OBJ 5000283f (sz=8, trace=300000, class=java.util.Collections$EmptySet@50000078)
OBJ 50002840 (sz=32, trace=300000, class=java.util.Random@500000df)
	seed		50002841
OBJ 50002841 (sz=16, trace=300000, class=java.util.concurrent.atomic.AtomicLong@50000027)
OBJ 50002842 (sz=24, trace=300000, class=java.lang.String@5000008d)
	value		50002849
OBJ 50002843 (sz=24, trace=300000, class=java.lang.String@5000008d)
	value		50002848
OBJ 50002844 (sz=24, trace=300000, class=java.lang.String@5000008d)
	value		5000284c
ARR 50002845 (sz=24, trace=300000, nelems=2, elem type=java.lang.ref.SoftReference[][]@500000af)
	[0]		5000284a
	[1]		5000284b
OBJ 50002846 (sz=8, trace=300000, class=java.lang.Object@50000012)
ARR 50002847 (sz=24, trace=300000, nelems=2, elem type=java.lang.String[]@5000008e)
	[0]		50002842
	[1]		50002843
ARR 50002848 (sz=32, trace=300000, nelems=0, elem type=char[])
ARR 50002849 (sz=32, trace=300000, nelems=0, elem type=char[])
ARR 5000284a (sz=24, trace=300000, nelems=0, elem type=java.lang.ref.SoftReference[]@500000ae)
ARR 5000284b (sz=24, trace=300000, nelems=0, elem type=java.lang.ref.SoftReference[]@500000ae)
ARR 5000284c (sz=40, trace=300000, nelems=0, elem type=char[])
OBJ 5000284d (sz=16, trace=300000, class=java.util.BitSet@50000040)
	bits		5000284e
ARR 5000284e (sz=48, trace=300000, nelems=0, elem type=long[])
OBJ 5000284f (sz=24, trace=300000, class=java.lang.String@5000008d)
	value		50002850
ARR 50002850 (sz=56, trace=300000, nelems=0, elem type=char[])
OBJ 50002851 (sz=24, trace=300000, class=java.lang.String@5000008d)
	value		5000285c
OBJ 50002852 (sz=24, trace=300000, class=java.lang.String@5000008d)
	value		50002857
OBJ 50002853 (sz=24, trace=300000, class=java.lang.String@5000008d)
	value		5000285b
OBJ 50002854 (sz=24, trace=300000, class=java.lang.String@5000008d)
	value		5000285a
OBJ 50002855 (sz=24, trace=300000, class=java.lang.String@5000008d)
	value		50002859
OBJ 50002856 (sz=24, trace=300000, class=java.lang.String@5000008d)
	value		50002858
ARR 50002857 (sz=120, trace=300000, nelems=0, elem type=char[])
ARR 50002858 (sz=112, trace=300000, nelems=0, elem type=char[])
ARR 50002859 (sz=24, trace=300000, nelems=0, elem type=char[])
ARR 5000285a (sz=48, trace=300000, nelems=0, elem type=char[])
ARR 5000285b (sz=48, trace=300000, nelems=0, elem type=char[])
ARR 5000285c (sz=56, trace=300000, nelems=0, elem type=char[])
OBJ 5000285d (sz=24, trace=300000, class=java.lang.String@5000008d)
	value		50002862
OBJ 5000285e (sz=24, trace=300000, class=java.lang.String@5000008d)
	value		50002861
OBJ 5000285f (sz=24, trace=300000, class=java.lang.String@5000008d)
	value		50002860
ARR 50002860 (sz=40, trace=300000, nelems=0, elem type=char[])
ARR 50002861 (sz=40, trace=300000, nelems=0, elem type=char[])
ARR 50002862 (sz=32, trace=300000, nelems=0, elem type=char[])
OBJ 50002863 (sz=24, trace=300000, class=java.lang.String@5000008d)
	value		50002864
ARR 50002864 (sz=16, trace=300000, nelems=0, elem type=char[])
OBJ 50002865 (sz=24, trace=300000, class=java.lang.String@5000008d)
	value		50002868
ARR 50002866 (sz=1040, trace=300000, nelems=0, elem type=int[])
ARR 50002867 (sz=16, trace=300000, nelems=0, elem type=char[])
ARR 50002868 (sz=1040, trace=300000, nelems=0, elem type=char[])
CLS 50000012 (name=java.lang.Object, trace=300000)
	loader		90000001
CLS 50000001 (name=sun.nio.cs.Surrogate, trace=300000)
	super		50000012
	loader		90000001
CLS 50000019 (name=java.util.AbstractMap, trace=300000)
	super		50000012
	loader		90000001
CLS 50000002 (name=java.util.Collections$EmptyMap, trace=300000)
	super		50000019
	loader		90000001
CLS 50000003 (name=java.nio.charset.CharsetEncoder, trace=300000)
	super		50000012
	loader		90000001
	static stateNames	50001b99
CLS 5000010a (name=java.nio.charset.Charset, trace=300000)
	super		50000012
	loader		90000001
	static bugLevel	5000171d
	static standardProvider	5000188d
	static cache1	50000598
	static cache2	5000188c
	static gate	5000188b
	static extendedProviderLock	5000188a
CLS 50000004 (name=sun.nio.cs.MS1252, trace=300000)
	super		5000010a
	loader		90000001
CLS 500000dc (name=java.io.OutputStream, trace=300000)
	super		50000012
	loader		90000001
CLS 50000005 (name=java.io.FilterOutputStream, trace=300000)
	super		500000dc
	loader		90000001
CLS 50000006 (name=java.lang.annotation.Annotation, trace=300000)
	loader		90000001
CLS 50000007 (name=java.lang.annotation.Annotation[], trace=300000)
	super		50000012
	loader		90000001
CLS 50000008 (name=sun.misc.Launcher$ExtClassLoader$1, trace=300000)
	super		50000012
	loader		90000001
CLS 50000009 (name=java.lang.CharacterDataLatin1, trace=300000)
	super		50000012
	loader		90000001
	static sharpsMap	50002867
	static A	50002866
	static A_DATA	50002865
CLS 50000064 (name=java.lang.ClassLoader, trace=300000)
	super		50000012
	loader		90000001
	static bootstrapClassPath	50000400
	static scl	5000159b
	static loadedLibraryNames	50001865
	static systemNativeLibraries	50001864
	static nativeLibraryContext	50001863
	static usr_paths	50001862
	static sys_paths	50001861
CLS 500000c2 (name=java.security.SecureClassLoader, trace=300000)
	super		50000064
	loader		90000001
CLS 50000030 (name=java.net.URLClassLoader, trace=300000)
	super		500000c2
	loader		90000001
CLS 5000000a (name=sun.misc.Launcher$AppClassLoader, trace=300000)
	super		50000030
	loader		90000001
CLS 5000000b (name=java.util.Iterator, trace=300000)
	loader		90000001
CLS 5000000c (name=java.security.Guard, trace=300000)
	loader		90000001
CLS 5000002a (name=java.lang.Throwable, trace=300000)
	super		50000012
	loader		90000001
CLS 50000094 (name=java.lang.Exception, trace=300000)
	super		5000002a
	loader		90000001
CLS 500000dd (name=java.lang.RuntimeException, trace=300000)
	super		50000094
	loader		90000001
CLS 5000000d (name=java.lang.ArrayStoreException, trace=300000)
	super		500000dd
	loader		90000001
CLS 500000a1 (name=java.util.Dictionary, trace=300000)
	super		50000012
	loader		90000001
CLS 5000000e (name=java.util.Hashtable, trace=300000)
	super		500000a1
	loader		90000001
	static emptyEnumerator	500016ee
	static emptyIterator	500016ed
CLS 5000000f (name=java.util.RandomAccess, trace=300000)
	loader		90000001
CLS 50000010 (name=java.lang.Runnable, trace=300000)
	loader		90000001
CLS 50000011 (name=java.lang.Runnable[], trace=300000)
	super		50000012
	loader		90000001
CLS 50000013 (name=java.lang.Object[], trace=300000)
	super		50000012
	loader		90000001
CLS 50000014 (name=java.lang.Object[][], trace=300000)
	super		50000012
	loader		90000001
CLS 5000003f (name=java.nio.Buffer, trace=300000)
	super		50000012
	loader		90000001
CLS 500000f1 (name=java.nio.ByteBuffer, trace=300000)
	super		5000003f
	loader		90000001
CLS 50000015 (name=java.nio.HeapByteBuffer, trace=300000)
	super		500000f1
	loader		90000001
CLS 50000016 (name=java.lang.Compiler$1, trace=300000)
	super		50000012
	loader		90000001
CLS 50000017 (name=sun.reflect.ConstantPool, trace=300000)
	super		50000012
	loader		90000001
CLS 50000018 (name=java.security.AccessController, trace=300000)
	super		50000012
	loader		90000001
CLS 50000066 (name=sun.util.PreHashedMap, trace=300000)
	super		50000019
	loader		90000001
CLS 5000001a (name=sun.nio.cs.StandardCharsets$Aliases, trace=300000)
	super		50000066
	loader		90000001
CLS 500000cf (name=java.io.InputStream, trace=300000)
	super		50000012
	loader		90000001
CLS 5000001b (name=java.io.FilterInputStream, trace=300000)
	super		500000cf
	loader		90000001
CLS 5000001c (name=sun.net.www.ParseUtil, trace=300000)
	super		50000012
	loader		90000001
	static encodedInPath	5000284d
CLS 5000001d (name=sun.io.Converters, trace=300000)
	super		50000012
	loader		90000001
	static lock	5000001d
	static defaultEncoding	50001692
	static converterPrefix	50002847
	static DEFAULT_NAME	50002846
	static classCache	50002845
CLS 5000001e (name=java.lang.reflect.Type, trace=300000)
	loader		90000001
CLS 5000001f (name=java.lang.reflect.Type[], trace=300000)
	super		50000012
	loader		90000001
CLS 50000090 (name=java.lang.Error, trace=300000)
	super		5000002a
	loader		90000001
CLS 50000073 (name=java.lang.VirtualMachineError, trace=300000)
	super		50000090
	loader		90000001
CLS 50000020 (name=java.lang.OutOfMemoryError, trace=300000)
	super		50000073
	loader		90000001
CLS 50000106 (name=java.lang.Thread, trace=300000)
	super		50000012
	loader		90000001
	static EMPTY_STACK_TRACE	50001d28
	static SUBCLASS_IMPLEMENTATION_PERMISSION	50001d27
	static subclassAudits	50001d26
CLS 50000021 (name=java.lang.ref.Finalizer$FinalizerThread, trace=300000)
	super		50000106
	loader		90000001
CLS 50000022 (name=java.util.Collections, trace=300000)
	super		50000012
	loader		90000001
	static r	50002840
	static EMPTY_SET	5000283f
	static EMPTY_LIST	5000283e
	static EMPTY_MAP	5000283d
	static REVERSE_ORDER	5000283c
CLS 50000023 (name=sun.misc.Launcher$AppClassLoader$1, trace=300000)
	super		50000012
	loader		90000001
CLS 50000024 (name=java.lang.reflect.Modifier, trace=300000)
	super		50000012
	loader		90000001
CLS 50000025 (name=sun.nio.cs.HistoricallyNamedCharset, trace=300000)
	loader		90000001
CLS 50000026 (name=java.lang.reflect.ReflectAccess, trace=300000)
	super		50000012
	loader		90000001
CLS 50000089 (name=java.lang.Number, trace=300000)
	super		50000012
	loader		90000001
CLS 50000027 (name=java.util.concurrent.atomic.AtomicLong, trace=300000)
	super		50000089
	loader		90000001
	static unsafe	50001873
CLS 500000d4 (name=java.util.AbstractCollection, trace=300000)
	super		50000012
	loader		90000001
CLS 50000028 (name=java.util.AbstractList, trace=300000)
	super		500000d4
	loader		90000001
CLS 50000029 (name=java.net.URLStreamHandlerFactory, trace=300000)
	loader		90000001
CLS 5000002b (name=sun.misc.Launcher$Factory, trace=300000)
	super		50000012
	loader		90000001
	static PREFIX	50001734
CLS 5000002c (name=java.lang.System, trace=300000)
	super		50000012
	loader		90000001
	static in	5000186b
	static out	5000186a
	static err	50001869
	static props	500015b9
CLS 500000cc (name=java.net.URLStreamHandler, trace=300000)
	super		50000012
	loader		90000001
CLS 5000002d (name=sun.net.www.protocol.jar.Handler, trace=300000)
	super		500000cc
	loader		90000001
	static separator	5000174d
CLS 50000049 (name=java.security.Permission, trace=300000)
	super		50000012
	loader		90000001
CLS 5000002e (name=java.security.BasicPermission, trace=300000)
	super		50000049
	loader		90000001
CLS 50000070 (name=java.lang.ref.Reference, trace=300000)
	super		50000012
	loader		90000001
	static lock	500015a5
CLS 5000002f (name=java.lang.ref.PhantomReference, trace=300000)
	super		50000070
	loader		90000001
CLS 50000031 (name=java.lang.Appendable, trace=300000)
	loader		90000001
CLS 50000032 (name=java.io.BufferedInputStream, trace=300000)
	super		5000001b
	loader		90000001
	static bufUpdater	50001872
CLS 50000033 (name=java.lang.Float, trace=300000)
	super		50000089
	loader		90000001
	static TYPE	5000159d
CLS 50000034 (name=sun.misc.Signal, trace=300000)
	super		50000012
	loader		90000001
	static handlers	50002825
	static signals	50002824
CLS 50000035 (name=java.lang.ArithmeticException, trace=300000)
	super		500000dd
	loader		90000001
CLS 50000036 (name=sun.misc.AtomicLong, trace=300000)
	super		50000012
	loader		90000001
CLS 50000037 (name=java.io.ExpiringCache$Entry, trace=300000)
	super		50000012
	loader		90000001
CLS 50000038 (name=java.util.Hashtable$Entry, trace=300000)
	super		50000012
	loader		90000001
CLS 50000039 (name=java.util.Hashtable$Entry[], trace=300000)
	super		50000012
	loader		90000001
CLS 5000003a (name=java.util.Set, trace=300000)
	loader		90000001
CLS 5000003b (name=sun.misc.VM, trace=300000)
	super		50000012
	loader		90000001
CLS 5000003c (name=java.util.Collections$EmptyList, trace=300000)
	super		50000028
	loader		90000001
CLS 5000003d (name=java.lang.Terminator$1, trace=300000)
	super		50000012
	loader		90000001
CLS 5000003e (name=java.lang.Long, trace=300000)
	super		50000089
	loader		90000001
	static TYPE	500015a2
CLS 50000040 (name=java.util.BitSet, trace=300000)
	super		50000012
	loader		90000001
	static trailingZeroTable	50002819
CLS 50000041 (name=sun.reflect.ReflectionFactory, trace=300000)
	super		50000012
	loader		90000001
	static reflectionFactoryAccessPerm	50001c1a
	static soleInstance	50001c16
	static langReflectAccess	50001c19
CLS 50000042 (name=sun.security.action.GetPropertyAction, trace=300000)
	super		50000012
	loader		90000001
CLS 50000043 (name=java.lang.NullPointerException, trace=300000)
	super		500000dd
	loader		90000001
CLS 50000044 (name=java.lang.Class$3, trace=300000)
	super		50000012
	loader		90000001
CLS 50000045 (name=java.lang.CharSequence, trace=300000)
	loader		90000001
CLS 50000046 (name=java.lang.CharSequence[], trace=300000)
	super		50000012
	loader		90000001
CLS 50000047 (name=java.util.Collections$ReverseComparator, trace=300000)
	super		50000012
	loader		90000001
CLS 50000048 (name=java.lang.ClassLoader$3, trace=300000)
	super		50000012
	loader		90000001
CLS 5000004a (name=java.lang.StrictMath, trace=300000)
	super		50000012
	loader		90000001
CLS 5000004b (name=java.lang.reflect.ReflectPermission, trace=300000)
	super		5000002e
	loader		90000001
CLS 5000004c (name=java.util.HashMap$Entry, trace=300000)
	super		50000012
	loader		90000001
CLS 5000004d (name=java.util.HashMap$Entry[], trace=300000)
	super		50000012
	loader		90000001
CLS 5000004e (name=java.net.Parts, trace=300000)
	super		50000012
	loader		90000001
CLS 5000004f (name=java.net.URL, trace=300000)
	super		50000012
	loader		90000001
	static protocolPathProp	50001733
	static handlers	50001738
	static streamHandlerLock	50001737
CLS 50000050 (name=java.net.URL[], trace=300000)
	super		50000012
	loader		90000001
CLS 50000051 (name=java.io.File, trace=300000)
	super		50000012
	loader		90000001
	static fs	50001771
	static separator	50001770
	static pathSeparator	5000176f
	static tmpFileLock	5000176e
CLS 50000052 (name=java.io.File[], trace=300000)
	super		50000012
	loader		90000001
CLS 50000053 (name=java.io.PrintStream, trace=300000)
	super		50000005
	loader		90000001
CLS 50000054 (name=java.nio.CharBuffer, trace=300000)
	super		5000003f
	loader		90000001
CLS 50000055 (name=java.lang.Class, trace=300000)
	super		50000012
	loader		90000001
	static serialPersistentFields	50001c17
	static reflectionFactory	50001c16
	static EMPTY_ANNOTATIONS_ARRAY	50001c15
CLS 50000056 (name=java.lang.Class[], trace=300000)
	super		50000012
	loader		90000001
CLS 50000057 (name=java.io.ObjectStreamField, trace=300000)
	super		50000012
	loader		90000001
CLS 50000058 (name=java.io.ObjectStreamField[], trace=300000)
	super		50000012
	loader		90000001
CLS 50000059 (name=java.lang.Readable, trace=300000)
	loader		90000001
CLS 5000005a (name=sun.misc.AtomicLongCSImpl, trace=300000)
	super		50000036
	loader		90000001
CLS 5000005b (name=java.lang.ref.ReferenceQueue, trace=300000)
	super		50000012
	loader		90000001
	static NULL	50001b77
	static ENQUEUED	50001b87
CLS 5000005c (name=java.util.concurrent.atomic.AtomicReferenceFieldUpdater, trace=300000)
	super		50000012
	loader		90000001
CLS 5000005d (name=java.io.FileSystem, trace=300000)
	super		50000012
	loader		90000001
CLS 5000005e (name=sun.nio.cs.StandardCharsets$Cache, trace=300000)
	super		50000066
	loader		90000001
CLS 5000005f (name=java.nio.Bits, trace=300000)
	super		50000012
	loader		90000001
	static unsafe	50001873
	static byteOrder	500027f3
CLS 50000060 (name=java.util.Collections$SynchronizedMap, trace=300000)
	super		50000012
	loader		90000001
CLS 50000061 (name=sun.reflect.ConstructorAccessor, trace=300000)
	loader		90000001
CLS 500000ff (name=java.io.Writer, trace=300000)
	super		50000012
	loader		90000001
CLS 5000007c (name=sun.nio.cs.StreamEncoder, trace=300000)
	super		500000ff
	loader		90000001
CLS 50000062 (name=sun.nio.cs.StreamEncoder$CharsetSE, trace=300000)
	super		5000007c
	loader		90000001
CLS 50000063 (name=java.lang.management.MemoryUsage, trace=300000)
	super		50000012
	loader		90000001
CLS 50000065 (name=sun.misc.SignalHandler, trace=300000)
	loader		90000001
	static SIG_DFL	500024d4
	static SIG_IGN	500024d3
CLS 50000067 (name=java.util.LinkedHashMap$Entry, trace=300000)
	super		5000004c
	loader		90000001
CLS 50000068 (name=java.lang.ThreadGroup, trace=300000)
	super		50000012
	loader		90000001
CLS 50000069 (name=java.lang.ThreadGroup[], trace=300000)
	super		50000012
	loader		90000001
CLS 5000006a (name=java.lang.Double, trace=300000)
	super		50000089
	loader		90000001
	static TYPE	5000159e
CLS 500000a3 (name=java.lang.ref.FinalReference, trace=300000)
	super		50000070
	loader		90000001
CLS 5000006b (name=java.lang.ref.Finalizer, trace=300000)
	super		500000a3
	loader		90000001
	static queue	500015b6
	static unfinalized	50000767
	static lock	500027fc
CLS 5000006c (name=java.lang.Short, trace=300000)
	super		50000089
	loader		90000001
	static TYPE	500015a3
CLS 5000006d (name=java.nio.charset.spi.CharsetProvider, trace=300000)
	super		50000012
	loader		90000001
CLS 5000006e (name=java.util.Map$Entry, trace=300000)
	loader		90000001
CLS 5000006f (name=java.util.Map$Entry[], trace=300000)
	super		50000012
	loader		90000001
CLS 50000071 (name=java.lang.ref.Reference[], trace=300000)
	super		50000012
	loader		90000001
CLS 50000072 (name=java.lang.ref.Reference[][], trace=300000)
	super		50000012
	loader		90000001
CLS 50000074 (name=sun.reflect.LangReflectAccess, trace=300000)
	loader		90000001
CLS 50000075 (name=java.lang.LinkageError, trace=300000)
	super		50000090
	loader		90000001
CLS 50000076 (name=java.lang.Byte, trace=300000)
	super		50000089
	loader		90000001
	static TYPE	5000159f
CLS 50000077 (name=java.util.Vector, trace=300000)
	super		50000028
	loader		90000001
CLS 50000104 (name=java.util.AbstractSet, trace=300000)
	super		500000d4
	loader		90000001
CLS 50000078 (name=java.util.Collections$EmptySet, trace=300000)
	super		50000104
	loader		90000001
CLS 500000b8 (name=java.lang.reflect.AccessibleObject, trace=300000)
	super		50000012
	loader		90000001
	static ACCESS_PERMISSION	50001c3d
	static reflectionFactory	50001c16
CLS 50000079 (name=java.lang.reflect.Constructor, trace=300000)
	super		500000b8
	loader		90000001
	static EMPTY_ANNOTATION_ARRAY	500027f7
CLS 5000007a (name=java.lang.reflect.Constructor[], trace=300000)
	super		50000012
	loader		90000001
CLS 500000a2 (name=java.lang.AbstractStringBuilder, trace=300000)
	super		50000012
	loader		90000001
	static sizeTable	50002740
CLS 5000007b (name=java.lang.StringBuilder, trace=300000)
	super		500000a2
	loader		90000001
CLS 500000b6 (name=java.nio.charset.CoderResult$Cache, trace=300000)
	super		50000012
	loader		90000001
CLS 5000007d (name=java.nio.charset.CoderResult$1, trace=300000)
	super		500000b6
	loader		90000001
CLS 5000007e (name=java.nio.ByteOrder, trace=300000)
	super		50000012
	loader		90000001
	static BIG_ENDIAN	500027f4
	static LITTLE_ENDIAN	500027f3
CLS 5000007f (name=java.lang.ref.ReferenceQueue$Null, trace=300000)
	super		5000005b
	loader		90000001
CLS 50000080 (name=sun.reflect.MethodAccessor, trace=300000)
	loader		90000001
CLS 50000081 (name=java.util.Properties, trace=300000)
	super		5000000e
	loader		90000001
	static hexDigit	500016eb
CLS 50000082 (name=java.nio.charset.CoderResult, trace=300000)
	super		50000012
	loader		90000001
	static names	50001b94
	static UNDERFLOW	50001b8c
	static OVERFLOW	50001b93
	static malformedCache	50001b92
	static unmappableCache	50001b91
CLS 50000083 (name=java.lang.reflect.GenericDeclaration, trace=300000)
	loader		90000001
CLS 50000084 (name=java.lang.reflect.GenericDeclaration[], trace=300000)
	super		50000012
	loader		90000001
CLS 50000085 (name=java.lang.ThreadLocal, trace=300000)
	super		50000012
	loader		90000001
CLS 50000086 (name=sun.misc.Unsafe, trace=300000)
	super		50000012
	loader		90000001
	static theUnsafe	50001873
CLS 50000092 (name=sun.reflect.MagicAccessorImpl, trace=300000)
	super		50000012
	loader		90000001
CLS 50000087 (name=sun.reflect.MethodAccessorImpl, trace=300000)
	super		50000092
	loader		90000001
CLS 50000088 (name=java.lang.StringBuffer, trace=300000)
	super		500000a2
	loader		90000001
	static serialPersistentFields	500027bd
CLS 5000008a (name=java.lang.reflect.Method, trace=300000)
	super		500000b8
	loader		90000001
	static EMPTY_ANNOTATION_ARRAY	50001c3b
CLS 5000008b (name=java.lang.System$2, trace=300000)
	super		50000012
	loader		90000001
CLS 5000008c (name=sun.nio.cs.SingleByteEncoder, trace=300000)
	super		50000003
	loader		90000001
CLS 5000008d (name=java.lang.String, trace=300000)
	super		50000012
	loader		90000001
	static serialPersistentFields	500015ea
	static CASE_INSENSITIVE_ORDER	500015e9
CLS 5000008e (name=java.lang.String[], trace=300000)
	super		50000012
	loader		90000001
CLS 5000008f (name=java.nio.charset.CharsetDecoder, trace=300000)
	super		50000012
	loader		90000001
	static stateNames	50001b81
CLS 500000f4 (name=sun.reflect.ConstructorAccessorImpl, trace=300000)
	super		50000092
	loader		90000001
CLS 50000091 (name=sun.reflect.NativeConstructorAccessorImpl, trace=300000)
	super		500000f4
	loader		90000001
CLS 50000093 (name=sun.nio.cs.SingleByteDecoder, trace=300000)
	super		5000008f
	loader		90000001
CLS 50000095 (name=java.io.ExpiringCache, trace=300000)
	super		50000012
	loader		90000001
CLS 50000096 (name=java.util.HashMap, trace=300000)
	super		50000019
	loader		90000001
	static NULL_KEY	5000170c
CLS 50000097 (name=java.nio.charset.CodingErrorAction, trace=300000)
	super		50000012
	loader		90000001
	static IGNORE	50001b74
	static REPLACE	50001b6d
	static REPORT	50001b73
CLS 50000098 (name=java.lang.ClassNotFoundException, trace=300000)
	super		50000094
	loader		90000001
CLS 50000099 (name=java.util.StringTokenizer, trace=300000)
	super		50000012
	loader		90000001
CLS 5000009a (name=java.io.OutputStreamWriter, trace=300000)
	super		500000ff
	loader		90000001
CLS 5000009b (name=sun.misc.JavaLangAccess, trace=300000)
	loader		90000001
CLS 5000009c (name=java.security.AccessControlContext, trace=300000)
	super		50000012
	loader		90000001
CLS 5000009d (name=java.util.ArrayList, trace=300000)
	super		50000028
	loader		90000001
CLS 5000009e (name=sun.reflect.ReflectionFactory$GetReflectionFactoryAction, trace=300000)
	super		50000012
	loader		90000001
CLS 5000009f (name=java.lang.RuntimePermission, trace=300000)
	super		5000002e
	loader		90000001
CLS 500000c9 (name=java.lang.IncompatibleClassChangeError, trace=300000)
	super		50000075
	loader		90000001
CLS 500000a0 (name=java.lang.NoSuchMethodError, trace=300000)
	super		500000c9
	loader		90000001
CLS 500000a4 (name=java.lang.String$CaseInsensitiveComparator, trace=300000)
	super		50000012
	loader		90000001
CLS 500000a5 (name=java.io.FileOutputStream, trace=300000)
	super		500000dc
	loader		90000001
CLS 500000a6 (name=java.io.ObjectStreamClass, trace=300000)
	super		50000012
	loader		90000001
	static NO_FIELDS	50001c17
	static serialPersistentFields	50001c17
	static reflFactory	50001c16
	static localDescs	50002737
	static reflectors	50002736
CLS 500000a7 (name=java.io.BufferedWriter, trace=300000)
	super		500000ff
	loader		90000001
CLS 500000a8 (name=java.util.Locale, trace=300000)
	super		50000012
	loader		90000001
	static ENGLISH	50001d7c
	static FRENCH	50001d7b
	static GERMAN	50001d7a
	static ITALIAN	50001d79
	static JAPANESE	50001d78
	static KOREAN	50001d77
	static CHINESE	50001d76
	static SIMPLIFIED_CHINESE	50001d75
	static TRADITIONAL_CHINESE	50001d74
	static FRANCE	50001d73
	static GERMANY	50001d72
	static ITALY	50001d71
	static JAPAN	50001d70
	static KOREA	50001d6f
	static CHINA	50001d6e
	static PRC	50001d6d
	static TAIWAN	50001d6c
	static UK	50001d6b
	static US	50001d6a
	static CANADA	50001d69
	static CANADA_FRENCH	50001d68
	static defaultLocale	50001d49
	static compressedIsoLanguages	50001d51
	static compressedIsoCountries	50001d50
CLS 500000a9 (name=java.util.LinkedHashMap, trace=300000)
	super		50000096
	loader		90000001
CLS 500000aa (name=sun.tools.hprof.Tracker, trace=300000)
	super		50000012
	loader		90000001
CLS 500000ab (name=java.io.Serializable, trace=300000)
	loader		90000001
CLS 500000ac (name=java.io.Serializable[], trace=300000)
	super		50000012
	loader		90000001
CLS 500000ad (name=java.lang.ref.SoftReference, trace=300000)
	super		50000070
	loader		90000001
CLS 500000ae (name=java.lang.ref.SoftReference[], trace=300000)
	super		50000012
	loader		90000001
CLS 500000af (name=java.lang.ref.SoftReference[][], trace=300000)
	super		50000012
	loader		90000001
CLS 500000b0 (name=java.lang.ref.Reference$ReferenceHandler, trace=300000)
	super		50000106
	loader		90000001
CLS 500000b1 (name=sun.nio.cs.MS1252$Decoder, trace=300000)
	super		50000093
	loader		90000001
	static byteToCharTable	50001b79
CLS 500000b2 (name=java.util.Map, trace=300000)
	loader		90000001
CLS 500000b3 (name=java.io.Win32FileSystem, trace=300000)
	super		5000005d
	loader		90000001
	static driveDirCache	5000184b
CLS 500000b4 (name=java.util.Comparator, trace=300000)
	loader		90000001
CLS 500000b5 (name=java.lang.Iterable, trace=300000)
	loader		90000001
CLS 500000b7 (name=sun.misc.URLClassPath, trace=300000)
	super		50000012
	loader		90000001
	static USER_AGENT_JAVA_VERSION	5000176a
	static JAVA_VERSION	500016c1
CLS 500000b9 (name=java.lang.reflect.AccessibleObject[], trace=300000)
	super		50000012
	loader		90000001
CLS 500000ba (name=java.lang.Terminator, trace=300000)
	super		50000012
	loader		90000001
	static handler	50002707
CLS 500000bb (name=java.lang.Integer, trace=300000)
	super		50000089
	loader		90000001
	static TYPE	5000159c
	static digits	50002703
	static DigitTens	50002702
	static DigitOnes	50002701
	static sizeTable	50002700
CLS 500000bc (name=java.lang.ref.WeakReference, trace=300000)
	super		50000070
	loader		90000001
CLS 500000bd (name=sun.reflect.DelegatingConstructorAccessorImpl, trace=300000)
	super		500000f4
	loader		90000001
CLS 500000be (name=java.lang.reflect.Member, trace=300000)
	loader		90000001
CLS 500000bf (name=java.lang.reflect.Member[], trace=300000)
	super		50000012
	loader		90000001
CLS 500000c0 (name=java.security.PrivilegedAction, trace=300000)
	loader		90000001
CLS 500000c1 (name=java.lang.ClassCastException, trace=300000)
	super		500000dd
	loader		90000001
CLS 500000c3 (name=java.lang.Cloneable, trace=300000)
	loader		90000001
CLS 500000c4 (name=java.lang.Cloneable[], trace=300000)
	super		50000012
	loader		90000001
CLS 500000c5 (name=java.io.WinNTFileSystem, trace=300000)
	super		500000b3
	loader		90000001
CLS 500000c6 (name=java.lang.ClassLoader$NativeLibrary, trace=300000)
	super		50000012
	loader		90000001
CLS 500000c7 (name=java.util.concurrent.atomic.AtomicReferenceFieldUpdater$AtomicReferenceFieldUpdaterImpl, trace=300000)
	super		5000005c
	loader		90000001
	static unsafe	50001873
CLS 500000c8 (name=sun.security.util.Debug, trace=300000)
	super		50000012
	loader		90000001
CLS 500000ca (name=java.lang.Character, trace=300000)
	super		50000012
	loader		90000001
	static TYPE	500015a1
CLS 500000cb (name=java.util.Hashtable$EmptyEnumerator, trace=300000)
	super		50000012
	loader		90000001
CLS 500000cd (name=java.io.FileInputStream, trace=300000)
	super		500000cf
	loader		90000001
CLS 500000ce (name=java.lang.ThreadDeath, trace=300000)
	super		50000090
	loader		90000001
CLS 500000d0 (name=java.lang.Boolean, trace=300000)
	super		50000012
	loader		90000001
	static TRUE	500024d1
	static FALSE	500024cf
	static TYPE	500015a0
CLS 500000d1 (name=java.util.Collection, trace=300000)
	loader		90000001
CLS 500000d2 (name=java.io.ExpiringCache$1, trace=300000)
	super		500000a9
	loader		90000001
CLS 500000d3 (name=sun.nio.cs.FastCharsetProvider, trace=300000)
	super		5000006d
	loader		90000001
CLS 500000d5 (name=sun.reflect.DelegatingClassLoader, trace=300000)
	super		50000064
	loader		90000001
CLS 500000d6 (name=java.lang.reflect.Field, trace=300000)
	super		500000b8
	loader		90000001
	static EMPTY_ANNOTATION_ARRAY	50002620
CLS 500000d7 (name=java.lang.reflect.Field[], trace=300000)
	super		50000012
	loader		90000001
CLS 500000d8 (name=java.lang.NoClassDefFoundError, trace=300000)
	super		50000075
	loader		90000001
CLS 500000d9 (name=sun.misc.Version, trace=300000)
	super		50000012
	loader		90000001
	static java_version	500016c1
	static java_runtime_name	500015e3
	static java_runtime_version	50001637
CLS 500000da (name=java.lang.ref.Reference$Lock, trace=300000)
	super		50000012
	loader		90000001
CLS 500000db (name=sun.reflect.ReflectionFactory$1, trace=300000)
	super		50000012
	loader		90000001
CLS 500000de (name=java.security.ProtectionDomain, trace=300000)
	super		50000012
	loader		90000001
CLS 500000df (name=java.util.Random, trace=300000)
	super		50000012
	loader		90000001
	static serialPersistentFields	500025eb
CLS 500000e0 (name=java.lang.StackTraceElement, trace=300000)
	super		50000012
	loader		90000001
CLS 500000e1 (name=java.lang.StackTraceElement[], trace=300000)
	super		50000012
	loader		90000001
CLS 500000e2 (name=sun.misc.SoftCache, trace=300000)
	super		50000019
	loader		90000001
CLS 500000e3 (name=java.lang.Comparable, trace=300000)
	loader		90000001
CLS 500000e4 (name=java.lang.Comparable[], trace=300000)
	super		50000012
	loader		90000001
CLS 500000e5 (name=java.lang.Thread$UncaughtExceptionHandler, trace=300000)
	loader		90000001
CLS 500000e6 (name=java.lang.Thread$UncaughtExceptionHandler[], trace=300000)
	super		50000012
	loader		90000001
CLS 500000e7 (name=sun.misc.Launcher$ExtClassLoader, trace=300000)
	super		50000030
	loader		90000001
CLS 500000e8 (name=java.lang.StackOverflowError, trace=300000)
	super		50000073
	loader		90000001
CLS 500000e9 (name=java.util.Hashtable$EmptyIterator, trace=300000)
	super		50000012
	loader		90000001
CLS 500000ea (name=sun.net.www.protocol.file.Handler, trace=300000)
	super		500000cc
	loader		90000001
CLS 500000eb (name=sun.nio.cs.StandardCharsets, trace=300000)
	super		500000d3
	loader		90000001
	static aliases_US_ASCII	50001b32
	static aliases_UTF_8	50001ae7
	static aliases_UTF_16	50001b31
	static aliases_UTF_16BE	50001b30
	static aliases_UTF_16LE	50001b2f
	static aliases_ISO_8859_1	50001b2e
	static aliases_ISO_8859_2	50001b2d
	static aliases_ISO_8859_4	50001b2c
	static aliases_ISO_8859_5	50001b2b
	static aliases_ISO_8859_7	50001b2a
	static aliases_ISO_8859_9	50001b29
	static aliases_ISO_8859_13	50001b28
	static aliases_ISO_8859_15	50001b27
	static aliases_KOI8_R	50001b26
	static aliases_MS1250	50001b25
	static aliases_MS1251	50001b24
	static aliases_MS1252	5000187f
	static aliases_MS1253	50001b23
	static aliases_MS1254	50001b22
	static aliases_MS1257	50001b21
CLS 500000ec (name=java.security.PrivilegedExceptionAction, trace=300000)
	loader		90000001
CLS 500000ed (name=java.io.Flushable, trace=300000)
	loader		90000001
CLS 500000ee (name=java.io.BufferedOutputStream, trace=300000)
	super		50000005
	loader		90000001
CLS 500000ef (name=sun.misc.Launcher, trace=300000)
	super		50000012
	loader		90000001
	static factory	500024e5
	static launcher	500024e4
CLS 500000f0 (name=java.io.FileDescriptor, trace=300000)
	super		50000012
	loader		90000001
	static in	5000186e
	static out	50001870
	static err	5000186f
CLS 500000f2 (name=sun.reflect.Reflection, trace=300000)
	super		50000012
	loader		90000001
	static fieldFilterMap	500024dd
CLS 500000f3 (name=java.util.Enumeration, trace=300000)
	loader		90000001
CLS 500000f5 (name=java.lang.SystemClassLoaderAction, trace=300000)
	super		50000012
	loader		90000001
CLS 500000f6 (name=java.util.Stack, trace=300000)
	super		50000077
	loader		90000001
CLS 500000f7 (name=java.nio.charset.CoderResult$2, trace=300000)
	super		500000b6
	loader		90000001
CLS 500000f8 (name=sun.nio.cs.StandardCharsets$Classes, trace=300000)
	super		50000066
	loader		90000001
CLS 500000f9 (name=java.lang.reflect.AnnotatedElement, trace=300000)
	loader		90000001
CLS 500000fa (name=java.lang.reflect.AnnotatedElement[], trace=300000)
	super		50000012
	loader		90000001
CLS 500000fb (name=java.io.Closeable, trace=300000)
	loader		90000001
CLS 500000fc (name=sun.misc.NativeSignalHandler, trace=300000)
	super		50000012
	loader		90000001
CLS 500000fd (name=java.lang.ref.ReferenceQueue$Lock, trace=300000)
	super		50000012
	loader		90000001
CLS 500000fe (name=java.lang.Runtime, trace=300000)
	super		50000012
	loader		90000001
	static currentRuntime	500015b7
CLS 50000100 (name=java.util.HashSet, trace=300000)
	super		50000104
	loader		90000001
	static PRESENT	5000170d
CLS 50000101 (name=java.lang.Class$1, trace=300000)
	super		50000012
	loader		90000001
CLS 50000102 (name=java.nio.HeapCharBuffer, trace=300000)
	super		50000054
	loader		90000001
CLS 50000103 (name=sun.nio.cs.MS1252$Encoder, trace=300000)
	super		5000008c
	loader		90000001
	static index2	50001b6a
	static index1	50001b6b
CLS 50000105 (name=sun.misc.SharedSecrets, trace=300000)
	super		50000012
	loader		90000001
	static unsafe	50001873
	static javaUtilJarAccess	50000166
	static javaLangAccess	500024ba
CLS 50000107 (name=java.lang.Thread[], trace=300000)
	super		50000012
	loader		90000001
CLS 50000108 (name=java.util.List, trace=300000)
	loader		90000001
CLS 50000109 (name=java.lang.Compiler, trace=300000)
	super		50000012
	loader		90000001
CLS 5000010b (name=sun.nio.cs.Surrogate$Parser, trace=300000)
	super		50000012
	loader		90000001
CLS 5000010c (name=boolean[], trace=300000)
	super		50000012
	loader		90000001
CLS 5000010d (name=byte[], trace=300000)
	super		50000012
	loader		90000001
CLS 5000010e (name=char[], trace=300000)
	super		50000012
	loader		90000001
CLS 5000010f (name=int[], trace=300000)
	super		50000012
	loader		90000001
CLS 50000110 (name=short[], trace=300000)
	super		50000012
	loader		90000001
CLS 50000111 (name=long[], trace=300000)
	super		50000012
	loader		90000001
CLS 50000112 (name=float[], trace=300000)
	super		50000012
	loader		90000001
CLS 50000113 (name=double[], trace=300000)
	super		50000012
	loader		90000001
CLS 50000120 (name=java.lang.StringCoding, trace=300061)
	super		50000012
	loader		90000001
	static decoder	50000121
	static encoder	50000122
CLS 50000123 (name=java.lang.ThreadLocal$ThreadLocalMap, trace=300069)
	super		50000012
	loader		90000001
CLS 50000125 (name=java.lang.ThreadLocal$ThreadLocalMap$Entry, trace=300071)
	super		500000bc
	loader		90000001
CLS 50000126 (name=java.lang.ThreadLocal$ThreadLocalMap$Entry[], trace=300072)
	super		50000012
	loader		90000001
CLS 50000129 (name=java.lang.StringCoding$StringDecoder, trace=300092)
	super		50000012
	loader		90000001
CLS 5000012a (name=java.lang.StringCoding$CharsetSD, trace=300092)
	super		50000129
	loader		90000001
CLS 5000012b (name=java.util.regex.Pattern$Node[], trace=300000)
	super		50000012
	loader		90000001
CLS 5000012c (name=java.lang.ref.WeakReference[], trace=300000)
	super		50000012
	loader		90000001
CLS 5000012d (name=java.util.concurrent.locks.ReentrantLock[], trace=300000)
	super		50000012
	loader		90000001
CLS 5000012e (name=java.util.concurrent.locks.Lock[], trace=300000)
	super		50000012
	loader		90000001
CLS 50000130 (name=sun.misc.Cleaner, trace=302947)
	super		5000002f
	loader		90000001
CLS 50000131 (name=java.lang.Enum, trace=302959)
	super		50000012
	loader		90000001
CLS 50000133 (name=java.net.URLClassLoader$1, trace=300187)
	super		50000012
	loader		90000001
CLS 50000139 (name=sun.misc.URLClassPath$3, trace=300232)
	super		50000012
	loader		90000001
CLS 5000013a (name=java.lang.CharSequence[][], trace=300000)
	super		50000012
	loader		90000001
CLS 5000013b (name=sun.misc.URLClassPath$Loader, trace=300238)
	super		50000012
	loader		90000001
CLS 5000013c (name=sun.misc.URLClassPath$JarLoader, trace=300238)
	super		5000013b
	loader		90000001
CLS 5000013d (name=java.io.Serializable[][], trace=300000)
	super		50000012
	loader		90000001
CLS 5000013e (name=java.lang.Comparable[][], trace=300000)
	super		50000012
	loader		90000001
CLS 50000141 (name=org.apache.tools.ant.util.TeeOutputStream, trace=302874)
	super		500000dc
	loader		90000002
CLS 50000142 (name=java.io.IOException, trace=302888)
	super		50000094
	loader		90000001
CLS 5000014a (name=sun.misc.FileURLMapper, trace=300312)
	super		50000012
	loader		90000001
CLS 50000159 (name=java.util.zip.ZipConstants, trace=300369)
	loader		90000001
CLS 5000015a (name=java.util.zip.ZipFile, trace=300369)
	super		50000012
	loader		90000001
CLS 5000015b (name=java.util.jar.JarFile, trace=300369)
	super		5000015a
	loader		90000001
	static MANIFEST_NAME	50001752
	static lastOcc	50000168
	static optoSft	50000169
	static src	50000167
	static javaHome	500016a8
CLS 5000015c (name=sun.security.action.LoadLibraryAction, trace=300370)
	super		50000012
	loader		90000001
CLS 50000164 (name=sun.misc.JavaUtilJarAccess, trace=300438)
	loader		90000001
CLS 50000165 (name=java.util.jar.JavaUtilJarAccessImpl, trace=300438)
	super		50000012
	loader		90000001
CLS 50000173 (name=sun.misc.JarIndex, trace=300482)
	super		50000012
	loader		90000001
	static INDEX_NAME	5000284f
CLS 50000174 (name=sun.misc.ExtensionDependency, trace=300494)
	super		50000012
	loader		90000001
CLS 500001d6 (name=org.apache.tools.ant.taskdefs.optional.junit.PlainJUnitResultFormatter, trace=302874)
	super		50000012
	loader		90000002
CLS 500001e8 (name=java.util.zip.ZipEntry, trace=300530)
	super		50000012
	loader		90000001
CLS 500001ef (name=org.apache.tools.ant.BuildException, trace=302874)
	super		500000dd
	loader		90000002
CLS 50000b75 (name=java.io.Reader, trace=302888)
	super		50000012
	loader		90000001
CLS 500001f0 (name=java.io.InputStreamReader, trace=302888)
	super		50000b75
	loader		90000001
CLS 500001f1 (name=java.util.jar.JarEntry, trace=300548)
	super		500001e8
	loader		90000001
CLS 500001f2 (name=java.util.jar.JarFile$JarFileEntry, trace=300548)
	super		500001f1
	loader		90000001
CLS 500001f4 (name=java.io.FileReader, trace=302888)
	super		500001f0
	loader		90000001
CLS 500001f5 (name=java.io.DataInput, trace=300558)
	loader		90000001
CLS 500001f6 (name=java.io.DataInputStream, trace=300558)
	super		5000001b
	loader		90000001
CLS 500001f7 (name=java.util.zip.ZipFile$ZipFileInputStream, trace=300560)
	super		500000cf
	loader		90000001
CLS 500001f8 (name=java.io.BufferedReader, trace=302888)
	super		50000b75
	loader		90000001
CLS 500001f9 (name=java.util.zip.InflaterInputStream, trace=300575)
	super		5000001b
	loader		90000001
CLS 500001fa (name=java.util.zip.ZipFile$2, trace=300575)
	super		500001f9
	loader		90000001
CLS 500001fb (name=java.util.zip.Inflater, trace=300577)
	super		50000012
	loader		90000001
CLS 500001fc (name=java.lang.NoSuchMethodException, trace=302888)
	super		50000094
	loader		90000001
CLS 5000020e (name=java.lang.Math, trace=300647)
	super		50000012
	loader		90000001
CLS 50000211 (name=java.security.PrivilegedActionException, trace=300655)
	super		50000094
	loader		90000001
CLS 50000219 (name=sun.misc.URLClassPath$FileLoader, trace=300666)
	super		5000013b
	loader		90000001
CLS 5000022c (name=java.io.PrintWriter, trace=302888)
	super		500000ff
	loader		90000001
CLS 5000025c (name=junit.framework.Test, trace=302874)
	loader		90000002
CLS 500002b6 (name=junit.framework.Protectable, trace=302874)
	loader		90000002
CLS 500002c2 (name=javax.xml.parsers.DocumentBuilderFactory, trace=302888)
	super		50000012
	loader		90000001
	static DEFAULT_PROPERTY_NAME	500024b3
CLS 500002c3 (name=javax.xml.parsers.FactoryFinder, trace=304738)
	super		50000012
	loader		90000001
	static cacheProps	500002c4
	static ss	500002c7
CLS 500002c6 (name=javax.xml.parsers.SecuritySupport, trace=304742)
	super		50000012
	loader		90000001
CLS 500002c8 (name=javax.xml.parsers.SecuritySupport$2, trace=304745)
	super		50000012
	loader		90000001
CLS 500002ca (name=javax.xml.parsers.SecuritySupport$1, trace=304756)
	super		50000012
	loader		90000001
CLS 500002e5 (name=javax.xml.parsers.SecuritySupport$5, trace=304799)
	super		50000012
	loader		90000001
CLS 500002f3 (name=javax.xml.parsers.SecuritySupport$4, trace=304832)
	super		50000012
	loader		90000001
CLS 500002f6 (name=sun.misc.Launcher$1, trace=304841)
	super		50000012
	loader		90000001
CLS 5000032e (name=org.apache.tools.ant.Project, trace=302874)
	super		50000012
	loader		90000002
	static VISITING	50001c9a
	static VISITED	50001c9b
	static ANTCLASSLOADER_JDK12	50001c97
	static JAVA_1_0	50001c98
	static JAVA_1_1	50001c96
	static JAVA_1_2	50001c9c
	static JAVA_1_3	50001c9d
	static JAVA_1_4	50001888
	static TOKEN_START	500015eb
	static TOKEN_END	500015eb
CLS 5000032f (name=java.io.EOFException, trace=302888)
	super		50000142
	loader		90000001
CLS 500003c0 (name=org.apache.tools.ant.Project$AntRefTable, trace=302874)
	super		5000000e
	loader		90000002
CLS 50000458 (name=org.apache.tools.ant.input.InputHandler, trace=302874)
	loader		90000002
CLS 5000046d (name=java.io.FileNotFoundException, trace=305086)
	super		50000142
	loader		90000001
CLS 500004f2 (name=org.apache.tools.ant.taskdefs.optional.junit.FormatterElement, trace=302874)
	super		50000012
	loader		90000002
	static XML_FORMATTER_CLASS_NAME	50001c8c
	static BRIEF_FORMATTER_CLASS_NAME	50001c8d
	static PLAIN_FORMATTER_CLASS_NAME	50001c8e
CLS 500004f3 (name=java.lang.IllegalAccessException, trace=302888)
	super		50000094
	loader		90000001
CLS 500004f4 (name=java.lang.InstantiationException, trace=302888)
	super		50000094
	loader		90000001
CLS 5000055f (name=sun.misc.Resource, trace=300913)
	super		50000012
	loader		90000001
CLS 50000560 (name=sun.misc.URLClassPath$JarLoader$1, trace=300913)
	super		5000055f
	loader		90000001
CLS 50000563 (name=java.lang.Package, trace=300934)
	super		50000012
	loader		90000001
	static pkgs	50000564
	static urls	50000566
	static mans	50000568
CLS 50000578 (name=java.util.jar.Manifest, trace=301001)
	super		50000012
	loader		90000001
CLS 50000579 (name=java.io.ByteArrayInputStream, trace=301002)
	super		500000cf
	loader		90000001
CLS 5000057c (name=java.util.jar.Attributes, trace=301007)
	super		50000012
	loader		90000001
CLS 50000582 (name=java.util.jar.Manifest$FastInputStream, trace=301023)
	super		5000001b
	loader		90000001
CLS 50000590 (name=sun.nio.cs.UTF_8, trace=301089)
	super		5000010a
	loader		90000001
CLS 5000059a (name=sun.nio.cs.UTF_8$Decoder, trace=301175)
	super		5000008f
	loader		90000001
CLS 5000059c (name=sun.nio.cs.Surrogate$Generator, trace=301184)
	super		50000012
	loader		90000001
CLS 500005a3 (name=java.util.jar.Attributes$Name, trace=301211)
	super		50000012
	loader		90000001
	static MANIFEST_VERSION	500005a4
	static SIGNATURE_VERSION	500005a5
	static CONTENT_TYPE	500005a6
	static CLASS_PATH	500005a7
	static MAIN_CLASS	500005a8
	static SEALED	500005a9
	static EXTENSION_LIST	500005aa
	static EXTENSION_NAME	500005ab
	static EXTENSION_INSTALLATION	500005ac
	static IMPLEMENTATION_TITLE	500005ad
	static IMPLEMENTATION_VERSION	500005ae
	static IMPLEMENTATION_VENDOR	500005af
	static IMPLEMENTATION_VENDOR_ID	500005b0
	static IMPLEMENTATION_URL	500005b1
	static SPECIFICATION_TITLE	500005b2
	static SPECIFICATION_VERSION	500005b3
	static SPECIFICATION_VENDOR	500005b4
CLS 500005b6 (name=sun.misc.ASCIICaseInsensitiveComparator, trace=301244)
	super		50000012
	loader		90000001
	static CASE_INSENSITIVE_ORDER	500005b7
CLS 50000616 (name=java.util.jar.JarVerifier, trace=301311)
	super		50000012
	loader		90000001
CLS 50000620 (name=java.io.ByteArrayOutputStream, trace=301337)
	super		500000dc
	loader		90000001
CLS 50000631 (name=sun.security.util.ManifestEntryVerifier, trace=301401)
	super		50000012
	loader		90000001
	static sunProvider	500006fd
	static hexc	500009e0
CLS 50000632 (name=java.security.Provider, trace=301405)
	super		50000081
	loader		90000001
	static ALIAS_PREFIX	500025c0
	static previousKey	50000635
CLS 50000633 (name=sun.security.provider.Sun, trace=301405)
	super		50000632
	loader		90000001
	static INFO	500024e8
	static PROP_EGD	500025ba
	static PROP_RNDSOURCE	500025bb
	static URL_DEV_RANDOM	500025b9
	static URL_DEV_URANDOM	500025b8
	static seedSource	5000066e
CLS 50000634 (name=java.security.Provider$ServiceKey, trace=301409)
	super		50000012
	loader		90000001
CLS 50000636 (name=sun.security.provider.Sun$1, trace=301417)
	super		50000012
	loader		90000001
CLS 50000638 (name=java.security.Security, trace=301428)
	super		50000012
	loader		90000001
	static props	5000063b
	static spiMap	500006bb
CLS 50000639 (name=java.security.Security$1, trace=301432)
	super		50000012
	loader		90000001
CLS 5000064a (name=java.util.Properties$LineReader, trace=301493)
	super		50000012
	loader		90000001
CLS 500006b9 (name=java.util.concurrent.ConcurrentMap, trace=301536)
	loader		90000001
CLS 500006ba (name=java.util.concurrent.ConcurrentHashMap, trace=301536)
	super		50000019
	loader		90000001
CLS 500006bc (name=java.util.concurrent.locks.Lock, trace=301540)
	loader		90000001
CLS 500006bd (name=java.util.concurrent.locks.ReentrantLock, trace=301540)
	super		50000012
	loader		90000001
CLS 500006be (name=java.util.concurrent.ConcurrentHashMap$Segment, trace=301540)
	super		500006bd
	loader		90000001
CLS 500006bf (name=java.util.concurrent.ConcurrentHashMap$Segment[], trace=301541)
	super		50000012
	loader		90000001
CLS 500006c2 (name=java.util.concurrent.locks.AbstractQueuedSynchronizer, trace=301543)
	super		50000012
	loader		90000001
	static unsafe	50001873
CLS 500006c3 (name=java.util.concurrent.locks.ReentrantLock$Sync, trace=301543)
	super		500006c2
	loader		90000001
CLS 500006c4 (name=java.util.concurrent.locks.ReentrantLock$NonfairSync, trace=301543)
	super		500006c3
	loader		90000001
CLS 500006c5 (name=java.util.concurrent.locks.AbstractQueuedSynchronizer$Node, trace=301550)
	super		50000012
	loader		90000001
CLS 500006cd (name=java.util.concurrent.ConcurrentHashMap$HashEntry, trace=301581)
	super		50000012
	loader		90000001
CLS 500006ce (name=java.util.concurrent.ConcurrentHashMap$HashEntry[], trace=301582)
	super		50000012
	loader		90000001
CLS 50000700 (name=sun.misc.FloatingDecimal, trace=301606)
	super		50000012
	loader		90000001
	static perThreadBuffer	50000702
	static small10pow	50000703
	static singleSmall10pow	50000704
	static big10pow	50000705
	static tiny10pow	50000706
	static small5pow	50000707
	static long5pow	50000708
	static n5bits	50000709
	static infinity	5000070a
	static notANumber	5000070b
	static zero	5000070c
	static hexFloatPattern	50000712
CLS 50000701 (name=sun.misc.FloatingDecimal$1, trace=301609)
	super		50000085
	loader		90000001
CLS 5000070d (name=java.util.regex.Pattern, trace=301624)
	super		50000012
	loader		90000001
	static accept	5000070f
	static lastAccept	50000711
CLS 5000070e (name=java.util.regex.Pattern$Node, trace=301627)
	super		50000012
	loader		90000001
CLS 50000710 (name=java.util.regex.Pattern$LastNode, trace=301630)
	super		5000070e
	loader		90000001
CLS 50000715 (name=java.util.regex.Pattern$GroupHead, trace=301647)
	super		5000070e
	loader		90000001
CLS 50000716 (name=java.util.regex.Pattern$GroupHead[], trace=301648)
	super		50000012
	loader		90000001
CLS 50000719 (name=java.util.regex.Pattern$GroupTail, trace=301656)
	super		5000070e
	loader		90000001
CLS 5000071b (name=java.util.regex.Pattern$BitClass, trace=301662)
	super		5000070e
	loader		90000001
CLS 5000071e (name=java.util.regex.Pattern$Ques, trace=301695)
	super		5000070e
	loader		90000001
CLS 50000720 (name=java.util.regex.Pattern$Dummy, trace=301700)
	super		5000070e
	loader		90000001
CLS 50000722 (name=java.util.regex.Pattern$Branch, trace=301704)
	super		5000070e
	loader		90000001
CLS 50000724 (name=java.util.regex.Pattern$Single, trace=301716)
	super		5000070e
	loader		90000001
CLS 50000730 (name=java.util.regex.Pattern$categoryNames, trace=301738)
	super		50000012
	loader		90000001
	static cMap	50000731
CLS 50000733 (name=java.util.regex.Pattern$Category, trace=301744)
	super		5000070e
	loader		90000001
CLS 5000077e (name=java.util.regex.Pattern$Range, trace=301829)
	super		5000070e
	loader		90000001
CLS 50000781 (name=java.util.regex.Pattern$All, trace=301834)
	super		5000070e
	loader		90000001
CLS 50000786 (name=java.util.regex.Pattern$Ctype, trace=301841)
	super		5000070e
	loader		90000001
CLS 500007a0 (name=java.util.regex.Pattern$JavaTypeClass, trace=301869)
	super		5000070e
	loader		90000001
CLS 500007a1 (name=java.util.regex.Pattern$JavaLowerCase, trace=301869)
	super		500007a0
	loader		90000001
CLS 500007a4 (name=java.util.regex.Pattern$JavaUpperCase, trace=301875)
	super		500007a0
	loader		90000001
CLS 500007a7 (name=java.util.regex.Pattern$JavaTitleCase, trace=301881)
	super		500007a0
	loader		90000001
CLS 500007aa (name=java.util.regex.Pattern$JavaDigit, trace=301887)
	super		500007a0
	loader		90000001
CLS 500007ad (name=java.util.regex.Pattern$JavaDefined, trace=301893)
	super		500007a0
	loader		90000001
CLS 500007b0 (name=java.util.regex.Pattern$JavaLetter, trace=301899)
	super		500007a0
	loader		90000001
CLS 500007b3 (name=java.util.regex.Pattern$JavaLetterOrDigit, trace=301905)
	super		500007a0
	loader		90000001
CLS 500007b6 (name=java.util.regex.Pattern$JavaJavaIdentifierStart, trace=301911)
	super		500007a0
	loader		90000001
CLS 500007b9 (name=java.util.regex.Pattern$JavaJavaIdentifierPart, trace=301917)
	super		500007a0
	loader		90000001
CLS 500007bc (name=java.util.regex.Pattern$JavaUnicodeIdentifierStart, trace=301923)
	super		500007a0
	loader		90000001
CLS 500007bf (name=java.util.regex.Pattern$JavaUnicodeIdentifierPart, trace=301929)
	super		500007a0
	loader		90000001
CLS 500007c2 (name=java.util.regex.Pattern$JavaIdentifierIgnorable, trace=301935)
	super		500007a0
	loader		90000001
CLS 500007c5 (name=java.util.regex.Pattern$JavaSpaceChar, trace=301941)
	super		500007a0
	loader		90000001
CLS 500007c8 (name=java.util.regex.Pattern$JavaWhitespace, trace=301947)
	super		500007a0
	loader		90000001
CLS 500007cb (name=java.util.regex.Pattern$JavaISOControl, trace=301953)
	super		500007a0
	loader		90000001
CLS 500007ce (name=java.util.regex.Pattern$JavaMirrored, trace=301959)
	super		500007a0
	loader		90000001
CLS 500007d2 (name=java.util.regex.Pattern$Curly, trace=301980)
	super		5000070e
	loader		90000001
CLS 500007f8 (name=java.util.regex.Pattern$Slice, trace=302008)
	super		5000070e
	loader		90000001
CLS 500007f9 (name=java.util.regex.Pattern$Begin, trace=302009)
	super		5000070e
	loader		90000001
CLS 500007fa (name=java.util.regex.Pattern$First, trace=302010)
	super		5000070e
	loader		90000001
CLS 500007fb (name=java.util.regex.Pattern$Start, trace=302011)
	super		5000070e
	loader		90000001
CLS 500007fd (name=java.util.regex.Pattern$TreeInfo, trace=302014)
	super		50000012
	loader		90000001
CLS 50000808 (name=sun.security.provider.NativePRNG, trace=302112)
	super		50000012
	loader		90000001
CLS 50000932 (name=java.net.URLClassLoader$2, trace=305100)
	super		50000012
	loader		90000001
CLS 500009e2 (name=byte[][], trace=302431)
	super		50000012
	loader		90000001
CLS 500009ea (name=sun.misc.CharacterDecoder, trace=302444)
	super		50000012
	loader		90000001
CLS 500009eb (name=sun.misc.BASE64Decoder, trace=302444)
	super		500009ea
	loader		90000001
	static pem_array	500009ec
	static pem_convert_array	500009ed
CLS 500009fa (name=sun.security.util.SignatureFileVerifier, trace=302481)
	super		50000012
	loader		90000001
	static ATTR_DIGEST	500009fc
	static hexc	500009fd
CLS 50000a03 (name=sun.nio.ByteBuffered, trace=302519)
	loader		90000001
CLS 50000a05 (name=java.security.CodeSource, trace=302544)
	super		50000012
	loader		90000001
CLS 50000a07 (name=java.security.PermissionCollection, trace=302554)
	super		50000012
	loader		90000001
CLS 50000a08 (name=java.security.Permissions, trace=302554)
	super		50000a07
	loader		90000001
	static serialPersistentFields	50000a09
CLS 50000a35 (name=java.net.URLConnection, trace=302641)
	super		50000012
	loader		90000001
	static handlers	50000a38
	static UnknownContentHandlerP	50000a3c
	static contentClassPrefix	500024d6
	static contentPathProp	500024d5
CLS 50000a36 (name=sun.net.www.URLConnection, trace=302641)
	super		50000a35
	loader		90000001
CLS 50000a37 (name=sun.net.www.protocol.file.FileURLConnection, trace=302641)
	super		50000a36
	loader		90000001
	static CONTENT_LENGTH	50002832
	static CONTENT_TYPE	50002833
	static TEXT_PLAIN	50002835
	static LAST_MODIFIED	50002834
CLS 50000a3a (name=java.net.ContentHandler, trace=302648)
	super		50000012
	loader		90000001
CLS 50000a3b (name=java.net.UnknownContentHandler, trace=302648)
	super		50000a3a
	loader		90000001
CLS 50000a3e (name=sun.net.www.MessageHeader, trace=302656)
	super		50000012
	loader		90000001
CLS 50000a48 (name=java.io.FilePermission, trace=302682)
	super		50000049
	loader		90000001
CLS 50000a4c (name=java.io.FilePermission$1, trace=302694)
	super		50000012
	loader		90000001
CLS 50000a53 (name=java.io.FilePermissionCollection, trace=302729)
	super		50000a07
	loader		90000001
	static serialPersistentFields	50000a54
CLS 50000a66 (name=java.security.AllPermission, trace=302756)
	super		50000049
	loader		90000001
CLS 50000a67 (name=java.security.UnresolvedPermission, trace=302757)
	super		50000049
	loader		90000001
CLS 50000a69 (name=java.security.BasicPermissionCollection, trace=302769)
	super		50000a07
	loader		90000001
	static serialPersistentFields	50000a6a
CLS 50000a90 (name=java.security.Principal, trace=302814)
	loader		90000001
CLS 50000a91 (name=java.security.Principal[], trace=302815)
	super		50000012
	loader		90000001
CLS 50000a95 (name=java.security.cert.Certificate, trace=302844)
	super		50000012
	loader		90000001
CLS 50000a96 (name=java.security.cert.Certificate[], trace=302845)
	super		50000012
	loader		90000001
CLS 50000aaa (name=java.util.Hashtable$Enumerator, trace=303107)
	super		50000012
	loader		90000001
CLS 50000b00 (name=com.sun.org.apache.xerces.internal.jaxp.DocumentBuilderFactoryImpl, trace=302888)
	super		500002c2
	loader		90000001
CLS 50000b22 (name=com.sun.org.apache.xerces.internal.jaxp.JAXPConstants, trace=305266)
	loader		90000001
	static JAXP_SCHEMA_LANGUAGE	50002751
	static W3C_XML_SCHEMA	50002753
	static JAXP_SCHEMA_SOURCE	50002752
CLS 50000b23 (name=javax.xml.parsers.DocumentBuilder, trace=305266)
	super		50000012
	loader		90000001
CLS 50000b24 (name=com.sun.org.apache.xerces.internal.jaxp.DocumentBuilderImpl, trace=305266)
	super		50000b23
	loader		90000001
CLS 50000b26 (name=com.sun.org.apache.xerces.internal.util.SecurityManager, trace=305270)
	super		50000012
	loader		90000001
CLS 50000b28 (name=com.sun.org.apache.xerces.internal.xni.XMLDocumentHandler, trace=305279)
	loader		90000001
CLS 50000b29 (name=com.sun.org.apache.xerces.internal.xni.XMLDTDHandler, trace=305279)
	loader		90000001
CLS 50000b2a (name=com.sun.org.apache.xerces.internal.xni.XMLDTDContentModelHandler, trace=305279)
	loader		90000001
CLS 50000b2b (name=com.sun.org.apache.xerces.internal.parsers.XMLParser, trace=305279)
	super		50000012
	loader		90000001
	static ENTITY_RESOLVER	50002666
	static ERROR_HANDLER	5000271e
	static RECOGNIZED_PROPERTIES	50000b2f
CLS 50000b2c (name=com.sun.org.apache.xerces.internal.parsers.AbstractXMLDocumentParser, trace=305279)
	super		50000b2b
	loader		90000001
CLS 50000b2d (name=com.sun.org.apache.xerces.internal.parsers.AbstractDOMParser, trace=305279)
	super		50000b2c
	loader		90000001
	static NAMESPACES	500024c3
	static CREATE_ENTITY_REF_NODES	5000270e
	static INCLUDE_COMMENTS_FEATURE	50002711
	static CREATE_CDATA_NODES_FEATURE	5000270d
	static INCLUDE_IGNORABLE_WHITESPACE	50002710
	static DEFER_NODE_EXPANSION	5000270f
	static RECOGNIZED_FEATURES	50000b30
	static DOCUMENT_CLASS_NAME	50002712
	static CURRENT_ELEMENT_NODE	50002713
	static RECOGNIZED_PROPERTIES	50000b31
	static DEFAULT_DOCUMENT_CLASS_NAME	5000270b
	static CORE_DOCUMENT_CLASS_NAME	5000270a
	static PSVI_DOCUMENT_CLASS_NAME	5000270c
	static abort	50000b32
CLS 50000b2e (name=com.sun.org.apache.xerces.internal.parsers.DOMParser, trace=305279)
	super		50000b2d
	loader		90000001
	static SYMBOL_TABLE	500024c1
	static XMLGRAMMAR_POOL	500024c0
	static RECOGNIZED_PROPERTIES	50000b33
CLS 50000b34 (name=com.sun.org.apache.xerces.internal.xni.parser.XMLComponentManager, trace=305291)
	loader		90000001
CLS 50000b35 (name=com.sun.org.apache.xerces.internal.xni.parser.XMLParserConfiguration, trace=305291)
	loader		90000001
CLS 50000b36 (name=com.sun.org.apache.xerces.internal.xni.parser.XMLPullParserConfiguration, trace=305291)
	loader		90000001
CLS 50000b37 (name=com.sun.org.apache.xerces.internal.util.ParserConfigurationSettings, trace=305291)
	super		50000012
	loader		90000001
	static PARSER_SETTINGS	500024bb
CLS 50000b38 (name=com.sun.org.apache.xerces.internal.parsers.XML11Configuration, trace=305291)
	super		50000b37
	loader		90000001
	static XML11_DATATYPE_VALIDATOR_FACTORY	5000276d
	static WARN_ON_DUPLICATE_ATTDEF	500024bd
	static WARN_ON_DUPLICATE_ENTITYDEF	50002791
	static WARN_ON_UNDECLARED_ELEMDEF	50002790
	static ALLOW_JAVA_ENCODINGS	5000278f
	static CONTINUE_AFTER_FATAL_ERROR	50002758
	static LOAD_EXTERNAL_DTD	50002656
	static NOTIFY_BUILTIN_REFS	50002665
	static NOTIFY_CHAR_REFS	50002621
	static NORMALIZE_DATA	50002772
	static SCHEMA_ELEMENT_DEFAULT	50002771
	static SCHEMA_AUGMENT_PSVI	50002770
	static XMLSCHEMA_VALIDATION	5000276e
	static XMLSCHEMA_FULL_CHECKING	5000276f
	static VALIDATION	500024c4
	static NAMESPACES	500024c3
	static EXTERNAL_GENERAL_ENTITIES	5000277c
	static EXTERNAL_PARAMETER_ENTITIES	5000277d
	static EXPAND_URIS	5000277e
	static XML_VERSION_SUPPORT	50002780
	static NORMALIZAION_CHECKS	5000277f
	static XML_STRING	50002782
	static SYMBOL_TABLE	500024c1
	static ERROR_HANDLER	5000271e
	static ENTITY_RESOLVER	50002666
	static SCHEMA_VALIDATOR	50002776
	static SCHEMA_LOCATION	50002778
	static SCHEMA_NONS_LOCATION	50002777
	static ERROR_REPORTER	500024bf
	static ENTITY_MANAGER	50002622
	static DOCUMENT_SCANNER	50002773
	static DTD_SCANNER	50002657
	static XMLGRAMMAR_POOL	500024c0
	static DTD_PROCESSOR	50002774
	static DTD_VALIDATOR	50002775
	static NAMESPACE_BINDER	50002792
	static DATATYPE_VALIDATOR_FACTORY	500024be
	static VALIDATION_MANAGER	500024c2
	static JAXP_SCHEMA_LANGUAGE	50002751
	static JAXP_SCHEMA_SOURCE	50002752
CLS 50000b3d (name=com.sun.org.apache.xerces.internal.parsers.XIncludeParserConfiguration, trace=305291)
	super		50000b38
	loader		90000001
	static ALLOW_UE_AND_NOTATION_EVENTS	500027cf
	static XINCLUDE_AWARE	500027c7
	static XINCLUDE_HANDLER	50002822
	static NAMESPACE_CONTEXT	50002658
CLS 50000b3e (name=com.sun.org.apache.xerces.internal.parsers.JAXPConfiguration, trace=305291)
	super		50000b3d
	loader		90000001
CLS 50000b71 (name=junit.framework.TestListener, trace=302874)
	loader		90000002
CLS 50000b73 (name=org.apache.tools.ant.taskdefs.optional.junit.JUnitTestRunner, trace=302874)
	super		50000012
	loader		90000002
	static DEFAULT_TRACE_FILTERS	5000025d
	static fromCmdLine	5000025e
CLS 50000b74 (name=java.io.StringWriter, trace=302888)
	super		500000ff
	loader		90000001
CLS 50000b76 (name=java.io.StringReader, trace=302888)
	super		50000b75
	loader		90000001
CLS 50000b82 (name=com.sun.org.apache.xerces.internal.util.SymbolTable, trace=305359)
	super		50000012
	loader		90000001
CLS 50000b84 (name=com.sun.org.apache.xerces.internal.util.SymbolTable$Entry, trace=305361)
	super		50000012
	loader		90000001
CLS 50000b85 (name=com.sun.org.apache.xerces.internal.util.SymbolTable$Entry[], trace=305362)
	super		50000012
	loader		90000001
CLS 50000b88 (name=com.sun.org.apache.xerces.internal.xni.parser.XMLComponent, trace=305366)
	loader		90000001
CLS 50000b89 (name=com.sun.org.apache.xerces.internal.xni.parser.XMLEntityResolver, trace=305366)
	loader		90000001
CLS 50000b8a (name=com.sun.org.apache.xerces.internal.impl.XMLEntityManager, trace=305366)
	super		50000012
	loader		90000001
	static VALIDATION	500024c4
	static EXTERNAL_GENERAL_ENTITIES	5000277c
	static EXTERNAL_PARAMETER_ENTITIES	5000277d
	static ALLOW_JAVA_ENCODINGS	5000278f
	static WARN_ON_DUPLICATE_ENTITYDEF	50002791
	static STANDARD_URI_CONFORMANT	50002852
	static PARSER_SETTINGS	500024bb
	static SYMBOL_TABLE	500024c1
	static ERROR_REPORTER	500024bf
	static ENTITY_RESOLVER	50002666
	static VALIDATION_MANAGER	500024c2
	static BUFFER_SIZE	50002856
	static SECURITY_MANAGER	500027c8
	static RECOGNIZED_FEATURES	50000b8b
	static FEATURE_DEFAULTS	50000b8d
	static RECOGNIZED_PROPERTIES	50000b8e
	static PROPERTY_DEFAULTS	50000b8f
	static XMLEntity	5000283a
	static DTDEntity	50002855
	static gNeedEscaping	50000b91
	static gAfterEscaping1	50000b92
	static gAfterEscaping2	50000b93
	static gHexChs	50000b94
CLS 50000b8c (name=java.lang.Boolean[], trace=305368)
	super		50000012
	loader		90000001
CLS 50000b9b (name=com.sun.org.apache.xerces.internal.xni.XMLResourceIdentifier, trace=305390)
	loader		90000001
CLS 50000b9c (name=com.sun.org.apache.xerces.internal.util.XMLResourceIdentifierImpl, trace=305390)
	super		50000012
	loader		90000001
CLS 50000b9e (name=com.sun.org.apache.xerces.internal.xni.Augmentations, trace=305393)
	loader		90000001
CLS 50000b9f (name=com.sun.org.apache.xerces.internal.util.AugmentationsImpl, trace=305393)
	super		50000012
	loader		90000001
CLS 50000ba1 (name=com.sun.org.apache.xerces.internal.util.AugmentationsImpl$AugmentationsItemsContainer, trace=305395)
	super		50000012
	loader		90000001
CLS 50000ba2 (name=com.sun.org.apache.xerces.internal.util.AugmentationsImpl$SmallContainer, trace=305395)
	super		50000ba1
	loader		90000001
CLS 50000ba7 (name=com.sun.org.apache.xerces.internal.xni.XMLLocator, trace=305401)
	loader		90000001
CLS 50000ba8 (name=com.sun.org.apache.xerces.internal.impl.XMLEntityScanner, trace=305401)
	super		50000012
	loader		90000001
CLS 50000bac (name=org.apache.tools.ant.taskdefs.optional.junit.BaseTest, trace=302874)
	super		50000012
	loader		90000002
CLS 50000bad (name=org.apache.tools.ant.taskdefs.optional.junit.JUnitTest, trace=302874)
	super		50000bac
	loader		90000002
CLS 50000bae (name=java.lang.CloneNotSupportedException, trace=302888)
	super		50000094
	loader		90000001
CLS 50000bc6 (name=junit.framework.AssertionFailedError, trace=302874)
	super		50000090
	loader		90000002
CLS 50000bcd (name=com.sun.org.apache.xerces.internal.impl.XMLErrorReporter, trace=305448)
	super		50000012
	loader		90000001
	static CONTINUE_AFTER_FATAL_ERROR	50002758
	static ERROR_HANDLER	5000271e
	static RECOGNIZED_FEATURES	50000bcf
	static FEATURE_DEFAULTS	50000bd2
	static RECOGNIZED_PROPERTIES	50000bd3
	static PROPERTY_DEFAULTS	50000be0
CLS 50000c1d (name=com.sun.org.apache.xerces.internal.xni.parser.XMLDocumentSource, trace=305472)
	loader		90000001
CLS 50000c70 (name=com.sun.org.apache.xerces.internal.xni.parser.XMLDocumentScanner, trace=305472)
	loader		90000001
CLS 50000c71 (name=com.sun.org.apache.xerces.internal.impl.XMLEntityHandler, trace=305472)
	loader		90000001
CLS 50000c72 (name=com.sun.org.apache.xerces.internal.impl.XMLScanner, trace=305472)
	super		50000012
	loader		90000001
	static VALIDATION	500024c4
	static NAMESPACES	500024c3
	static NOTIFY_CHAR_REFS	50002621
	static PARSER_SETTINGS	500024bb
	static SYMBOL_TABLE	500024c1
	static ERROR_REPORTER	500024bf
	static ENTITY_MANAGER	50002622
	static fVersionSymbol	5000262b
	static fEncodingSymbol	50002625
	static fStandaloneSymbol	5000262a
	static fAmpSymbol	50001be2
	static fLtSymbol	500015e7
	static fGtSymbol	50001be1
	static fQuotSymbol	50001be4
	static fAposSymbol	50001be3
CLS 50000c76 (name=com.sun.org.apache.xerces.internal.impl.XMLDocumentFragmentScannerImpl, trace=305472)
	super		50000c72
	loader		90000001
	static NAMESPACES	500024c3
	static NOTIFY_BUILTIN_REFS	50002665
	static ENTITY_RESOLVER	50002666
	static RECOGNIZED_FEATURES	50000c7a
	static FEATURE_DEFAULTS	50000c7b
	static RECOGNIZED_PROPERTIES	50000c7c
	static PROPERTY_DEFAULTS	50000c80
CLS 50000c77 (name=com.sun.org.apache.xerces.internal.impl.XMLDocumentScannerImpl, trace=305472)
	super		50000c76
	loader		90000001
	static LOAD_EXTERNAL_DTD	50002656
	static DISALLOW_DOCTYPE_DECL_FEATURE	50002655
	static DTD_SCANNER	50002657
	static VALIDATION_MANAGER	500024c2
	static NAMESPACE_CONTEXT	50002658
	static RECOGNIZED_FEATURES	50000c81
	static FEATURE_DEFAULTS	50000c83
	static RECOGNIZED_PROPERTIES	50000c84
	static PROPERTY_DEFAULTS	50000c85
CLS 50000c78 (name=com.sun.org.apache.xerces.internal.impl.XMLNSDocumentScannerImpl, trace=305472)
	super		50000c77
	loader		90000001
CLS 50000c8a (name=com.sun.org.apache.xerces.internal.xni.XMLString, trace=305485)
	super		50000012
	loader		90000001
CLS 50000c8d (name=com.sun.org.apache.xerces.internal.util.XMLStringBuffer, trace=305488)
	super		50000c8a
	loader		90000001
CLS 50000c9d (name=com.sun.org.apache.xerces.internal.impl.XMLDocumentFragmentScannerImpl$ElementStack, trace=305502)
	super		50000012
	loader		90000001
CLS 50000ca0 (name=com.sun.org.apache.xerces.internal.xni.QName, trace=305504)
	super		50000012
	loader		90000001
CLS 50000ca1 (name=com.sun.org.apache.xerces.internal.xni.QName[], trace=305505)
	super		50000012
	loader		90000001
CLS 50000cb1 (name=com.sun.org.apache.xerces.internal.impl.XMLDocumentFragmentScannerImpl$Dispatcher, trace=305510)
	loader		90000001
CLS 50000cb2 (name=com.sun.org.apache.xerces.internal.impl.XMLDocumentFragmentScannerImpl$FragmentContentDispatcher, trace=305510)
	super		50000012
	loader		90000001
CLS 50000cb3 (name=com.sun.org.apache.xerces.internal.impl.XMLDocumentScannerImpl$ContentDispatcher, trace=305510)
	super		50000cb2
	loader		90000001
CLS 50000cb4 (name=com.sun.org.apache.xerces.internal.impl.XMLNSDocumentScannerImpl$NSContentDispatcher, trace=305510)
	super		50000cb3
	loader		90000001
CLS 50000cb8 (name=com.sun.org.apache.xerces.internal.xni.XMLAttributes, trace=305520)
	loader		90000001
CLS 50000cbb (name=com.sun.org.apache.xerces.internal.util.XMLAttributesImpl, trace=305520)
	super		50000012
	loader		90000001
CLS 50000cbd (name=com.sun.org.apache.xerces.internal.util.XMLAttributesImpl$Attribute, trace=305522)
	super		50000012
	loader		90000001
CLS 50000cbe (name=com.sun.org.apache.xerces.internal.util.XMLAttributesImpl$Attribute[], trace=305523)
	super		50000012
	loader		90000001
CLS 50000cc9 (name=sun.misc.URLClassPath$FileLoader$1, trace=303158)
	super		5000055f
	loader		90000001
CLS 50000ce8 (name=com.sun.org.apache.xerces.internal.impl.XMLEntityManager$Entity, trace=305550)
	super		50000012
	loader		90000001
CLS 50000ce9 (name=com.sun.org.apache.xerces.internal.impl.XMLEntityManager$ExternalEntity, trace=305550)
	super		50000ce8
	loader		90000001
CLS 50000ceb (name=com.sun.org.apache.xerces.internal.xni.NamespaceContext, trace=305559)
	loader		90000001
	static XML_URI	500024b7
	static XMLNS_URI	500024b6
CLS 50000cec (name=com.sun.org.apache.xerces.internal.util.NamespaceSupport, trace=305559)
	super		50000012
	loader		90000001
CLS 50000cf1 (name=com.sun.org.apache.xerces.internal.impl.XMLDocumentScannerImpl$XMLDeclDispatcher, trace=305565)
	super		50000012
	loader		90000001
CLS 50000cf3 (name=com.sun.org.apache.xerces.internal.impl.XMLDocumentScannerImpl$PrologDispatcher, trace=305568)
	super		50000012
	loader		90000001
CLS 50000cf9 (name=com.sun.org.apache.xerces.internal.impl.XMLDocumentScannerImpl$DTDDispatcher, trace=305571)
	super		50000012
	loader		90000001
CLS 50000cfb (name=com.sun.org.apache.xerces.internal.impl.XMLDocumentScannerImpl$TrailingMiscDispatcher, trace=305574)
	super		50000012
	loader		90000001
CLS 50000d07 (name=com.sun.org.apache.xerces.internal.xni.parser.XMLDTDSource, trace=305624)
	loader		90000001
CLS 50000d08 (name=com.sun.org.apache.xerces.internal.xni.parser.XMLDTDContentModelSource, trace=305624)
	loader		90000001
CLS 50000d09 (name=com.sun.org.apache.xerces.internal.xni.parser.XMLDTDScanner, trace=305624)
	loader		90000001
CLS 50000d0a (name=com.sun.org.apache.xerces.internal.impl.XMLDTDScannerImpl, trace=305624)
	super		50000c72
	loader		90000001
	static RECOGNIZED_FEATURES	50000d0b
	static FEATURE_DEFAULTS	50000d12
	static RECOGNIZED_PROPERTIES	50000d13
	static PROPERTY_DEFAULTS	50000d14
CLS 50000d5d (name=com.sun.org.apache.xerces.internal.xni.parser.XMLDTDFilter, trace=305676)
	loader		90000001
CLS 50000d5e (name=com.sun.org.apache.xerces.internal.xni.parser.XMLDTDContentModelFilter, trace=305676)
	loader		90000001
CLS 50000d5f (name=com.sun.org.apache.xerces.internal.impl.dtd.XMLDTDProcessor, trace=305676)
	super		50000012
	loader		90000001
	static VALIDATION	500024c4
	static NOTIFY_CHAR_REFS	50002621
	static WARN_ON_DUPLICATE_ATTDEF	500024bd
	static PARSER_SETTINGS	500024bb
	static SYMBOL_TABLE	500024c1
	static ERROR_REPORTER	500024bf
	static GRAMMAR_POOL	500024c0
	static DTD_VALIDATOR	50002775
	static RECOGNIZED_FEATURES	50000d60
	static FEATURE_DEFAULTS	50000d61
	static RECOGNIZED_PROPERTIES	50000d62
	static PROPERTY_DEFAULTS	50000d63
CLS 50000d65 (name=com.sun.org.apache.xerces.internal.impl.dtd.XMLEntityDecl, trace=305683)
	super		50000012
	loader		90000001
CLS 50000d6f (name=com.sun.org.apache.xerces.internal.xni.parser.XMLDocumentFilter, trace=305705)
	loader		90000001
CLS 50000d70 (name=com.sun.org.apache.xerces.internal.impl.dtd.XMLDTDValidatorFilter, trace=305705)
	loader		90000001
CLS 50000d71 (name=com.sun.org.apache.xerces.internal.impl.dtd.XMLDTDValidator, trace=305705)
	super		50000012
	loader		90000001
	static NAMESPACES	500024c3
	static VALIDATION	500024c4
	static DYNAMIC_VALIDATION	500024bc
	static WARN_ON_DUPLICATE_ATTDEF	500024bd
	static PARSER_SETTINGS	500024bb
	static SYMBOL_TABLE	500024c1
	static ERROR_REPORTER	500024bf
	static GRAMMAR_POOL	500024c0
	static DATATYPE_VALIDATOR_FACTORY	500024be
	static VALIDATION_MANAGER	500024c2
	static RECOGNIZED_FEATURES	50000d73
	static FEATURE_DEFAULTS	50000d74
	static RECOGNIZED_PROPERTIES	50000d75
	static PROPERTY_DEFAULTS	50000d76
CLS 50000d72 (name=com.sun.org.apache.xerces.internal.impl.dtd.XMLNSDTDValidator, trace=305705)
	super		50000d71
	loader		90000001
CLS 50000d78 (name=com.sun.org.apache.xerces.internal.impl.dv.ValidationContext, trace=305712)
	loader		90000001
CLS 50000d79 (name=com.sun.org.apache.xerces.internal.impl.validation.ValidationState, trace=305712)
	super		50000012
	loader		90000001
	static fNullValue	50000d7a
CLS 50000d87 (name=com.sun.org.apache.xerces.internal.impl.dtd.XMLElementDecl, trace=305734)
	super		50000012
	loader		90000001
CLS 50000d8a (name=com.sun.org.apache.xerces.internal.impl.dtd.XMLSimpleType, trace=305739)
	super		50000012
	loader		90000001
CLS 50000d8c (name=com.sun.org.apache.xerces.internal.impl.dtd.XMLAttributeDecl, trace=305743)
	super		50000012
	loader		90000001
CLS 50000d9c (name=com.sun.org.apache.xerces.internal.impl.dtd.DTDGrammarBucket, trace=305759)
	super		50000012
	loader		90000001
CLS 50000da3 (name=com.sun.org.apache.xerces.internal.impl.dv.DTDDVFactory, trace=305780)
	super		50000012
	loader		90000001
	static DEFAULT_FACTORY_CLASS	50002734
CLS 50000da4 (name=com.sun.org.apache.xerces.internal.impl.dv.ObjectFactory, trace=305781)
	super		50000012
	loader		90000001
	static DEFAULT_PROPERTIES_FILENAME	5000280d
CLS 50000da5 (name=com.sun.org.apache.xerces.internal.impl.dv.SecuritySupport, trace=305783)
	super		50000012
	loader		90000001
	static securitySupport	50000da7
CLS 50000da6 (name=com.sun.org.apache.xerces.internal.impl.dv.SecuritySupport12, trace=305786)
	super		50000da5
	loader		90000001
CLS 50000da8 (name=com.sun.org.apache.xerces.internal.impl.dv.SecuritySupport12$1, trace=305792)
	super		50000012
	loader		90000001
CLS 50000daa (name=com.sun.org.apache.xerces.internal.impl.dv.SecuritySupport12$2, trace=305799)
	super		50000012
	loader		90000001
CLS 50000dac (name=com.sun.org.apache.xerces.internal.impl.dv.SecuritySupport12$3, trace=305808)
	super		50000012
	loader		90000001
CLS 50000daf (name=com.sun.org.apache.xerces.internal.impl.dv.dtd.DTDDVFactoryImpl, trace=302888)
	super		50000da3
	loader		90000001
	static fBuiltInTypes	50000db6
CLS 50000db8 (name=com.sun.org.apache.xerces.internal.impl.dv.DatatypeValidator, trace=305837)
	loader		90000001
CLS 50000db9 (name=com.sun.org.apache.xerces.internal.impl.dv.dtd.StringDatatypeValidator, trace=305837)
	super		50000012
	loader		90000001
CLS 50000dbc (name=com.sun.org.apache.xerces.internal.impl.dv.dtd.IDDatatypeValidator, trace=305844)
	super		50000012
	loader		90000001
CLS 50000dbf (name=com.sun.org.apache.xerces.internal.impl.dv.dtd.IDREFDatatypeValidator, trace=305848)
	super		50000012
	loader		90000001
CLS 50000dc2 (name=com.sun.org.apache.xerces.internal.impl.dv.dtd.ListDatatypeValidator, trace=305852)
	super		50000012
	loader		90000001
CLS 50000dc5 (name=com.sun.org.apache.xerces.internal.impl.dv.dtd.ENTITYDatatypeValidator, trace=305856)
	super		50000012
	loader		90000001
CLS 50000dcb (name=com.sun.org.apache.xerces.internal.impl.dv.dtd.NOTATIONDatatypeValidator, trace=305863)
	super		50000012
	loader		90000001
CLS 50000dce (name=com.sun.org.apache.xerces.internal.impl.dv.dtd.NMTOKENDatatypeValidator, trace=305867)
	super		50000012
	loader		90000001
CLS 50000dd6 (name=com.sun.org.apache.xerces.internal.impl.validation.ValidationManager, trace=305887)
	super		50000012
	loader		90000001
CLS 50000dd9 (name=junit.framework.Assert, trace=302874)
	super		50000012
	loader		90000002
CLS 50000dda (name=junit.framework.TestCase, trace=302874)
	super		50000dd9
	loader		90000002
CLS 50000ddc (name=gov.nci.nih.cagrid.performance.HprofReportTest, trace=302874)
	super		50000dda
	loader		90000002
CLS 50000ddf (name=com.sun.org.apache.xerces.internal.impl.XMLVersionDetector, trace=305895)
	super		50000012
	loader		90000001
	static XML11_VERSION	50000de0
	static SYMBOL_TABLE	500024c1
	static ERROR_REPORTER	500024bf
	static ENTITY_MANAGER	50002622
	static fVersionSymbol	5000262b
	static fXMLSymbol	5000283a
CLS 50000de4 (name=com.sun.org.apache.xerces.internal.util.MessageFormatter, trace=305906)
	loader		90000001
CLS 50000de5 (name=com.sun.org.apache.xerces.internal.impl.msg.XMLMessageFormatter, trace=305906)
	super		50000012
	loader		90000001
	static XML_DOMAIN	5000277a
	static XMLNS_DOMAIN	5000277b
CLS 50000dea (name=com.sun.org.apache.xerces.internal.xinclude.XIncludeHandler, trace=305925)
	super		50000012
	loader		90000001
	static XPOINTER_DEFAULT_CONFIGURATION	500027cc
	static XPOINTER_SCHEMA	500027ce
	static XINCLUDE_AWARE	500027c7
	static XINCLUDE_DEFAULT_CONFIGURATION	500027cb
	static HTTP_ACCEPT	500027d1
	static HTTP_ACCEPT_LANGUAGE	500027d3
	static HTTP_ACCEPT_CHARSET	500027d2
	static XPOINTER	500027d0
	static XINCLUDE_NS_URI	500027da
	static XINCLUDE_INCLUDE	500027db
	static XINCLUDE_FALLBACK	500027d8
	static XINCLUDE_PARSE_XML	50002640
	static XINCLUDE_PARSE_TEXT	500027dd
	static XINCLUDE_ATTR_HREF	500027d9
	static XINCLUDE_ATTR_PARSE	500027dc
	static XINCLUDE_ATTR_ENCODING	50002625
	static XINCLUDE_ATTR_ACCEPT	500027d5
	static XINCLUDE_ATTR_ACCEPT_LANGUAGE	500027d7
	static XINCLUDE_ATTR_ACCEPT_CHARSET	500027d6
	static XINCLUDE_INCLUDED	500027d4
	static CURRENT_BASE_URI	500027cd
	static XINCLUDE_BASE	500024e0
	static XML_BASE_QNAME	50000df0
	static NEW_NS_ATTR_QNAME	50000df5
	static ALLOW_UE_AND_NOTATION_EVENTS	500027cf
	static ERROR_REPORTER	500024bf
	static ENTITY_RESOLVER	50002666
	static SECURITY_MANAGER	500027c8
	static RECOGNIZED_FEATURES	50000df6
	static FEATURE_DEFAULTS	50000df7
	static RECOGNIZED_PROPERTIES	50000df8
	static PROPERTY_DEFAULTS	50000df9
CLS 50000deb (name=com.sun.org.apache.xerces.internal.util.XMLSymbols, trace=305926)
	super		50000012
	loader		90000001
	static EMPTY_STRING	5000171d
	static PREFIX_XML	50002640
	static PREFIX_XMLNS	50002641
	static fANYSymbol	50002636
	static fCDATASymbol	50002637
	static fIDSymbol	5000200b
	static fIDREFSymbol	5000263b
	static fIDREFSSymbol	5000263c
	static fENTITYSymbol	50002639
	static fENTITIESSymbol	50002638
	static fNMTOKENSymbol	5000263d
	static fNMTOKENSSymbol	5000263e
	static fNOTATIONSymbol	5000263f
	static fENUMERATIONSymbol	5000263a
	static fIMPLIEDSymbol	50002634
	static fREQUIREDSymbol	50002635
	static fFIXEDSymbol	50002633
CLS 50000e02 (name=com.sun.org.apache.xerces.internal.util.IntStack, trace=305962)
	super		50000012
	loader		90000001
CLS 50000e0e (name=com.sun.org.apache.xerces.internal.xinclude.MultipleScopeNamespaceSupport, trace=306044)
	super		50000cec
	loader		90000001
CLS 50000e0f (name=com.sun.org.apache.xerces.internal.xinclude.XIncludeNamespaceSupport, trace=306044)
	super		50000e0e
	loader		90000001
CLS 50000e2a (name=org.w3c.dom.traversal.DocumentTraversal, trace=306231)
	loader		90000001
CLS 50000e2b (name=org.w3c.dom.events.DocumentEvent, trace=306231)
	loader		90000001
CLS 50000e2c (name=junit.framework.ComparisonFailure, trace=302874)
	super		50000bc6
	loader		90000002
CLS 50000e2d (name=java.lang.reflect.InvocationTargetException, trace=302888)
	super		50000094
	loader		90000001
CLS 50000e2e (name=org.w3c.dom.ranges.DocumentRange, trace=306231)
	loader		90000001
CLS 50000e30 (name=org.w3c.dom.Document, trace=306231)
	loader		90000001
CLS 50000e31 (name=org.w3c.dom.NodeList, trace=306231)
	loader		90000001
CLS 50000e32 (name=org.w3c.dom.events.EventTarget, trace=306231)
	loader		90000001
CLS 50000e33 (name=com.sun.org.apache.xerces.internal.dom.NodeImpl, trace=306231)
	super		50000012
	loader		90000001
CLS 50000e34 (name=com.sun.org.apache.xerces.internal.dom.ChildNode, trace=306231)
	super		50000e33
	loader		90000001
CLS 50000e35 (name=com.sun.org.apache.xerces.internal.dom.ParentNode, trace=306231)
	super		50000e34
	loader		90000001
CLS 50000e36 (name=com.sun.org.apache.xerces.internal.dom.CoreDocumentImpl, trace=306231)
	super		50000e35
	loader		90000001
	static kidOK	50000e38
CLS 50000e37 (name=com.sun.org.apache.xerces.internal.dom.DocumentImpl, trace=306231)
	super		50000e36
	loader		90000001
CLS 50000e3a (name=com.sun.org.apache.xerces.internal.util.XMLChar, trace=306242)
	super		50000012
	loader		90000001
	static CHARS	50000e3b
CLS 50000e3c (name=java.util.Arrays, trace=306244)
	super		50000012
	loader		90000001
CLS 50000e3d (name=org.w3c.dom.Element, trace=306254)
	loader		90000001
CLS 50000e3e (name=com.sun.org.apache.xerces.internal.dom.ElementImpl, trace=306254)
	super		50000e35
	loader		90000001
CLS 50000e40 (name=org.w3c.dom.Attr, trace=306282)
	loader		90000001
CLS 50000e41 (name=com.sun.org.apache.xerces.internal.dom.AttrImpl, trace=306282)
	super		50000e33
	loader		90000001
	static DTD_URI	500027b9
CLS 50000e43 (name=org.w3c.dom.NamedNodeMap, trace=306290)
	loader		90000001
CLS 50000e44 (name=com.sun.org.apache.xerces.internal.dom.NamedNodeMapImpl, trace=306290)
	super		50000012
	loader		90000001
CLS 50000e45 (name=com.sun.org.apache.xerces.internal.dom.AttributeMap, trace=306290)
	super		50000e44
	loader		90000001
CLS 50000e7f (name=junit.framework.TestResult, trace=302874)
	super		50000012
	loader		90000002
CLS 50000e82 (name=java.lang.InterruptedException, trace=303274)
	super		50000094
	loader		90000001
CLS 50000edf (name=junit.framework.TestSuite, trace=302874)
	super		50000012
	loader		90000002
	static class$0	5000025c
	static class$1	5000008d
CLS 50000ef6 (name=java.lang.reflect.Method[], trace=303404)
	super		50000012
	loader		90000001
CLS 50000f59 (name=junit.framework.TestSuite$1, trace=302874)
	super		50000dda
	loader		90000002
CLS 5000102b (name=org.apache.tools.ant.taskdefs.optional.junit.JUnitResultFormatter, trace=302874)
	loader		90000002
CLS 5000102d (name=org.apache.tools.ant.taskdefs.optional.junit.SummaryJUnitResultFormatter, trace=302874)
	super		50000012
	loader		90000002
CLS 50001035 (name=java.text.Format, trace=302888)
	super		50000012
	loader		90000001
CLS 50001036 (name=java.text.NumberFormat, trace=302888)
	super		50001035
	loader		90000001
	static cachedLocaleData	50001037
CLS 50001039 (name=sun.text.resources.LocaleData, trace=303506)
	super		50000012
	loader		90000001
	static classPathSegments	5000103a
	static PACKAGE	50002672
	static PREFIX	50002671
CLS 5000103c (name=sun.text.resources.LocaleData$1, trace=303514)
	super		50000012
	loader		90000001
CLS 5000103e (name=java.util.ResourceBundle, trace=303517)
	super		50000012
	loader		90000001
	static cacheKey	50001040
	static underConstruction	50001041
	static NOT_FOUND	50001043
	static cacheList	50001044
	static referenceQueue	50001049
CLS 5000103f (name=java.util.ResourceBundle$ResourceCacheKey, trace=303518)
	super		50000012
	loader		90000001
CLS 50001055 (name=java.util.ResourceBundle$LoaderReference, trace=303591)
	super		500000bc
	loader		90000001
CLS 50001057 (name=sun.misc.SoftCache$ValueCell, trace=303607)
	super		500000ad
	loader		90000001
	static INVALID_KEY	50001058
CLS 5000105c (name=java.util.ListResourceBundle, trace=302888)
	super		5000103e
	loader		90000001
CLS 5000105d (name=sun.text.resources.LocaleElements, trace=302888)
	super		5000105c
	loader		90000001
CLS 5000107f (name=sun.text.resources.LocaleElements_en, trace=302888)
	super		5000105c
	loader		90000001
CLS 50001098 (name=sun.text.resources.LocaleElements_en_US, trace=302888)
	super		5000105c
	loader		90000001
CLS 500010b4 (name=java.lang.String[][], trace=303843)
	super		50000012
	loader		90000001
CLS 500010bd (name=java.text.DecimalFormatSymbols, trace=303877)
	super		50000012
	loader		90000001
	static cachedLocaleData	500010be
CLS 500012b6 (name=java.util.Currency, trace=304379)
	super		50000012
	loader		90000001
	static instances	500012b7
	static mainTable	5000260c
	static scCutOverTimes	500012bc
	static scOldCurrencies	500012bd
	static scNewCurrencies	500012be
	static scOldCurrenciesDFD	500012bf
	static scNewCurrenciesDFD	500012c0
	static otherCurrencies	5000260b
	static otherCurrenciesDFD	500012c1
CLS 500012b9 (name=java.util.Currency$1, trace=304387)
	super		50000012
	loader		90000001
CLS 500012bb (name=java.util.CurrencyData, trace=304391)
	super		50000012
	loader		90000001
	static mainTable	5000260c
	static scCutOverTimes	500012bc
	static scOldCurrencies	500012bd
	static scNewCurrencies	500012be
	static scOldCurrenciesDFD	500012bf
	static scNewCurrenciesDFD	500012c0
	static otherCurrencies	5000260b
	static otherCurrenciesDFD	500012c1
CLS 500012c4 (name=sun.reflect.UnsafeFieldAccessorFactory, trace=304424)
	super		50000012
	loader		90000001
CLS 500012c5 (name=sun.reflect.FieldAccessor, trace=304430)
	loader		90000001
CLS 500012c6 (name=sun.reflect.FieldAccessorImpl, trace=304430)
	super		50000092
	loader		90000001
CLS 500012c7 (name=sun.reflect.UnsafeFieldAccessorImpl, trace=304430)
	super		500012c6
	loader		90000001
	static unsafe	50001873
CLS 500012c8 (name=sun.reflect.UnsafeStaticFieldAccessorImpl, trace=304435)
	super		500012c7
	loader		90000001
CLS 500012c9 (name=sun.reflect.UnsafeQualifiedStaticFieldAccessorImpl, trace=304435)
	super		500012c8
	loader		90000001
CLS 500012ca (name=sun.reflect.UnsafeQualifiedStaticObjectFieldAccessorImpl, trace=304435)
	super		500012c9
	loader		90000001
CLS 500012ef (name=java.text.DecimalFormat, trace=304522)
	super		50001036
	loader		90000001
	static EmptyFieldPositionArray	500012f2
	static cachedLocaleData	500012f3
CLS 500012f0 (name=java.text.FieldPosition, trace=304525)
	super		50000012
	loader		90000001
CLS 500012f1 (name=java.text.FieldPosition[], trace=304526)
	super		50000012
	loader		90000001
CLS 500012f6 (name=java.text.DigitList, trace=304537)
	super		50000012
	loader		90000001
	static LONG_MIN_REP	500012f7
CLS 500013e4 (name=org.apache.tools.ant.taskdefs.optional.junit.XMLConstants, trace=302874)
	loader		90000002
	static TESTSUITES	50001c67
	static TESTSUITE	50001c57
	static TESTCASE	50001c62
	static ERROR	50001c68
	static FAILURE	50001c64
	static SYSTEM_ERR	50001c56
	static SYSTEM_OUT	50001c55
	static ATTR_PACKAGE	50001c69
	static ATTR_NAME	50001c58
	static ATTR_TIME	50001c5f
	static ATTR_ERRORS	50001c5e
	static ATTR_FAILURES	50001c5d
	static ATTR_TESTS	50001c5c
	static ATTR_TYPE	50001c66
	static ATTR_MESSAGE	50001c65
	static PROPERTIES	50001c59
	static PROPERTY	50001c5a
	static ATTR_VALUE	50001c5b
	static ATTR_CLASSNAME	50001c63
CLS 500013e5 (name=org.apache.tools.ant.taskdefs.optional.junit.XMLJUnitResultFormatter, trace=302874)
	super		50000012
	loader		90000002
CLS 500013e6 (name=org.w3c.dom.Node, trace=302888)
	loader		90000001
CLS 500013e7 (name=java.lang.ExceptionInInitializerError, trace=302888)
	super		50000075
	loader		90000001
CLS 500014e2 (name=java.util.Vector$1, trace=306525)
	super		50000012
	loader		90000001
CLS 5000153a (name=junit.framework.TestResult$1, trace=302874)
	super		50000012
	loader		90000002
CLS 5000158c (name=junit.framework.TestFailure, trace=302874)
	super		50000012
	loader		90000002
CLS 50001597 (name=java.lang.Shutdown, trace=307923)
	super		50000012
	loader		90000001
	static lock	50001599
	static haltLock	5000159a
CLS 50001598 (name=java.lang.Shutdown$Lock, trace=307924)
	super		50000012
	loader		90000001
CLS 500015f9 (name=org.apache.tools.ant.taskdefs.optional.junit.JUnitVersionHelper, trace=302874)
	super		50000012
	loader		90000002
	static testCaseName	500015fb
	static class$junit$framework$TestCase	50000dda
CLS 500015fd (name=sun.reflect.NativeMethodAccessorImpl, trace=306659)
	super		50000087
	loader		90000001
CLS 500015ff (name=sun.reflect.DelegatingMethodAccessorImpl, trace=306664)
	super		50000087
	loader		90000001
CLS 5000167d (name=org.apache.tools.ant.util.StringUtils, trace=302874)
	super		50000012
	loader		90000002
	static LINE_SEP	50001652
CLS 50001779 (name=org.w3c.dom.CharacterData, trace=307021)
	loader		90000001
CLS 5000177a (name=org.w3c.dom.Text, trace=307021)
	loader		90000001
CLS 5000177b (name=com.sun.org.apache.xerces.internal.dom.CharacterDataImpl, trace=307021)
	super		50000e34
	loader		90000001
	static singletonNodeList	5000177e
CLS 5000177c (name=com.sun.org.apache.xerces.internal.dom.TextImpl, trace=307021)
	super		5000177b
	loader		90000001
CLS 5000177d (name=com.sun.org.apache.xerces.internal.dom.CharacterDataImpl$1, trace=307022)
	super		50000012
	loader		90000001
CLS 5000178b (name=java.text.DontCareFieldPosition, trace=307076)
	super		500012f0
	loader		90000001
	static INSTANCE	5000178c
CLS 5000178d (name=java.text.Format$FieldDelegate, trace=307079)
	loader		90000001
CLS 5000178e (name=java.text.DontCareFieldPosition$1, trace=307079)
	super		50000012
	loader		90000001
CLS 50001795 (name=java.text.AttributedCharacterIterator$Attribute, trace=307119)
	super		50000012
	loader		90000001
	static instanceMap	50001798
	static LANGUAGE	5000179a
	static READING	5000179c
	static INPUT_METHOD_SEGMENT	5000179e
CLS 50001796 (name=java.text.Format$Field, trace=307119)
	super		50001795
	loader		90000001
CLS 50001797 (name=java.text.NumberFormat$Field, trace=307119)
	super		50001796
	loader		90000001
	static instanceMap	500017a0
	static INTEGER	500017a2
	static FRACTION	500017a4
	static EXPONENT	500017a6
	static DECIMAL_SEPARATOR	500017a8
	static SIGN	500017aa
	static GROUPING_SEPARATOR	500017ac
	static EXPONENT_SYMBOL	500017ae
	static PERCENT	500017b0
	static PERMILLE	500017b2
	static CURRENCY	500017b4
	static EXPONENT_SIGN	500017b6
CLS 500018cc (name=org.w3c.dom.CDATASection, trace=307351)
	loader		90000001
CLS 500018cd (name=com.sun.org.apache.xerces.internal.dom.CDATASectionImpl, trace=307351)
	super		5000177c
	loader		90000001
CLS 500018e1 (name=java.lang.StringCoding$StringEncoder, trace=307439)
	super		50000012
	loader		90000001
CLS 500018e2 (name=java.lang.StringCoding$CharsetSE, trace=307439)
	super		500018e1
	loader		90000001
CLS 50001907 (name=sun.nio.cs.UTF_8$Encoder, trace=307579)
	super		50000003
	loader		90000001
CLS 5000197f (name=org.apache.tools.ant.util.DOMElementWriter, trace=302874)
	super		50000012
	loader		90000002
	static lSep	50001652
CLS 50001980 (name=java.lang.IllegalArgumentException, trace=302888)
	super		500000dd
	loader		90000001
CLS 50001981 (name=java.lang.NumberFormatException, trace=302888)
	super		50001980
	loader		90000001
CLS 5000199a (name=com.sun.org.apache.xerces.internal.dom.NodeListCache, trace=307688)
	super		50000012
	loader		90000001
HEAP DUMP END
CPU TIME (ms) BEGIN (total = 29839) Tue May 30 16:55:39 2006
rank   self  accum   count trace method
   1  4.83%  4.83%       1 307920 org.apache.tools.ant.taskdefs.optional.junit.JUnitTestRunner.launch
   2  3.99%  8.82%       1 307918 org.apache.tools.ant.taskdefs.optional.junit.JUnitTestRunner.run
   3  3.56% 12.38%       3 302943 java.lang.Object.wait
   4  3.06% 15.44%      95 300051 java.lang.ClassLoader.loadClass
   5  2.99% 18.43%      90 300052 java.lang.ClassLoader.loadClass
   6  2.86% 21.28%      60 300662 java.net.URLClassLoader.findClass
   7  2.86% 24.14%      60 300660 java.net.URLClassLoader$1.run
   8  2.08% 26.22%       1 307917 org.apache.tools.ant.taskdefs.optional.junit.JUnitTestRunner.fireEndTestSuite
   9  2.01% 28.23%       1 307840 org.apache.tools.ant.taskdefs.optional.junit.XMLJUnitResultFormatter.endTestSuite
  10  1.88% 30.10%       1 307824 org.apache.tools.ant.util.DOMElementWriter.write
  11  1.88% 31.98%       4 307790 org.apache.tools.ant.util.DOMElementWriter.write
  12  1.84% 33.82%     137 307786 org.apache.tools.ant.util.DOMElementWriter.write
  13  1.75% 35.57%      27 300055 java.lang.ClassLoader.loadClassInternal
  14  1.75% 37.32%      27 300054 java.lang.ClassLoader.loadClass
  15  1.75% 39.06%      27 300053 sun.misc.Launcher$AppClassLoader.loadClass
  16  1.51% 40.57%       1 306409 org.apache.tools.ant.taskdefs.optional.junit.JUnitTestRunner.fireStartTestSuite
  17  1.51% 42.08%       1 306407 org.apache.tools.ant.taskdefs.optional.junit.XMLJUnitResultFormatter.startTestSuite
  18  1.41% 43.49%      60 300650 sun.misc.URLClassPath.getResource
  19  1.41% 44.90%      30 302881 java.net.URLClassLoader.access$100
  20  1.41% 46.31%      30 302880 java.net.URLClassLoader.defineClass
  21  1.31% 47.62%       3 302955 java.lang.ref.ReferenceQueue.remove
  22  1.31% 48.93%       3 302954 java.lang.ref.ReferenceQueue.remove
  23  1.01% 49.93%     275 307741 org.apache.tools.ant.util.DOMElementWriter.encode
  24  0.74% 50.68%     522 300525 sun.misc.URLClassPath.getLoader
  25  0.74% 51.41%      30 302879 java.security.SecureClassLoader.defineClass
  26  0.67% 52.08%     273 306333 com.sun.org.apache.xerces.internal.dom.ElementImpl.setAttribute
  27  0.61% 52.69%      27 300492 sun.misc.URLClassPath$3.run
  28  0.57% 53.26%      25 300491 sun.misc.URLClassPath$JarLoader.<init>
  29  0.57% 53.83%       1 306223 org.apache.tools.ant.taskdefs.optional.junit.XMLJUnitResultFormatter.getDocumentBuilder
  30  0.54% 54.37%      20 300493 sun.misc.URLClassPath.getLoader
  31  0.54% 54.91%      25 300481 sun.misc.URLClassPath$JarLoader.getJarFile
  32  0.51% 55.42%       3 304628 org.apache.tools.ant.taskdefs.optional.junit.FormatterElement.createFormatter
  33  0.51% 55.92%       1 304707 org.apache.tools.ant.taskdefs.optional.junit.JUnitTestRunner.transferFormatters
  34  0.51% 56.43%       3 304627 org.apache.tools.ant.taskdefs.optional.junit.FormatterElement.createFormatter
  35  0.47% 56.90%      48 300807 sun.misc.URLClassPath$FileLoader.getResource
  36  0.44% 57.34%      30 302878 java.lang.ClassLoader.defineClass
  37  0.41% 57.74%      10 303241 sun.misc.Launcher$AppClassLoader.loadClass
  38  0.41% 58.15%      25 300368 sun.misc.FileURLMapper.exists
  39  0.40% 58.55%      29 302516 java.util.jar.JarFile.getInputStream
  40  0.40% 58.95%    2604 307721 java.io.Writer.write
  41  0.40% 59.36%      29 302517 sun.misc.URLClassPath$JarLoader$1.getInputStream
  42  0.40% 59.76%      30 302518 sun.misc.Resource.cachedInputStream
  43  0.40% 60.16%      30 302520 sun.misc.Resource.getByteBuffer
  44  0.37% 60.53%       3 302509 java.util.jar.JarFile.initializeVerifier
  45  0.34% 60.87%       1 307279 junit.framework.TestCase.run
  46  0.34% 61.21%       1 307278 junit.framework.TestResult.run
  47  0.34% 61.54%       1 307281 junit.framework.TestSuite.run
  48  0.34% 61.88%       1 307280 junit.framework.TestSuite.runTest
  49  0.34% 62.22%       1 306222 com.sun.org.apache.xerces.internal.jaxp.DocumentBuilderFactoryImpl.newDocumentBuilder
  50  0.34% 62.55%       1 306221 com.sun.org.apache.xerces.internal.jaxp.DocumentBuilderImpl.<init>
  51  0.30% 62.86%       1 307231 junit.framework.TestResult.runProtected
  52  0.30% 63.16%       1 307230 junit.framework.TestResult.addFailure
  53  0.30% 63.46%      10 302859 java.lang.ClassLoader.loadClass
  54  0.30% 63.77%      10 302860 java.lang.ClassLoader.loadClassInternal
  55  0.30% 64.07%       4 302807 sun.misc.Launcher$AppClassLoader.getPermissions
  56  0.30% 64.37%       1 303472 org.apache.tools.ant.taskdefs.optional.junit.JUnitTestRunner.<init>
  57  0.30% 64.67%      10 302858 sun.misc.Launcher$AppClassLoader.loadClass
  58  0.30% 64.97%    2661 307698 java.io.BufferedWriter.write
  59  0.30% 65.27%       1 302429 sun.security.util.ManifestEntryVerifier.<clinit>
  60  0.30% 65.58%     273 306332 com.sun.org.apache.xerces.internal.dom.AttributeMap.setNamedItem
  61  0.30% 65.88%      30 302826 java.security.SecureClassLoader.getProtectionDomain
  62  0.30% 66.18%    9323 307739 java.lang.StringBuffer.append
  63  0.30% 66.48%       1 303471 org.apache.tools.ant.taskdefs.optional.junit.JUnitTestRunner.<init>
  64  0.27% 66.75%       3 303478 java.lang.Class.forName
  65  0.27% 67.02%      25 300365 java.io.File.<init>
  66  0.27% 67.29%      25 300360 java.io.Win32FileSystem.normalize
  67  0.27% 67.56%       1 306106 com.sun.org.apache.xerces.internal.parsers.XIncludeParserConfiguration.<init>
  68  0.27% 67.83%       1 306105 com.sun.org.apache.xerces.internal.parsers.XIncludeParserConfiguration.<init>
  69  0.27% 68.10%      96 300758 java.net.URL.<init>
  70  0.27% 68.37%      96 300757 java.net.URL.<init>
  71  0.27% 68.64%       1 306107 com.sun.org.apache.xerces.internal.parsers.JAXPConfiguration.<init>
  72  0.24% 68.87%      25 300359 java.io.Win32FileSystem.normalize
  73  0.23% 69.11%     137 307785 java.io.BufferedWriter.flush
  74  0.23% 69.34%       3 304624 java.lang.Class.newInstance0
  75  0.23% 69.58%       3 304625 java.lang.Class.newInstance
  76  0.23% 69.81%     104 300756 sun.net.www.protocol.file.Handler.parseURL
  77  0.23% 70.05%      10 301159 sun.reflect.NativeConstructorAccessorImpl.newInstance
  78  0.23% 70.28%      10 301160 sun.reflect.DelegatingConstructorAccessorImpl.newInstance
  79  0.23% 70.52%       1 305178 javax.xml.parsers.FactoryFinder.findJarServiceProvider
  80  0.23% 70.75%       2 305162 javax.xml.parsers.SecuritySupport.getResourceAsStream
  81  0.23% 70.98%       1 305264 javax.xml.parsers.FactoryFinder.find
  82  0.23% 71.22%       4 302759 java.net.URLClassLoader.getPermissions
  83  0.23% 71.45%       3 304623 java.lang.reflect.Constructor.newInstance
  84  0.23% 71.69%     104 300755 java.net.URLStreamHandler.parseURL
  85  0.23% 71.92%       1 305918 com.sun.org.apache.xerces.internal.parsers.XML11Configuration.<init>
  86  0.23% 72.16%    9323 307738 org.apache.tools.ant.util.DOMElementWriter.isLegalCharacter
  87  0.23% 72.39%       2 305161 javax.xml.parsers.SecuritySupport$4.run
  88  0.23% 72.63%       1 305265 javax.xml.parsers.DocumentBuilderFactory.newInstance
  89  0.20% 72.83%       7 303476 java.lang.ClassLoader.loadClass
  90  0.20% 73.04%       7 303477 java.lang.ClassLoader.loadClassInternal
  91  0.20% 73.24%       1 304621 java.text.NumberFormat.getInstance
  92  0.20% 73.44%      12 303006 java.lang.ClassLoader.loadClassInternal
  93  0.20% 73.64%      12 303005 java.lang.ClassLoader.loadClass
  94  0.20% 73.84%      12 303004 sun.misc.Launcher$AppClassLoader.loadClass
  95  0.20% 74.04%       3 303243 java.lang.ClassLoader.loadClassInternal
  96  0.20% 74.24%       1 303248 java.lang.Class.forName
  97  0.20% 74.44%       3 301310 java.util.jar.Manifest.<init>
  98  0.20% 74.64%      29 301344 java.util.jar.JarFile.getManifest
  99  0.20% 74.85%       1 305159 java.lang.ClassLoader.getResource
 100  0.20% 75.05%      29 301345 sun.misc.URLClassPath$JarLoader$1.getManifest
 101  0.20% 75.25%     444 300529 sun.misc.URLClassPath$JarLoader.getResource
 102  0.20% 75.45%       1 305160 java.lang.ClassLoader.getResourceAsStream
 103  0.20% 75.65%       1 302427 sun.security.provider.Sun.<init>
 104  0.20% 75.85%       1 304622 org.apache.tools.ant.taskdefs.optional.junit.SummaryJUnitResultFormatter.<init>
 105  0.20% 76.05%       1 305120 java.lang.ClassLoader.getResource
 106  0.20% 76.25%      10 301685 java.util.regex.Pattern.sequence
 107  0.20% 76.45%       9 301688 java.util.regex.Pattern.expr
 108  0.20% 76.65%       1 304620 java.text.NumberFormat.getInstance
 109  0.20% 76.86%       1 305099 java.lang.ClassLoader.getBootstrapResource
 110  0.20% 77.06%       3 303242 java.lang.ClassLoader.loadClass
 111  0.17% 77.23%       1 307039 org.apache.tools.ant.taskdefs.optional.junit.XMLJUnitResultFormatter.formatError
 112  0.17% 77.40%       1 307041 org.apache.tools.ant.taskdefs.optional.junit.XMLJUnitResultFormatter.addFailure
 113  0.17% 77.57%       1 307040 org.apache.tools.ant.taskdefs.optional.junit.XMLJUnitResultFormatter.addFailure
 114  0.17% 77.74%       5 301264 java.util.jar.Attributes.read
 115  0.17% 77.90%     142 307760 sun.nio.cs.UTF_8$Encoder.encodeLoop
 116  0.17% 78.07%       3 301309 java.util.jar.Manifest.read
 117  0.17% 78.24%     142 307768 java.io.OutputStreamWriter.write
 118  0.17% 78.41%     138 306253 com.sun.org.apache.xerces.internal.dom.CoreDocumentImpl.isXMLName
 119  0.17% 78.58%     138 306261 com.sun.org.apache.xerces.internal.dom.CoreDocumentImpl.createElement
 120  0.17% 78.74%     142 307767 sun.nio.cs.StreamEncoder.write
 121  0.17% 78.91%     142 307766 sun.nio.cs.StreamEncoder$CharsetSE.implWrite
 122  0.17% 79.08%     142 307763 java.nio.charset.CharsetEncoder.encode
 123  0.17% 79.25%     141 307769 java.io.BufferedWriter.flushBuffer
 124  0.13% 79.38%      29 300912 java.net.URL.<init>
 125  0.13% 79.51%    2827 300354 java.lang.StringBuffer.append
 126  0.13% 79.65%      25 300337 sun.misc.FileURLMapper.getPath
 127  0.13% 79.78%       2 305098 sun.misc.URLClassPath.getResource
 128  0.13% 79.92%      29 300911 java.net.URL.<init>
 129  0.13% 80.05%      95 300050 java.lang.ClassLoader.findBootstrapClass0
 130  0.13% 80.18%      22 300510 java.util.jar.JarFile.hasClassPathAttribute
 131  0.13% 80.32%       2 305097 sun.misc.URLClassPath.getResource
 132  0.13% 80.45%     137 306325 java.util.Vector.<init>
 133  0.13% 80.59%       5 301984 java.util.regex.Pattern.group0
 134  0.13% 80.72%      10 305083 sun.misc.URLClassPath.getLoader
 135  0.13% 80.85%    9377 307674 java.lang.AbstractStringBuilder.append
 136  0.13% 80.99%      18 300512 sun.misc.URLClassPath$JarLoader.getClassPath
 137  0.13% 81.12%    3168 300351 java.lang.String.charAt
 138  0.13% 81.26%      29 300917 sun.misc.URLClassPath$JarLoader.checkResource
 139  0.13% 81.39%      22 300511 java.util.jar.JavaUtilJarAccessImpl.jarFileHasClassPathAttribute
 140  0.10% 81.49%       1 307020 org.apache.tools.ant.taskdefs.optional.junit.JUnitTestRunner.getFilteredTrace
 141  0.10% 81.59%     273 306309 com.sun.org.apache.xerces.internal.dom.AttrImpl.setValue
 142  0.10% 81.70%     273 306289 com.sun.org.apache.xerces.internal.dom.CoreDocumentImpl.createAttribute
 143  0.10% 81.80%     273 306281 com.sun.org.apache.xerces.internal.dom.CoreDocumentImpl.isXMLName
 144  0.10% 81.90%     282 306280 com.sun.org.apache.xerces.internal.util.XMLChar.isValidName
 145  0.10% 82.00%     273 306310 com.sun.org.apache.xerces.internal.dom.AttrImpl.setNodeValue
 146  0.10% 82.10%      22 300456 java.io.Win32FileSystem.normalize
 147  0.10% 82.20%       4 302665 sun.net.www.protocol.file.Handler.openConnection
 148  0.10% 82.30%     273 306274 com.sun.org.apache.xerces.internal.dom.ElementImpl.getAttributeNode
 149  0.10% 82.40%       4 302666 sun.net.www.protocol.file.Handler.openConnection
 150  0.10% 82.50%     139 306323 java.util.AbstractList.<init>
 151  0.10% 82.60%     312 300735 java.lang.StringBuilder.append
 152  0.10% 82.70%     312 300734 java.lang.AbstractStringBuilder.append
 153  0.10% 82.80%       4 302667 java.net.URL.openConnection
 154  0.10% 82.90%     142 307759 sun.nio.cs.UTF_8$Encoder.encodeArrayLoop
 155  0.10% 83.00%      29 300910 sun.net.www.protocol.jar.Handler.parseURL
 156  0.10% 83.10%      66 302160 java.security.Provider.put
 157  0.10% 83.20%       1 307229 org.apache.tools.ant.taskdefs.optional.junit.PlainJUnitResultFormatter.addFailure
 158  0.10% 83.30%       1 307228 org.apache.tools.ant.taskdefs.optional.junit.PlainJUnitResultFormatter.addFailure
 159  0.10% 83.40%      25 300336 sun.net.www.ParseUtil.decode
 160  0.10% 83.50%       1 302109 java.security.Provider.putId
 161  0.10% 83.61%      22 300457 java.io.Win32FileSystem.normalize
 162  0.10% 83.71%       1 302104 java.lang.String.valueOf
 163  0.10% 83.81%       1 302103 java.lang.Double.toString
 164  0.10% 83.91%       1 302074 sun.misc.FloatingDecimal.<clinit>
 165  0.10% 84.01%       1 302073 java.util.regex.Pattern.compile
 166  0.10% 84.11%       1 307227 org.apache.tools.ant.taskdefs.optional.junit.PlainJUnitResultFormatter.formatError
 167  0.10% 84.21%       1 302072 java.util.regex.Pattern.<init>
 168  0.10% 84.31%       1 302110 java.security.Provider.<init>
 169  0.10% 84.41%      22 300480 java.util.jar.JarFile.<init>
 170  0.10% 84.51%       1 302071 java.util.regex.Pattern.compile
 171  0.10% 84.61%      22 300462 java.io.File.<init>
 172  0.10% 84.71%      35 300172 java.nio.charset.CharsetDecoder.decode
 173  0.07% 84.78%      30 302857 java.lang.ClassLoader.defineClassSourceLocation
 174  0.07% 84.85%      25 301206 sun.nio.cs.UTF_8$Decoder.decodeLoop
 175  0.07% 84.91%      30 302856 java.net.URL.toString
 176  0.07% 84.98%      30 302855 java.net.URL.toExternalForm
 177  0.07% 85.05%       3 307182 java.text.DecimalFormat.subformat
 178  0.07% 85.11%       4 302806 java.security.Permissions.add
 179  0.07% 85.18%      23 301208 java.lang.StringCoding$CharsetSD.decode
 180  0.07% 85.25%      10 300179 java.lang.StringCoding$CharsetSD.decode
 181  0.07% 85.31%      10 300180 java.lang.StringCoding.decode
 182  0.07% 85.38%      10 300181 java.lang.String.<init>
 183  0.07% 85.45%      10 300182 java.lang.String.<init>
 184  0.07% 85.52%      23 301209 java.lang.StringCoding.decode
 185  0.07% 85.58%      23 301210 java.lang.String.<init>
 186  0.07% 85.65%      24 306927 java.lang.StringBuilder.append
 187  0.07% 85.72%       3 307312 sun.nio.cs.StreamEncoder$CharsetSE.implClose
 188  0.07% 85.78%      24 306924 java.lang.String.valueOf
 189  0.07% 85.85%      24 306923 java.lang.StackTraceElement.toString
 190  0.07% 85.92%      48 300804 java.io.File.<init>
 191  0.07% 85.98%      23 301263 java.util.jar.Attributes.putValue
 192  0.07% 86.05%     138 306252 com.sun.org.apache.xerces.internal.util.XMLChar.isValidName
 193  0.07% 86.12%       1 306754 org.apache.tools.ant.taskdefs.optional.junit.XMLJUnitResultFormatter.endTest
 194  0.07% 86.19%       3 303041 org.apache.tools.ant.taskdefs.optional.junit.JUnitTestRunner.createAndStoreFormatter
 195  0.07% 86.25%       1 303104 java.util.Properties.load
 196  0.07% 86.32%       5 302501 java.util.jar.JarVerifier.beginEntry
 197  0.07% 86.39%       5 302475 java.lang.String.toUpperCase
 198  0.07% 86.45%     285 307678 java.lang.String.<init>
 199  0.07% 86.52%     283 307679 java.lang.AbstractStringBuilder.substring
 200  0.07% 86.59%      95 300043 java.lang.ClassLoader.findLoadedClass
 201  0.07% 86.66%      95 300042 java.lang.ClassLoader.checkName
 202  0.07% 86.72%     283 307680 java.lang.StringBuffer.substring
 203  0.07% 86.79%     274 307722 com.sun.org.apache.xerces.internal.dom.ElementImpl.getTagName
 204  0.07% 86.86%       1 301587 java.security.Security.<clinit>
 205  0.07% 86.92%       1 301595 sun.security.provider.Sun$1.run
 206  0.07% 86.99%    9323 307737 java.lang.String.charAt
 207  0.07% 87.06%     278 307740 java.lang.StringBuffer.substring
 208  0.07% 87.12%     208 300732 java.lang.AbstractStringBuilder.expandCapacity
 209  0.07% 87.19%       1 301596 sun.security.provider.Sun.<clinit>
 210  0.07% 87.26%       4 301708 java.util.regex.Pattern.group0
 211  0.07% 87.33%     136 306400 com.sun.org.apache.xerces.internal.dom.NamedNodeMapImpl.getNamedItem
 212  0.07% 87.39%       3 303653 java.lang.ClassLoader.loadClass
 213  0.07% 87.46%       3 303654 sun.misc.Launcher$AppClassLoader.loadClass
 214  0.07% 87.53%      67 301754 java.util.HashMap.addEntry
 215  0.07% 87.59%       3 303655 java.lang.ClassLoader.loadClass
 216  0.07% 87.66%      67 301755 java.util.HashMap.put
 217  0.07% 87.73%       1 302007 java.util.regex.Pattern.expr
 218  0.07% 87.79%       1 302004 java.util.regex.Pattern.sequence
 219  0.07% 87.86%      27 300218 java.net.URLStreamHandler.getHostAddress
 220  0.07% 87.93%       4 301977 java.util.regex.Pattern.family
 221  0.07% 88.00%       7 305078 sun.misc.URLClassPath.getLoader
 222  0.07% 88.06%       3 303684 java.util.ResourceBundle.loadBundle
 223  0.07% 88.13%       2 305073 java.lang.ClassLoader.getBootstrapClassPath
 224  0.07% 88.20%       1 305072 sun.misc.Launcher.getBootstrapClassPath
 225  0.07% 88.26%       1 305022 sun.misc.Launcher$1.run
 226  0.07% 88.33%       1 305021 sun.misc.Launcher.access$300
 227  0.07% 88.40%       1 305020 sun.misc.Launcher.pathToURLs
 228  0.07% 88.46%      27 300227 java.net.URLStreamHandler.hashCode
 229  0.07% 88.53%      27 300228 java.net.URL.hashCode
 230  0.07% 88.60%      27 300229 java.util.HashMap.hash
 231  0.07% 88.67%       7 304977 sun.misc.Launcher.getFileURL
 232  0.07% 88.73%       3 303749 java.util.ResourceBundle.findBundle
 233  0.07% 88.80%       7 304918 java.io.File.getCanonicalFile
 234  0.07% 88.87%       3 303834 java.util.ResourceBundle.getBundleImpl
 235  0.07% 88.93%       3 303835 java.util.ResourceBundle.getBundle
 236  0.07% 89.00%       1 303836 sun.text.resources.LocaleData$1.run
 237  0.07% 89.07%    1342 300649 java.lang.Math.max
 238  0.07% 89.14%       4 301972 java.util.regex.Pattern.retrieveCategoryNode
 239  0.07% 89.20%       1 303837 sun.text.resources.LocaleData.getBundle
 240  0.07% 89.27%       1 303838 sun.text.resources.LocaleData.getLocaleElements
 241  0.07% 89.34%       2 304520 java.text.DecimalFormatSymbols.initialize
 242  0.07% 89.40%       1 304521 java.text.DecimalFormatSymbols.<init>
 243  0.07% 89.47%       1 307222 org.apache.tools.ant.taskdefs.optional.junit.JUnitTestRunner.getFilteredTrace
 244  0.07% 89.54%     142 307783 sun.nio.cs.StreamEncoder.flush
 245  0.07% 89.60%     141 307784 java.io.OutputStreamWriter.flush
 246  0.07% 89.67%       1 307836 java.io.FileOutputStream.close
 247  0.07% 89.74%       1 307837 sun.nio.cs.StreamEncoder.close
 248  0.07% 89.81%       1 307838 java.io.OutputStreamWriter.close
 249  0.07% 89.87%       1 307839 java.io.BufferedWriter.close
 250  0.07% 89.94%       1 301965 java.util.regex.Pattern$categoryNames.<clinit>
 251  0.04% 89.98%      48 300806 java.io.File.exists
 252  0.04% 90.01%       1 307019 org.apache.tools.ant.taskdefs.optional.junit.JUnitTestRunner.filterStack
 253  0.03% 90.05%       1 304469 java.util.Currency.<clinit>
 254  0.03% 90.08%      55 300253 java.lang.AbstractStringBuilder.<init>
 255  0.03% 90.11%      55 300254 java.lang.StringBuffer.<init>
 256  0.03% 90.15%       1 304468 java.util.Currency$1.run
 257  0.03% 90.18%       8 304466 java.lang.reflect.Field.get
 258  0.03% 90.21%       8 304464 java.lang.reflect.Field.getFieldAccessor
 259  0.03% 90.25%       8 304463 java.lang.reflect.Field.acquireFieldAccessor
 260  0.03% 90.28%       8 304460 sun.reflect.ReflectionFactory.newFieldAccessor
 261  0.03% 90.31%       8 304459 sun.reflect.UnsafeFieldAccessorFactory.newFieldAccessor
 262  0.03% 90.35%       1 304375 java.util.ResourceBundle.getStringArray
 263  0.03% 90.38%       1 304374 java.util.ResourceBundle.getObject
 264  0.03% 90.42%       1 304373 java.util.ResourceBundle.getObject
 265  0.03% 90.45%       1 304372 java.util.ResourceBundle.getObject
 266  0.03% 90.48%       1 304371 java.util.ListResourceBundle.handleGetObject
 267  0.03% 90.52%       1 304370 sun.text.resources.LocaleElements.getContents
 268  0.03% 90.55%       1 307916 org.apache.tools.ant.taskdefs.optional.junit.PlainJUnitResultFormatter.endTestSuite
 269  0.03% 90.58%       2 303906 java.util.ListResourceBundle.loadLookup
 270  0.03% 90.62%       1 304690 java.lang.ClassLoader.loadClassInternal
 271  0.03% 90.65%       1 304705 org.apache.tools.ant.taskdefs.optional.junit.PlainJUnitResultFormatter.<init>
 272  0.03% 90.68%       2 304904 java.io.File.<init>
 273  0.03% 90.72%      25 300272 java.lang.StringBuilder.append
 274  0.03% 90.75%      25 300273 java.lang.StringBuilder.append
 275  0.03% 90.78%       7 304910 java.io.Win32FileSystem.canonicalize
 276  0.03% 90.82%       7 304911 java.io.File.getCanonicalPath
 277  0.03% 90.85%       7 304917 java.io.File.<init>
 278  0.03% 90.88%      20 300231 java.util.HashMap.containsKey
 279  0.03% 90.92%       7 305077 java.util.HashMap.containsKey
 280  0.03% 90.95%       4 305117 sun.misc.URLClassPath.findResource
 281  0.03% 90.98%       4 305148 java.io.Win32FileSystem.normalize
 282  0.03% 91.02%       4 305152 java.io.File.<init>
 283  0.03% 91.05%       4 305155 sun.misc.URLClassPath$FileLoader.getResource
 284  0.03% 91.09%       4 305156 sun.misc.URLClassPath$FileLoader.findResource
 285  0.03% 91.12%       1 305173 java.net.URLClassLoader$2.run
 286  0.03% 91.15%       1 305174 java.net.URLClassLoader.findResource
 287  0.03% 91.19%       1 305175 java.lang.ClassLoader.getResource
 288  0.03% 91.22%       1 303470 junit.framework.TestSuite.<init>
 289  0.03% 91.25%       1 303466 junit.framework.TestSuite.warning
 290  0.03% 91.29%       1 303461 java.lang.ClassLoader.loadClassInternal
 291  0.03% 91.32%       1 303460 java.lang.ClassLoader.loadClass
 292  0.03% 91.35%       1 303459 sun.misc.Launcher$AppClassLoader.loadClass
 293  0.03% 91.39%       1 303315 java.lang.ClassLoader.loadClassInternal
 294  0.03% 91.42%       1 303314 java.lang.ClassLoader.loadClass
 295  0.03% 91.45%       1 303313 sun.misc.Launcher$AppClassLoader.loadClass
 296  0.03% 91.49%       1 303312 java.lang.Class.getMethod
 297  0.03% 91.52%       1 303278 java.lang.Class.getMethod0
 298  0.03% 91.55%       1 303277 java.lang.Class.getMethod0
 299  0.03% 91.59%       1 303269 java.lang.Class.privateGetDeclaredMethods
 300  0.03% 91.62%       1 303263 java.lang.ClassLoader.loadClassInternal
 301  0.03% 91.66%       1 303262 java.lang.ClassLoader.loadClass
 302  0.03% 91.69%       1 303261 sun.misc.Launcher$AppClassLoader.loadClass
 303  0.03% 91.72%       1 305176 java.lang.ClassLoader.getSystemResource
 304  0.03% 91.76%       1 305177 java.lang.ClassLoader.getSystemResourceAsStream
 305  0.03% 91.79%      15 305323 java.util.ArrayList.contains
 306  0.03% 91.82%       1 305328 com.sun.org.apache.xerces.internal.util.ParserConfigurationSettings.addRecognizedFeatures
 307  0.03% 91.86%       1 303240 java.io.FilePermission.<init>
 308  0.03% 91.89%       1 303239 java.io.FilePermission.init
 309  0.03% 91.92%       1 303238 java.io.FilePermission$1.run
 310  0.03% 91.96%       1 303150 org.apache.tools.ant.taskdefs.optional.junit.JUnitTest.setProperties
 311  0.03% 91.99%     136 303147 java.util.Hashtable.put
 312  0.03% 92.02%     136 303146 java.util.Hashtable$Entry.<init>
 313  0.03% 92.06%     463 305356 java.lang.String.equals
 314  0.03% 92.09%     135 303099 java.util.Hashtable.put
 315  0.03% 92.12%     135 303098 java.util.Hashtable$Entry.<init>
 316  0.03% 92.16%     270 303093 java.util.Properties.loadConvert
 317  0.03% 92.19%     270 303092 java.lang.String.<init>
 318  0.03% 92.22%       1 305407 com.sun.org.apache.xerces.internal.impl.XMLEntityManager.<init>
 319  0.03% 92.26%       5 303027 java.lang.ClassLoader.checkPackageAccess
 320  0.03% 92.29%       5 303026 java.util.HashSet.add
 321  0.03% 92.33%       5 303025 java.util.HashMap.put
 322  0.03% 92.36%       5 303023 java.lang.ClassLoader.loadClassInternal
 323  0.03% 92.39%       5 303022 java.lang.ClassLoader.loadClass
 324  0.03% 92.43%       5 303021 sun.misc.Launcher$AppClassLoader.loadClass
 325  0.03% 92.46%       1 305408 com.sun.org.apache.xerces.internal.impl.XMLEntityManager.<init>
 326  0.03% 92.49%       2 305542 com.sun.org.apache.xerces.internal.xni.XMLString.<init>
 327  0.03% 92.53%       2 305544 com.sun.org.apache.xerces.internal.util.XMLStringBuffer.<init>
 328  0.03% 92.56%       2 305545 com.sun.org.apache.xerces.internal.util.XMLStringBuffer.<init>
 329  0.03% 92.59%       1 305558 com.sun.org.apache.xerces.internal.impl.XMLDocumentFragmentScannerImpl.<init>
 330  0.03% 92.63%       1 305585 com.sun.org.apache.xerces.internal.impl.XMLDocumentScannerImpl.<init>
 331  0.03% 92.66%      24 302913 java.net.URLClassLoader.isSealed
 332  0.03% 92.69%      24 302895 java.lang.String.replace
 333  0.03% 92.73%      24 302894 java.lang.String.<init>
 334  0.03% 92.76%       1 305586 com.sun.org.apache.xerces.internal.impl.XMLNSDocumentScannerImpl.<init>
 335  0.03% 92.79%      15 305595 java.util.ArrayList.contains
 336  0.03% 92.83%       4 305597 com.sun.org.apache.xerces.internal.util.ParserConfigurationSettings.addRecognizedFeatures
 337  0.03% 92.86%       4 305622 com.sun.org.apache.xerces.internal.parsers.XML11Configuration.addRecognizedParamsAndSetDefaults
 338  0.03% 92.90%       4 305623 com.sun.org.apache.xerces.internal.parsers.XML11Configuration.addComponent
 339  0.03% 92.93%       1 305768 com.sun.org.apache.xerces.internal.impl.dtd.XMLDTDValidator.<init>
 340  0.03% 92.96%      25 300339 java.lang.String.length
 341  0.03% 93.00%       1 305772 com.sun.org.apache.xerces.internal.impl.dtd.XMLNSDTDValidator.<init>
 342  0.03% 93.03%       1 305897 com.sun.org.apache.xerces.internal.impl.XMLVersionDetector.<clinit>
 343  0.03% 93.06%      20 306011 java.lang.String.length
 344  0.03% 93.10%       2 306012 com.sun.org.apache.xerces.internal.impl.XMLScanner.setProperty
 345  0.03% 93.13%       2 306042 com.sun.org.apache.xerces.internal.parsers.XML11Configuration.setProperty
 346  0.03% 93.16%       2 306043 com.sun.org.apache.xerces.internal.parsers.XIncludeParserConfiguration.setProperty
 347  0.03% 93.20%      30 302854 java.net.URLStreamHandler.toExternalForm
 348  0.03% 93.23%      10 300168 sun.nio.cs.SingleByteDecoder.decodeLoop
 349  0.03% 93.26%      10 300167 sun.nio.cs.SingleByteDecoder.decodeArrayLoop
 350  0.03% 93.30%     617 300165 sun.nio.cs.SingleByteDecoder.decode
 351  0.03% 93.33%       4 302805 java.security.BasicPermissionCollection.add
 352  0.03% 93.36%       2 306154 java.util.ArrayList.indexOf
 353  0.03% 93.40%    3168 300352 java.io.Win32FileSystem.isSlash
 354  0.03% 93.43%    2827 300353 java.lang.AbstractStringBuilder.append
 355  0.03% 93.46%       2 306155 java.util.ArrayList.contains
 356  0.03% 93.50%       4 302803 java.util.HashMap.put
 357  0.03% 93.53%       4 302802 java.util.HashMap.addEntry
 358  0.03% 93.57%       4 302792 java.security.Permissions.getPermissionCollection
 359  0.03% 93.60%       4 302790 java.security.BasicPermission.newPermissionCollection
 360  0.03% 93.63%       1 306158 com.sun.org.apache.xerces.internal.util.ParserConfigurationSettings.addRecognizedProperties
 361  0.03% 93.67%       1 306182 com.sun.org.apache.xerces.internal.parsers.AbstractDOMParser.<init>
 362  0.03% 93.70%       1 302779 java.security.BasicPermissionCollection.<clinit>
 363  0.03% 93.73%       3 302774 java.io.ObjectStreamField.<init>
 364  0.03% 93.77%       3 302773 java.io.ObjectStreamField.<init>
 365  0.03% 93.80%       3 302772 java.io.ObjectStreamClass.getClassSignature
 366  0.03% 93.83%       1 304689 java.lang.ClassLoader.loadClass
 367  0.03% 93.87%       1 306241 com.sun.org.apache.xerces.internal.jaxp.DocumentBuilderImpl.newDocument
 368  0.03% 93.90%       4 302758 java.security.Permissions.add
 369  0.03% 93.93%       1 306247 com.sun.org.apache.xerces.internal.util.XMLChar.<clinit>
 370  0.03% 93.97%       4 302755 java.io.FilePermissionCollection.add
 371  0.03% 94.00%       4 302719 sun.net.www.protocol.file.FileURLConnection.getPermission
 372  0.03% 94.03%       4 302718 java.io.FilePermission.<init>
 373  0.03% 94.07%       4 302717 java.io.FilePermission.init
 374  0.03% 94.10%       4 302716 java.io.FilePermission$1.run
 375  0.03% 94.14%       5 302714 java.io.File.getCanonicalPath
 376  0.03% 94.17%       5 302713 java.io.Win32FileSystem.canonicalize
 377  0.03% 94.20%       5 302712 java.io.ExpiringCache.get
 378  0.03% 94.24%       5 302707 java.io.File.<init>
 379  0.03% 94.27%       5 302702 java.io.Win32FileSystem.normalize
 380  0.03% 94.30%       5 302701 java.io.Win32FileSystem.normalize
 381  0.03% 94.34%    1000 306251 com.sun.org.apache.xerces.internal.util.XMLChar.isName
 382  0.03% 94.37%     137 306272 com.sun.org.apache.xerces.internal.dom.ElementImpl.synchronizeData
 383  0.03% 94.40%      35 300146 java.nio.ByteBuffer.wrap
 384  0.03% 94.44%       4 302664 sun.net.www.protocol.file.Handler.createFileURLConnection
 385  0.03% 94.47%       4 302640 java.io.File.<init>
 386  0.03% 94.50%       4 302635 java.io.Win32FileSystem.normalize
 387  0.03% 94.54%       4 302634 java.io.Win32FileSystem.normalize
 388  0.03% 94.57%       4 302625 sun.net.www.ParseUtil.decode
 389  0.03% 94.60%       4 302609 java.security.SecureClassLoader.getPermissions
 390  0.03% 94.64%       6 302591 java.lang.StringBuffer.toString
 391  0.03% 94.67%      30 302538 sun.misc.Resource.getBytes
 392  0.03% 94.70%      29 302537 java.util.zip.ZipFile$2.close
 393  0.03% 94.74%      29 302535 java.util.zip.ZipFile.access$300
 394  0.03% 94.77%      29 302534 java.util.zip.ZipFile.releaseInflater
 395  0.03% 94.81%      35 300145 java.nio.HeapByteBuffer.<init>
 396  0.03% 94.84%      35 300144 java.nio.ByteBuffer.<init>
 397  0.03% 94.87%     137 306293 com.sun.org.apache.xerces.internal.dom.AttributeMap.<init>
 398  0.03% 94.91%     283 306296 com.sun.org.apache.xerces.internal.dom.NodeImpl.ownerDocument
 399  0.03% 94.94%      29 302515 java.util.zip.ZipFile.getInputStream
 400  0.03% 94.97%      29 302514 java.util.zip.ZipFile.getInputStream
 401  0.03% 95.01%      29 302513 java.util.zip.ZipFile$2.<init>
 402  0.03% 95.04%     283 306300 com.sun.org.apache.xerces.internal.dom.NodeImpl.needsSyncChildren
 403  0.03% 95.07%     273 306313 com.sun.org.apache.xerces.internal.dom.NodeImpl.getOwnerDocument
 404  0.03% 95.11%     546 306314 com.sun.org.apache.xerces.internal.dom.ParentNode.ownerDocument
 405  0.03% 95.14%     101 302473 java.lang.Character.toUpperCaseEx
 406  0.03% 95.17%     101 302470 java.lang.String.codePointAt
 407  0.03% 95.21%     273 306320 com.sun.org.apache.xerces.internal.dom.NamedNodeMapImpl.findNamePoint
 408  0.03% 95.24%     273 306327 java.util.Vector.insertElementAt
 409  0.03% 95.27%     136 306370 java.lang.String.hashCode
 410  0.03% 95.31%      66 302159 java.security.Provider.implPut
 411  0.03% 95.34%      66 302154 java.util.HashMap.put
 412  0.03% 95.38%      66 302153 java.util.LinkedHashMap.addEntry
 413  0.03% 95.41%      66 302151 java.util.LinkedHashMap.createEntry
 414  0.03% 95.44%      74 302148 java.util.LinkedHashMap$Entry.<init>
 415  0.03% 95.48%      13 300414 java.util.HashMap.eq
 416  0.03% 95.51%      22 300415 java.util.HashMap.getEntry
 417  0.03% 95.54%      74 302147 java.util.HashMap$Entry.<init>
 418  0.03% 95.58%     132 302124 java.lang.StringBuilder.append
 419  0.03% 95.61%      22 300418 java.util.LinkedHashMap.get
 420  0.03% 95.64%     132 302123 java.lang.AbstractStringBuilder.append
 421  0.03% 95.68%      22 300420 java.io.ExpiringCache.entryFor
 422  0.03% 95.71%      66 302121 java.lang.AbstractStringBuilder.expandCapacity
 423  0.03% 95.74%     136 306372 java.util.Hashtable.get
 424  0.03% 95.78%       1 306379 java.util.Properties.enumerate
 425  0.03% 95.81%       1 306384 java.util.Properties.propertyNames
 426  0.03% 95.84%     149 306394 java.util.Vector.elementAt
 427  0.03% 95.88%     144 306399 com.sun.org.apache.xerces.internal.dom.NamedNodeMapImpl.findNamePoint
 428  0.03% 95.91%       5 306496 sun.nio.cs.StreamEncoder$CharsetSE.<init>
 429  0.03% 95.94%       4 306497 sun.nio.cs.StreamEncoder$CharsetSE.<init>
 430  0.03% 95.98%       4 306498 sun.nio.cs.StreamEncoder$CharsetSE.<init>
 431  0.03% 96.01%       4 306499 sun.nio.cs.StreamEncoder.forOutputStreamWriter
 432  0.03% 96.05%       4 306500 java.io.OutputStreamWriter.<init>
 433  0.03% 96.08%       4 306513 java.io.PrintStream.<init>
 434  0.03% 96.11%       4 306514 java.io.PrintStream.<init>
 435  0.03% 96.15%       1 306578 sun.misc.Launcher$AppClassLoader.loadClass
 436  0.03% 96.18%       1 306579 java.lang.ClassLoader.loadClass
 437  0.03% 96.21%       3 301781 java.util.HashMap.resize
 438  0.03% 96.25%       1 306580 java.lang.ClassLoader.loadClassInternal
 439  0.03% 96.28%       1 306593 sun.misc.Launcher$AppClassLoader.loadClass
 440  0.03% 96.31%      67 301753 java.util.HashMap$Entry.<init>
 441  0.03% 96.35%       1 306594 java.lang.ClassLoader.loadClass
 442  0.03% 96.38%       1 306595 java.lang.ClassLoader.loadClassInternal
 443  0.03% 96.41%       1 306621 sun.misc.Launcher$AppClassLoader.loadClass
 444  0.03% 96.45%      93 301644 java.util.regex.Pattern.isSupplementary
 445  0.03% 96.48%       1 306622 java.lang.ClassLoader.loadClass
 446  0.03% 96.51%       1 306623 java.lang.ClassLoader.loadClassInternal
 447  0.03% 96.55%       2 306677 sun.reflect.NativeMethodAccessorImpl.invoke
 448  0.03% 96.58%       1 301586 java.util.concurrent.ConcurrentHashMap.<init>
 449  0.03% 96.62%       1 301585 java.util.concurrent.ConcurrentHashMap.<init>
 450  0.03% 96.65%      16 301584 java.util.concurrent.ConcurrentHashMap$Segment.<init>
 451  0.03% 96.68%      16 301580 java.util.concurrent.locks.ReentrantLock.<init>
 452  0.03% 96.72%       1 301535 java.security.Security$1.run
 453  0.03% 96.75%       1 301534 java.security.Security.access$000
 454  0.03% 96.78%       1 301533 java.security.Security.initialize
 455  0.03% 96.82%       1 301518 java.util.Properties.load
 456  0.03% 96.85%      42 301509 java.util.Properties.loadConvert
 457  0.03% 96.88%       1 306678 sun.reflect.DelegatingMethodAccessorImpl.invoke
 458  0.03% 96.92%       1 306679 java.lang.reflect.Method.invoke
 459  0.03% 96.95%      42 301508 java.lang.String.<init>
 460  0.03% 96.98%       1 306680 org.apache.tools.ant.taskdefs.optional.junit.JUnitVersionHelper.getTestCaseName
 461  0.03% 97.02%       1 306807 sun.misc.Launcher$AppClassLoader.loadClass
 462  0.03% 97.05%       1 306808 java.lang.ClassLoader.loadClass
 463  0.03% 97.08%       1 306809 java.lang.ClassLoader.loadClassInternal
 464  0.03% 97.12%      24 306902 java.lang.StackTraceElement.getClassName
 465  0.03% 97.15%     192 306907 java.lang.AbstractStringBuilder.append
 466  0.03% 97.18%     192 306908 java.lang.StringBuilder.append
 467  0.03% 97.22%      23 301262 java.util.jar.Attributes.put
 468  0.03% 97.25%      23 301261 java.util.HashMap.put
 469  0.03% 97.29%      23 301256 java.util.HashMap.hash
 470  0.03% 97.32%      23 301255 java.util.jar.Attributes$Name.hashCode
 471  0.03% 97.35%      23 301254 sun.misc.ASCIICaseInsensitiveComparator.lowerCaseHashCode
 472  0.03% 97.39%     513 301253 sun.misc.ASCIICaseInsensitiveComparator.toLower
 473  0.03% 97.42%     513 301252 sun.misc.ASCIICaseInsensitiveComparator.isUpper
 474  0.03% 97.45%       1 301236 java.util.jar.Attributes$Name.<clinit>
 475  0.03% 97.49%      17 301219 java.util.jar.Attributes$Name.<init>
 476  0.03% 97.52%      17 301218 java.util.jar.Attributes$Name.isValid
 477  0.03% 97.55%     286 301216 java.util.jar.Attributes$Name.isValid
 478  0.03% 97.59%       1 306951 java.lang.Throwable.printStackTrace
 479  0.03% 97.62%       1 306962 org.apache.tools.ant.util.StringUtils.getStackTrace
 480  0.03% 97.65%       1 306183 com.sun.org.apache.xerces.internal.parsers.DOMParser.<init>
 481  0.03% 97.69%       1 307183 java.text.DecimalFormat.format
 482  0.03% 97.72%       1 307184 java.text.DecimalFormat.format
 483  0.03% 97.75%       1 307189 java.text.NumberFormat.format
 484  0.03% 97.79%      25 301205 sun.nio.cs.UTF_8$Decoder.decodeArrayLoop
 485  0.03% 97.82%      52 301201 java.nio.Buffer.limit
 486  0.03% 97.86%      25 301196 java.nio.ByteBuffer.hasArray
 487  0.03% 97.89%       1 307197 org.apache.tools.ant.taskdefs.optional.junit.PlainJUnitResultFormatter.endTest
 488  0.03% 97.92%       1 307208 java.lang.Throwable.printStackTrace
 489  0.03% 97.96%      28 301034 java.util.jar.Manifest$FastInputStream.readLine
 490  0.03% 97.99%       1 307212 org.apache.tools.ant.util.StringUtils.getStackTrace
 491  0.03% 98.02%      14 307217 java.io.BufferedReader.readLine
 492  0.03% 98.06%       1 307221 org.apache.tools.ant.taskdefs.optional.junit.JUnitTestRunner.filterStack
 493  0.03% 98.09%       1 307416 java.text.DecimalFormat.format
 494  0.03% 98.12%       1 307417 java.text.DecimalFormat.format
 495  0.03% 98.16%       1 307422 java.text.NumberFormat.format
 496  0.03% 98.19%       1 307505 org.apache.tools.ant.taskdefs.optional.junit.SummaryJUnitResultFormatter.endTestSuite
 497  0.03% 98.22%      29 300902 java.lang.StringBuilder.toString
 498  0.03% 98.26%      29 300901 java.lang.String.<init>
 499  0.03% 98.29%      29 300880 sun.net.www.ParseUtil.<init>
 500  0.03% 98.32%      29 300878 java.lang.String.substring
 501  0.03% 98.36%      29 300877 java.lang.String.substring
 502  0.03% 98.39%      29 300876 java.lang.String.<init>
 503  0.03% 98.42%      29 300835 java.lang.String.regionMatches
 504  0.03% 98.46%      15 300816 java.util.HashMap.transfer
 505  0.03% 98.49%       2 307619 sun.misc.Launcher$AppClassLoader.loadClass
 506  0.03% 98.53%       1 304688 sun.misc.Launcher$AppClassLoader.loadClass
 507  0.03% 98.56%       2 307620 java.lang.ClassLoader.loadClass
 508  0.03% 98.59%      48 300803 java.io.Win32FileSystem.prefixLength
 509  0.03% 98.63%      48 300791 java.io.Win32FileSystem.normalize
 510  0.03% 98.66%    2705 300790 java.lang.String.charAt
 511  0.03% 98.69%       2 307621 java.lang.ClassLoader.loadClassInternal
 512  0.03% 98.73%    2690 307637 java.io.BufferedWriter.min
 513  0.03% 98.76%     283 307669 java.lang.AbstractStringBuilder.<init>
 514  0.03% 98.79%      96 300780 java.net.URL.getFile
 515  0.03% 98.83%     162 300779 java.lang.Character.toLowerCase
 516  0.03% 98.86%     162 300775 java.lang.Character.toUpperCase
 517  0.03% 98.89%     200 307684 java.lang.AbstractStringBuilder.expandCapacity
 518  0.03% 98.93%     190 300038 sun.misc.VM.allowArraySyntax
 519  0.03% 98.96%     190 300037 java.lang.String.indexOf
 520  0.03% 98.99%      57 307699 java.io.Writer.write
 521  0.03% 99.03%     104 300754 java.net.URLStreamHandler.setURL
 522  0.03% 99.06%     277 307726 java.util.Vector.size
 523  0.03% 99.10%     274 307728 com.sun.org.apache.xerces.internal.dom.NamedNodeMapImpl.item
 524  0.03% 99.13%     500 300523 java.util.ArrayList.RangeCheck
 525  0.03% 99.16%     492 300524 java.util.ArrayList.get
 526  0.03% 99.20%     278 307735 java.lang.StringBuffer.<init>
 527  0.03% 99.23%     429 307753 java.nio.CharBuffer.arrayOffset
 528  0.03% 99.26%     452 300527 java.util.jar.JarFile.getEntry
 529  0.03% 99.30%     444 300528 java.util.jar.JarFile.getJarEntry
 530  0.03% 99.33%     286 307758 java.nio.Buffer.position
 531  0.03% 99.36%     104 300713 java.net.URL.getUserInfo
 532  0.03% 99.40%     104 300706 java.lang.String.regionMatches
 533  0.03% 99.43%       2 300700 sun.misc.URLClassPath$FileLoader.<init>
 534  0.03% 99.46%       2 300688 sun.net.www.ParseUtil.decode
 535  0.03% 99.50%       1 307906 java.lang.String.<init>
 536  0.03% 99.53%       1 307907 java.lang.StringBuffer.toString
 537  0.03% 99.56%      30 300654 java.lang.ClassNotFoundException.<init>
 538  0.03% 99.60%      30 300653 java.lang.Exception.<init>
 539  0.03% 99.63%      30 300652 java.lang.Throwable.<init>
 540  0.03% 99.66%       1 307908 java.io.StringWriter.toString
 541  0.03% 99.70%      25 300271 java.lang.AbstractStringBuilder.append
 542  0.03% 99.73%      51 300641 java.util.Vector.add
 543  0.03% 99.77%      51 300640 java.util.Vector.ensureCapacityHelper
 544  0.03% 99.80%      14 300639 java.io.DataInputStream.readFully
 545  0.03% 99.83%      15 300638 java.util.zip.InflaterInputStream.read
 546  0.03% 99.87%      51 300606 java.util.zip.InflaterInputStream.<init>
 547  0.03% 99.90%      15 300555 java.util.jar.JarFile.getManEntry
 548  0.03% 99.93%      15 300547 java.util.zip.ZipFile.getEntry
 549  0.03% 99.97%      15 300554 java.util.jar.JarFile.getJarEntry
 550  0.03% 100.00%      15 300553 java.util.jar.JarFile.getEntry
CPU TIME (ms) END
